2026-09-09 17:21:08 - root - INFO - Logging to file: results/search_v9_single_community_type/cv_results/fold_4/fold_4_training.log
2026-09-09 17:21:08 - __main__ - INFO - ================================================================================
2026-09-09 17:21:08 - __main__ - INFO - DIANA Multi-Task Hyperparameter Optimization
2026-09-09 17:21:08 - __main__ - INFO - ================================================================================
2026-09-09 17:21:08 - __main__ - INFO - Run config:   configs/train_config_v9_search_single_community_type.json
2026-09-09 17:21:08 - __main__ - INFO - Features:     data/matrices/matrix_v9_train/unitigs.frac.mat
2026-09-09 17:21:08 - __main__ - INFO - Metadata:     data/splits_v9/train_metadata.tsv
2026-09-09 17:21:08 - __main__ - INFO - Output dir:   results/search_v9_single_community_type
2026-09-09 17:21:08 - __main__ - INFO - Tasks:        ['community_type']
2026-09-09 17:21:08 - __main__ - INFO - Task types:   {'community_type': 'classification'}
2026-09-09 17:21:08 - __main__ - INFO - Fold:         4 / 5
2026-09-09 17:21:08 - __main__ - INFO - Trials:       100  Max epochs: 200  Patience: 20
2026-09-09 17:21:08 - __main__ - INFO - GPU:          True  Seed: 42
2026-09-09 17:21:08 - __main__ - INFO - Loading data from data/matrices/matrix_v9_train/unitigs.frac.mat
2026-09-09 17:21:08 - diana.data.loader - INFO - Loading matrix from data/matrices/matrix_v9_train/unitigs.frac.mat
2026-09-09 17:21:31 - diana.data.loader - INFO - Loaded 110202 features × 2716 samples (before transpose)
2026-09-09 17:21:31 - diana.data.loader - INFO - Transposed to 2716 samples × 110202 features
2026-09-09 17:21:31 - diana.data.loader - INFO - Reading sample IDs from data/matrices/matrix_v9_train/kmer_matrix/kmtricks.fof
2026-09-09 17:21:31 - diana.data.loader - INFO - Sample IDs: ['ERR10114844', 'ERR10114845', 'ERR10114846']...
2026-09-09 17:21:31 - diana.data.loader - INFO - Loading metadata from data/splits_v9/train_metadata.tsv
2026-09-09 17:21:31 - diana.data.loader - INFO - Metadata: 2716 rows × 15 columns
2026-09-09 17:21:31 - diana.data.loader - INFO - Metadata aligned to matrix sample order
2026-09-09 17:21:31 - __main__ - INFO - Loaded 2716 samples with 110202 features
2026-09-09 17:21:31 - __main__ - INFO - Loaded 2716 samples × 110202 features
2026-09-09 17:21:31 - __main__ - INFO - === FOLD 4/4 ===
2026-09-09 17:21:31 - __main__ - INFO - Output directory: results/search_v9_single_community_type/cv_results/fold_4
2026-09-09 17:21:31 - __main__ - INFO - Using device: cuda
2026-09-09 17:21:31 - __main__ - INFO - Class imbalance: logit adjustment, tau SEARCHED in [0.05, 0.8]
2026-09-09 17:21:31 - __main__ - INFO - community_type: 5 classes, 2073 labelled, 643 masked - ['gut', 'oral', 'plant tissue', 'skeletal tissue', 'soft tissue']...
2026-09-09 17:21:31 - __main__ - INFO - Grouping CV folds on 'archive_project': 68 groups over 2716 runs
2026-09-09 17:21:31 - __main__ - INFO - Outer fold 4 taken from data/splits_v9/dev_folds.tsv (5 dev folds)
2026-09-09 17:21:31 - __main__ - INFO - Train: 2227, Test: 489 (outer fold verified archive_project-disjoint)
2026-09-09 17:21:32 - __main__ - INFO - 3 inner folds verified archive_project-disjoint
2026-09-09 17:21:32 - __main__ - INFO - Starting Optuna optimization with 100 trials...
2026-09-09 17:21:32 - __main__ - INFO - Each trial will be evaluated on 3 inner CV folds
2026-09-09 17:21:32 - __main__ - INFO - community_type priors: [50, 799, 32, 66, 16]
2026-09-09 17:22:28 - __main__ - INFO - community_type priors: [20, 1012, 32, 86, 27]
2026-09-09 17:24:04 - __main__ - INFO - community_type priors: [68, 891, 0, 148, 11]
2026-09-09 17:25:08 - __main__ - INFO - community_type priors: [50, 799, 32, 66, 16]
2026-09-09 17:25:27 - __main__ - INFO - community_type priors: [20, 1012, 32, 86, 27]
2026-09-09 17:25:55 - __main__ - INFO - community_type priors: [68, 891, 0, 148, 11]
2026-09-09 17:26:21 - __main__ - INFO - community_type priors: [50, 799, 32, 66, 16]
2026-09-09 17:26:36 - __main__ - INFO - community_type priors: [20, 1012, 32, 86, 27]
2026-09-09 17:26:55 - __main__ - INFO - community_type priors: [68, 891, 0, 148, 11]
2026-09-09 17:27:13 - __main__ - INFO - community_type priors: [50, 799, 32, 66, 16]
2026-09-09 17:27:44 - __main__ - INFO - community_type priors: [20, 1012, 32, 86, 27]
2026-09-09 17:28:15 - __main__ - INFO - community_type priors: [68, 891, 0, 148, 11]
2026-09-09 17:28:38 - __main__ - INFO - community_type priors: [50, 799, 32, 66, 16]
2026-09-09 17:28:51 - __main__ - INFO - community_type priors: [20, 1012, 32, 86, 27]
2026-09-09 17:29:19 - __main__ - INFO - community_type priors: [68, 891, 0, 148, 11]
2026-09-09 17:29:46 - __main__ - INFO - community_type priors: [50, 799, 32, 66, 16]
2026-09-09 17:30:02 - __main__ - INFO - community_type priors: [20, 1012, 32, 86, 27]
2026-09-09 17:30:29 - __main__ - INFO - community_type priors: [68, 891, 0, 148, 11]
2026-09-09 17:30:43 - __main__ - INFO - community_type priors: [50, 799, 32, 66, 16]
2026-09-09 17:31:02 - __main__ - INFO - community_type priors: [20, 1012, 32, 86, 27]
2026-09-09 17:31:26 - __main__ - INFO - community_type priors: [68, 891, 0, 148, 11]
2026-09-09 17:31:49 - __main__ - INFO - community_type priors: [50, 799, 32, 66, 16]
2026-09-09 17:32:51 - __main__ - INFO - community_type priors: [20, 1012, 32, 86, 27]
2026-09-09 17:33:47 - __main__ - INFO - community_type priors: [68, 891, 0, 148, 11]
2026-09-09 17:34:40 - __main__ - INFO - community_type priors: [50, 799, 32, 66, 16]
2026-09-09 17:34:59 - __main__ - INFO - community_type priors: [20, 1012, 32, 86, 27]
2026-09-09 17:35:20 - __main__ - INFO - community_type priors: [68, 891, 0, 148, 11]
2026-09-09 17:35:34 - __main__ - INFO - community_type priors: [50, 799, 32, 66, 16]
2026-09-09 17:35:58 - __main__ - INFO - community_type priors: [20, 1012, 32, 86, 27]
2026-09-09 17:36:28 - __main__ - INFO - community_type priors: [68, 891, 0, 148, 11]
2026-09-09 17:36:51 - __main__ - INFO - community_type priors: [50, 799, 32, 66, 16]
2026-09-09 17:37:16 - __main__ - INFO - community_type priors: [20, 1012, 32, 86, 27]
2026-09-09 17:37:30 - __main__ - INFO - community_type priors: [68, 891, 0, 148, 11]
2026-09-09 17:37:54 - __main__ - INFO - community_type priors: [50, 799, 32, 66, 16]
2026-09-09 17:38:09 - __main__ - INFO - community_type priors: [20, 1012, 32, 86, 27]
2026-09-09 17:38:23 - __main__ - INFO - community_type priors: [68, 891, 0, 148, 11]
2026-09-09 17:38:49 - __main__ - INFO - community_type priors: [50, 799, 32, 66, 16]
2026-09-09 17:39:10 - __main__ - INFO - community_type priors: [20, 1012, 32, 86, 27]
2026-09-09 17:39:51 - __main__ - INFO - community_type priors: [68, 891, 0, 148, 11]
2026-09-09 17:40:15 - __main__ - INFO - community_type priors: [50, 799, 32, 66, 16]
2026-09-09 17:40:29 - __main__ - INFO - community_type priors: [20, 1012, 32, 86, 27]
2026-09-09 17:40:57 - __main__ - INFO - community_type priors: [68, 891, 0, 148, 11]
2026-09-09 17:41:25 - __main__ - INFO - community_type priors: [50, 799, 32, 66, 16]
2026-09-09 17:41:38 - __main__ - INFO - community_type priors: [20, 1012, 32, 86, 27]
2026-09-09 17:41:53 - __main__ - INFO - community_type priors: [68, 891, 0, 148, 11]
2026-09-09 17:42:20 - __main__ - INFO - community_type priors: [50, 799, 32, 66, 16]
2026-09-09 17:42:43 - __main__ - INFO - community_type priors: [20, 1012, 32, 86, 27]
2026-09-09 17:43:11 - __main__ - INFO - community_type priors: [68, 891, 0, 148, 11]
2026-09-09 17:43:39 - __main__ - INFO - community_type priors: [50, 799, 32, 66, 16]
2026-09-09 17:43:53 - __main__ - INFO - community_type priors: [20, 1012, 32, 86, 27]
2026-09-09 17:44:10 - __main__ - INFO - community_type priors: [68, 891, 0, 148, 11]
2026-09-09 17:44:32 - __main__ - INFO - community_type priors: [50, 799, 32, 66, 16]
2026-09-09 17:44:45 - __main__ - INFO - community_type priors: [20, 1012, 32, 86, 27]
2026-09-09 17:45:08 - __main__ - INFO - community_type priors: [68, 891, 0, 148, 11]
2026-09-09 17:45:37 - __main__ - INFO - community_type priors: [50, 799, 32, 66, 16]
2026-09-09 17:45:50 - __main__ - INFO - community_type priors: [20, 1012, 32, 86, 27]
2026-09-09 17:46:06 - __main__ - INFO - community_type priors: [68, 891, 0, 148, 11]
2026-09-09 17:46:32 - __main__ - INFO - community_type priors: [50, 799, 32, 66, 16]
2026-09-09 17:46:46 - __main__ - INFO - community_type priors: [20, 1012, 32, 86, 27]
2026-09-09 17:47:03 - __main__ - INFO - community_type priors: [68, 891, 0, 148, 11]
2026-09-09 17:47:23 - __main__ - INFO - community_type priors: [50, 799, 32, 66, 16]
2026-09-09 17:47:34 - __main__ - INFO - community_type priors: [20, 1012, 32, 86, 27]
2026-09-09 17:47:48 - __main__ - INFO - community_type priors: [68, 891, 0, 148, 11]
2026-09-09 17:48:12 - __main__ - INFO - community_type priors: [50, 799, 32, 66, 16]
2026-09-09 17:48:37 - __main__ - INFO - community_type priors: [20, 1012, 32, 86, 27]
2026-09-09 17:48:53 - __main__ - INFO - community_type priors: [68, 891, 0, 148, 11]
2026-09-09 17:49:21 - __main__ - INFO - community_type priors: [50, 799, 32, 66, 16]
2026-09-09 17:49:36 - __main__ - INFO - community_type priors: [20, 1012, 32, 86, 27]
2026-09-09 17:49:53 - __main__ - INFO - community_type priors: [68, 891, 0, 148, 11]
2026-09-09 17:50:23 - __main__ - INFO - community_type priors: [50, 799, 32, 66, 16]
2026-09-09 17:50:51 - __main__ - INFO - community_type priors: [20, 1012, 32, 86, 27]
2026-09-09 17:51:22 - __main__ - INFO - community_type priors: [68, 891, 0, 148, 11]
2026-09-09 17:51:53 - __main__ - INFO - community_type priors: [50, 799, 32, 66, 16]
2026-09-09 17:52:11 - __main__ - INFO - community_type priors: [20, 1012, 32, 86, 27]
2026-09-09 17:52:35 - __main__ - INFO - community_type priors: [68, 891, 0, 148, 11]
2026-09-09 17:53:04 - __main__ - INFO - community_type priors: [50, 799, 32, 66, 16]
2026-09-09 17:53:27 - __main__ - INFO - community_type priors: [20, 1012, 32, 86, 27]
2026-09-09 17:53:55 - __main__ - INFO - community_type priors: [68, 891, 0, 148, 11]
2026-09-09 17:54:21 - __main__ - INFO - community_type priors: [50, 799, 32, 66, 16]
2026-09-09 17:54:40 - __main__ - INFO - community_type priors: [20, 1012, 32, 86, 27]
2026-09-09 17:54:57 - __main__ - INFO - community_type priors: [68, 891, 0, 148, 11]
2026-09-09 17:55:24 - __main__ - INFO - community_type priors: [50, 799, 32, 66, 16]
2026-09-09 17:55:40 - __main__ - INFO - community_type priors: [20, 1012, 32, 86, 27]
2026-09-09 17:56:07 - __main__ - INFO - community_type priors: [68, 891, 0, 148, 11]
2026-09-09 17:56:34 - __main__ - INFO - community_type priors: [50, 799, 32, 66, 16]
2026-09-09 17:56:53 - __main__ - INFO - community_type priors: [20, 1012, 32, 86, 27]
2026-09-09 17:57:16 - __main__ - INFO - community_type priors: [68, 891, 0, 148, 11]
2026-09-09 17:57:41 - __main__ - INFO - community_type priors: [50, 799, 32, 66, 16]
2026-09-09 17:57:52 - __main__ - INFO - community_type priors: [20, 1012, 32, 86, 27]
2026-09-09 17:58:16 - __main__ - INFO - community_type priors: [68, 891, 0, 148, 11]
2026-09-09 17:58:40 - __main__ - INFO - community_type priors: [50, 799, 32, 66, 16]
2026-09-09 17:59:01 - __main__ - INFO - community_type priors: [20, 1012, 32, 86, 27]
2026-09-09 17:59:17 - __main__ - INFO - community_type priors: [68, 891, 0, 148, 11]
2026-09-09 17:59:41 - __main__ - INFO - community_type priors: [50, 799, 32, 66, 16]
2026-09-09 18:00:00 - __main__ - INFO - community_type priors: [20, 1012, 32, 86, 27]
2026-09-09 18:00:13 - __main__ - INFO - community_type priors: [68, 891, 0, 148, 11]
2026-09-09 18:00:36 - __main__ - INFO - community_type priors: [50, 799, 32, 66, 16]
2026-09-09 18:01:40 - __main__ - INFO - community_type priors: [20, 1012, 32, 86, 27]
2026-09-09 18:02:57 - __main__ - INFO - community_type priors: [68, 891, 0, 148, 11]
2026-09-09 18:04:04 - __main__ - INFO - community_type priors: [50, 799, 32, 66, 16]
2026-09-09 18:04:19 - __main__ - INFO - community_type priors: [20, 1012, 32, 86, 27]
2026-09-09 18:04:38 - __main__ - INFO - community_type priors: [68, 891, 0, 148, 11]
2026-09-09 18:05:01 - __main__ - INFO - community_type priors: [50, 799, 32, 66, 16]
2026-09-09 18:05:42 - __main__ - INFO - community_type priors: [20, 1012, 32, 86, 27]
2026-09-09 18:06:13 - __main__ - INFO - community_type priors: [68, 891, 0, 148, 11]
2026-09-09 18:06:41 - __main__ - INFO - community_type priors: [50, 799, 32, 66, 16]
2026-09-09 18:07:04 - __main__ - INFO - community_type priors: [20, 1012, 32, 86, 27]
2026-09-09 18:07:22 - __main__ - INFO - community_type priors: [68, 891, 0, 148, 11]
2026-09-09 18:07:46 - __main__ - INFO - community_type priors: [50, 799, 32, 66, 16]
2026-09-09 18:08:39 - __main__ - INFO - community_type priors: [20, 1012, 32, 86, 27]
2026-09-09 18:09:16 - __main__ - INFO - community_type priors: [68, 891, 0, 148, 11]
2026-09-09 18:10:07 - __main__ - INFO - community_type priors: [50, 799, 32, 66, 16]
2026-09-09 18:10:19 - __main__ - INFO - community_type priors: [20, 1012, 32, 86, 27]
2026-09-09 18:10:40 - __main__ - INFO - community_type priors: [68, 891, 0, 148, 11]
2026-09-09 18:10:57 - __main__ - INFO - community_type priors: [50, 799, 32, 66, 16]
2026-09-09 18:11:13 - __main__ - INFO - community_type priors: [20, 1012, 32, 86, 27]
2026-09-09 18:11:42 - __main__ - INFO - community_type priors: [68, 891, 0, 148, 11]
2026-09-09 18:12:11 - __main__ - INFO - community_type priors: [50, 799, 32, 66, 16]
2026-09-09 18:12:54 - __main__ - INFO - community_type priors: [20, 1012, 32, 86, 27]
2026-09-09 18:13:38 - __main__ - INFO - community_type priors: [68, 891, 0, 148, 11]
2026-09-09 18:14:27 - __main__ - INFO - community_type priors: [50, 799, 32, 66, 16]
2026-09-09 18:15:02 - __main__ - INFO - community_type priors: [20, 1012, 32, 86, 27]
2026-09-09 18:15:41 - __main__ - INFO - community_type priors: [68, 891, 0, 148, 11]
2026-09-09 18:16:17 - __main__ - INFO - community_type priors: [50, 799, 32, 66, 16]
2026-09-09 18:16:39 - __main__ - INFO - community_type priors: [20, 1012, 32, 86, 27]
2026-09-09 18:16:55 - __main__ - INFO - community_type priors: [68, 891, 0, 148, 11]
2026-09-09 18:17:16 - __main__ - INFO - community_type priors: [50, 799, 32, 66, 16]
2026-09-09 18:17:37 - __main__ - INFO - community_type priors: [20, 1012, 32, 86, 27]
2026-09-09 18:17:54 - __main__ - INFO - community_type priors: [68, 891, 0, 148, 11]
2026-09-09 18:18:21 - __main__ - INFO - community_type priors: [50, 799, 32, 66, 16]
2026-09-09 18:18:42 - __main__ - INFO - community_type priors: [20, 1012, 32, 86, 27]
2026-09-09 18:18:54 - __main__ - INFO - community_type priors: [68, 891, 0, 148, 11]
2026-09-09 18:19:20 - __main__ - INFO - community_type priors: [50, 799, 32, 66, 16]
2026-09-09 18:19:39 - __main__ - INFO - community_type priors: [20, 1012, 32, 86, 27]
2026-09-09 18:19:58 - __main__ - INFO - community_type priors: [68, 891, 0, 148, 11]
2026-09-09 18:20:15 - __main__ - INFO - community_type priors: [50, 799, 32, 66, 16]
2026-09-09 18:20:28 - __main__ - INFO - community_type priors: [20, 1012, 32, 86, 27]
2026-09-09 18:20:48 - __main__ - INFO - community_type priors: [68, 891, 0, 148, 11]
2026-09-09 18:21:15 - __main__ - INFO - community_type priors: [50, 799, 32, 66, 16]
2026-09-09 18:21:33 - __main__ - INFO - community_type priors: [20, 1012, 32, 86, 27]
2026-09-09 18:21:46 - __main__ - INFO - community_type priors: [68, 891, 0, 148, 11]
2026-09-09 18:22:11 - __main__ - INFO - community_type priors: [50, 799, 32, 66, 16]
2026-09-09 18:22:33 - __main__ - INFO - community_type priors: [20, 1012, 32, 86, 27]
2026-09-09 18:22:57 - __main__ - INFO - community_type priors: [68, 891, 0, 148, 11]
2026-09-09 18:23:17 - __main__ - INFO - community_type priors: [50, 799, 32, 66, 16]
2026-09-09 18:23:40 - __main__ - INFO - community_type priors: [20, 1012, 32, 86, 27]
2026-09-09 18:24:17 - __main__ - INFO - community_type priors: [68, 891, 0, 148, 11]
2026-09-09 18:25:04 - __main__ - INFO - community_type priors: [50, 799, 32, 66, 16]
2026-09-09 18:25:19 - __main__ - INFO - community_type priors: [20, 1012, 32, 86, 27]
2026-09-09 18:25:31 - __main__ - INFO - community_type priors: [68, 891, 0, 148, 11]
2026-09-09 18:25:53 - __main__ - INFO - community_type priors: [50, 799, 32, 66, 16]
2026-09-09 18:26:59 - __main__ - INFO - community_type priors: [20, 1012, 32, 86, 27]
2026-09-09 18:27:51 - __main__ - INFO - community_type priors: [68, 891, 0, 148, 11]
2026-09-09 18:29:08 - __main__ - INFO - community_type priors: [50, 799, 32, 66, 16]
2026-09-09 18:29:29 - __main__ - INFO - community_type priors: [20, 1012, 32, 86, 27]
2026-09-09 18:29:47 - __main__ - INFO - community_type priors: [68, 891, 0, 148, 11]
2026-09-09 18:30:13 - __main__ - INFO - community_type priors: [50, 799, 32, 66, 16]
2026-09-09 18:30:33 - __main__ - INFO - community_type priors: [20, 1012, 32, 86, 27]
2026-09-09 18:30:59 - __main__ - INFO - community_type priors: [68, 891, 0, 148, 11]
2026-09-09 18:31:24 - __main__ - INFO - community_type priors: [50, 799, 32, 66, 16]
2026-09-09 18:31:44 - __main__ - INFO - community_type priors: [20, 1012, 32, 86, 27]
2026-09-09 18:32:06 - __main__ - INFO - community_type priors: [68, 891, 0, 148, 11]
2026-09-09 18:32:29 - __main__ - INFO - community_type priors: [50, 799, 32, 66, 16]
2026-09-09 18:32:41 - __main__ - INFO - community_type priors: [20, 1012, 32, 86, 27]
2026-09-09 18:32:52 - __main__ - INFO - community_type priors: [68, 891, 0, 148, 11]
2026-09-09 18:33:07 - __main__ - INFO - community_type priors: [50, 799, 32, 66, 16]
2026-09-09 18:33:30 - __main__ - INFO - community_type priors: [20, 1012, 32, 86, 27]
2026-09-09 18:33:50 - __main__ - INFO - community_type priors: [68, 891, 0, 148, 11]
2026-09-09 18:34:10 - __main__ - INFO - community_type priors: [50, 799, 32, 66, 16]
2026-09-09 18:34:26 - __main__ - INFO - community_type priors: [20, 1012, 32, 86, 27]
2026-09-09 18:34:56 - __main__ - INFO - community_type priors: [68, 891, 0, 148, 11]
2026-09-09 18:35:21 - __main__ - INFO - community_type priors: [50, 799, 32, 66, 16]
2026-09-09 18:35:42 - __main__ - INFO - community_type priors: [20, 1012, 32, 86, 27]
2026-09-09 18:35:59 - __main__ - INFO - community_type priors: [68, 891, 0, 148, 11]
2026-09-09 18:36:21 - __main__ - INFO - community_type priors: [50, 799, 32, 66, 16]
2026-09-09 18:36:45 - __main__ - INFO - community_type priors: [20, 1012, 32, 86, 27]
2026-09-09 18:37:06 - __main__ - INFO - community_type priors: [68, 891, 0, 148, 11]
2026-09-09 18:37:21 - __main__ - INFO - community_type priors: [50, 799, 32, 66, 16]
2026-09-09 18:37:38 - __main__ - INFO - community_type priors: [20, 1012, 32, 86, 27]
2026-09-09 18:38:05 - __main__ - INFO - community_type priors: [68, 891, 0, 148, 11]
2026-09-09 18:38:31 - __main__ - INFO - community_type priors: [50, 799, 32, 66, 16]
2026-09-09 18:38:50 - __main__ - INFO - community_type priors: [20, 1012, 32, 86, 27]
2026-09-09 18:39:11 - __main__ - INFO - community_type priors: [68, 891, 0, 148, 11]
2026-09-09 18:39:26 - __main__ - INFO - community_type priors: [50, 799, 32, 66, 16]
2026-09-09 18:39:38 - __main__ - INFO - community_type priors: [20, 1012, 32, 86, 27]
2026-09-09 18:39:53 - __main__ - INFO - community_type priors: [68, 891, 0, 148, 11]
2026-09-09 18:40:11 - __main__ - INFO - community_type priors: [50, 799, 32, 66, 16]
2026-09-09 18:40:25 - __main__ - INFO - community_type priors: [20, 1012, 32, 86, 27]
2026-09-09 18:40:44 - __main__ - INFO - community_type priors: [68, 891, 0, 148, 11]
2026-09-09 18:41:00 - __main__ - INFO - community_type priors: [50, 799, 32, 66, 16]
2026-09-09 18:41:19 - __main__ - INFO - community_type priors: [20, 1012, 32, 86, 27]
2026-09-09 18:41:36 - __main__ - INFO - community_type priors: [68, 891, 0, 148, 11]
2026-09-09 18:41:49 - __main__ - INFO - community_type priors: [50, 799, 32, 66, 16]
2026-09-09 18:42:08 - __main__ - INFO - community_type priors: [20, 1012, 32, 86, 27]
2026-09-09 18:42:21 - __main__ - INFO - community_type priors: [68, 891, 0, 148, 11]
2026-09-09 18:42:34 - __main__ - INFO - community_type priors: [50, 799, 32, 66, 16]
2026-09-09 18:42:46 - __main__ - INFO - community_type priors: [20, 1012, 32, 86, 27]
2026-09-09 18:43:10 - __main__ - INFO - community_type priors: [68, 891, 0, 148, 11]
2026-09-09 18:43:26 - __main__ - INFO - community_type priors: [50, 799, 32, 66, 16]
2026-09-09 18:43:48 - __main__ - INFO - community_type priors: [20, 1012, 32, 86, 27]
2026-09-09 18:44:04 - __main__ - INFO - community_type priors: [68, 891, 0, 148, 11]
2026-09-09 18:44:36 - __main__ - INFO - community_type priors: [50, 799, 32, 66, 16]
2026-09-09 18:45:07 - __main__ - INFO - community_type priors: [20, 1012, 32, 86, 27]
2026-09-09 18:45:53 - __main__ - INFO - community_type priors: [68, 891, 0, 148, 11]
2026-09-09 18:46:41 - __main__ - INFO - community_type priors: [50, 799, 32, 66, 16]
2026-09-09 18:47:07 - __main__ - INFO - community_type priors: [20, 1012, 32, 86, 27]
2026-09-09 18:47:39 - __main__ - INFO - community_type priors: [68, 891, 0, 148, 11]
2026-09-09 18:48:07 - __main__ - INFO - community_type priors: [50, 799, 32, 66, 16]
2026-09-09 18:48:34 - __main__ - INFO - community_type priors: [20, 1012, 32, 86, 27]
2026-09-09 18:48:50 - __main__ - INFO - community_type priors: [68, 891, 0, 148, 11]
2026-09-09 18:49:22 - __main__ - INFO - community_type priors: [50, 799, 32, 66, 16]
2026-09-09 18:49:34 - __main__ - INFO - community_type priors: [20, 1012, 32, 86, 27]
2026-09-09 18:49:50 - __main__ - INFO - community_type priors: [68, 891, 0, 148, 11]
2026-09-09 18:50:15 - __main__ - INFO - community_type priors: [50, 799, 32, 66, 16]
2026-09-09 18:50:39 - __main__ - INFO - community_type priors: [20, 1012, 32, 86, 27]
2026-09-09 18:50:55 - __main__ - INFO - community_type priors: [68, 891, 0, 148, 11]
2026-09-09 18:51:27 - __main__ - INFO - community_type priors: [50, 799, 32, 66, 16]
2026-09-09 18:51:46 - __main__ - INFO - community_type priors: [20, 1012, 32, 86, 27]
2026-09-09 18:52:08 - __main__ - INFO - community_type priors: [68, 891, 0, 148, 11]
2026-09-09 18:52:40 - __main__ - INFO - community_type priors: [50, 799, 32, 66, 16]
2026-09-09 18:52:58 - __main__ - INFO - community_type priors: [20, 1012, 32, 86, 27]
2026-09-09 18:53:31 - __main__ - INFO - community_type priors: [68, 891, 0, 148, 11]
2026-09-09 18:54:02 - __main__ - INFO - community_type priors: [50, 799, 32, 66, 16]
2026-09-09 18:54:28 - __main__ - INFO - community_type priors: [20, 1012, 32, 86, 27]
2026-09-09 18:54:54 - __main__ - INFO - community_type priors: [68, 891, 0, 148, 11]
2026-09-09 18:55:24 - __main__ - INFO - community_type priors: [50, 799, 32, 66, 16]
2026-09-09 18:55:36 - __main__ - INFO - community_type priors: [20, 1012, 32, 86, 27]
2026-09-09 18:55:51 - __main__ - INFO - community_type priors: [68, 891, 0, 148, 11]
2026-09-09 18:56:18 - __main__ - INFO - community_type priors: [50, 799, 32, 66, 16]
2026-09-09 18:56:59 - __main__ - INFO - community_type priors: [20, 1012, 32, 86, 27]
2026-09-09 18:58:12 - __main__ - INFO - community_type priors: [68, 891, 0, 148, 11]
2026-09-09 18:59:22 - __main__ - INFO - community_type priors: [50, 799, 32, 66, 16]
2026-09-09 18:59:37 - __main__ - INFO - community_type priors: [20, 1012, 32, 86, 27]
2026-09-09 19:00:03 - __main__ - INFO - community_type priors: [68, 891, 0, 148, 11]
2026-09-09 19:00:34 - __main__ - INFO - community_type priors: [50, 799, 32, 66, 16]
2026-09-09 19:00:50 - __main__ - INFO - community_type priors: [20, 1012, 32, 86, 27]
2026-09-09 19:01:11 - __main__ - INFO - community_type priors: [68, 891, 0, 148, 11]
2026-09-09 19:01:30 - __main__ - INFO - community_type priors: [50, 799, 32, 66, 16]
2026-09-09 19:01:47 - __main__ - INFO - community_type priors: [20, 1012, 32, 86, 27]
2026-09-09 19:02:03 - __main__ - INFO - community_type priors: [68, 891, 0, 148, 11]
2026-09-09 19:02:23 - __main__ - INFO - community_type priors: [50, 799, 32, 66, 16]
2026-09-09 19:02:45 - __main__ - INFO - community_type priors: [20, 1012, 32, 86, 27]
2026-09-09 19:03:09 - __main__ - INFO - community_type priors: [68, 891, 0, 148, 11]
2026-09-09 19:03:35 - __main__ - INFO - community_type priors: [50, 799, 32, 66, 16]
2026-09-09 19:04:01 - __main__ - INFO - community_type priors: [20, 1012, 32, 86, 27]
2026-09-09 19:04:27 - __main__ - INFO - community_type priors: [68, 891, 0, 148, 11]
2026-09-09 19:04:57 - __main__ - INFO - community_type priors: [50, 799, 32, 66, 16]
2026-09-09 19:05:10 - __main__ - INFO - community_type priors: [20, 1012, 32, 86, 27]
2026-09-09 19:05:30 - __main__ - INFO - community_type priors: [68, 891, 0, 148, 11]
2026-09-09 19:05:56 - __main__ - INFO - community_type priors: [50, 799, 32, 66, 16]
2026-09-09 19:06:25 - __main__ - INFO - community_type priors: [20, 1012, 32, 86, 27]
2026-09-09 19:06:57 - __main__ - INFO - community_type priors: [68, 891, 0, 148, 11]
2026-09-09 19:07:29 - __main__ - INFO - community_type priors: [50, 799, 32, 66, 16]
2026-09-09 19:07:52 - __main__ - INFO - community_type priors: [20, 1012, 32, 86, 27]
2026-09-09 19:08:14 - __main__ - INFO - community_type priors: [68, 891, 0, 148, 11]
2026-09-09 19:08:46 - __main__ - INFO - community_type priors: [50, 799, 32, 66, 16]
2026-09-09 19:09:30 - __main__ - INFO - community_type priors: [20, 1012, 32, 86, 27]
2026-09-09 19:10:15 - __main__ - INFO - community_type priors: [68, 891, 0, 148, 11]
2026-09-09 19:11:07 - __main__ - INFO - community_type priors: [50, 799, 32, 66, 16]
2026-09-09 19:11:40 - __main__ - INFO - community_type priors: [20, 1012, 32, 86, 27]
2026-09-09 19:12:07 - __main__ - INFO - community_type priors: [68, 891, 0, 148, 11]
2026-09-09 19:12:51 - __main__ - INFO - community_type priors: [50, 799, 32, 66, 16]
2026-09-09 19:13:36 - __main__ - INFO - community_type priors: [20, 1012, 32, 86, 27]
2026-09-09 19:14:03 - __main__ - INFO - community_type priors: [68, 891, 0, 148, 11]
2026-09-09 19:14:41 - __main__ - INFO - community_type priors: [50, 799, 32, 66, 16]
2026-09-09 19:14:51 - __main__ - INFO - community_type priors: [20, 1012, 32, 86, 27]
2026-09-09 19:15:05 - __main__ - INFO - community_type priors: [68, 891, 0, 148, 11]
2026-09-09 19:15:23 - __main__ - INFO - community_type priors: [50, 799, 32, 66, 16]
2026-09-09 19:15:55 - __main__ - INFO - community_type priors: [20, 1012, 32, 86, 27]
2026-09-09 19:16:22 - __main__ - INFO - community_type priors: [68, 891, 0, 148, 11]
2026-09-09 19:16:48 - __main__ - INFO - community_type priors: [50, 799, 32, 66, 16]
2026-09-09 19:17:11 - __main__ - INFO - community_type priors: [20, 1012, 32, 86, 27]
2026-09-09 19:17:46 - __main__ - INFO - community_type priors: [68, 891, 0, 148, 11]
2026-09-09 19:18:18 - __main__ - INFO - community_type priors: [50, 799, 32, 66, 16]
2026-09-09 19:18:43 - __main__ - INFO - community_type priors: [20, 1012, 32, 86, 27]
2026-09-09 19:19:00 - __main__ - INFO - community_type priors: [68, 891, 0, 148, 11]
2026-09-09 19:19:30 - __main__ - INFO - community_type priors: [50, 799, 32, 66, 16]
2026-09-09 19:19:56 - __main__ - INFO - community_type priors: [20, 1012, 32, 86, 27]
2026-09-09 19:20:21 - __main__ - INFO - community_type priors: [68, 891, 0, 148, 11]
2026-09-09 19:20:50 - __main__ - INFO - community_type priors: [50, 799, 32, 66, 16]
2026-09-09 19:21:17 - __main__ - INFO - community_type priors: [20, 1012, 32, 86, 27]
2026-09-09 19:21:47 - __main__ - INFO - community_type priors: [68, 891, 0, 148, 11]
2026-09-09 19:22:18 - __main__ - INFO - community_type priors: [50, 799, 32, 66, 16]
2026-09-09 19:23:23 - __main__ - INFO - community_type priors: [20, 1012, 32, 86, 27]
2026-09-09 19:24:40 - __main__ - INFO - community_type priors: [68, 891, 0, 148, 11]
2026-09-09 19:25:27 - __main__ - INFO - community_type priors: [50, 799, 32, 66, 16]
2026-09-09 19:25:51 - __main__ - INFO - community_type priors: [20, 1012, 32, 86, 27]
2026-09-09 19:26:19 - __main__ - INFO - community_type priors: [68, 891, 0, 148, 11]
2026-09-09 19:26:47 - __main__ - INFO - community_type priors: [50, 799, 32, 66, 16]
2026-09-09 19:26:58 - __main__ - INFO - community_type priors: [20, 1012, 32, 86, 27]
2026-09-09 19:27:20 - __main__ - INFO - community_type priors: [68, 891, 0, 148, 11]
2026-09-09 19:27:44 - __main__ - INFO - community_type priors: [50, 799, 32, 66, 16]
2026-09-09 19:28:10 - __main__ - INFO - community_type priors: [20, 1012, 32, 86, 27]
2026-09-09 19:28:40 - __main__ - INFO - community_type priors: [68, 891, 0, 148, 11]
2026-09-09 19:29:10 - __main__ - INFO - community_type priors: [50, 799, 32, 66, 16]
2026-09-09 19:29:29 - __main__ - INFO - community_type priors: [20, 1012, 32, 86, 27]
2026-09-09 19:29:50 - __main__ - INFO - community_type priors: [68, 891, 0, 148, 11]
2026-09-09 19:30:13 - __main__ - INFO - community_type priors: [50, 799, 32, 66, 16]
2026-09-09 19:30:31 - __main__ - INFO - community_type priors: [20, 1012, 32, 86, 27]
2026-09-09 19:31:02 - __main__ - INFO - community_type priors: [68, 891, 0, 148, 11]
2026-09-09 19:31:19 - __main__ - INFO - Best hyperparameters (averaged over 3 folds): {'n_layers': 3, 'hidden_dim_0': 448, 'hidden_dim_1': 512, 'hidden_dim_2': 192, 'dropout': 0.3825379782517674, 'learning_rate': 0.005674127170762213, 'weight_decay': 0.00033959812519034294, 'batch_size': 128, 'use_batch_norm': True, 'activation': 'leaky_relu', 'logit_adjust_tau': 0.7148362681276078, 'ls_community_type': 0.08060146473174798, 'task_weight_community_type': 1.0}
2026-09-09 19:31:19 - __main__ - INFO - Best CV score: 0.5382
2026-09-09 19:31:19 - __main__ - INFO - Training final model with proper train/val split...
2026-09-09 19:31:19 - __main__ - INFO - Final training split: 2004 train, 223 validation, 489 test
2026-09-09 19:31:19 - __main__ - INFO - community_type priors: [69, 1351, 32, 150, 27]
2026-09-09 19:31:19 - diana.utils.checkpointing - INFO - CheckpointManager initialized: results/search_v9_single_community_type/cv_results/fold_4
2026-09-09 19:31:20 - diana.utils.checkpointing - INFO - Checkpoint saved: results/search_v9_single_community_type/cv_results/fold_4/checkpoint_epoch_1_20260909_193120.pth
2026-09-09 19:31:21 - diana.utils.checkpointing - INFO - New best model saved: results/search_v9_single_community_type/cv_results/fold_4/best_model.pth (val_loss: 0.7556)
2026-09-09 19:31:22 - diana.utils.checkpointing - INFO - Checkpoint saved: results/search_v9_single_community_type/cv_results/fold_4/checkpoint_epoch_2_20260909_193122.pth
2026-09-09 19:31:23 - diana.utils.checkpointing - INFO - New best model saved: results/search_v9_single_community_type/cv_results/fold_4/best_model.pth (val_loss: 0.6939)
2026-09-09 19:31:24 - diana.utils.checkpointing - INFO - Checkpoint saved: results/search_v9_single_community_type/cv_results/fold_4/checkpoint_epoch_3_20260909_193123.pth
2026-09-09 19:31:25 - diana.utils.checkpointing - INFO - Checkpoint saved: results/search_v9_single_community_type/cv_results/fold_4/checkpoint_epoch_4_20260909_193124.pth
2026-09-09 19:31:25 - diana.utils.checkpointing - INFO - New best model saved: results/search_v9_single_community_type/cv_results/fold_4/best_model.pth (val_loss: 0.6829)
2026-09-09 19:31:26 - diana.utils.checkpointing - INFO - Checkpoint saved: results/search_v9_single_community_type/cv_results/fold_4/checkpoint_epoch_5_20260909_193125.pth
2026-09-09 19:31:27 - diana.utils.checkpointing - INFO - Checkpoint saved: results/search_v9_single_community_type/cv_results/fold_4/checkpoint_epoch_6_20260909_193126.pth
2026-09-09 19:31:28 - diana.utils.checkpointing - INFO - Checkpoint saved: results/search_v9_single_community_type/cv_results/fold_4/checkpoint_epoch_7_20260909_193127.pth
2026-09-09 19:31:29 - diana.utils.checkpointing - INFO - Checkpoint saved: results/search_v9_single_community_type/cv_results/fold_4/checkpoint_epoch_8_20260909_193129.pth
2026-09-09 19:31:30 - diana.utils.checkpointing - INFO - New best model saved: results/search_v9_single_community_type/cv_results/fold_4/best_model.pth (val_loss: 0.6665)
2026-09-09 19:31:31 - diana.utils.checkpointing - INFO - Checkpoint saved: results/search_v9_single_community_type/cv_results/fold_4/checkpoint_epoch_9_20260909_193130.pth
2026-09-09 19:31:32 - diana.utils.checkpointing - INFO - Checkpoint saved: results/search_v9_single_community_type/cv_results/fold_4/checkpoint_epoch_10_20260909_193131.pth
2026-09-09 19:31:33 - diana.utils.checkpointing - INFO - Checkpoint saved: results/search_v9_single_community_type/cv_results/fold_4/checkpoint_epoch_11_20260909_193132.pth
2026-09-09 19:31:34 - diana.utils.checkpointing - INFO - Checkpoint saved: results/search_v9_single_community_type/cv_results/fold_4/checkpoint_epoch_12_20260909_193133.pth
2026-09-09 19:31:35 - diana.utils.checkpointing - INFO - Checkpoint saved: results/search_v9_single_community_type/cv_results/fold_4/checkpoint_epoch_13_20260909_193134.pth
2026-09-09 19:31:36 - diana.utils.checkpointing - INFO - Checkpoint saved: results/search_v9_single_community_type/cv_results/fold_4/checkpoint_epoch_14_20260909_193135.pth
2026-09-09 19:31:37 - diana.utils.checkpointing - INFO - Checkpoint saved: results/search_v9_single_community_type/cv_results/fold_4/checkpoint_epoch_15_20260909_193136.pth
2026-09-09 19:31:37 - diana.utils.checkpointing - INFO - Checkpoint saved: results/search_v9_single_community_type/cv_results/fold_4/checkpoint_epoch_16_20260909_193137.pth
2026-09-09 19:31:38 - diana.utils.checkpointing - INFO - Checkpoint saved: results/search_v9_single_community_type/cv_results/fold_4/checkpoint_epoch_17_20260909_193138.pth
2026-09-09 19:31:39 - diana.utils.checkpointing - INFO - New best model saved: results/search_v9_single_community_type/cv_results/fold_4/best_model.pth (val_loss: 0.6610)
2026-09-09 19:31:40 - diana.utils.checkpointing - INFO - Checkpoint saved: results/search_v9_single_community_type/cv_results/fold_4/checkpoint_epoch_18_20260909_193139.pth
2026-09-09 19:31:41 - diana.utils.checkpointing - INFO - Checkpoint saved: results/search_v9_single_community_type/cv_results/fold_4/checkpoint_epoch_19_20260909_193140.pth
2026-09-09 19:31:42 - diana.utils.checkpointing - INFO - Checkpoint saved: results/search_v9_single_community_type/cv_results/fold_4/checkpoint_epoch_20_20260909_193141.pth
2026-09-09 19:31:42 - __main__ - INFO - Epoch 20/200, Train Loss: 0.6645, Val Loss: 0.8013
2026-09-09 19:31:43 - diana.utils.checkpointing - INFO - Checkpoint saved: results/search_v9_single_community_type/cv_results/fold_4/checkpoint_epoch_21_20260909_193142.pth
2026-09-09 19:31:43 - diana.utils.checkpointing - INFO - Checkpoint saved: results/search_v9_single_community_type/cv_results/fold_4/checkpoint_epoch_22_20260909_193143.pth
2026-09-09 19:31:44 - diana.utils.checkpointing - INFO - Checkpoint saved: results/search_v9_single_community_type/cv_results/fold_4/checkpoint_epoch_23_20260909_193144.pth
2026-09-09 19:31:45 - diana.utils.checkpointing - INFO - Checkpoint saved: results/search_v9_single_community_type/cv_results/fold_4/checkpoint_epoch_24_20260909_193145.pth
2026-09-09 19:31:46 - diana.utils.checkpointing - INFO - Checkpoint saved: results/search_v9_single_community_type/cv_results/fold_4/checkpoint_epoch_25_20260909_193146.pth
2026-09-09 19:31:47 - diana.utils.checkpointing - INFO - Checkpoint saved: results/search_v9_single_community_type/cv_results/fold_4/checkpoint_epoch_26_20260909_193147.pth
2026-09-09 19:31:48 - diana.utils.checkpointing - INFO - Checkpoint saved: results/search_v9_single_community_type/cv_results/fold_4/checkpoint_epoch_27_20260909_193147.pth
2026-09-09 19:31:49 - diana.utils.checkpointing - INFO - Checkpoint saved: results/search_v9_single_community_type/cv_results/fold_4/checkpoint_epoch_28_20260909_193148.pth
2026-09-09 19:31:50 - diana.utils.checkpointing - INFO - Checkpoint saved: results/search_v9_single_community_type/cv_results/fold_4/checkpoint_epoch_29_20260909_193149.pth
2026-09-09 19:31:51 - diana.utils.checkpointing - INFO - Checkpoint saved: results/search_v9_single_community_type/cv_results/fold_4/checkpoint_epoch_30_20260909_193150.pth
2026-09-09 19:31:52 - diana.utils.checkpointing - INFO - Checkpoint saved: results/search_v9_single_community_type/cv_results/fold_4/checkpoint_epoch_31_20260909_193151.pth
2026-09-09 19:31:53 - diana.utils.checkpointing - INFO - Checkpoint saved: results/search_v9_single_community_type/cv_results/fold_4/checkpoint_epoch_32_20260909_193152.pth
2026-09-09 19:31:54 - diana.utils.checkpointing - INFO - Checkpoint saved: results/search_v9_single_community_type/cv_results/fold_4/checkpoint_epoch_33_20260909_193153.pth
2026-09-09 19:31:54 - diana.utils.checkpointing - INFO - New best model saved: results/search_v9_single_community_type/cv_results/fold_4/best_model.pth (val_loss: 0.6408)
2026-09-09 19:31:55 - diana.utils.checkpointing - INFO - Checkpoint saved: results/search_v9_single_community_type/cv_results/fold_4/checkpoint_epoch_34_20260909_193154.pth
2026-09-09 19:31:56 - diana.utils.checkpointing - INFO - Checkpoint saved: results/search_v9_single_community_type/cv_results/fold_4/checkpoint_epoch_35_20260909_193155.pth
2026-09-09 19:31:57 - diana.utils.checkpointing - INFO - Checkpoint saved: results/search_v9_single_community_type/cv_results/fold_4/checkpoint_epoch_36_20260909_193156.pth
2026-09-09 19:31:58 - diana.utils.checkpointing - INFO - Checkpoint saved: results/search_v9_single_community_type/cv_results/fold_4/checkpoint_epoch_37_20260909_193157.pth
2026-09-09 19:31:59 - diana.utils.checkpointing - INFO - Checkpoint saved: results/search_v9_single_community_type/cv_results/fold_4/checkpoint_epoch_38_20260909_193158.pth
2026-09-09 19:32:00 - diana.utils.checkpointing - INFO - Checkpoint saved: results/search_v9_single_community_type/cv_results/fold_4/checkpoint_epoch_39_20260909_193159.pth
2026-09-09 19:32:01 - diana.utils.checkpointing - INFO - Checkpoint saved: results/search_v9_single_community_type/cv_results/fold_4/checkpoint_epoch_40_20260909_193200.pth
2026-09-09 19:32:02 - diana.utils.checkpointing - INFO - New best model saved: results/search_v9_single_community_type/cv_results/fold_4/best_model.pth (val_loss: 0.6053)
2026-09-09 19:32:02 - __main__ - INFO - Epoch 40/200, Train Loss: 0.6150, Val Loss: 0.6053
2026-09-09 19:32:03 - diana.utils.checkpointing - INFO - Checkpoint saved: results/search_v9_single_community_type/cv_results/fold_4/checkpoint_epoch_41_20260909_193202.pth
2026-09-09 19:32:03 - diana.utils.checkpointing - INFO - Checkpoint saved: results/search_v9_single_community_type/cv_results/fold_4/checkpoint_epoch_42_20260909_193203.pth
2026-09-09 19:32:05 - diana.utils.checkpointing - INFO - Checkpoint saved: results/search_v9_single_community_type/cv_results/fold_4/checkpoint_epoch_43_20260909_193204.pth
2026-09-09 19:32:05 - diana.utils.checkpointing - INFO - Checkpoint saved: results/search_v9_single_community_type/cv_results/fold_4/checkpoint_epoch_44_20260909_193205.pth
2026-09-09 19:32:06 - diana.utils.checkpointing - INFO - Checkpoint saved: results/search_v9_single_community_type/cv_results/fold_4/checkpoint_epoch_45_20260909_193206.pth
2026-09-09 19:32:07 - diana.utils.checkpointing - INFO - Checkpoint saved: results/search_v9_single_community_type/cv_results/fold_4/checkpoint_epoch_46_20260909_193207.pth
2026-09-09 19:32:08 - diana.utils.checkpointing - INFO - Checkpoint saved: results/search_v9_single_community_type/cv_results/fold_4/checkpoint_epoch_47_20260909_193208.pth
2026-09-09 19:32:10 - diana.utils.checkpointing - INFO - Checkpoint saved: results/search_v9_single_community_type/cv_results/fold_4/checkpoint_epoch_48_20260909_193209.pth
2026-09-09 19:32:11 - diana.utils.checkpointing - INFO - Checkpoint saved: results/search_v9_single_community_type/cv_results/fold_4/checkpoint_epoch_49_20260909_193210.pth
2026-09-09 19:32:12 - diana.utils.checkpointing - INFO - Checkpoint saved: results/search_v9_single_community_type/cv_results/fold_4/checkpoint_epoch_50_20260909_193211.pth
2026-09-09 19:32:13 - diana.utils.checkpointing - INFO - Checkpoint saved: results/search_v9_single_community_type/cv_results/fold_4/checkpoint_epoch_51_20260909_193212.pth
2026-09-09 19:32:13 - diana.utils.checkpointing - INFO - Checkpoint saved: results/search_v9_single_community_type/cv_results/fold_4/checkpoint_epoch_52_20260909_193213.pth
2026-09-09 19:32:15 - diana.utils.checkpointing - INFO - Checkpoint saved: results/search_v9_single_community_type/cv_results/fold_4/checkpoint_epoch_53_20260909_193214.pth
2026-09-09 19:32:16 - diana.utils.checkpointing - INFO - Checkpoint saved: results/search_v9_single_community_type/cv_results/fold_4/checkpoint_epoch_54_20260909_193215.pth
2026-09-09 19:32:17 - diana.utils.checkpointing - INFO - Checkpoint saved: results/search_v9_single_community_type/cv_results/fold_4/checkpoint_epoch_55_20260909_193216.pth
2026-09-09 19:32:18 - diana.utils.checkpointing - INFO - Checkpoint saved: results/search_v9_single_community_type/cv_results/fold_4/checkpoint_epoch_56_20260909_193217.pth
2026-09-09 19:32:19 - diana.utils.checkpointing - INFO - Checkpoint saved: results/search_v9_single_community_type/cv_results/fold_4/checkpoint_epoch_57_20260909_193218.pth
2026-09-09 19:32:19 - diana.utils.checkpointing - INFO - Checkpoint saved: results/search_v9_single_community_type/cv_results/fold_4/checkpoint_epoch_58_20260909_193219.pth
2026-09-09 19:32:21 - diana.utils.checkpointing - INFO - Checkpoint saved: results/search_v9_single_community_type/cv_results/fold_4/checkpoint_epoch_59_20260909_193220.pth
2026-09-09 19:32:21 - diana.utils.checkpointing - INFO - Checkpoint saved: results/search_v9_single_community_type/cv_results/fold_4/checkpoint_epoch_60_20260909_193221.pth
2026-09-09 19:32:22 - __main__ - INFO - Epoch 60/200, Train Loss: 0.6400, Val Loss: 0.7151
2026-09-09 19:32:22 - __main__ - INFO - Early stopping triggered after 60 epochs (patience=20)
2026-09-09 19:32:22 - diana.utils.checkpointing - INFO - Loading checkpoint: results/search_v9_single_community_type/cv_results/fold_4/best_model.pth
2026-09-09 19:32:22 - __main__ - INFO - Loaded best model from epoch 40 (val_loss: 0.6053)
2026-09-09 19:32:22 - __main__ - INFO - Evaluating on held-out test set...
2026-09-09 19:32:22 - __main__ - INFO - community_type test metrics: {'n_scored': 444, 'accuracy': 0.5765765765765766, 'f1_weighted': 0.6205766174569352, 'f1_macro': 0.40328984685195696, 'balanced_accuracy': 0.5208305921052632}
2026-09-09 19:32:22 - diana.utils.checkpointing - INFO - Final model saved: results/search_v9_single_community_type/cv_results/fold_4/final_model_20260909_193222.pth
2026-09-09 19:32:22 - __main__ - INFO - Final model saved to results/search_v9_single_community_type/cv_results/fold_4/final_model_20260909_193222.pth
2026-09-09 19:32:22 - __main__ - INFO - Results saved to results/search_v9_single_community_type/cv_results/fold_4/multitask_fold_4_results_20260909_172131.json
2026-09-09 19:32:22 - __main__ - INFO - ================================================================================
2026-09-09 19:32:22 - __main__ - INFO - ================================================================================
2026-09-09 19:32:22 - __main__ - INFO - === FOLD COMPLETE ===
2026-09-09 19:32:22 - __main__ - INFO - ================================================================================
2026-09-09 19:32:22 - __main__ - INFO - Results: {'community_type': {'n_scored': 444, 'accuracy': 0.5765765765765766, 'f1_weighted': 0.6205766174569352, 'f1_macro': 0.40328984685195696, 'balanced_accuracy': 0.5208305921052632}}
