2026-09-09 18:01:27 - root - INFO - Logging to file: results/search_v9_single_material/cv_results/fold_2/fold_2_training.log
2026-09-09 18:01:27 - __main__ - INFO - ================================================================================
2026-09-09 18:01:27 - __main__ - INFO - DIANA Multi-Task Hyperparameter Optimization
2026-09-09 18:01:27 - __main__ - INFO - ================================================================================
2026-09-09 18:01:27 - __main__ - INFO - Run config:   configs/train_config_v9_search_single_material.json
2026-09-09 18:01:27 - __main__ - INFO - Features:     data/matrices/matrix_v9_train/unitigs.frac.mat
2026-09-09 18:01:27 - __main__ - INFO - Metadata:     data/splits_v9/train_metadata.tsv
2026-09-09 18:01:27 - __main__ - INFO - Output dir:   results/search_v9_single_material
2026-09-09 18:01:27 - __main__ - INFO - Tasks:        ['material']
2026-09-09 18:01:27 - __main__ - INFO - Task types:   {'material': 'classification'}
2026-09-09 18:01:27 - __main__ - INFO - Fold:         2 / 5
2026-09-09 18:01:27 - __main__ - INFO - Trials:       100  Max epochs: 200  Patience: 20
2026-09-09 18:01:27 - __main__ - INFO - GPU:          True  Seed: 42
2026-09-09 18:01:27 - __main__ - INFO - Loading data from data/matrices/matrix_v9_train/unitigs.frac.mat
2026-09-09 18:01:27 - diana.data.loader - INFO - Loading matrix from data/matrices/matrix_v9_train/unitigs.frac.mat
2026-09-09 18:54:20 - diana.data.loader - INFO - Loaded 110202 features × 2716 samples (before transpose)
2026-09-09 18:54:20 - diana.data.loader - INFO - Transposed to 2716 samples × 110202 features
2026-09-09 18:54:20 - diana.data.loader - INFO - Reading sample IDs from data/matrices/matrix_v9_train/kmer_matrix/kmtricks.fof
2026-09-09 18:54:20 - diana.data.loader - INFO - Sample IDs: ['ERR10114844', 'ERR10114845', 'ERR10114846']...
2026-09-09 18:54:20 - diana.data.loader - INFO - Loading metadata from data/splits_v9/train_metadata.tsv
2026-09-09 18:54:20 - diana.data.loader - INFO - Metadata: 2716 rows × 15 columns
2026-09-09 18:54:20 - diana.data.loader - INFO - Metadata aligned to matrix sample order
2026-09-09 18:54:20 - __main__ - INFO - Loaded 2716 samples with 110202 features
2026-09-09 18:54:20 - __main__ - INFO - Loaded 2716 samples × 110202 features
2026-09-09 18:54:20 - __main__ - INFO - === FOLD 2/4 ===
2026-09-09 18:54:20 - __main__ - INFO - Output directory: results/search_v9_single_material/cv_results/fold_2
2026-09-09 18:54:20 - __main__ - INFO - Using device: cuda
2026-09-09 18:54:20 - __main__ - INFO - Class imbalance: logit adjustment, tau SEARCHED in [0.05, 0.8]
2026-09-09 18:54:20 - __main__ - INFO - material: 16 classes, 2639 labelled, 77 masked - ['bone', 'dental calculus', 'digestive tract contents', 'intestine', 'lake sediment']...
2026-09-09 18:54:20 - __main__ - INFO - Grouping CV folds on 'archive_project': 68 groups over 2716 runs
2026-09-09 18:54:20 - __main__ - INFO - Outer fold 2 taken from data/splits_v9/dev_folds.tsv (5 dev folds)
2026-09-09 18:54:20 - __main__ - INFO - Train: 2003, Test: 713 (outer fold verified archive_project-disjoint)
2026-09-09 18:54:21 - __main__ - INFO - 3 inner folds verified archive_project-disjoint
2026-09-09 18:54:21 - __main__ - INFO - Starting Optuna optimization with 100 trials...
2026-09-09 18:54:21 - __main__ - INFO - Each trial will be evaluated on 3 inner CV folds
2026-09-09 18:54:22 - __main__ - INFO - material priors: [63, 876, 0, 4, 61, 11, 70, 0, 4, 53, 8, 94, 0, 2, 23, 0]
2026-09-09 18:56:18 - __main__ - INFO - material priors: [0, 651, 0, 15, 134, 11, 30, 4, 4, 30, 10, 68, 0, 2, 181, 0]
2026-09-09 18:57:58 - __main__ - INFO - material priors: [63, 957, 0, 11, 75, 0, 90, 4, 0, 39, 18, 32, 0, 0, 200, 0]
2026-09-09 19:00:02 - __main__ - INFO - material priors: [63, 876, 0, 4, 61, 11, 70, 0, 4, 53, 8, 94, 0, 2, 23, 0]
2026-09-09 19:00:36 - __main__ - INFO - material priors: [0, 651, 0, 15, 134, 11, 30, 4, 4, 30, 10, 68, 0, 2, 181, 0]
2026-09-09 19:01:08 - __main__ - INFO - material priors: [63, 957, 0, 11, 75, 0, 90, 4, 0, 39, 18, 32, 0, 0, 200, 0]
2026-09-09 19:01:50 - __main__ - INFO - material priors: [63, 876, 0, 4, 61, 11, 70, 0, 4, 53, 8, 94, 0, 2, 23, 0]
2026-09-09 19:02:20 - __main__ - INFO - material priors: [0, 651, 0, 15, 134, 11, 30, 4, 4, 30, 10, 68, 0, 2, 181, 0]
2026-09-09 19:02:47 - __main__ - INFO - material priors: [63, 957, 0, 11, 75, 0, 90, 4, 0, 39, 18, 32, 0, 0, 200, 0]
2026-09-09 19:03:21 - __main__ - INFO - material priors: [63, 876, 0, 4, 61, 11, 70, 0, 4, 53, 8, 94, 0, 2, 23, 0]
2026-09-09 19:03:58 - __main__ - INFO - material priors: [0, 651, 0, 15, 134, 11, 30, 4, 4, 30, 10, 68, 0, 2, 181, 0]
2026-09-09 19:04:42 - __main__ - INFO - material priors: [63, 957, 0, 11, 75, 0, 90, 4, 0, 39, 18, 32, 0, 0, 200, 0]
2026-09-09 19:05:32 - __main__ - INFO - material priors: [63, 876, 0, 4, 61, 11, 70, 0, 4, 53, 8, 94, 0, 2, 23, 0]
2026-09-09 19:06:07 - __main__ - INFO - material priors: [0, 651, 0, 15, 134, 11, 30, 4, 4, 30, 10, 68, 0, 2, 181, 0]
2026-09-09 19:06:40 - __main__ - INFO - material priors: [63, 957, 0, 11, 75, 0, 90, 4, 0, 39, 18, 32, 0, 0, 200, 0]
2026-09-09 19:07:04 - __main__ - INFO - material priors: [63, 876, 0, 4, 61, 11, 70, 0, 4, 53, 8, 94, 0, 2, 23, 0]
2026-09-09 19:07:48 - __main__ - INFO - material priors: [0, 651, 0, 15, 134, 11, 30, 4, 4, 30, 10, 68, 0, 2, 181, 0]
2026-09-09 19:08:23 - __main__ - INFO - material priors: [63, 957, 0, 11, 75, 0, 90, 4, 0, 39, 18, 32, 0, 0, 200, 0]
2026-09-09 19:09:10 - __main__ - INFO - material priors: [63, 876, 0, 4, 61, 11, 70, 0, 4, 53, 8, 94, 0, 2, 23, 0]
2026-09-09 19:09:39 - __main__ - INFO - material priors: [0, 651, 0, 15, 134, 11, 30, 4, 4, 30, 10, 68, 0, 2, 181, 0]
2026-09-09 19:10:08 - __main__ - INFO - material priors: [63, 957, 0, 11, 75, 0, 90, 4, 0, 39, 18, 32, 0, 0, 200, 0]
2026-09-09 19:10:41 - __main__ - INFO - material priors: [63, 876, 0, 4, 61, 11, 70, 0, 4, 53, 8, 94, 0, 2, 23, 0]
2026-09-09 19:11:55 - __main__ - INFO - material priors: [0, 651, 0, 15, 134, 11, 30, 4, 4, 30, 10, 68, 0, 2, 181, 0]
2026-09-09 19:13:14 - __main__ - INFO - material priors: [63, 957, 0, 11, 75, 0, 90, 4, 0, 39, 18, 32, 0, 0, 200, 0]
2026-09-09 19:15:03 - __main__ - INFO - material priors: [63, 876, 0, 4, 61, 11, 70, 0, 4, 53, 8, 94, 0, 2, 23, 0]
2026-09-09 19:15:27 - __main__ - INFO - material priors: [0, 651, 0, 15, 134, 11, 30, 4, 4, 30, 10, 68, 0, 2, 181, 0]
2026-09-09 19:15:46 - __main__ - INFO - material priors: [63, 957, 0, 11, 75, 0, 90, 4, 0, 39, 18, 32, 0, 0, 200, 0]
2026-09-09 19:16:11 - __main__ - INFO - material priors: [63, 876, 0, 4, 61, 11, 70, 0, 4, 53, 8, 94, 0, 2, 23, 0]
2026-09-09 19:16:41 - __main__ - INFO - material priors: [0, 651, 0, 15, 134, 11, 30, 4, 4, 30, 10, 68, 0, 2, 181, 0]
2026-09-09 19:17:09 - __main__ - INFO - material priors: [63, 957, 0, 11, 75, 0, 90, 4, 0, 39, 18, 32, 0, 0, 200, 0]
2026-09-09 19:17:54 - __main__ - INFO - material priors: [63, 876, 0, 4, 61, 11, 70, 0, 4, 53, 8, 94, 0, 2, 23, 0]
2026-09-09 19:18:26 - __main__ - INFO - material priors: [0, 651, 0, 15, 134, 11, 30, 4, 4, 30, 10, 68, 0, 2, 181, 0]
2026-09-09 19:18:51 - __main__ - INFO - material priors: [63, 957, 0, 11, 75, 0, 90, 4, 0, 39, 18, 32, 0, 0, 200, 0]
2026-09-09 19:19:26 - __main__ - INFO - material priors: [63, 876, 0, 4, 61, 11, 70, 0, 4, 53, 8, 94, 0, 2, 23, 0]
2026-09-09 19:19:57 - __main__ - INFO - material priors: [0, 651, 0, 15, 134, 11, 30, 4, 4, 30, 10, 68, 0, 2, 181, 0]
2026-09-09 19:20:26 - __main__ - INFO - material priors: [63, 957, 0, 11, 75, 0, 90, 4, 0, 39, 18, 32, 0, 0, 200, 0]
2026-09-09 19:21:03 - __main__ - INFO - material priors: [63, 876, 0, 4, 61, 11, 70, 0, 4, 53, 8, 94, 0, 2, 23, 0]
2026-09-09 19:21:57 - __main__ - INFO - material priors: [0, 651, 0, 15, 134, 11, 30, 4, 4, 30, 10, 68, 0, 2, 181, 0]
2026-09-09 19:22:40 - __main__ - INFO - material priors: [63, 957, 0, 11, 75, 0, 90, 4, 0, 39, 18, 32, 0, 0, 200, 0]
2026-09-09 19:23:41 - __main__ - INFO - material priors: [63, 876, 0, 4, 61, 11, 70, 0, 4, 53, 8, 94, 0, 2, 23, 0]
2026-09-09 19:24:13 - __main__ - INFO - material priors: [0, 651, 0, 15, 134, 11, 30, 4, 4, 30, 10, 68, 0, 2, 181, 0]
2026-09-09 19:24:37 - __main__ - INFO - material priors: [63, 957, 0, 11, 75, 0, 90, 4, 0, 39, 18, 32, 0, 0, 200, 0]
2026-09-09 19:25:14 - __main__ - INFO - material priors: [63, 876, 0, 4, 61, 11, 70, 0, 4, 53, 8, 94, 0, 2, 23, 0]
2026-09-09 19:26:16 - __main__ - INFO - material priors: [0, 651, 0, 15, 134, 11, 30, 4, 4, 30, 10, 68, 0, 2, 181, 0]
2026-09-09 19:27:07 - __main__ - INFO - material priors: [63, 957, 0, 11, 75, 0, 90, 4, 0, 39, 18, 32, 0, 0, 200, 0]
2026-09-09 19:28:16 - __main__ - INFO - material priors: [63, 876, 0, 4, 61, 11, 70, 0, 4, 53, 8, 94, 0, 2, 23, 0]
2026-09-09 19:28:50 - __main__ - INFO - material priors: [0, 651, 0, 15, 134, 11, 30, 4, 4, 30, 10, 68, 0, 2, 181, 0]
2026-09-09 19:29:21 - __main__ - INFO - material priors: [63, 957, 0, 11, 75, 0, 90, 4, 0, 39, 18, 32, 0, 0, 200, 0]
2026-09-09 19:29:43 - __main__ - INFO - material priors: [63, 876, 0, 4, 61, 11, 70, 0, 4, 53, 8, 94, 0, 2, 23, 0]
2026-09-09 19:30:21 - __main__ - INFO - material priors: [0, 651, 0, 15, 134, 11, 30, 4, 4, 30, 10, 68, 0, 2, 181, 0]
2026-09-09 19:30:48 - __main__ - INFO - material priors: [63, 957, 0, 11, 75, 0, 90, 4, 0, 39, 18, 32, 0, 0, 200, 0]
2026-09-09 19:31:13 - __main__ - INFO - material priors: [63, 876, 0, 4, 61, 11, 70, 0, 4, 53, 8, 94, 0, 2, 23, 0]
2026-09-09 19:32:10 - __main__ - INFO - material priors: [0, 651, 0, 15, 134, 11, 30, 4, 4, 30, 10, 68, 0, 2, 181, 0]
2026-09-09 19:33:01 - __main__ - INFO - material priors: [63, 957, 0, 11, 75, 0, 90, 4, 0, 39, 18, 32, 0, 0, 200, 0]
2026-09-09 19:34:05 - __main__ - INFO - material priors: [63, 876, 0, 4, 61, 11, 70, 0, 4, 53, 8, 94, 0, 2, 23, 0]
2026-09-09 19:34:30 - __main__ - INFO - material priors: [0, 651, 0, 15, 134, 11, 30, 4, 4, 30, 10, 68, 0, 2, 181, 0]
2026-09-09 19:34:54 - __main__ - INFO - material priors: [63, 957, 0, 11, 75, 0, 90, 4, 0, 39, 18, 32, 0, 0, 200, 0]
2026-09-09 19:35:25 - __main__ - INFO - material priors: [63, 876, 0, 4, 61, 11, 70, 0, 4, 53, 8, 94, 0, 2, 23, 0]
2026-09-09 19:35:55 - __main__ - INFO - material priors: [0, 651, 0, 15, 134, 11, 30, 4, 4, 30, 10, 68, 0, 2, 181, 0]
2026-09-09 19:36:25 - __main__ - INFO - material priors: [63, 957, 0, 11, 75, 0, 90, 4, 0, 39, 18, 32, 0, 0, 200, 0]
2026-09-09 19:36:55 - __main__ - INFO - material priors: [63, 876, 0, 4, 61, 11, 70, 0, 4, 53, 8, 94, 0, 2, 23, 0]
2026-09-09 19:37:27 - __main__ - INFO - material priors: [0, 651, 0, 15, 134, 11, 30, 4, 4, 30, 10, 68, 0, 2, 181, 0]
2026-09-09 19:37:54 - __main__ - INFO - material priors: [63, 957, 0, 11, 75, 0, 90, 4, 0, 39, 18, 32, 0, 0, 200, 0]
2026-09-09 19:38:28 - __main__ - INFO - material priors: [63, 876, 0, 4, 61, 11, 70, 0, 4, 53, 8, 94, 0, 2, 23, 0]
2026-09-09 19:38:58 - __main__ - INFO - material priors: [0, 651, 0, 15, 134, 11, 30, 4, 4, 30, 10, 68, 0, 2, 181, 0]
2026-09-09 19:39:28 - __main__ - INFO - material priors: [63, 957, 0, 11, 75, 0, 90, 4, 0, 39, 18, 32, 0, 0, 200, 0]
2026-09-09 19:39:50 - __main__ - INFO - material priors: [63, 876, 0, 4, 61, 11, 70, 0, 4, 53, 8, 94, 0, 2, 23, 0]
2026-09-09 19:40:29 - __main__ - INFO - material priors: [0, 651, 0, 15, 134, 11, 30, 4, 4, 30, 10, 68, 0, 2, 181, 0]
2026-09-09 19:40:57 - __main__ - INFO - material priors: [63, 957, 0, 11, 75, 0, 90, 4, 0, 39, 18, 32, 0, 0, 200, 0]
2026-09-09 19:41:45 - __main__ - INFO - material priors: [63, 876, 0, 4, 61, 11, 70, 0, 4, 53, 8, 94, 0, 2, 23, 0]
2026-09-09 19:42:17 - __main__ - INFO - material priors: [0, 651, 0, 15, 134, 11, 30, 4, 4, 30, 10, 68, 0, 2, 181, 0]
2026-09-09 19:42:43 - __main__ - INFO - material priors: [63, 957, 0, 11, 75, 0, 90, 4, 0, 39, 18, 32, 0, 0, 200, 0]
2026-09-09 19:43:14 - __main__ - INFO - material priors: [63, 876, 0, 4, 61, 11, 70, 0, 4, 53, 8, 94, 0, 2, 23, 0]
2026-09-09 19:43:36 - __main__ - INFO - material priors: [0, 651, 0, 15, 134, 11, 30, 4, 4, 30, 10, 68, 0, 2, 181, 0]
2026-09-09 19:44:03 - __main__ - INFO - material priors: [63, 957, 0, 11, 75, 0, 90, 4, 0, 39, 18, 32, 0, 0, 200, 0]
2026-09-09 19:44:39 - __main__ - INFO - material priors: [63, 876, 0, 4, 61, 11, 70, 0, 4, 53, 8, 94, 0, 2, 23, 0]
2026-09-09 19:45:06 - __main__ - INFO - material priors: [0, 651, 0, 15, 134, 11, 30, 4, 4, 30, 10, 68, 0, 2, 181, 0]
2026-09-09 19:45:34 - __main__ - INFO - material priors: [63, 957, 0, 11, 75, 0, 90, 4, 0, 39, 18, 32, 0, 0, 200, 0]
2026-09-09 19:46:10 - __main__ - INFO - material priors: [63, 876, 0, 4, 61, 11, 70, 0, 4, 53, 8, 94, 0, 2, 23, 0]
2026-09-09 19:46:39 - __main__ - INFO - material priors: [0, 651, 0, 15, 134, 11, 30, 4, 4, 30, 10, 68, 0, 2, 181, 0]
2026-09-09 19:47:05 - __main__ - INFO - material priors: [63, 957, 0, 11, 75, 0, 90, 4, 0, 39, 18, 32, 0, 0, 200, 0]
2026-09-09 19:47:40 - __main__ - INFO - material priors: [63, 876, 0, 4, 61, 11, 70, 0, 4, 53, 8, 94, 0, 2, 23, 0]
2026-09-09 19:48:17 - __main__ - INFO - material priors: [0, 651, 0, 15, 134, 11, 30, 4, 4, 30, 10, 68, 0, 2, 181, 0]
2026-09-09 19:48:51 - __main__ - INFO - material priors: [63, 957, 0, 11, 75, 0, 90, 4, 0, 39, 18, 32, 0, 0, 200, 0]
2026-09-09 19:49:13 - __main__ - INFO - material priors: [63, 876, 0, 4, 61, 11, 70, 0, 4, 53, 8, 94, 0, 2, 23, 0]
2026-09-09 19:49:33 - __main__ - INFO - material priors: [0, 651, 0, 15, 134, 11, 30, 4, 4, 30, 10, 68, 0, 2, 181, 0]
2026-09-09 19:49:54 - __main__ - INFO - material priors: [63, 957, 0, 11, 75, 0, 90, 4, 0, 39, 18, 32, 0, 0, 200, 0]
2026-09-09 19:50:37 - __main__ - INFO - material priors: [63, 876, 0, 4, 61, 11, 70, 0, 4, 53, 8, 94, 0, 2, 23, 0]
2026-09-09 19:51:16 - __main__ - INFO - material priors: [0, 651, 0, 15, 134, 11, 30, 4, 4, 30, 10, 68, 0, 2, 181, 0]
2026-09-09 19:51:44 - __main__ - INFO - material priors: [63, 957, 0, 11, 75, 0, 90, 4, 0, 39, 18, 32, 0, 0, 200, 0]
2026-09-09 19:52:27 - __main__ - INFO - material priors: [63, 876, 0, 4, 61, 11, 70, 0, 4, 53, 8, 94, 0, 2, 23, 0]
2026-09-09 19:53:04 - __main__ - INFO - material priors: [0, 651, 0, 15, 134, 11, 30, 4, 4, 30, 10, 68, 0, 2, 181, 0]
2026-09-09 19:53:32 - __main__ - INFO - material priors: [63, 957, 0, 11, 75, 0, 90, 4, 0, 39, 18, 32, 0, 0, 200, 0]
2026-09-09 19:54:15 - __main__ - INFO - material priors: [63, 876, 0, 4, 61, 11, 70, 0, 4, 53, 8, 94, 0, 2, 23, 0]
2026-09-09 19:54:53 - __main__ - INFO - material priors: [0, 651, 0, 15, 134, 11, 30, 4, 4, 30, 10, 68, 0, 2, 181, 0]
2026-09-09 19:55:21 - __main__ - INFO - material priors: [63, 957, 0, 11, 75, 0, 90, 4, 0, 39, 18, 32, 0, 0, 200, 0]
2026-09-09 19:56:03 - __main__ - INFO - material priors: [63, 876, 0, 4, 61, 11, 70, 0, 4, 53, 8, 94, 0, 2, 23, 0]
2026-09-09 19:56:35 - __main__ - INFO - material priors: [0, 651, 0, 15, 134, 11, 30, 4, 4, 30, 10, 68, 0, 2, 181, 0]
2026-09-09 19:56:59 - __main__ - INFO - material priors: [63, 957, 0, 11, 75, 0, 90, 4, 0, 39, 18, 32, 0, 0, 200, 0]
2026-09-09 19:57:40 - __main__ - INFO - material priors: [63, 876, 0, 4, 61, 11, 70, 0, 4, 53, 8, 94, 0, 2, 23, 0]
2026-09-09 19:59:29 - __main__ - INFO - material priors: [0, 651, 0, 15, 134, 11, 30, 4, 4, 30, 10, 68, 0, 2, 181, 0]
2026-09-09 20:00:45 - __main__ - INFO - material priors: [63, 957, 0, 11, 75, 0, 90, 4, 0, 39, 18, 32, 0, 0, 200, 0]
2026-09-09 20:02:45 - __main__ - INFO - material priors: [63, 876, 0, 4, 61, 11, 70, 0, 4, 53, 8, 94, 0, 2, 23, 0]
2026-09-09 20:03:22 - __main__ - INFO - material priors: [0, 651, 0, 15, 134, 11, 30, 4, 4, 30, 10, 68, 0, 2, 181, 0]
2026-09-09 20:03:48 - __main__ - INFO - material priors: [63, 957, 0, 11, 75, 0, 90, 4, 0, 39, 18, 32, 0, 0, 200, 0]
2026-09-09 20:04:25 - __main__ - INFO - material priors: [63, 876, 0, 4, 61, 11, 70, 0, 4, 53, 8, 94, 0, 2, 23, 0]
2026-09-09 20:04:58 - __main__ - INFO - material priors: [0, 651, 0, 15, 134, 11, 30, 4, 4, 30, 10, 68, 0, 2, 181, 0]
2026-09-09 20:05:24 - __main__ - INFO - material priors: [63, 957, 0, 11, 75, 0, 90, 4, 0, 39, 18, 32, 0, 0, 200, 0]
2026-09-09 20:05:54 - __main__ - INFO - material priors: [63, 876, 0, 4, 61, 11, 70, 0, 4, 53, 8, 94, 0, 2, 23, 0]
2026-09-09 20:06:50 - __main__ - INFO - material priors: [0, 651, 0, 15, 134, 11, 30, 4, 4, 30, 10, 68, 0, 2, 181, 0]
2026-09-09 20:07:41 - __main__ - INFO - material priors: [63, 957, 0, 11, 75, 0, 90, 4, 0, 39, 18, 32, 0, 0, 200, 0]
2026-09-09 20:08:49 - __main__ - INFO - material priors: [63, 876, 0, 4, 61, 11, 70, 0, 4, 53, 8, 94, 0, 2, 23, 0]
2026-09-09 20:09:30 - __main__ - INFO - material priors: [0, 651, 0, 15, 134, 11, 30, 4, 4, 30, 10, 68, 0, 2, 181, 0]
2026-09-09 20:09:56 - __main__ - INFO - material priors: [63, 957, 0, 11, 75, 0, 90, 4, 0, 39, 18, 32, 0, 0, 200, 0]
2026-09-09 20:10:40 - __main__ - INFO - material priors: [63, 876, 0, 4, 61, 11, 70, 0, 4, 53, 8, 94, 0, 2, 23, 0]
2026-09-09 20:11:00 - __main__ - INFO - material priors: [0, 651, 0, 15, 134, 11, 30, 4, 4, 30, 10, 68, 0, 2, 181, 0]
2026-09-09 20:11:30 - __main__ - INFO - material priors: [63, 957, 0, 11, 75, 0, 90, 4, 0, 39, 18, 32, 0, 0, 200, 0]
2026-09-09 20:11:59 - __main__ - INFO - material priors: [63, 876, 0, 4, 61, 11, 70, 0, 4, 53, 8, 94, 0, 2, 23, 0]
2026-09-09 20:13:18 - __main__ - INFO - material priors: [0, 651, 0, 15, 134, 11, 30, 4, 4, 30, 10, 68, 0, 2, 181, 0]
2026-09-09 20:14:18 - __main__ - INFO - material priors: [63, 957, 0, 11, 75, 0, 90, 4, 0, 39, 18, 32, 0, 0, 200, 0]
2026-09-09 20:15:45 - __main__ - INFO - material priors: [63, 876, 0, 4, 61, 11, 70, 0, 4, 53, 8, 94, 0, 2, 23, 0]
2026-09-09 20:16:25 - __main__ - INFO - material priors: [0, 651, 0, 15, 134, 11, 30, 4, 4, 30, 10, 68, 0, 2, 181, 0]
2026-09-09 20:16:52 - __main__ - INFO - material priors: [63, 957, 0, 11, 75, 0, 90, 4, 0, 39, 18, 32, 0, 0, 200, 0]
2026-09-09 20:17:31 - __main__ - INFO - material priors: [63, 876, 0, 4, 61, 11, 70, 0, 4, 53, 8, 94, 0, 2, 23, 0]
2026-09-09 20:18:08 - __main__ - INFO - material priors: [0, 651, 0, 15, 134, 11, 30, 4, 4, 30, 10, 68, 0, 2, 181, 0]
2026-09-09 20:18:40 - __main__ - INFO - material priors: [63, 957, 0, 11, 75, 0, 90, 4, 0, 39, 18, 32, 0, 0, 200, 0]
2026-09-09 20:19:15 - __main__ - INFO - material priors: [63, 876, 0, 4, 61, 11, 70, 0, 4, 53, 8, 94, 0, 2, 23, 0]
2026-09-09 20:19:49 - __main__ - INFO - material priors: [0, 651, 0, 15, 134, 11, 30, 4, 4, 30, 10, 68, 0, 2, 181, 0]
2026-09-09 20:20:12 - __main__ - INFO - material priors: [63, 957, 0, 11, 75, 0, 90, 4, 0, 39, 18, 32, 0, 0, 200, 0]
2026-09-09 20:20:49 - __main__ - INFO - material priors: [63, 876, 0, 4, 61, 11, 70, 0, 4, 53, 8, 94, 0, 2, 23, 0]
2026-09-09 20:21:27 - __main__ - INFO - material priors: [0, 651, 0, 15, 134, 11, 30, 4, 4, 30, 10, 68, 0, 2, 181, 0]
2026-09-09 20:22:00 - __main__ - INFO - material priors: [63, 957, 0, 11, 75, 0, 90, 4, 0, 39, 18, 32, 0, 0, 200, 0]
2026-09-09 20:22:34 - __main__ - INFO - material priors: [63, 876, 0, 4, 61, 11, 70, 0, 4, 53, 8, 94, 0, 2, 23, 0]
2026-09-09 20:23:13 - __main__ - INFO - material priors: [0, 651, 0, 15, 134, 11, 30, 4, 4, 30, 10, 68, 0, 2, 181, 0]
2026-09-09 20:23:49 - __main__ - INFO - material priors: [63, 957, 0, 11, 75, 0, 90, 4, 0, 39, 18, 32, 0, 0, 200, 0]
2026-09-09 20:24:30 - __main__ - INFO - material priors: [63, 876, 0, 4, 61, 11, 70, 0, 4, 53, 8, 94, 0, 2, 23, 0]
2026-09-09 20:25:10 - __main__ - INFO - material priors: [0, 651, 0, 15, 134, 11, 30, 4, 4, 30, 10, 68, 0, 2, 181, 0]
2026-09-09 20:25:47 - __main__ - INFO - material priors: [63, 957, 0, 11, 75, 0, 90, 4, 0, 39, 18, 32, 0, 0, 200, 0]
2026-09-09 20:26:29 - __main__ - INFO - material priors: [63, 876, 0, 4, 61, 11, 70, 0, 4, 53, 8, 94, 0, 2, 23, 0]
2026-09-09 20:27:05 - __main__ - INFO - material priors: [0, 651, 0, 15, 134, 11, 30, 4, 4, 30, 10, 68, 0, 2, 181, 0]
2026-09-09 20:27:35 - __main__ - INFO - material priors: [63, 957, 0, 11, 75, 0, 90, 4, 0, 39, 18, 32, 0, 0, 200, 0]
2026-09-09 20:28:09 - __main__ - INFO - material priors: [63, 876, 0, 4, 61, 11, 70, 0, 4, 53, 8, 94, 0, 2, 23, 0]
2026-09-09 20:28:47 - __main__ - INFO - material priors: [0, 651, 0, 15, 134, 11, 30, 4, 4, 30, 10, 68, 0, 2, 181, 0]
2026-09-09 20:29:22 - __main__ - INFO - material priors: [63, 957, 0, 11, 75, 0, 90, 4, 0, 39, 18, 32, 0, 0, 200, 0]
2026-09-09 20:30:02 - __main__ - INFO - material priors: [63, 876, 0, 4, 61, 11, 70, 0, 4, 53, 8, 94, 0, 2, 23, 0]
2026-09-09 20:30:34 - __main__ - INFO - material priors: [0, 651, 0, 15, 134, 11, 30, 4, 4, 30, 10, 68, 0, 2, 181, 0]
2026-09-09 20:31:06 - __main__ - INFO - material priors: [63, 957, 0, 11, 75, 0, 90, 4, 0, 39, 18, 32, 0, 0, 200, 0]
2026-09-09 20:31:38 - __main__ - INFO - material priors: [63, 876, 0, 4, 61, 11, 70, 0, 4, 53, 8, 94, 0, 2, 23, 0]
2026-09-09 20:32:47 - __main__ - INFO - material priors: [0, 651, 0, 15, 134, 11, 30, 4, 4, 30, 10, 68, 0, 2, 181, 0]
2026-09-09 20:33:56 - __main__ - INFO - material priors: [63, 957, 0, 11, 75, 0, 90, 4, 0, 39, 18, 32, 0, 0, 200, 0]
2026-09-09 20:35:35 - __main__ - INFO - material priors: [63, 876, 0, 4, 61, 11, 70, 0, 4, 53, 8, 94, 0, 2, 23, 0]
2026-09-09 20:36:10 - __main__ - INFO - material priors: [0, 651, 0, 15, 134, 11, 30, 4, 4, 30, 10, 68, 0, 2, 181, 0]
2026-09-09 20:36:39 - __main__ - INFO - material priors: [63, 957, 0, 11, 75, 0, 90, 4, 0, 39, 18, 32, 0, 0, 200, 0]
2026-09-09 20:37:14 - __main__ - INFO - material priors: [63, 876, 0, 4, 61, 11, 70, 0, 4, 53, 8, 94, 0, 2, 23, 0]
2026-09-09 20:37:47 - __main__ - INFO - material priors: [0, 651, 0, 15, 134, 11, 30, 4, 4, 30, 10, 68, 0, 2, 181, 0]
2026-09-09 20:38:22 - __main__ - INFO - material priors: [63, 957, 0, 11, 75, 0, 90, 4, 0, 39, 18, 32, 0, 0, 200, 0]
2026-09-09 20:39:02 - __main__ - INFO - material priors: [63, 876, 0, 4, 61, 11, 70, 0, 4, 53, 8, 94, 0, 2, 23, 0]
2026-09-09 20:39:40 - __main__ - INFO - material priors: [0, 651, 0, 15, 134, 11, 30, 4, 4, 30, 10, 68, 0, 2, 181, 0]
2026-09-09 20:40:05 - __main__ - INFO - material priors: [63, 957, 0, 11, 75, 0, 90, 4, 0, 39, 18, 32, 0, 0, 200, 0]
2026-09-09 20:40:49 - __main__ - INFO - material priors: [63, 876, 0, 4, 61, 11, 70, 0, 4, 53, 8, 94, 0, 2, 23, 0]
2026-09-09 20:41:28 - __main__ - INFO - material priors: [0, 651, 0, 15, 134, 11, 30, 4, 4, 30, 10, 68, 0, 2, 181, 0]
2026-09-09 20:41:49 - __main__ - INFO - material priors: [63, 957, 0, 11, 75, 0, 90, 4, 0, 39, 18, 32, 0, 0, 200, 0]
2026-09-09 20:42:33 - __main__ - INFO - material priors: [63, 876, 0, 4, 61, 11, 70, 0, 4, 53, 8, 94, 0, 2, 23, 0]
2026-09-09 20:43:15 - __main__ - INFO - material priors: [0, 651, 0, 15, 134, 11, 30, 4, 4, 30, 10, 68, 0, 2, 181, 0]
2026-09-09 20:43:51 - __main__ - INFO - material priors: [63, 957, 0, 11, 75, 0, 90, 4, 0, 39, 18, 32, 0, 0, 200, 0]
2026-09-09 20:44:34 - __main__ - INFO - material priors: [63, 876, 0, 4, 61, 11, 70, 0, 4, 53, 8, 94, 0, 2, 23, 0]
2026-09-09 20:45:32 - __main__ - INFO - material priors: [0, 651, 0, 15, 134, 11, 30, 4, 4, 30, 10, 68, 0, 2, 181, 0]
2026-09-09 20:46:25 - __main__ - INFO - material priors: [63, 957, 0, 11, 75, 0, 90, 4, 0, 39, 18, 32, 0, 0, 200, 0]
2026-09-09 20:47:31 - __main__ - INFO - material priors: [63, 876, 0, 4, 61, 11, 70, 0, 4, 53, 8, 94, 0, 2, 23, 0]
2026-09-09 20:48:09 - __main__ - INFO - material priors: [0, 651, 0, 15, 134, 11, 30, 4, 4, 30, 10, 68, 0, 2, 181, 0]
2026-09-09 20:48:43 - __main__ - INFO - material priors: [63, 957, 0, 11, 75, 0, 90, 4, 0, 39, 18, 32, 0, 0, 200, 0]
2026-09-09 20:49:22 - __main__ - INFO - material priors: [63, 876, 0, 4, 61, 11, 70, 0, 4, 53, 8, 94, 0, 2, 23, 0]
2026-09-09 20:49:44 - __main__ - INFO - material priors: [0, 651, 0, 15, 134, 11, 30, 4, 4, 30, 10, 68, 0, 2, 181, 0]
2026-09-09 20:50:05 - __main__ - INFO - material priors: [63, 957, 0, 11, 75, 0, 90, 4, 0, 39, 18, 32, 0, 0, 200, 0]
2026-09-09 20:50:34 - __main__ - INFO - material priors: [63, 876, 0, 4, 61, 11, 70, 0, 4, 53, 8, 94, 0, 2, 23, 0]
2026-09-09 20:51:05 - __main__ - INFO - material priors: [0, 651, 0, 15, 134, 11, 30, 4, 4, 30, 10, 68, 0, 2, 181, 0]
2026-09-09 20:51:29 - __main__ - INFO - material priors: [63, 957, 0, 11, 75, 0, 90, 4, 0, 39, 18, 32, 0, 0, 200, 0]
2026-09-09 20:51:59 - __main__ - INFO - material priors: [63, 876, 0, 4, 61, 11, 70, 0, 4, 53, 8, 94, 0, 2, 23, 0]
2026-09-09 20:52:33 - __main__ - INFO - material priors: [0, 651, 0, 15, 134, 11, 30, 4, 4, 30, 10, 68, 0, 2, 181, 0]
2026-09-09 20:53:08 - __main__ - INFO - material priors: [63, 957, 0, 11, 75, 0, 90, 4, 0, 39, 18, 32, 0, 0, 200, 0]
2026-09-09 20:53:41 - __main__ - INFO - material priors: [63, 876, 0, 4, 61, 11, 70, 0, 4, 53, 8, 94, 0, 2, 23, 0]
2026-09-09 20:54:28 - __main__ - INFO - material priors: [0, 651, 0, 15, 134, 11, 30, 4, 4, 30, 10, 68, 0, 2, 181, 0]
2026-09-09 20:55:00 - __main__ - INFO - material priors: [63, 957, 0, 11, 75, 0, 90, 4, 0, 39, 18, 32, 0, 0, 200, 0]
2026-09-09 20:55:41 - __main__ - INFO - material priors: [63, 876, 0, 4, 61, 11, 70, 0, 4, 53, 8, 94, 0, 2, 23, 0]
2026-09-09 20:56:22 - __main__ - INFO - material priors: [0, 651, 0, 15, 134, 11, 30, 4, 4, 30, 10, 68, 0, 2, 181, 0]
2026-09-09 20:56:55 - __main__ - INFO - material priors: [63, 957, 0, 11, 75, 0, 90, 4, 0, 39, 18, 32, 0, 0, 200, 0]
2026-09-09 20:57:25 - __main__ - INFO - material priors: [63, 876, 0, 4, 61, 11, 70, 0, 4, 53, 8, 94, 0, 2, 23, 0]
2026-09-09 20:58:03 - __main__ - INFO - material priors: [0, 651, 0, 15, 134, 11, 30, 4, 4, 30, 10, 68, 0, 2, 181, 0]
2026-09-09 20:58:36 - __main__ - INFO - material priors: [63, 957, 0, 11, 75, 0, 90, 4, 0, 39, 18, 32, 0, 0, 200, 0]
2026-09-09 20:59:15 - __main__ - INFO - material priors: [63, 876, 0, 4, 61, 11, 70, 0, 4, 53, 8, 94, 0, 2, 23, 0]
2026-09-09 20:59:54 - __main__ - INFO - material priors: [0, 651, 0, 15, 134, 11, 30, 4, 4, 30, 10, 68, 0, 2, 181, 0]
2026-09-09 21:00:23 - __main__ - INFO - material priors: [63, 957, 0, 11, 75, 0, 90, 4, 0, 39, 18, 32, 0, 0, 200, 0]
2026-09-09 21:00:55 - __main__ - INFO - material priors: [63, 876, 0, 4, 61, 11, 70, 0, 4, 53, 8, 94, 0, 2, 23, 0]
2026-09-09 21:01:33 - __main__ - INFO - material priors: [0, 651, 0, 15, 134, 11, 30, 4, 4, 30, 10, 68, 0, 2, 181, 0]
2026-09-09 21:02:05 - __main__ - INFO - material priors: [63, 957, 0, 11, 75, 0, 90, 4, 0, 39, 18, 32, 0, 0, 200, 0]
2026-09-09 21:02:45 - __main__ - INFO - material priors: [63, 876, 0, 4, 61, 11, 70, 0, 4, 53, 8, 94, 0, 2, 23, 0]
2026-09-09 21:03:27 - __main__ - INFO - material priors: [0, 651, 0, 15, 134, 11, 30, 4, 4, 30, 10, 68, 0, 2, 181, 0]
2026-09-09 21:04:00 - __main__ - INFO - material priors: [63, 957, 0, 11, 75, 0, 90, 4, 0, 39, 18, 32, 0, 0, 200, 0]
2026-09-09 21:04:29 - __main__ - INFO - material priors: [63, 876, 0, 4, 61, 11, 70, 0, 4, 53, 8, 94, 0, 2, 23, 0]
2026-09-09 21:05:03 - __main__ - INFO - material priors: [0, 651, 0, 15, 134, 11, 30, 4, 4, 30, 10, 68, 0, 2, 181, 0]
2026-09-09 21:05:33 - __main__ - INFO - material priors: [63, 957, 0, 11, 75, 0, 90, 4, 0, 39, 18, 32, 0, 0, 200, 0]
2026-09-09 21:06:12 - __main__ - INFO - material priors: [63, 876, 0, 4, 61, 11, 70, 0, 4, 53, 8, 94, 0, 2, 23, 0]
2026-09-09 21:06:33 - __main__ - INFO - material priors: [0, 651, 0, 15, 134, 11, 30, 4, 4, 30, 10, 68, 0, 2, 181, 0]
2026-09-09 21:06:59 - __main__ - INFO - material priors: [63, 957, 0, 11, 75, 0, 90, 4, 0, 39, 18, 32, 0, 0, 200, 0]
2026-09-09 21:07:34 - __main__ - INFO - material priors: [63, 876, 0, 4, 61, 11, 70, 0, 4, 53, 8, 94, 0, 2, 23, 0]
2026-09-09 21:08:08 - __main__ - INFO - material priors: [0, 651, 0, 15, 134, 11, 30, 4, 4, 30, 10, 68, 0, 2, 181, 0]
2026-09-09 21:08:35 - __main__ - INFO - material priors: [63, 957, 0, 11, 75, 0, 90, 4, 0, 39, 18, 32, 0, 0, 200, 0]
2026-09-09 21:09:14 - __main__ - INFO - material priors: [63, 876, 0, 4, 61, 11, 70, 0, 4, 53, 8, 94, 0, 2, 23, 0]
2026-09-09 21:09:52 - __main__ - INFO - material priors: [0, 651, 0, 15, 134, 11, 30, 4, 4, 30, 10, 68, 0, 2, 181, 0]
2026-09-09 21:10:21 - __main__ - INFO - material priors: [63, 957, 0, 11, 75, 0, 90, 4, 0, 39, 18, 32, 0, 0, 200, 0]
2026-09-09 21:11:02 - __main__ - INFO - material priors: [63, 876, 0, 4, 61, 11, 70, 0, 4, 53, 8, 94, 0, 2, 23, 0]
2026-09-09 21:12:04 - __main__ - INFO - material priors: [0, 651, 0, 15, 134, 11, 30, 4, 4, 30, 10, 68, 0, 2, 181, 0]
2026-09-09 21:12:55 - __main__ - INFO - material priors: [63, 957, 0, 11, 75, 0, 90, 4, 0, 39, 18, 32, 0, 0, 200, 0]
2026-09-09 21:14:05 - __main__ - INFO - material priors: [63, 876, 0, 4, 61, 11, 70, 0, 4, 53, 8, 94, 0, 2, 23, 0]
2026-09-09 21:14:44 - __main__ - INFO - material priors: [0, 651, 0, 15, 134, 11, 30, 4, 4, 30, 10, 68, 0, 2, 181, 0]
2026-09-09 21:15:21 - __main__ - INFO - material priors: [63, 957, 0, 11, 75, 0, 90, 4, 0, 39, 18, 32, 0, 0, 200, 0]
2026-09-09 21:15:57 - __main__ - INFO - material priors: [63, 876, 0, 4, 61, 11, 70, 0, 4, 53, 8, 94, 0, 2, 23, 0]
2026-09-09 21:16:35 - __main__ - INFO - material priors: [0, 651, 0, 15, 134, 11, 30, 4, 4, 30, 10, 68, 0, 2, 181, 0]
2026-09-09 21:17:09 - __main__ - INFO - material priors: [63, 957, 0, 11, 75, 0, 90, 4, 0, 39, 18, 32, 0, 0, 200, 0]
2026-09-09 21:17:47 - __main__ - INFO - material priors: [63, 876, 0, 4, 61, 11, 70, 0, 4, 53, 8, 94, 0, 2, 23, 0]
2026-09-09 21:18:25 - __main__ - INFO - material priors: [0, 651, 0, 15, 134, 11, 30, 4, 4, 30, 10, 68, 0, 2, 181, 0]
2026-09-09 21:18:53 - __main__ - INFO - material priors: [63, 957, 0, 11, 75, 0, 90, 4, 0, 39, 18, 32, 0, 0, 200, 0]
2026-09-09 21:19:24 - __main__ - INFO - material priors: [63, 876, 0, 4, 61, 11, 70, 0, 4, 53, 8, 94, 0, 2, 23, 0]
2026-09-09 21:20:03 - __main__ - INFO - material priors: [0, 651, 0, 15, 134, 11, 30, 4, 4, 30, 10, 68, 0, 2, 181, 0]
2026-09-09 21:20:35 - __main__ - INFO - material priors: [63, 957, 0, 11, 75, 0, 90, 4, 0, 39, 18, 32, 0, 0, 200, 0]
2026-09-09 21:21:16 - __main__ - INFO - material priors: [63, 876, 0, 4, 61, 11, 70, 0, 4, 53, 8, 94, 0, 2, 23, 0]
2026-09-09 21:21:55 - __main__ - INFO - material priors: [0, 651, 0, 15, 134, 11, 30, 4, 4, 30, 10, 68, 0, 2, 181, 0]
2026-09-09 21:22:32 - __main__ - INFO - material priors: [63, 957, 0, 11, 75, 0, 90, 4, 0, 39, 18, 32, 0, 0, 200, 0]
2026-09-09 21:23:13 - __main__ - INFO - material priors: [63, 876, 0, 4, 61, 11, 70, 0, 4, 53, 8, 94, 0, 2, 23, 0]
2026-09-09 21:24:15 - __main__ - INFO - material priors: [0, 651, 0, 15, 134, 11, 30, 4, 4, 30, 10, 68, 0, 2, 181, 0]
2026-09-09 21:25:09 - __main__ - INFO - material priors: [63, 957, 0, 11, 75, 0, 90, 4, 0, 39, 18, 32, 0, 0, 200, 0]
2026-09-09 21:26:19 - __main__ - INFO - material priors: [63, 876, 0, 4, 61, 11, 70, 0, 4, 53, 8, 94, 0, 2, 23, 0]
2026-09-09 21:26:43 - __main__ - INFO - material priors: [0, 651, 0, 15, 134, 11, 30, 4, 4, 30, 10, 68, 0, 2, 181, 0]
2026-09-09 21:27:04 - __main__ - INFO - material priors: [63, 957, 0, 11, 75, 0, 90, 4, 0, 39, 18, 32, 0, 0, 200, 0]
2026-09-09 21:27:33 - __main__ - INFO - material priors: [63, 876, 0, 4, 61, 11, 70, 0, 4, 53, 8, 94, 0, 2, 23, 0]
2026-09-09 21:28:12 - __main__ - INFO - material priors: [0, 651, 0, 15, 134, 11, 30, 4, 4, 30, 10, 68, 0, 2, 181, 0]
2026-09-09 21:28:39 - __main__ - INFO - material priors: [63, 957, 0, 11, 75, 0, 90, 4, 0, 39, 18, 32, 0, 0, 200, 0]
2026-09-09 21:29:23 - __main__ - INFO - material priors: [63, 876, 0, 4, 61, 11, 70, 0, 4, 53, 8, 94, 0, 2, 23, 0]
2026-09-09 21:29:59 - __main__ - INFO - material priors: [0, 651, 0, 15, 134, 11, 30, 4, 4, 30, 10, 68, 0, 2, 181, 0]
2026-09-09 21:30:32 - __main__ - INFO - material priors: [63, 957, 0, 11, 75, 0, 90, 4, 0, 39, 18, 32, 0, 0, 200, 0]
2026-09-09 21:30:56 - __main__ - INFO - material priors: [63, 876, 0, 4, 61, 11, 70, 0, 4, 53, 8, 94, 0, 2, 23, 0]
2026-09-09 21:31:26 - __main__ - INFO - material priors: [0, 651, 0, 15, 134, 11, 30, 4, 4, 30, 10, 68, 0, 2, 181, 0]
2026-09-09 21:31:49 - __main__ - INFO - material priors: [63, 957, 0, 11, 75, 0, 90, 4, 0, 39, 18, 32, 0, 0, 200, 0]
2026-09-09 21:32:23 - __main__ - INFO - material priors: [63, 876, 0, 4, 61, 11, 70, 0, 4, 53, 8, 94, 0, 2, 23, 0]
2026-09-09 21:33:01 - __main__ - INFO - material priors: [0, 651, 0, 15, 134, 11, 30, 4, 4, 30, 10, 68, 0, 2, 181, 0]
2026-09-09 21:33:36 - __main__ - INFO - material priors: [63, 957, 0, 11, 75, 0, 90, 4, 0, 39, 18, 32, 0, 0, 200, 0]
2026-09-09 21:34:17 - __main__ - INFO - material priors: [63, 876, 0, 4, 61, 11, 70, 0, 4, 53, 8, 94, 0, 2, 23, 0]
2026-09-09 21:34:55 - __main__ - INFO - material priors: [0, 651, 0, 15, 134, 11, 30, 4, 4, 30, 10, 68, 0, 2, 181, 0]
2026-09-09 21:35:30 - __main__ - INFO - material priors: [63, 957, 0, 11, 75, 0, 90, 4, 0, 39, 18, 32, 0, 0, 200, 0]
2026-09-09 21:36:11 - __main__ - INFO - material priors: [63, 876, 0, 4, 61, 11, 70, 0, 4, 53, 8, 94, 0, 2, 23, 0]
2026-09-09 21:36:44 - __main__ - INFO - material priors: [0, 651, 0, 15, 134, 11, 30, 4, 4, 30, 10, 68, 0, 2, 181, 0]
2026-09-09 21:37:20 - __main__ - INFO - material priors: [63, 957, 0, 11, 75, 0, 90, 4, 0, 39, 18, 32, 0, 0, 200, 0]
2026-09-09 21:37:52 - __main__ - INFO - material priors: [63, 876, 0, 4, 61, 11, 70, 0, 4, 53, 8, 94, 0, 2, 23, 0]
2026-09-09 21:38:30 - __main__ - INFO - material priors: [0, 651, 0, 15, 134, 11, 30, 4, 4, 30, 10, 68, 0, 2, 181, 0]
2026-09-09 21:38:51 - __main__ - INFO - material priors: [63, 957, 0, 11, 75, 0, 90, 4, 0, 39, 18, 32, 0, 0, 200, 0]
2026-09-09 21:39:28 - __main__ - INFO - material priors: [63, 876, 0, 4, 61, 11, 70, 0, 4, 53, 8, 94, 0, 2, 23, 0]
2026-09-09 21:40:01 - __main__ - INFO - material priors: [0, 651, 0, 15, 134, 11, 30, 4, 4, 30, 10, 68, 0, 2, 181, 0]
2026-09-09 21:40:21 - __main__ - INFO - material priors: [63, 957, 0, 11, 75, 0, 90, 4, 0, 39, 18, 32, 0, 0, 200, 0]
2026-09-09 21:40:56 - __main__ - INFO - material priors: [63, 876, 0, 4, 61, 11, 70, 0, 4, 53, 8, 94, 0, 2, 23, 0]
2026-09-09 21:41:25 - __main__ - INFO - material priors: [0, 651, 0, 15, 134, 11, 30, 4, 4, 30, 10, 68, 0, 2, 181, 0]
2026-09-09 21:41:50 - __main__ - INFO - material priors: [63, 957, 0, 11, 75, 0, 90, 4, 0, 39, 18, 32, 0, 0, 200, 0]
2026-09-09 21:42:15 - __main__ - INFO - material priors: [63, 876, 0, 4, 61, 11, 70, 0, 4, 53, 8, 94, 0, 2, 23, 0]
2026-09-09 21:42:48 - __main__ - INFO - material priors: [0, 651, 0, 15, 134, 11, 30, 4, 4, 30, 10, 68, 0, 2, 181, 0]
2026-09-09 21:43:07 - __main__ - INFO - material priors: [63, 957, 0, 11, 75, 0, 90, 4, 0, 39, 18, 32, 0, 0, 200, 0]
2026-09-09 21:43:30 - __main__ - INFO - material priors: [63, 876, 0, 4, 61, 11, 70, 0, 4, 53, 8, 94, 0, 2, 23, 0]
2026-09-09 21:45:11 - __main__ - INFO - material priors: [0, 651, 0, 15, 134, 11, 30, 4, 4, 30, 10, 68, 0, 2, 181, 0]
2026-09-09 21:46:43 - __main__ - INFO - material priors: [63, 957, 0, 11, 75, 0, 90, 4, 0, 39, 18, 32, 0, 0, 200, 0]
2026-09-09 21:47:46 - __main__ - INFO - material priors: [63, 876, 0, 4, 61, 11, 70, 0, 4, 53, 8, 94, 0, 2, 23, 0]
2026-09-09 21:48:24 - __main__ - INFO - material priors: [0, 651, 0, 15, 134, 11, 30, 4, 4, 30, 10, 68, 0, 2, 181, 0]
2026-09-09 21:48:47 - __main__ - INFO - material priors: [63, 957, 0, 11, 75, 0, 90, 4, 0, 39, 18, 32, 0, 0, 200, 0]
2026-09-09 21:49:29 - __main__ - INFO - material priors: [63, 876, 0, 4, 61, 11, 70, 0, 4, 53, 8, 94, 0, 2, 23, 0]
2026-09-09 21:49:54 - __main__ - INFO - material priors: [0, 651, 0, 15, 134, 11, 30, 4, 4, 30, 10, 68, 0, 2, 181, 0]
2026-09-09 21:50:21 - __main__ - INFO - material priors: [63, 957, 0, 11, 75, 0, 90, 4, 0, 39, 18, 32, 0, 0, 200, 0]
2026-09-09 21:50:43 - __main__ - INFO - material priors: [63, 876, 0, 4, 61, 11, 70, 0, 4, 53, 8, 94, 0, 2, 23, 0]
2026-09-09 21:51:20 - __main__ - INFO - material priors: [0, 651, 0, 15, 134, 11, 30, 4, 4, 30, 10, 68, 0, 2, 181, 0]
2026-09-09 21:51:53 - __main__ - INFO - material priors: [63, 957, 0, 11, 75, 0, 90, 4, 0, 39, 18, 32, 0, 0, 200, 0]
2026-09-09 21:52:42 - __main__ - INFO - material priors: [63, 876, 0, 4, 61, 11, 70, 0, 4, 53, 8, 94, 0, 2, 23, 0]
2026-09-09 21:53:24 - __main__ - INFO - material priors: [0, 651, 0, 15, 134, 11, 30, 4, 4, 30, 10, 68, 0, 2, 181, 0]
2026-09-09 21:54:00 - __main__ - INFO - material priors: [63, 957, 0, 11, 75, 0, 90, 4, 0, 39, 18, 32, 0, 0, 200, 0]
2026-09-09 21:54:25 - __main__ - INFO - material priors: [63, 876, 0, 4, 61, 11, 70, 0, 4, 53, 8, 94, 0, 2, 23, 0]
2026-09-09 21:55:04 - __main__ - INFO - material priors: [0, 651, 0, 15, 134, 11, 30, 4, 4, 30, 10, 68, 0, 2, 181, 0]
2026-09-09 21:55:32 - __main__ - INFO - material priors: [63, 957, 0, 11, 75, 0, 90, 4, 0, 39, 18, 32, 0, 0, 200, 0]
2026-09-09 21:56:22 - __main__ - INFO - material priors: [63, 876, 0, 4, 61, 11, 70, 0, 4, 53, 8, 94, 0, 2, 23, 0]
2026-09-09 21:57:02 - __main__ - INFO - material priors: [0, 651, 0, 15, 134, 11, 30, 4, 4, 30, 10, 68, 0, 2, 181, 0]
2026-09-09 21:57:29 - __main__ - INFO - material priors: [63, 957, 0, 11, 75, 0, 90, 4, 0, 39, 18, 32, 0, 0, 200, 0]
2026-09-09 21:58:09 - __main__ - INFO - material priors: [63, 876, 0, 4, 61, 11, 70, 0, 4, 53, 8, 94, 0, 2, 23, 0]
2026-09-09 21:58:47 - __main__ - INFO - material priors: [0, 651, 0, 15, 134, 11, 30, 4, 4, 30, 10, 68, 0, 2, 181, 0]
2026-09-09 21:59:20 - __main__ - INFO - material priors: [63, 957, 0, 11, 75, 0, 90, 4, 0, 39, 18, 32, 0, 0, 200, 0]
2026-09-09 21:59:59 - __main__ - INFO - material priors: [63, 876, 0, 4, 61, 11, 70, 0, 4, 53, 8, 94, 0, 2, 23, 0]
2026-09-09 22:00:32 - __main__ - INFO - material priors: [0, 651, 0, 15, 134, 11, 30, 4, 4, 30, 10, 68, 0, 2, 181, 0]
2026-09-09 22:01:03 - __main__ - INFO - material priors: [63, 957, 0, 11, 75, 0, 90, 4, 0, 39, 18, 32, 0, 0, 200, 0]
2026-09-09 22:01:40 - __main__ - INFO - material priors: [63, 876, 0, 4, 61, 11, 70, 0, 4, 53, 8, 94, 0, 2, 23, 0]
2026-09-09 22:02:16 - __main__ - INFO - material priors: [0, 651, 0, 15, 134, 11, 30, 4, 4, 30, 10, 68, 0, 2, 181, 0]
2026-09-09 22:02:43 - __main__ - INFO - material priors: [63, 957, 0, 11, 75, 0, 90, 4, 0, 39, 18, 32, 0, 0, 200, 0]
2026-09-09 22:03:14 - __main__ - INFO - material priors: [63, 876, 0, 4, 61, 11, 70, 0, 4, 53, 8, 94, 0, 2, 23, 0]
2026-09-09 22:03:47 - __main__ - INFO - material priors: [0, 651, 0, 15, 134, 11, 30, 4, 4, 30, 10, 68, 0, 2, 181, 0]
2026-09-09 22:04:14 - __main__ - INFO - material priors: [63, 957, 0, 11, 75, 0, 90, 4, 0, 39, 18, 32, 0, 0, 200, 0]
2026-09-09 22:04:45 - __main__ - INFO - material priors: [63, 876, 0, 4, 61, 11, 70, 0, 4, 53, 8, 94, 0, 2, 23, 0]
2026-09-09 22:05:17 - __main__ - INFO - material priors: [0, 651, 0, 15, 134, 11, 30, 4, 4, 30, 10, 68, 0, 2, 181, 0]
2026-09-09 22:05:44 - __main__ - INFO - material priors: [63, 957, 0, 11, 75, 0, 90, 4, 0, 39, 18, 32, 0, 0, 200, 0]
2026-09-09 22:06:18 - __main__ - INFO - Best hyperparameters (averaged over 3 folds): {'n_layers': 3, 'hidden_dim_0': 512, 'hidden_dim_1': 512, 'hidden_dim_2': 64, 'dropout': 0.19500867302920794, 'learning_rate': 0.006603027449494395, 'weight_decay': 1.5949421415251666e-06, 'batch_size': 128, 'use_batch_norm': True, 'activation': 'relu', 'logit_adjust_tau': 0.6213654893878385, 'ls_material': 0.0798935589411753, 'task_weight_material': 1.0}
2026-09-09 22:06:18 - __main__ - INFO - Best CV score: 0.4494
2026-09-09 22:06:18 - __main__ - INFO - Training final model with proper train/val split...
2026-09-09 22:06:18 - __main__ - INFO - material: 13/16 classes have training support in this fold
2026-09-09 22:06:18 - __main__ - INFO - Final training split: 1802 train, 201 validation, 713 test
2026-09-09 22:06:19 - __main__ - INFO - material priors: [63, 1242, 0, 15, 135, 11, 95, 4, 4, 61, 18, 97, 0, 2, 202, 0]
2026-09-09 22:06:19 - diana.utils.checkpointing - INFO - CheckpointManager initialized: results/search_v9_single_material/cv_results/fold_2
2026-09-09 22:06:21 - diana.utils.checkpointing - INFO - Checkpoint saved: results/search_v9_single_material/cv_results/fold_2/checkpoint_epoch_1_20260909_220619.pth
2026-09-09 22:06:22 - diana.utils.checkpointing - INFO - New best model saved: results/search_v9_single_material/cv_results/fold_2/best_model.pth (val_loss: 1.5820)
2026-09-09 22:06:24 - diana.utils.checkpointing - INFO - Checkpoint saved: results/search_v9_single_material/cv_results/fold_2/checkpoint_epoch_2_20260909_220623.pth
2026-09-09 22:06:25 - diana.utils.checkpointing - INFO - New best model saved: results/search_v9_single_material/cv_results/fold_2/best_model.pth (val_loss: 1.4197)
2026-09-09 22:06:27 - diana.utils.checkpointing - INFO - Checkpoint saved: results/search_v9_single_material/cv_results/fold_2/checkpoint_epoch_3_20260909_220626.pth
2026-09-09 22:06:28 - diana.utils.checkpointing - INFO - New best model saved: results/search_v9_single_material/cv_results/fold_2/best_model.pth (val_loss: 1.2934)
2026-09-09 22:06:30 - diana.utils.checkpointing - INFO - Checkpoint saved: results/search_v9_single_material/cv_results/fold_2/checkpoint_epoch_4_20260909_220628.pth
2026-09-09 22:06:31 - diana.utils.checkpointing - INFO - Checkpoint saved: results/search_v9_single_material/cv_results/fold_2/checkpoint_epoch_5_20260909_220630.pth
2026-09-09 22:06:32 - diana.utils.checkpointing - INFO - New best model saved: results/search_v9_single_material/cv_results/fold_2/best_model.pth (val_loss: 1.2213)
2026-09-09 22:06:34 - diana.utils.checkpointing - INFO - Checkpoint saved: results/search_v9_single_material/cv_results/fold_2/checkpoint_epoch_6_20260909_220633.pth
2026-09-09 22:06:35 - diana.utils.checkpointing - INFO - New best model saved: results/search_v9_single_material/cv_results/fold_2/best_model.pth (val_loss: 1.1969)
2026-09-09 22:06:37 - diana.utils.checkpointing - INFO - Checkpoint saved: results/search_v9_single_material/cv_results/fold_2/checkpoint_epoch_7_20260909_220636.pth
2026-09-09 22:06:39 - diana.utils.checkpointing - INFO - New best model saved: results/search_v9_single_material/cv_results/fold_2/best_model.pth (val_loss: 1.1562)
2026-09-09 22:06:41 - diana.utils.checkpointing - INFO - Checkpoint saved: results/search_v9_single_material/cv_results/fold_2/checkpoint_epoch_8_20260909_220639.pth
2026-09-09 22:06:42 - diana.utils.checkpointing - INFO - Checkpoint saved: results/search_v9_single_material/cv_results/fold_2/checkpoint_epoch_9_20260909_220641.pth
2026-09-09 22:06:44 - diana.utils.checkpointing - INFO - New best model saved: results/search_v9_single_material/cv_results/fold_2/best_model.pth (val_loss: 1.1239)
2026-09-09 22:06:45 - diana.utils.checkpointing - INFO - Checkpoint saved: results/search_v9_single_material/cv_results/fold_2/checkpoint_epoch_10_20260909_220644.pth
2026-09-09 22:06:47 - diana.utils.checkpointing - INFO - Checkpoint saved: results/search_v9_single_material/cv_results/fold_2/checkpoint_epoch_11_20260909_220646.pth
2026-09-09 22:06:48 - diana.utils.checkpointing - INFO - New best model saved: results/search_v9_single_material/cv_results/fold_2/best_model.pth (val_loss: 1.1093)
2026-09-09 22:06:50 - diana.utils.checkpointing - INFO - Checkpoint saved: results/search_v9_single_material/cv_results/fold_2/checkpoint_epoch_12_20260909_220649.pth
2026-09-09 22:06:51 - diana.utils.checkpointing - INFO - New best model saved: results/search_v9_single_material/cv_results/fold_2/best_model.pth (val_loss: 1.0774)
2026-09-09 22:06:53 - diana.utils.checkpointing - INFO - Checkpoint saved: results/search_v9_single_material/cv_results/fold_2/checkpoint_epoch_13_20260909_220652.pth
2026-09-09 22:06:55 - diana.utils.checkpointing - INFO - Checkpoint saved: results/search_v9_single_material/cv_results/fold_2/checkpoint_epoch_14_20260909_220654.pth
2026-09-09 22:06:56 - diana.utils.checkpointing - INFO - New best model saved: results/search_v9_single_material/cv_results/fold_2/best_model.pth (val_loss: 1.0188)
2026-09-09 22:06:58 - diana.utils.checkpointing - INFO - Checkpoint saved: results/search_v9_single_material/cv_results/fold_2/checkpoint_epoch_15_20260909_220657.pth
2026-09-09 22:07:00 - diana.utils.checkpointing - INFO - Checkpoint saved: results/search_v9_single_material/cv_results/fold_2/checkpoint_epoch_16_20260909_220658.pth
2026-09-09 22:07:02 - diana.utils.checkpointing - INFO - Checkpoint saved: results/search_v9_single_material/cv_results/fold_2/checkpoint_epoch_17_20260909_220700.pth
2026-09-09 22:07:03 - diana.utils.checkpointing - INFO - New best model saved: results/search_v9_single_material/cv_results/fold_2/best_model.pth (val_loss: 0.9804)
2026-09-09 22:07:05 - diana.utils.checkpointing - INFO - Checkpoint saved: results/search_v9_single_material/cv_results/fold_2/checkpoint_epoch_18_20260909_220704.pth
2026-09-09 22:07:07 - diana.utils.checkpointing - INFO - Checkpoint saved: results/search_v9_single_material/cv_results/fold_2/checkpoint_epoch_19_20260909_220705.pth
2026-09-09 22:07:08 - diana.utils.checkpointing - INFO - New best model saved: results/search_v9_single_material/cv_results/fold_2/best_model.pth (val_loss: 0.9764)
2026-09-09 22:07:10 - diana.utils.checkpointing - INFO - Checkpoint saved: results/search_v9_single_material/cv_results/fold_2/checkpoint_epoch_20_20260909_220709.pth
2026-09-09 22:07:10 - __main__ - INFO - Epoch 20/200, Train Loss: 1.0554, Val Loss: 1.0022
2026-09-09 22:07:12 - diana.utils.checkpointing - INFO - Checkpoint saved: results/search_v9_single_material/cv_results/fold_2/checkpoint_epoch_21_20260909_220710.pth
2026-09-09 22:07:14 - diana.utils.checkpointing - INFO - Checkpoint saved: results/search_v9_single_material/cv_results/fold_2/checkpoint_epoch_22_20260909_220712.pth
2026-09-09 22:07:15 - diana.utils.checkpointing - INFO - Checkpoint saved: results/search_v9_single_material/cv_results/fold_2/checkpoint_epoch_23_20260909_220714.pth
2026-09-09 22:07:17 - diana.utils.checkpointing - INFO - Checkpoint saved: results/search_v9_single_material/cv_results/fold_2/checkpoint_epoch_24_20260909_220716.pth
2026-09-09 22:07:19 - diana.utils.checkpointing - INFO - New best model saved: results/search_v9_single_material/cv_results/fold_2/best_model.pth (val_loss: 0.9475)
2026-09-09 22:07:20 - diana.utils.checkpointing - INFO - Checkpoint saved: results/search_v9_single_material/cv_results/fold_2/checkpoint_epoch_25_20260909_220719.pth
2026-09-09 22:07:22 - diana.utils.checkpointing - INFO - New best model saved: results/search_v9_single_material/cv_results/fold_2/best_model.pth (val_loss: 0.9451)
2026-09-09 22:07:23 - diana.utils.checkpointing - INFO - Checkpoint saved: results/search_v9_single_material/cv_results/fold_2/checkpoint_epoch_26_20260909_220722.pth
2026-09-09 22:07:25 - diana.utils.checkpointing - INFO - Checkpoint saved: results/search_v9_single_material/cv_results/fold_2/checkpoint_epoch_27_20260909_220724.pth
2026-09-09 22:07:27 - diana.utils.checkpointing - INFO - New best model saved: results/search_v9_single_material/cv_results/fold_2/best_model.pth (val_loss: 0.9196)
2026-09-09 22:07:28 - diana.utils.checkpointing - INFO - Checkpoint saved: results/search_v9_single_material/cv_results/fold_2/checkpoint_epoch_28_20260909_220727.pth
2026-09-09 22:07:30 - diana.utils.checkpointing - INFO - Checkpoint saved: results/search_v9_single_material/cv_results/fold_2/checkpoint_epoch_29_20260909_220729.pth
2026-09-09 22:07:32 - diana.utils.checkpointing - INFO - New best model saved: results/search_v9_single_material/cv_results/fold_2/best_model.pth (val_loss: 0.8856)
2026-09-09 22:07:34 - diana.utils.checkpointing - INFO - Checkpoint saved: results/search_v9_single_material/cv_results/fold_2/checkpoint_epoch_30_20260909_220732.pth
2026-09-09 22:07:35 - diana.utils.checkpointing - INFO - Checkpoint saved: results/search_v9_single_material/cv_results/fold_2/checkpoint_epoch_31_20260909_220734.pth
2026-09-09 22:07:37 - diana.utils.checkpointing - INFO - Checkpoint saved: results/search_v9_single_material/cv_results/fold_2/checkpoint_epoch_32_20260909_220736.pth
2026-09-09 22:07:39 - diana.utils.checkpointing - INFO - Checkpoint saved: results/search_v9_single_material/cv_results/fold_2/checkpoint_epoch_33_20260909_220738.pth
2026-09-09 22:07:41 - diana.utils.checkpointing - INFO - Checkpoint saved: results/search_v9_single_material/cv_results/fold_2/checkpoint_epoch_34_20260909_220740.pth
2026-09-09 22:07:43 - diana.utils.checkpointing - INFO - Checkpoint saved: results/search_v9_single_material/cv_results/fold_2/checkpoint_epoch_35_20260909_220742.pth
2026-09-09 22:07:45 - diana.utils.checkpointing - INFO - Checkpoint saved: results/search_v9_single_material/cv_results/fold_2/checkpoint_epoch_36_20260909_220743.pth
2026-09-09 22:07:46 - diana.utils.checkpointing - INFO - Checkpoint saved: results/search_v9_single_material/cv_results/fold_2/checkpoint_epoch_37_20260909_220745.pth
2026-09-09 22:07:48 - diana.utils.checkpointing - INFO - Checkpoint saved: results/search_v9_single_material/cv_results/fold_2/checkpoint_epoch_38_20260909_220747.pth
2026-09-09 22:07:50 - diana.utils.checkpointing - INFO - Checkpoint saved: results/search_v9_single_material/cv_results/fold_2/checkpoint_epoch_39_20260909_220749.pth
2026-09-09 22:07:51 - diana.utils.checkpointing - INFO - New best model saved: results/search_v9_single_material/cv_results/fold_2/best_model.pth (val_loss: 0.8643)
2026-09-09 22:07:53 - diana.utils.checkpointing - INFO - Checkpoint saved: results/search_v9_single_material/cv_results/fold_2/checkpoint_epoch_40_20260909_220752.pth
2026-09-09 22:07:53 - __main__ - INFO - Epoch 40/200, Train Loss: 0.9642, Val Loss: 0.9133
2026-09-09 22:07:55 - diana.utils.checkpointing - INFO - Checkpoint saved: results/search_v9_single_material/cv_results/fold_2/checkpoint_epoch_41_20260909_220754.pth
2026-09-09 22:07:57 - diana.utils.checkpointing - INFO - Checkpoint saved: results/search_v9_single_material/cv_results/fold_2/checkpoint_epoch_42_20260909_220756.pth
2026-09-09 22:07:59 - diana.utils.checkpointing - INFO - Checkpoint saved: results/search_v9_single_material/cv_results/fold_2/checkpoint_epoch_43_20260909_220757.pth
2026-09-09 22:08:00 - diana.utils.checkpointing - INFO - Checkpoint saved: results/search_v9_single_material/cv_results/fold_2/checkpoint_epoch_44_20260909_220759.pth
2026-09-09 22:08:02 - diana.utils.checkpointing - INFO - Checkpoint saved: results/search_v9_single_material/cv_results/fold_2/checkpoint_epoch_45_20260909_220801.pth
2026-09-09 22:08:04 - diana.utils.checkpointing - INFO - Checkpoint saved: results/search_v9_single_material/cv_results/fold_2/checkpoint_epoch_46_20260909_220803.pth
2026-09-09 22:08:06 - diana.utils.checkpointing - INFO - New best model saved: results/search_v9_single_material/cv_results/fold_2/best_model.pth (val_loss: 0.8586)
2026-09-09 22:08:08 - diana.utils.checkpointing - INFO - Checkpoint saved: results/search_v9_single_material/cv_results/fold_2/checkpoint_epoch_47_20260909_220806.pth
2026-09-09 22:08:09 - diana.utils.checkpointing - INFO - Checkpoint saved: results/search_v9_single_material/cv_results/fold_2/checkpoint_epoch_48_20260909_220808.pth
2026-09-09 22:08:11 - diana.utils.checkpointing - INFO - New best model saved: results/search_v9_single_material/cv_results/fold_2/best_model.pth (val_loss: 0.8367)
2026-09-09 22:08:13 - diana.utils.checkpointing - INFO - Checkpoint saved: results/search_v9_single_material/cv_results/fold_2/checkpoint_epoch_49_20260909_220811.pth
2026-09-09 22:08:15 - diana.utils.checkpointing - INFO - Checkpoint saved: results/search_v9_single_material/cv_results/fold_2/checkpoint_epoch_50_20260909_220813.pth
2026-09-09 22:08:16 - diana.utils.checkpointing - INFO - Checkpoint saved: results/search_v9_single_material/cv_results/fold_2/checkpoint_epoch_51_20260909_220815.pth
2026-09-09 22:08:18 - diana.utils.checkpointing - INFO - Checkpoint saved: results/search_v9_single_material/cv_results/fold_2/checkpoint_epoch_52_20260909_220817.pth
2026-09-09 22:08:20 - diana.utils.checkpointing - INFO - Checkpoint saved: results/search_v9_single_material/cv_results/fold_2/checkpoint_epoch_53_20260909_220819.pth
2026-09-09 22:08:22 - diana.utils.checkpointing - INFO - Checkpoint saved: results/search_v9_single_material/cv_results/fold_2/checkpoint_epoch_54_20260909_220820.pth
2026-09-09 22:08:24 - diana.utils.checkpointing - INFO - Checkpoint saved: results/search_v9_single_material/cv_results/fold_2/checkpoint_epoch_55_20260909_220822.pth
2026-09-09 22:08:26 - diana.utils.checkpointing - INFO - Checkpoint saved: results/search_v9_single_material/cv_results/fold_2/checkpoint_epoch_56_20260909_220824.pth
2026-09-09 22:08:27 - diana.utils.checkpointing - INFO - New best model saved: results/search_v9_single_material/cv_results/fold_2/best_model.pth (val_loss: 0.8211)
2026-09-09 22:08:29 - diana.utils.checkpointing - INFO - Checkpoint saved: results/search_v9_single_material/cv_results/fold_2/checkpoint_epoch_57_20260909_220828.pth
2026-09-09 22:08:31 - diana.utils.checkpointing - INFO - Checkpoint saved: results/search_v9_single_material/cv_results/fold_2/checkpoint_epoch_58_20260909_220829.pth
2026-09-09 22:08:32 - diana.utils.checkpointing - INFO - Checkpoint saved: results/search_v9_single_material/cv_results/fold_2/checkpoint_epoch_59_20260909_220831.pth
2026-09-09 22:08:34 - diana.utils.checkpointing - INFO - Checkpoint saved: results/search_v9_single_material/cv_results/fold_2/checkpoint_epoch_60_20260909_220833.pth
2026-09-09 22:08:34 - __main__ - INFO - Epoch 60/200, Train Loss: 0.9911, Val Loss: 0.9198
2026-09-09 22:08:36 - diana.utils.checkpointing - INFO - Checkpoint saved: results/search_v9_single_material/cv_results/fold_2/checkpoint_epoch_61_20260909_220835.pth
2026-09-09 22:08:38 - diana.utils.checkpointing - INFO - Checkpoint saved: results/search_v9_single_material/cv_results/fold_2/checkpoint_epoch_62_20260909_220836.pth
2026-09-09 22:08:40 - diana.utils.checkpointing - INFO - Checkpoint saved: results/search_v9_single_material/cv_results/fold_2/checkpoint_epoch_63_20260909_220838.pth
2026-09-09 22:08:42 - diana.utils.checkpointing - INFO - Checkpoint saved: results/search_v9_single_material/cv_results/fold_2/checkpoint_epoch_64_20260909_220840.pth
2026-09-09 22:08:43 - diana.utils.checkpointing - INFO - Checkpoint saved: results/search_v9_single_material/cv_results/fold_2/checkpoint_epoch_65_20260909_220842.pth
2026-09-09 22:08:45 - diana.utils.checkpointing - INFO - Checkpoint saved: results/search_v9_single_material/cv_results/fold_2/checkpoint_epoch_66_20260909_220844.pth
2026-09-09 22:08:47 - diana.utils.checkpointing - INFO - Checkpoint saved: results/search_v9_single_material/cv_results/fold_2/checkpoint_epoch_67_20260909_220846.pth
2026-09-09 22:08:49 - diana.utils.checkpointing - INFO - Checkpoint saved: results/search_v9_single_material/cv_results/fold_2/checkpoint_epoch_68_20260909_220848.pth
2026-09-09 22:08:51 - diana.utils.checkpointing - INFO - Checkpoint saved: results/search_v9_single_material/cv_results/fold_2/checkpoint_epoch_69_20260909_220850.pth
2026-09-09 22:08:53 - diana.utils.checkpointing - INFO - Checkpoint saved: results/search_v9_single_material/cv_results/fold_2/checkpoint_epoch_70_20260909_220851.pth
2026-09-09 22:08:54 - diana.utils.checkpointing - INFO - Checkpoint saved: results/search_v9_single_material/cv_results/fold_2/checkpoint_epoch_71_20260909_220853.pth
2026-09-09 22:08:56 - diana.utils.checkpointing - INFO - Checkpoint saved: results/search_v9_single_material/cv_results/fold_2/checkpoint_epoch_72_20260909_220855.pth
2026-09-09 22:08:58 - diana.utils.checkpointing - INFO - Checkpoint saved: results/search_v9_single_material/cv_results/fold_2/checkpoint_epoch_73_20260909_220857.pth
2026-09-09 22:09:00 - diana.utils.checkpointing - INFO - Checkpoint saved: results/search_v9_single_material/cv_results/fold_2/checkpoint_epoch_74_20260909_220859.pth
2026-09-09 22:09:02 - diana.utils.checkpointing - INFO - Checkpoint saved: results/search_v9_single_material/cv_results/fold_2/checkpoint_epoch_75_20260909_220901.pth
2026-09-09 22:09:04 - diana.utils.checkpointing - INFO - Checkpoint saved: results/search_v9_single_material/cv_results/fold_2/checkpoint_epoch_76_20260909_220902.pth
2026-09-09 22:09:04 - __main__ - INFO - Early stopping triggered after 76 epochs (patience=20)
2026-09-09 22:09:04 - diana.utils.checkpointing - INFO - Loading checkpoint: results/search_v9_single_material/cv_results/fold_2/best_model.pth
2026-09-09 22:09:04 - __main__ - INFO - Loaded best model from epoch 56 (val_loss: 0.8211)
2026-09-09 22:09:04 - __main__ - INFO - Evaluating on held-out test set...
2026-09-09 22:09:04 - __main__ - INFO - material test metrics: {'n_scored': 690, 'accuracy': 0.4072463768115942, 'f1_weighted': 0.3869042939532851, 'f1_macro': 0.1369311741540186, 'balanced_accuracy': 0.22288882558099385}
2026-09-09 22:09:05 - diana.utils.checkpointing - INFO - Final model saved: results/search_v9_single_material/cv_results/fold_2/final_model_20260909_220904.pth
2026-09-09 22:09:05 - __main__ - INFO - Final model saved to results/search_v9_single_material/cv_results/fold_2/final_model_20260909_220904.pth
2026-09-09 22:09:05 - __main__ - INFO - Results saved to results/search_v9_single_material/cv_results/fold_2/multitask_fold_2_results_20260909_185420.json
2026-09-09 22:09:05 - __main__ - INFO - ================================================================================
2026-09-09 22:09:05 - __main__ - INFO - ================================================================================
2026-09-09 22:09:05 - __main__ - INFO - === FOLD COMPLETE ===
2026-09-09 22:09:05 - __main__ - INFO - ================================================================================
2026-09-09 22:09:05 - __main__ - INFO - Results: {'material': {'n_scored': 690, 'accuracy': 0.4072463768115942, 'f1_weighted': 0.3869042939532851, 'f1_macro': 0.1369311741540186, 'balanced_accuracy': 0.22288882558099385}}
