2026-09-09 18:03:47 - root - INFO - Logging to file: results/search_v9_single_material/cv_results/fold_4/fold_4_training.log
2026-09-09 18:03:47 - __main__ - INFO - ================================================================================
2026-09-09 18:03:47 - __main__ - INFO - DIANA Multi-Task Hyperparameter Optimization
2026-09-09 18:03:47 - __main__ - INFO - ================================================================================
2026-09-09 18:03:47 - __main__ - INFO - Run config:   configs/train_config_v9_search_single_material.json
2026-09-09 18:03:47 - __main__ - INFO - Features:     data/matrices/matrix_v9_train/unitigs.frac.mat
2026-09-09 18:03:47 - __main__ - INFO - Metadata:     data/splits_v9/train_metadata.tsv
2026-09-09 18:03:47 - __main__ - INFO - Output dir:   results/search_v9_single_material
2026-09-09 18:03:47 - __main__ - INFO - Tasks:        ['material']
2026-09-09 18:03:47 - __main__ - INFO - Task types:   {'material': 'classification'}
2026-09-09 18:03:47 - __main__ - INFO - Fold:         4 / 5
2026-09-09 18:03:47 - __main__ - INFO - Trials:       100  Max epochs: 200  Patience: 20
2026-09-09 18:03:47 - __main__ - INFO - GPU:          True  Seed: 42
2026-09-09 18:03:47 - __main__ - INFO - Loading data from data/matrices/matrix_v9_train/unitigs.frac.mat
2026-09-09 18:03:47 - diana.data.loader - INFO - Loading matrix from data/matrices/matrix_v9_train/unitigs.frac.mat
2026-09-09 18:04:38 - diana.data.loader - INFO - Loaded 110202 features × 2716 samples (before transpose)
2026-09-09 18:04:38 - diana.data.loader - INFO - Transposed to 2716 samples × 110202 features
2026-09-09 18:04:38 - diana.data.loader - INFO - Reading sample IDs from data/matrices/matrix_v9_train/kmer_matrix/kmtricks.fof
2026-09-09 18:04:38 - diana.data.loader - INFO - Sample IDs: ['ERR10114844', 'ERR10114845', 'ERR10114846']...
2026-09-09 18:04:38 - diana.data.loader - INFO - Loading metadata from data/splits_v9/train_metadata.tsv
2026-09-09 18:04:38 - diana.data.loader - INFO - Metadata: 2716 rows × 15 columns
2026-09-09 18:04:38 - diana.data.loader - INFO - Metadata aligned to matrix sample order
2026-09-09 18:04:38 - __main__ - INFO - Loaded 2716 samples with 110202 features
2026-09-09 18:04:38 - __main__ - INFO - Loaded 2716 samples × 110202 features
2026-09-09 18:04:38 - __main__ - INFO - === FOLD 4/4 ===
2026-09-09 18:04:38 - __main__ - INFO - Output directory: results/search_v9_single_material/cv_results/fold_4
2026-09-09 18:04:38 - __main__ - INFO - Using device: cuda
2026-09-09 18:04:38 - __main__ - INFO - Class imbalance: logit adjustment, tau SEARCHED in [0.05, 0.8]
2026-09-09 18:04:38 - __main__ - INFO - material: 16 classes, 2639 labelled, 77 masked - ['bone', 'dental calculus', 'digestive tract contents', 'intestine', 'lake sediment']...
2026-09-09 18:04:38 - __main__ - INFO - Grouping CV folds on 'archive_project': 68 groups over 2716 runs
2026-09-09 18:04:38 - __main__ - INFO - Outer fold 4 taken from data/splits_v9/dev_folds.tsv (5 dev folds)
2026-09-09 18:04:38 - __main__ - INFO - Train: 2227, Test: 489 (outer fold verified archive_project-disjoint)
2026-09-09 18:04:38 - __main__ - INFO - 3 inner folds verified archive_project-disjoint
2026-09-09 18:04:38 - __main__ - INFO - Starting Optuna optimization with 100 trials...
2026-09-09 18:04:38 - __main__ - INFO - Each trial will be evaluated on 3 inner CV folds
2026-09-09 18:04:39 - __main__ - INFO - material priors: [20, 1071, 16, 11, 85, 32, 73, 15, 0, 12, 10, 45, 24, 0, 144, 0]
2026-09-09 18:07:04 - __main__ - INFO - material priors: [84, 541, 0, 4, 104, 0, 138, 0, 4, 33, 60, 102, 0, 2, 151, 11]
2026-09-09 18:08:57 - __main__ - INFO - material priors: [64, 796, 16, 15, 161, 32, 65, 15, 4, 39, 70, 63, 24, 2, 131, 11]
2026-09-09 18:10:35 - __main__ - INFO - material priors: [20, 1071, 16, 11, 85, 32, 73, 15, 0, 12, 10, 45, 24, 0, 144, 0]
2026-09-09 18:11:40 - __main__ - INFO - material priors: [84, 541, 0, 4, 104, 0, 138, 0, 4, 33, 60, 102, 0, 2, 151, 11]
2026-09-09 18:12:15 - __main__ - INFO - material priors: [64, 796, 16, 15, 161, 32, 65, 15, 4, 39, 70, 63, 24, 2, 131, 11]
2026-09-09 18:12:54 - __main__ - INFO - material priors: [20, 1071, 16, 11, 85, 32, 73, 15, 0, 12, 10, 45, 24, 0, 144, 0]
2026-09-09 18:13:36 - __main__ - INFO - material priors: [84, 541, 0, 4, 104, 0, 138, 0, 4, 33, 60, 102, 0, 2, 151, 11]
2026-09-09 18:14:12 - __main__ - INFO - material priors: [64, 796, 16, 15, 161, 32, 65, 15, 4, 39, 70, 63, 24, 2, 131, 11]
2026-09-09 18:14:52 - __main__ - INFO - material priors: [20, 1071, 16, 11, 85, 32, 73, 15, 0, 12, 10, 45, 24, 0, 144, 0]
2026-09-09 18:15:54 - __main__ - INFO - material priors: [84, 541, 0, 4, 104, 0, 138, 0, 4, 33, 60, 102, 0, 2, 151, 11]
2026-09-09 18:16:35 - __main__ - INFO - material priors: [64, 796, 16, 15, 161, 32, 65, 15, 4, 39, 70, 63, 24, 2, 131, 11]
2026-09-09 18:17:18 - __main__ - INFO - material priors: [20, 1071, 16, 11, 85, 32, 73, 15, 0, 12, 10, 45, 24, 0, 144, 0]
2026-09-09 18:18:01 - __main__ - INFO - material priors: [84, 541, 0, 4, 104, 0, 138, 0, 4, 33, 60, 102, 0, 2, 151, 11]
2026-09-09 18:18:38 - __main__ - INFO - material priors: [64, 796, 16, 15, 161, 32, 65, 15, 4, 39, 70, 63, 24, 2, 131, 11]
2026-09-09 18:19:05 - __main__ - INFO - material priors: [20, 1071, 16, 11, 85, 32, 73, 15, 0, 12, 10, 45, 24, 0, 144, 0]
2026-09-09 18:20:02 - __main__ - INFO - material priors: [84, 541, 0, 4, 104, 0, 138, 0, 4, 33, 60, 102, 0, 2, 151, 11]
2026-09-09 18:20:31 - __main__ - INFO - material priors: [64, 796, 16, 15, 161, 32, 65, 15, 4, 39, 70, 63, 24, 2, 131, 11]
2026-09-09 18:21:26 - __main__ - INFO - material priors: [20, 1071, 16, 11, 85, 32, 73, 15, 0, 12, 10, 45, 24, 0, 144, 0]
2026-09-09 18:22:07 - __main__ - INFO - material priors: [84, 541, 0, 4, 104, 0, 138, 0, 4, 33, 60, 102, 0, 2, 151, 11]
2026-09-09 18:22:44 - __main__ - INFO - material priors: [64, 796, 16, 15, 161, 32, 65, 15, 4, 39, 70, 63, 24, 2, 131, 11]
2026-09-09 18:23:21 - __main__ - INFO - material priors: [20, 1071, 16, 11, 85, 32, 73, 15, 0, 12, 10, 45, 24, 0, 144, 0]
2026-09-09 18:25:24 - __main__ - INFO - material priors: [84, 541, 0, 4, 104, 0, 138, 0, 4, 33, 60, 102, 0, 2, 151, 11]
2026-09-09 18:27:04 - __main__ - INFO - material priors: [64, 796, 16, 15, 161, 32, 65, 15, 4, 39, 70, 63, 24, 2, 131, 11]
2026-09-09 18:28:25 - __main__ - INFO - material priors: [20, 1071, 16, 11, 85, 32, 73, 15, 0, 12, 10, 45, 24, 0, 144, 0]
2026-09-09 18:29:07 - __main__ - INFO - material priors: [84, 541, 0, 4, 104, 0, 138, 0, 4, 33, 60, 102, 0, 2, 151, 11]
2026-09-09 18:29:45 - __main__ - INFO - material priors: [64, 796, 16, 15, 161, 32, 65, 15, 4, 39, 70, 63, 24, 2, 131, 11]
2026-09-09 18:30:12 - __main__ - INFO - material priors: [20, 1071, 16, 11, 85, 32, 73, 15, 0, 12, 10, 45, 24, 0, 144, 0]
2026-09-09 18:31:12 - __main__ - INFO - material priors: [84, 541, 0, 4, 104, 0, 138, 0, 4, 33, 60, 102, 0, 2, 151, 11]
2026-09-09 18:31:41 - __main__ - INFO - material priors: [64, 796, 16, 15, 161, 32, 65, 15, 4, 39, 70, 63, 24, 2, 131, 11]
2026-09-09 18:32:22 - __main__ - INFO - material priors: [20, 1071, 16, 11, 85, 32, 73, 15, 0, 12, 10, 45, 24, 0, 144, 0]
2026-09-09 18:32:49 - __main__ - INFO - material priors: [84, 541, 0, 4, 104, 0, 138, 0, 4, 33, 60, 102, 0, 2, 151, 11]
2026-09-09 18:33:12 - __main__ - INFO - material priors: [64, 796, 16, 15, 161, 32, 65, 15, 4, 39, 70, 63, 24, 2, 131, 11]
2026-09-09 18:33:34 - __main__ - INFO - material priors: [20, 1071, 16, 11, 85, 32, 73, 15, 0, 12, 10, 45, 24, 0, 144, 0]
2026-09-09 18:34:52 - __main__ - INFO - material priors: [84, 541, 0, 4, 104, 0, 138, 0, 4, 33, 60, 102, 0, 2, 151, 11]
2026-09-09 18:36:28 - __main__ - INFO - material priors: [64, 796, 16, 15, 161, 32, 65, 15, 4, 39, 70, 63, 24, 2, 131, 11]
2026-09-09 18:37:30 - __main__ - INFO - material priors: [20, 1071, 16, 11, 85, 32, 73, 15, 0, 12, 10, 45, 24, 0, 144, 0]
2026-09-09 18:38:33 - __main__ - INFO - material priors: [84, 541, 0, 4, 104, 0, 138, 0, 4, 33, 60, 102, 0, 2, 151, 11]
2026-09-09 18:39:24 - __main__ - INFO - material priors: [64, 796, 16, 15, 161, 32, 65, 15, 4, 39, 70, 63, 24, 2, 131, 11]
2026-09-09 18:40:22 - __main__ - INFO - material priors: [20, 1071, 16, 11, 85, 32, 73, 15, 0, 12, 10, 45, 24, 0, 144, 0]
2026-09-09 18:41:07 - __main__ - INFO - material priors: [84, 541, 0, 4, 104, 0, 138, 0, 4, 33, 60, 102, 0, 2, 151, 11]
2026-09-09 18:41:47 - __main__ - INFO - material priors: [64, 796, 16, 15, 161, 32, 65, 15, 4, 39, 70, 63, 24, 2, 131, 11]
2026-09-09 18:42:37 - __main__ - INFO - material priors: [20, 1071, 16, 11, 85, 32, 73, 15, 0, 12, 10, 45, 24, 0, 144, 0]
2026-09-09 18:44:36 - __main__ - INFO - material priors: [84, 541, 0, 4, 104, 0, 138, 0, 4, 33, 60, 102, 0, 2, 151, 11]
2026-09-09 18:45:35 - __main__ - INFO - material priors: [64, 796, 16, 15, 161, 32, 65, 15, 4, 39, 70, 63, 24, 2, 131, 11]
2026-09-09 18:46:43 - __main__ - INFO - material priors: [20, 1071, 16, 11, 85, 32, 73, 15, 0, 12, 10, 45, 24, 0, 144, 0]
2026-09-09 18:47:45 - __main__ - INFO - material priors: [84, 541, 0, 4, 104, 0, 138, 0, 4, 33, 60, 102, 0, 2, 151, 11]
2026-09-09 18:48:54 - __main__ - INFO - material priors: [64, 796, 16, 15, 161, 32, 65, 15, 4, 39, 70, 63, 24, 2, 131, 11]
2026-09-09 18:50:18 - __main__ - INFO - material priors: [20, 1071, 16, 11, 85, 32, 73, 15, 0, 12, 10, 45, 24, 0, 144, 0]
2026-09-09 18:51:16 - __main__ - INFO - material priors: [84, 541, 0, 4, 104, 0, 138, 0, 4, 33, 60, 102, 0, 2, 151, 11]
2026-09-09 18:51:51 - __main__ - INFO - material priors: [64, 796, 16, 15, 161, 32, 65, 15, 4, 39, 70, 63, 24, 2, 131, 11]
2026-09-09 18:53:06 - __main__ - INFO - material priors: [20, 1071, 16, 11, 85, 32, 73, 15, 0, 12, 10, 45, 24, 0, 144, 0]
2026-09-09 18:53:30 - __main__ - INFO - material priors: [84, 541, 0, 4, 104, 0, 138, 0, 4, 33, 60, 102, 0, 2, 151, 11]
2026-09-09 18:53:50 - __main__ - INFO - material priors: [64, 796, 16, 15, 161, 32, 65, 15, 4, 39, 70, 63, 24, 2, 131, 11]
2026-09-09 18:54:09 - __main__ - INFO - material priors: [20, 1071, 16, 11, 85, 32, 73, 15, 0, 12, 10, 45, 24, 0, 144, 0]
2026-09-09 18:54:36 - __main__ - INFO - material priors: [84, 541, 0, 4, 104, 0, 138, 0, 4, 33, 60, 102, 0, 2, 151, 11]
2026-09-09 18:55:12 - __main__ - INFO - material priors: [64, 796, 16, 15, 161, 32, 65, 15, 4, 39, 70, 63, 24, 2, 131, 11]
2026-09-09 18:55:38 - __main__ - INFO - material priors: [20, 1071, 16, 11, 85, 32, 73, 15, 0, 12, 10, 45, 24, 0, 144, 0]
2026-09-09 18:56:17 - __main__ - INFO - material priors: [84, 541, 0, 4, 104, 0, 138, 0, 4, 33, 60, 102, 0, 2, 151, 11]
2026-09-09 18:57:04 - __main__ - INFO - material priors: [64, 796, 16, 15, 161, 32, 65, 15, 4, 39, 70, 63, 24, 2, 131, 11]
2026-09-09 18:57:53 - __main__ - INFO - material priors: [20, 1071, 16, 11, 85, 32, 73, 15, 0, 12, 10, 45, 24, 0, 144, 0]
2026-09-09 18:58:47 - __main__ - INFO - material priors: [84, 541, 0, 4, 104, 0, 138, 0, 4, 33, 60, 102, 0, 2, 151, 11]
2026-09-09 18:59:36 - __main__ - INFO - material priors: [64, 796, 16, 15, 161, 32, 65, 15, 4, 39, 70, 63, 24, 2, 131, 11]
2026-09-09 19:00:18 - __main__ - INFO - material priors: [20, 1071, 16, 11, 85, 32, 73, 15, 0, 12, 10, 45, 24, 0, 144, 0]
2026-09-09 19:01:29 - __main__ - INFO - material priors: [84, 541, 0, 4, 104, 0, 138, 0, 4, 33, 60, 102, 0, 2, 151, 11]
2026-09-09 19:02:43 - __main__ - INFO - material priors: [64, 796, 16, 15, 161, 32, 65, 15, 4, 39, 70, 63, 24, 2, 131, 11]
2026-09-09 19:03:30 - __main__ - INFO - material priors: [20, 1071, 16, 11, 85, 32, 73, 15, 0, 12, 10, 45, 24, 0, 144, 0]
2026-09-09 19:04:31 - __main__ - INFO - material priors: [84, 541, 0, 4, 104, 0, 138, 0, 4, 33, 60, 102, 0, 2, 151, 11]
2026-09-09 19:05:27 - __main__ - INFO - material priors: [64, 796, 16, 15, 161, 32, 65, 15, 4, 39, 70, 63, 24, 2, 131, 11]
2026-09-09 19:06:26 - __main__ - INFO - material priors: [20, 1071, 16, 11, 85, 32, 73, 15, 0, 12, 10, 45, 24, 0, 144, 0]
2026-09-09 19:07:55 - __main__ - INFO - material priors: [84, 541, 0, 4, 104, 0, 138, 0, 4, 33, 60, 102, 0, 2, 151, 11]
2026-09-09 19:09:08 - __main__ - INFO - material priors: [64, 796, 16, 15, 161, 32, 65, 15, 4, 39, 70, 63, 24, 2, 131, 11]
2026-09-09 19:10:32 - __main__ - INFO - material priors: [20, 1071, 16, 11, 85, 32, 73, 15, 0, 12, 10, 45, 24, 0, 144, 0]
2026-09-09 19:11:38 - __main__ - INFO - material priors: [84, 541, 0, 4, 104, 0, 138, 0, 4, 33, 60, 102, 0, 2, 151, 11]
2026-09-09 19:12:33 - __main__ - INFO - material priors: [64, 796, 16, 15, 161, 32, 65, 15, 4, 39, 70, 63, 24, 2, 131, 11]
2026-09-09 19:13:08 - __main__ - INFO - material priors: [20, 1071, 16, 11, 85, 32, 73, 15, 0, 12, 10, 45, 24, 0, 144, 0]
2026-09-09 19:15:11 - __main__ - INFO - material priors: [84, 541, 0, 4, 104, 0, 138, 0, 4, 33, 60, 102, 0, 2, 151, 11]
2026-09-09 19:16:12 - __main__ - INFO - material priors: [64, 796, 16, 15, 161, 32, 65, 15, 4, 39, 70, 63, 24, 2, 131, 11]
2026-09-09 19:17:17 - __main__ - INFO - material priors: [20, 1071, 16, 11, 85, 32, 73, 15, 0, 12, 10, 45, 24, 0, 144, 0]
2026-09-09 19:17:42 - __main__ - INFO - material priors: [84, 541, 0, 4, 104, 0, 138, 0, 4, 33, 60, 102, 0, 2, 151, 11]
2026-09-09 19:18:22 - __main__ - INFO - material priors: [64, 796, 16, 15, 161, 32, 65, 15, 4, 39, 70, 63, 24, 2, 131, 11]
2026-09-09 19:19:05 - __main__ - INFO - material priors: [20, 1071, 16, 11, 85, 32, 73, 15, 0, 12, 10, 45, 24, 0, 144, 0]
2026-09-09 19:19:43 - __main__ - INFO - material priors: [84, 541, 0, 4, 104, 0, 138, 0, 4, 33, 60, 102, 0, 2, 151, 11]
2026-09-09 19:20:09 - __main__ - INFO - material priors: [64, 796, 16, 15, 161, 32, 65, 15, 4, 39, 70, 63, 24, 2, 131, 11]
2026-09-09 19:20:33 - __main__ - INFO - material priors: [20, 1071, 16, 11, 85, 32, 73, 15, 0, 12, 10, 45, 24, 0, 144, 0]
2026-09-09 19:20:58 - __main__ - INFO - material priors: [84, 541, 0, 4, 104, 0, 138, 0, 4, 33, 60, 102, 0, 2, 151, 11]
2026-09-09 19:21:26 - __main__ - INFO - material priors: [64, 796, 16, 15, 161, 32, 65, 15, 4, 39, 70, 63, 24, 2, 131, 11]
2026-09-09 19:21:47 - __main__ - INFO - material priors: [20, 1071, 16, 11, 85, 32, 73, 15, 0, 12, 10, 45, 24, 0, 144, 0]
2026-09-09 19:22:26 - __main__ - INFO - material priors: [84, 541, 0, 4, 104, 0, 138, 0, 4, 33, 60, 102, 0, 2, 151, 11]
2026-09-09 19:22:55 - __main__ - INFO - material priors: [64, 796, 16, 15, 161, 32, 65, 15, 4, 39, 70, 63, 24, 2, 131, 11]
2026-09-09 19:23:32 - __main__ - INFO - material priors: [20, 1071, 16, 11, 85, 32, 73, 15, 0, 12, 10, 45, 24, 0, 144, 0]
2026-09-09 19:24:10 - __main__ - INFO - material priors: [84, 541, 0, 4, 104, 0, 138, 0, 4, 33, 60, 102, 0, 2, 151, 11]
2026-09-09 19:24:45 - __main__ - INFO - material priors: [64, 796, 16, 15, 161, 32, 65, 15, 4, 39, 70, 63, 24, 2, 131, 11]
2026-09-09 19:25:05 - __main__ - INFO - material priors: [20, 1071, 16, 11, 85, 32, 73, 15, 0, 12, 10, 45, 24, 0, 144, 0]
2026-09-09 19:25:42 - __main__ - INFO - material priors: [84, 541, 0, 4, 104, 0, 138, 0, 4, 33, 60, 102, 0, 2, 151, 11]
2026-09-09 19:26:12 - __main__ - INFO - material priors: [64, 796, 16, 15, 161, 32, 65, 15, 4, 39, 70, 63, 24, 2, 131, 11]
2026-09-09 19:26:38 - __main__ - INFO - material priors: [20, 1071, 16, 11, 85, 32, 73, 15, 0, 12, 10, 45, 24, 0, 144, 0]
2026-09-09 19:28:07 - __main__ - INFO - material priors: [84, 541, 0, 4, 104, 0, 138, 0, 4, 33, 60, 102, 0, 2, 151, 11]
2026-09-09 19:29:39 - __main__ - INFO - material priors: [64, 796, 16, 15, 161, 32, 65, 15, 4, 39, 70, 63, 24, 2, 131, 11]
2026-09-09 19:30:39 - __main__ - INFO - material priors: [20, 1071, 16, 11, 85, 32, 73, 15, 0, 12, 10, 45, 24, 0, 144, 0]
2026-09-09 19:31:25 - __main__ - INFO - material priors: [84, 541, 0, 4, 104, 0, 138, 0, 4, 33, 60, 102, 0, 2, 151, 11]
2026-09-09 19:31:57 - __main__ - INFO - material priors: [64, 796, 16, 15, 161, 32, 65, 15, 4, 39, 70, 63, 24, 2, 131, 11]
2026-09-09 19:32:25 - __main__ - INFO - material priors: [20, 1071, 16, 11, 85, 32, 73, 15, 0, 12, 10, 45, 24, 0, 144, 0]
2026-09-09 19:33:38 - __main__ - INFO - material priors: [84, 541, 0, 4, 104, 0, 138, 0, 4, 33, 60, 102, 0, 2, 151, 11]
2026-09-09 19:35:01 - __main__ - INFO - material priors: [64, 796, 16, 15, 161, 32, 65, 15, 4, 39, 70, 63, 24, 2, 131, 11]
2026-09-09 19:35:54 - __main__ - INFO - material priors: [20, 1071, 16, 11, 85, 32, 73, 15, 0, 12, 10, 45, 24, 0, 144, 0]
2026-09-09 19:36:54 - __main__ - INFO - material priors: [84, 541, 0, 4, 104, 0, 138, 0, 4, 33, 60, 102, 0, 2, 151, 11]
2026-09-09 19:37:23 - __main__ - INFO - material priors: [64, 796, 16, 15, 161, 32, 65, 15, 4, 39, 70, 63, 24, 2, 131, 11]
2026-09-09 19:37:55 - __main__ - INFO - material priors: [20, 1071, 16, 11, 85, 32, 73, 15, 0, 12, 10, 45, 24, 0, 144, 0]
2026-09-09 19:39:10 - __main__ - INFO - material priors: [84, 541, 0, 4, 104, 0, 138, 0, 4, 33, 60, 102, 0, 2, 151, 11]
2026-09-09 19:40:47 - __main__ - INFO - material priors: [64, 796, 16, 15, 161, 32, 65, 15, 4, 39, 70, 63, 24, 2, 131, 11]
2026-09-09 19:42:08 - __main__ - INFO - material priors: [20, 1071, 16, 11, 85, 32, 73, 15, 0, 12, 10, 45, 24, 0, 144, 0]
2026-09-09 19:42:51 - __main__ - INFO - material priors: [84, 541, 0, 4, 104, 0, 138, 0, 4, 33, 60, 102, 0, 2, 151, 11]
2026-09-09 19:43:28 - __main__ - INFO - material priors: [64, 796, 16, 15, 161, 32, 65, 15, 4, 39, 70, 63, 24, 2, 131, 11]
2026-09-09 19:44:04 - __main__ - INFO - material priors: [20, 1071, 16, 11, 85, 32, 73, 15, 0, 12, 10, 45, 24, 0, 144, 0]
2026-09-09 19:44:42 - __main__ - INFO - material priors: [84, 541, 0, 4, 104, 0, 138, 0, 4, 33, 60, 102, 0, 2, 151, 11]
2026-09-09 19:45:20 - __main__ - INFO - material priors: [64, 796, 16, 15, 161, 32, 65, 15, 4, 39, 70, 63, 24, 2, 131, 11]
2026-09-09 19:45:46 - __main__ - INFO - material priors: [20, 1071, 16, 11, 85, 32, 73, 15, 0, 12, 10, 45, 24, 0, 144, 0]
2026-09-09 19:46:30 - __main__ - INFO - material priors: [84, 541, 0, 4, 104, 0, 138, 0, 4, 33, 60, 102, 0, 2, 151, 11]
2026-09-09 19:47:01 - __main__ - INFO - material priors: [64, 796, 16, 15, 161, 32, 65, 15, 4, 39, 70, 63, 24, 2, 131, 11]
2026-09-09 19:47:29 - __main__ - INFO - material priors: [20, 1071, 16, 11, 85, 32, 73, 15, 0, 12, 10, 45, 24, 0, 144, 0]
2026-09-09 19:48:03 - __main__ - INFO - material priors: [84, 541, 0, 4, 104, 0, 138, 0, 4, 33, 60, 102, 0, 2, 151, 11]
2026-09-09 19:48:45 - __main__ - INFO - material priors: [64, 796, 16, 15, 161, 32, 65, 15, 4, 39, 70, 63, 24, 2, 131, 11]
2026-09-09 19:49:24 - __main__ - INFO - material priors: [20, 1071, 16, 11, 85, 32, 73, 15, 0, 12, 10, 45, 24, 0, 144, 0]
2026-09-09 19:50:01 - __main__ - INFO - material priors: [84, 541, 0, 4, 104, 0, 138, 0, 4, 33, 60, 102, 0, 2, 151, 11]
2026-09-09 19:50:30 - __main__ - INFO - material priors: [64, 796, 16, 15, 161, 32, 65, 15, 4, 39, 70, 63, 24, 2, 131, 11]
2026-09-09 19:50:56 - __main__ - INFO - material priors: [20, 1071, 16, 11, 85, 32, 73, 15, 0, 12, 10, 45, 24, 0, 144, 0]
2026-09-09 19:51:37 - __main__ - INFO - material priors: [84, 541, 0, 4, 104, 0, 138, 0, 4, 33, 60, 102, 0, 2, 151, 11]
2026-09-09 19:52:17 - __main__ - INFO - material priors: [64, 796, 16, 15, 161, 32, 65, 15, 4, 39, 70, 63, 24, 2, 131, 11]
2026-09-09 19:52:44 - __main__ - INFO - material priors: [20, 1071, 16, 11, 85, 32, 73, 15, 0, 12, 10, 45, 24, 0, 144, 0]
2026-09-09 19:53:16 - __main__ - INFO - material priors: [84, 541, 0, 4, 104, 0, 138, 0, 4, 33, 60, 102, 0, 2, 151, 11]
2026-09-09 19:53:41 - __main__ - INFO - material priors: [64, 796, 16, 15, 161, 32, 65, 15, 4, 39, 70, 63, 24, 2, 131, 11]
2026-09-09 19:54:09 - __main__ - INFO - material priors: [20, 1071, 16, 11, 85, 32, 73, 15, 0, 12, 10, 45, 24, 0, 144, 0]
2026-09-09 19:54:55 - __main__ - INFO - material priors: [84, 541, 0, 4, 104, 0, 138, 0, 4, 33, 60, 102, 0, 2, 151, 11]
2026-09-09 19:55:21 - __main__ - INFO - material priors: [64, 796, 16, 15, 161, 32, 65, 15, 4, 39, 70, 63, 24, 2, 131, 11]
2026-09-09 19:55:51 - __main__ - INFO - material priors: [20, 1071, 16, 11, 85, 32, 73, 15, 0, 12, 10, 45, 24, 0, 144, 0]
2026-09-09 19:56:32 - __main__ - INFO - material priors: [84, 541, 0, 4, 104, 0, 138, 0, 4, 33, 60, 102, 0, 2, 151, 11]
2026-09-09 19:56:57 - __main__ - INFO - material priors: [64, 796, 16, 15, 161, 32, 65, 15, 4, 39, 70, 63, 24, 2, 131, 11]
2026-09-09 19:57:29 - __main__ - INFO - material priors: [20, 1071, 16, 11, 85, 32, 73, 15, 0, 12, 10, 45, 24, 0, 144, 0]
2026-09-09 19:58:05 - __main__ - INFO - material priors: [84, 541, 0, 4, 104, 0, 138, 0, 4, 33, 60, 102, 0, 2, 151, 11]
2026-09-09 19:58:45 - __main__ - INFO - material priors: [64, 796, 16, 15, 161, 32, 65, 15, 4, 39, 70, 63, 24, 2, 131, 11]
2026-09-09 19:59:10 - __main__ - INFO - material priors: [20, 1071, 16, 11, 85, 32, 73, 15, 0, 12, 10, 45, 24, 0, 144, 0]
2026-09-09 20:00:10 - __main__ - INFO - material priors: [84, 541, 0, 4, 104, 0, 138, 0, 4, 33, 60, 102, 0, 2, 151, 11]
2026-09-09 20:01:01 - __main__ - INFO - material priors: [64, 796, 16, 15, 161, 32, 65, 15, 4, 39, 70, 63, 24, 2, 131, 11]
2026-09-09 20:01:57 - __main__ - INFO - material priors: [20, 1071, 16, 11, 85, 32, 73, 15, 0, 12, 10, 45, 24, 0, 144, 0]
2026-09-09 20:02:33 - __main__ - INFO - material priors: [84, 541, 0, 4, 104, 0, 138, 0, 4, 33, 60, 102, 0, 2, 151, 11]
2026-09-09 20:03:13 - __main__ - INFO - material priors: [64, 796, 16, 15, 161, 32, 65, 15, 4, 39, 70, 63, 24, 2, 131, 11]
2026-09-09 20:03:49 - __main__ - INFO - material priors: [20, 1071, 16, 11, 85, 32, 73, 15, 0, 12, 10, 45, 24, 0, 144, 0]
2026-09-09 20:04:23 - __main__ - INFO - material priors: [84, 541, 0, 4, 104, 0, 138, 0, 4, 33, 60, 102, 0, 2, 151, 11]
2026-09-09 20:04:55 - __main__ - INFO - material priors: [64, 796, 16, 15, 161, 32, 65, 15, 4, 39, 70, 63, 24, 2, 131, 11]
2026-09-09 20:05:21 - __main__ - INFO - material priors: [20, 1071, 16, 11, 85, 32, 73, 15, 0, 12, 10, 45, 24, 0, 144, 0]
2026-09-09 20:06:05 - __main__ - INFO - material priors: [84, 541, 0, 4, 104, 0, 138, 0, 4, 33, 60, 102, 0, 2, 151, 11]
2026-09-09 20:06:43 - __main__ - INFO - material priors: [64, 796, 16, 15, 161, 32, 65, 15, 4, 39, 70, 63, 24, 2, 131, 11]
2026-09-09 20:07:23 - __main__ - INFO - material priors: [20, 1071, 16, 11, 85, 32, 73, 15, 0, 12, 10, 45, 24, 0, 144, 0]
2026-09-09 20:08:04 - __main__ - INFO - material priors: [84, 541, 0, 4, 104, 0, 138, 0, 4, 33, 60, 102, 0, 2, 151, 11]
2026-09-09 20:08:40 - __main__ - INFO - material priors: [64, 796, 16, 15, 161, 32, 65, 15, 4, 39, 70, 63, 24, 2, 131, 11]
2026-09-09 20:09:09 - __main__ - INFO - material priors: [20, 1071, 16, 11, 85, 32, 73, 15, 0, 12, 10, 45, 24, 0, 144, 0]
2026-09-09 20:09:52 - __main__ - INFO - material priors: [84, 541, 0, 4, 104, 0, 138, 0, 4, 33, 60, 102, 0, 2, 151, 11]
2026-09-09 20:10:24 - __main__ - INFO - material priors: [64, 796, 16, 15, 161, 32, 65, 15, 4, 39, 70, 63, 24, 2, 131, 11]
2026-09-09 20:10:57 - __main__ - INFO - material priors: [20, 1071, 16, 11, 85, 32, 73, 15, 0, 12, 10, 45, 24, 0, 144, 0]
2026-09-09 20:11:35 - __main__ - INFO - material priors: [84, 541, 0, 4, 104, 0, 138, 0, 4, 33, 60, 102, 0, 2, 151, 11]
2026-09-09 20:12:12 - __main__ - INFO - material priors: [64, 796, 16, 15, 161, 32, 65, 15, 4, 39, 70, 63, 24, 2, 131, 11]
2026-09-09 20:12:41 - __main__ - INFO - material priors: [20, 1071, 16, 11, 85, 32, 73, 15, 0, 12, 10, 45, 24, 0, 144, 0]
2026-09-09 20:13:26 - __main__ - INFO - material priors: [84, 541, 0, 4, 104, 0, 138, 0, 4, 33, 60, 102, 0, 2, 151, 11]
2026-09-09 20:13:52 - __main__ - INFO - material priors: [64, 796, 16, 15, 161, 32, 65, 15, 4, 39, 70, 63, 24, 2, 131, 11]
2026-09-09 20:14:24 - __main__ - INFO - material priors: [20, 1071, 16, 11, 85, 32, 73, 15, 0, 12, 10, 45, 24, 0, 144, 0]
2026-09-09 20:15:05 - __main__ - INFO - material priors: [84, 541, 0, 4, 104, 0, 138, 0, 4, 33, 60, 102, 0, 2, 151, 11]
2026-09-09 20:15:43 - __main__ - INFO - material priors: [64, 796, 16, 15, 161, 32, 65, 15, 4, 39, 70, 63, 24, 2, 131, 11]
2026-09-09 20:16:15 - __main__ - INFO - material priors: [20, 1071, 16, 11, 85, 32, 73, 15, 0, 12, 10, 45, 24, 0, 144, 0]
2026-09-09 20:16:58 - __main__ - INFO - material priors: [84, 541, 0, 4, 104, 0, 138, 0, 4, 33, 60, 102, 0, 2, 151, 11]
2026-09-09 20:17:21 - __main__ - INFO - material priors: [64, 796, 16, 15, 161, 32, 65, 15, 4, 39, 70, 63, 24, 2, 131, 11]
2026-09-09 20:17:47 - __main__ - INFO - material priors: [20, 1071, 16, 11, 85, 32, 73, 15, 0, 12, 10, 45, 24, 0, 144, 0]
2026-09-09 20:18:30 - __main__ - INFO - material priors: [84, 541, 0, 4, 104, 0, 138, 0, 4, 33, 60, 102, 0, 2, 151, 11]
2026-09-09 20:19:05 - __main__ - INFO - material priors: [64, 796, 16, 15, 161, 32, 65, 15, 4, 39, 70, 63, 24, 2, 131, 11]
2026-09-09 20:19:27 - __main__ - INFO - material priors: [20, 1071, 16, 11, 85, 32, 73, 15, 0, 12, 10, 45, 24, 0, 144, 0]
2026-09-09 20:20:09 - __main__ - INFO - material priors: [84, 541, 0, 4, 104, 0, 138, 0, 4, 33, 60, 102, 0, 2, 151, 11]
2026-09-09 20:20:29 - __main__ - INFO - material priors: [64, 796, 16, 15, 161, 32, 65, 15, 4, 39, 70, 63, 24, 2, 131, 11]
2026-09-09 20:20:54 - __main__ - INFO - material priors: [20, 1071, 16, 11, 85, 32, 73, 15, 0, 12, 10, 45, 24, 0, 144, 0]
2026-09-09 20:21:21 - __main__ - INFO - material priors: [84, 541, 0, 4, 104, 0, 138, 0, 4, 33, 60, 102, 0, 2, 151, 11]
2026-09-09 20:21:41 - __main__ - INFO - material priors: [64, 796, 16, 15, 161, 32, 65, 15, 4, 39, 70, 63, 24, 2, 131, 11]
2026-09-09 20:22:02 - __main__ - INFO - material priors: [20, 1071, 16, 11, 85, 32, 73, 15, 0, 12, 10, 45, 24, 0, 144, 0]
2026-09-09 20:22:44 - __main__ - INFO - material priors: [84, 541, 0, 4, 104, 0, 138, 0, 4, 33, 60, 102, 0, 2, 151, 11]
2026-09-09 20:23:03 - __main__ - INFO - material priors: [64, 796, 16, 15, 161, 32, 65, 15, 4, 39, 70, 63, 24, 2, 131, 11]
2026-09-09 20:23:27 - __main__ - INFO - material priors: [20, 1071, 16, 11, 85, 32, 73, 15, 0, 12, 10, 45, 24, 0, 144, 0]
2026-09-09 20:24:00 - __main__ - INFO - material priors: [84, 541, 0, 4, 104, 0, 138, 0, 4, 33, 60, 102, 0, 2, 151, 11]
2026-09-09 20:24:20 - __main__ - INFO - material priors: [64, 796, 16, 15, 161, 32, 65, 15, 4, 39, 70, 63, 24, 2, 131, 11]
2026-09-09 20:24:44 - __main__ - INFO - material priors: [20, 1071, 16, 11, 85, 32, 73, 15, 0, 12, 10, 45, 24, 0, 144, 0]
2026-09-09 20:25:25 - __main__ - INFO - material priors: [84, 541, 0, 4, 104, 0, 138, 0, 4, 33, 60, 102, 0, 2, 151, 11]
2026-09-09 20:25:49 - __main__ - INFO - material priors: [64, 796, 16, 15, 161, 32, 65, 15, 4, 39, 70, 63, 24, 2, 131, 11]
2026-09-09 20:26:12 - __main__ - INFO - material priors: [20, 1071, 16, 11, 85, 32, 73, 15, 0, 12, 10, 45, 24, 0, 144, 0]
2026-09-09 20:26:57 - __main__ - INFO - material priors: [84, 541, 0, 4, 104, 0, 138, 0, 4, 33, 60, 102, 0, 2, 151, 11]
2026-09-09 20:27:27 - __main__ - INFO - material priors: [64, 796, 16, 15, 161, 32, 65, 15, 4, 39, 70, 63, 24, 2, 131, 11]
2026-09-09 20:27:51 - __main__ - INFO - material priors: [20, 1071, 16, 11, 85, 32, 73, 15, 0, 12, 10, 45, 24, 0, 144, 0]
2026-09-09 20:28:34 - __main__ - INFO - material priors: [84, 541, 0, 4, 104, 0, 138, 0, 4, 33, 60, 102, 0, 2, 151, 11]
2026-09-09 20:29:09 - __main__ - INFO - material priors: [64, 796, 16, 15, 161, 32, 65, 15, 4, 39, 70, 63, 24, 2, 131, 11]
2026-09-09 20:29:29 - __main__ - INFO - material priors: [20, 1071, 16, 11, 85, 32, 73, 15, 0, 12, 10, 45, 24, 0, 144, 0]
2026-09-09 20:30:06 - __main__ - INFO - material priors: [84, 541, 0, 4, 104, 0, 138, 0, 4, 33, 60, 102, 0, 2, 151, 11]
2026-09-09 20:30:29 - __main__ - INFO - material priors: [64, 796, 16, 15, 161, 32, 65, 15, 4, 39, 70, 63, 24, 2, 131, 11]
2026-09-09 20:30:51 - __main__ - INFO - material priors: [20, 1071, 16, 11, 85, 32, 73, 15, 0, 12, 10, 45, 24, 0, 144, 0]
2026-09-09 20:31:17 - __main__ - INFO - material priors: [84, 541, 0, 4, 104, 0, 138, 0, 4, 33, 60, 102, 0, 2, 151, 11]
2026-09-09 20:31:34 - __main__ - INFO - material priors: [64, 796, 16, 15, 161, 32, 65, 15, 4, 39, 70, 63, 24, 2, 131, 11]
2026-09-09 20:31:54 - __main__ - INFO - material priors: [20, 1071, 16, 11, 85, 32, 73, 15, 0, 12, 10, 45, 24, 0, 144, 0]
2026-09-09 20:32:17 - __main__ - INFO - material priors: [84, 541, 0, 4, 104, 0, 138, 0, 4, 33, 60, 102, 0, 2, 151, 11]
2026-09-09 20:32:39 - __main__ - INFO - material priors: [64, 796, 16, 15, 161, 32, 65, 15, 4, 39, 70, 63, 24, 2, 131, 11]
2026-09-09 20:33:17 - __main__ - INFO - material priors: [20, 1071, 16, 11, 85, 32, 73, 15, 0, 12, 10, 45, 24, 0, 144, 0]
2026-09-09 20:33:56 - __main__ - INFO - material priors: [84, 541, 0, 4, 104, 0, 138, 0, 4, 33, 60, 102, 0, 2, 151, 11]
2026-09-09 20:34:30 - __main__ - INFO - material priors: [64, 796, 16, 15, 161, 32, 65, 15, 4, 39, 70, 63, 24, 2, 131, 11]
2026-09-09 20:35:05 - __main__ - INFO - material priors: [20, 1071, 16, 11, 85, 32, 73, 15, 0, 12, 10, 45, 24, 0, 144, 0]
2026-09-09 20:35:41 - __main__ - INFO - material priors: [84, 541, 0, 4, 104, 0, 138, 0, 4, 33, 60, 102, 0, 2, 151, 11]
2026-09-09 20:36:12 - __main__ - INFO - material priors: [64, 796, 16, 15, 161, 32, 65, 15, 4, 39, 70, 63, 24, 2, 131, 11]
2026-09-09 20:36:35 - __main__ - INFO - material priors: [20, 1071, 16, 11, 85, 32, 73, 15, 0, 12, 10, 45, 24, 0, 144, 0]
2026-09-09 20:37:13 - __main__ - INFO - material priors: [84, 541, 0, 4, 104, 0, 138, 0, 4, 33, 60, 102, 0, 2, 151, 11]
2026-09-09 20:37:40 - __main__ - INFO - material priors: [64, 796, 16, 15, 161, 32, 65, 15, 4, 39, 70, 63, 24, 2, 131, 11]
2026-09-09 20:38:00 - __main__ - INFO - material priors: [20, 1071, 16, 11, 85, 32, 73, 15, 0, 12, 10, 45, 24, 0, 144, 0]
2026-09-09 20:38:34 - __main__ - INFO - material priors: [84, 541, 0, 4, 104, 0, 138, 0, 4, 33, 60, 102, 0, 2, 151, 11]
2026-09-09 20:38:57 - __main__ - INFO - material priors: [64, 796, 16, 15, 161, 32, 65, 15, 4, 39, 70, 63, 24, 2, 131, 11]
2026-09-09 20:39:17 - __main__ - INFO - material priors: [20, 1071, 16, 11, 85, 32, 73, 15, 0, 12, 10, 45, 24, 0, 144, 0]
2026-09-09 20:39:53 - __main__ - INFO - material priors: [84, 541, 0, 4, 104, 0, 138, 0, 4, 33, 60, 102, 0, 2, 151, 11]
2026-09-09 20:40:14 - __main__ - INFO - material priors: [64, 796, 16, 15, 161, 32, 65, 15, 4, 39, 70, 63, 24, 2, 131, 11]
2026-09-09 20:40:37 - __main__ - INFO - material priors: [20, 1071, 16, 11, 85, 32, 73, 15, 0, 12, 10, 45, 24, 0, 144, 0]
2026-09-09 20:41:12 - __main__ - INFO - material priors: [84, 541, 0, 4, 104, 0, 138, 0, 4, 33, 60, 102, 0, 2, 151, 11]
2026-09-09 20:41:42 - __main__ - INFO - material priors: [64, 796, 16, 15, 161, 32, 65, 15, 4, 39, 70, 63, 24, 2, 131, 11]
2026-09-09 20:42:02 - __main__ - INFO - material priors: [20, 1071, 16, 11, 85, 32, 73, 15, 0, 12, 10, 45, 24, 0, 144, 0]
2026-09-09 20:42:28 - __main__ - INFO - material priors: [84, 541, 0, 4, 104, 0, 138, 0, 4, 33, 60, 102, 0, 2, 151, 11]
2026-09-09 20:42:53 - __main__ - INFO - material priors: [64, 796, 16, 15, 161, 32, 65, 15, 4, 39, 70, 63, 24, 2, 131, 11]
2026-09-09 20:43:14 - __main__ - INFO - material priors: [20, 1071, 16, 11, 85, 32, 73, 15, 0, 12, 10, 45, 24, 0, 144, 0]
2026-09-09 20:43:47 - __main__ - INFO - material priors: [84, 541, 0, 4, 104, 0, 138, 0, 4, 33, 60, 102, 0, 2, 151, 11]
2026-09-09 20:44:06 - __main__ - INFO - material priors: [64, 796, 16, 15, 161, 32, 65, 15, 4, 39, 70, 63, 24, 2, 131, 11]
2026-09-09 20:44:31 - __main__ - INFO - material priors: [20, 1071, 16, 11, 85, 32, 73, 15, 0, 12, 10, 45, 24, 0, 144, 0]
2026-09-09 20:45:17 - __main__ - INFO - material priors: [84, 541, 0, 4, 104, 0, 138, 0, 4, 33, 60, 102, 0, 2, 151, 11]
2026-09-09 20:45:42 - __main__ - INFO - material priors: [64, 796, 16, 15, 161, 32, 65, 15, 4, 39, 70, 63, 24, 2, 131, 11]
2026-09-09 20:46:11 - __main__ - INFO - material priors: [20, 1071, 16, 11, 85, 32, 73, 15, 0, 12, 10, 45, 24, 0, 144, 0]
2026-09-09 20:46:36 - __main__ - INFO - material priors: [84, 541, 0, 4, 104, 0, 138, 0, 4, 33, 60, 102, 0, 2, 151, 11]
2026-09-09 20:47:06 - __main__ - INFO - material priors: [64, 796, 16, 15, 161, 32, 65, 15, 4, 39, 70, 63, 24, 2, 131, 11]
2026-09-09 20:47:39 - __main__ - INFO - material priors: [20, 1071, 16, 11, 85, 32, 73, 15, 0, 12, 10, 45, 24, 0, 144, 0]
2026-09-09 20:48:07 - __main__ - INFO - material priors: [84, 541, 0, 4, 104, 0, 138, 0, 4, 33, 60, 102, 0, 2, 151, 11]
2026-09-09 20:48:29 - __main__ - INFO - material priors: [64, 796, 16, 15, 161, 32, 65, 15, 4, 39, 70, 63, 24, 2, 131, 11]
2026-09-09 20:48:48 - __main__ - INFO - material priors: [20, 1071, 16, 11, 85, 32, 73, 15, 0, 12, 10, 45, 24, 0, 144, 0]
2026-09-09 20:49:30 - __main__ - INFO - material priors: [84, 541, 0, 4, 104, 0, 138, 0, 4, 33, 60, 102, 0, 2, 151, 11]
2026-09-09 20:49:52 - __main__ - INFO - material priors: [64, 796, 16, 15, 161, 32, 65, 15, 4, 39, 70, 63, 24, 2, 131, 11]
2026-09-09 20:50:14 - __main__ - INFO - material priors: [20, 1071, 16, 11, 85, 32, 73, 15, 0, 12, 10, 45, 24, 0, 144, 0]
2026-09-09 20:51:01 - __main__ - INFO - material priors: [84, 541, 0, 4, 104, 0, 138, 0, 4, 33, 60, 102, 0, 2, 151, 11]
2026-09-09 20:51:36 - __main__ - INFO - material priors: [64, 796, 16, 15, 161, 32, 65, 15, 4, 39, 70, 63, 24, 2, 131, 11]
2026-09-09 20:52:01 - __main__ - INFO - material priors: [20, 1071, 16, 11, 85, 32, 73, 15, 0, 12, 10, 45, 24, 0, 144, 0]
2026-09-09 20:52:37 - __main__ - INFO - material priors: [84, 541, 0, 4, 104, 0, 138, 0, 4, 33, 60, 102, 0, 2, 151, 11]
2026-09-09 20:52:58 - __main__ - INFO - material priors: [64, 796, 16, 15, 161, 32, 65, 15, 4, 39, 70, 63, 24, 2, 131, 11]
2026-09-09 20:53:22 - __main__ - INFO - material priors: [20, 1071, 16, 11, 85, 32, 73, 15, 0, 12, 10, 45, 24, 0, 144, 0]
2026-09-09 20:54:01 - __main__ - INFO - material priors: [84, 541, 0, 4, 104, 0, 138, 0, 4, 33, 60, 102, 0, 2, 151, 11]
2026-09-09 20:54:24 - __main__ - INFO - material priors: [64, 796, 16, 15, 161, 32, 65, 15, 4, 39, 70, 63, 24, 2, 131, 11]
2026-09-09 20:54:49 - __main__ - INFO - material priors: [20, 1071, 16, 11, 85, 32, 73, 15, 0, 12, 10, 45, 24, 0, 144, 0]
2026-09-09 20:55:28 - __main__ - INFO - material priors: [84, 541, 0, 4, 104, 0, 138, 0, 4, 33, 60, 102, 0, 2, 151, 11]
2026-09-09 20:55:53 - __main__ - INFO - material priors: [64, 796, 16, 15, 161, 32, 65, 15, 4, 39, 70, 63, 24, 2, 131, 11]
2026-09-09 20:56:15 - __main__ - INFO - material priors: [20, 1071, 16, 11, 85, 32, 73, 15, 0, 12, 10, 45, 24, 0, 144, 0]
2026-09-09 20:56:57 - __main__ - INFO - material priors: [84, 541, 0, 4, 104, 0, 138, 0, 4, 33, 60, 102, 0, 2, 151, 11]
2026-09-09 20:57:24 - __main__ - INFO - material priors: [64, 796, 16, 15, 161, 32, 65, 15, 4, 39, 70, 63, 24, 2, 131, 11]
2026-09-09 20:57:50 - __main__ - INFO - material priors: [20, 1071, 16, 11, 85, 32, 73, 15, 0, 12, 10, 45, 24, 0, 144, 0]
2026-09-09 20:58:22 - __main__ - INFO - material priors: [84, 541, 0, 4, 104, 0, 138, 0, 4, 33, 60, 102, 0, 2, 151, 11]
2026-09-09 20:59:00 - __main__ - INFO - material priors: [64, 796, 16, 15, 161, 32, 65, 15, 4, 39, 70, 63, 24, 2, 131, 11]
2026-09-09 20:59:23 - __main__ - INFO - material priors: [20, 1071, 16, 11, 85, 32, 73, 15, 0, 12, 10, 45, 24, 0, 144, 0]
2026-09-09 21:00:00 - __main__ - INFO - material priors: [84, 541, 0, 4, 104, 0, 138, 0, 4, 33, 60, 102, 0, 2, 151, 11]
2026-09-09 21:00:33 - __main__ - INFO - material priors: [64, 796, 16, 15, 161, 32, 65, 15, 4, 39, 70, 63, 24, 2, 131, 11]
2026-09-09 21:01:02 - __main__ - INFO - material priors: [20, 1071, 16, 11, 85, 32, 73, 15, 0, 12, 10, 45, 24, 0, 144, 0]
2026-09-09 21:01:37 - __main__ - INFO - material priors: [84, 541, 0, 4, 104, 0, 138, 0, 4, 33, 60, 102, 0, 2, 151, 11]
2026-09-09 21:01:59 - __main__ - INFO - material priors: [64, 796, 16, 15, 161, 32, 65, 15, 4, 39, 70, 63, 24, 2, 131, 11]
2026-09-09 21:02:23 - __main__ - INFO - material priors: [20, 1071, 16, 11, 85, 32, 73, 15, 0, 12, 10, 45, 24, 0, 144, 0]
2026-09-09 21:03:02 - __main__ - INFO - material priors: [84, 541, 0, 4, 104, 0, 138, 0, 4, 33, 60, 102, 0, 2, 151, 11]
2026-09-09 21:03:20 - __main__ - INFO - material priors: [64, 796, 16, 15, 161, 32, 65, 15, 4, 39, 70, 63, 24, 2, 131, 11]
2026-09-09 21:03:40 - __main__ - INFO - material priors: [20, 1071, 16, 11, 85, 32, 73, 15, 0, 12, 10, 45, 24, 0, 144, 0]
2026-09-09 21:04:12 - __main__ - INFO - material priors: [84, 541, 0, 4, 104, 0, 138, 0, 4, 33, 60, 102, 0, 2, 151, 11]
2026-09-09 21:04:35 - __main__ - INFO - material priors: [64, 796, 16, 15, 161, 32, 65, 15, 4, 39, 70, 63, 24, 2, 131, 11]
2026-09-09 21:04:55 - __main__ - INFO - material priors: [20, 1071, 16, 11, 85, 32, 73, 15, 0, 12, 10, 45, 24, 0, 144, 0]
2026-09-09 21:05:26 - __main__ - INFO - material priors: [84, 541, 0, 4, 104, 0, 138, 0, 4, 33, 60, 102, 0, 2, 151, 11]
2026-09-09 21:05:50 - __main__ - INFO - material priors: [64, 796, 16, 15, 161, 32, 65, 15, 4, 39, 70, 63, 24, 2, 131, 11]
2026-09-09 21:06:08 - __main__ - INFO - material priors: [20, 1071, 16, 11, 85, 32, 73, 15, 0, 12, 10, 45, 24, 0, 144, 0]
2026-09-09 21:06:37 - __main__ - INFO - material priors: [84, 541, 0, 4, 104, 0, 138, 0, 4, 33, 60, 102, 0, 2, 151, 11]
2026-09-09 21:07:04 - __main__ - INFO - material priors: [64, 796, 16, 15, 161, 32, 65, 15, 4, 39, 70, 63, 24, 2, 131, 11]
2026-09-09 21:07:29 - __main__ - INFO - material priors: [20, 1071, 16, 11, 85, 32, 73, 15, 0, 12, 10, 45, 24, 0, 144, 0]
2026-09-09 21:08:07 - __main__ - INFO - material priors: [84, 541, 0, 4, 104, 0, 138, 0, 4, 33, 60, 102, 0, 2, 151, 11]
2026-09-09 21:08:27 - __main__ - INFO - material priors: [64, 796, 16, 15, 161, 32, 65, 15, 4, 39, 70, 63, 24, 2, 131, 11]
2026-09-09 21:08:52 - __main__ - INFO - material priors: [20, 1071, 16, 11, 85, 32, 73, 15, 0, 12, 10, 45, 24, 0, 144, 0]
2026-09-09 21:09:31 - __main__ - INFO - material priors: [84, 541, 0, 4, 104, 0, 138, 0, 4, 33, 60, 102, 0, 2, 151, 11]
2026-09-09 21:09:59 - __main__ - INFO - material priors: [64, 796, 16, 15, 161, 32, 65, 15, 4, 39, 70, 63, 24, 2, 131, 11]
2026-09-09 21:10:21 - __main__ - INFO - material priors: [20, 1071, 16, 11, 85, 32, 73, 15, 0, 12, 10, 45, 24, 0, 144, 0]
2026-09-09 21:10:58 - __main__ - INFO - material priors: [84, 541, 0, 4, 104, 0, 138, 0, 4, 33, 60, 102, 0, 2, 151, 11]
2026-09-09 21:11:16 - __main__ - INFO - material priors: [64, 796, 16, 15, 161, 32, 65, 15, 4, 39, 70, 63, 24, 2, 131, 11]
2026-09-09 21:11:40 - __main__ - INFO - material priors: [20, 1071, 16, 11, 85, 32, 73, 15, 0, 12, 10, 45, 24, 0, 144, 0]
2026-09-09 21:12:19 - __main__ - INFO - material priors: [84, 541, 0, 4, 104, 0, 138, 0, 4, 33, 60, 102, 0, 2, 151, 11]
2026-09-09 21:12:47 - __main__ - INFO - material priors: [64, 796, 16, 15, 161, 32, 65, 15, 4, 39, 70, 63, 24, 2, 131, 11]
2026-09-09 21:13:15 - __main__ - INFO - material priors: [20, 1071, 16, 11, 85, 32, 73, 15, 0, 12, 10, 45, 24, 0, 144, 0]
2026-09-09 21:13:46 - __main__ - INFO - material priors: [84, 541, 0, 4, 104, 0, 138, 0, 4, 33, 60, 102, 0, 2, 151, 11]
2026-09-09 21:14:07 - __main__ - INFO - material priors: [64, 796, 16, 15, 161, 32, 65, 15, 4, 39, 70, 63, 24, 2, 131, 11]
2026-09-09 21:14:31 - __main__ - INFO - material priors: [20, 1071, 16, 11, 85, 32, 73, 15, 0, 12, 10, 45, 24, 0, 144, 0]
2026-09-09 21:15:13 - __main__ - INFO - material priors: [84, 541, 0, 4, 104, 0, 138, 0, 4, 33, 60, 102, 0, 2, 151, 11]
2026-09-09 21:15:44 - __main__ - INFO - material priors: [64, 796, 16, 15, 161, 32, 65, 15, 4, 39, 70, 63, 24, 2, 131, 11]
2026-09-09 21:16:13 - __main__ - INFO - material priors: [20, 1071, 16, 11, 85, 32, 73, 15, 0, 12, 10, 45, 24, 0, 144, 0]
2026-09-09 21:17:01 - __main__ - INFO - material priors: [84, 541, 0, 4, 104, 0, 138, 0, 4, 33, 60, 102, 0, 2, 151, 11]
2026-09-09 21:17:36 - __main__ - INFO - material priors: [64, 796, 16, 15, 161, 32, 65, 15, 4, 39, 70, 63, 24, 2, 131, 11]
2026-09-09 21:18:00 - __main__ - INFO - material priors: [20, 1071, 16, 11, 85, 32, 73, 15, 0, 12, 10, 45, 24, 0, 144, 0]
2026-09-09 21:18:47 - __main__ - INFO - material priors: [84, 541, 0, 4, 104, 0, 138, 0, 4, 33, 60, 102, 0, 2, 151, 11]
2026-09-09 21:19:15 - __main__ - INFO - material priors: [64, 796, 16, 15, 161, 32, 65, 15, 4, 39, 70, 63, 24, 2, 131, 11]
2026-09-09 21:19:43 - __main__ - INFO - Best hyperparameters (averaged over 3 folds): {'n_layers': 4, 'hidden_dim_0': 192, 'hidden_dim_1': 512, 'hidden_dim_2': 64, 'hidden_dim_3': 192, 'dropout': 0.4880554921132952, 'learning_rate': 0.0009022802844998733, 'weight_decay': 1.3275460317840611e-06, 'batch_size': 128, 'use_batch_norm': False, 'activation': 'gelu', 'logit_adjust_tau': 0.4197193156956383, 'ls_material': 0.10219221411233181, 'task_weight_material': 1.0}
2026-09-09 21:19:43 - __main__ - INFO - Best CV score: 0.4015
2026-09-09 21:19:43 - __main__ - INFO - Training final model with proper train/val split...
2026-09-09 21:19:43 - __main__ - INFO - Final training split: 2004 train, 223 validation, 489 test
2026-09-09 21:19:44 - __main__ - INFO - material priors: [84, 1204, 16, 15, 175, 32, 138, 15, 4, 42, 70, 105, 24, 2, 213, 11]
2026-09-09 21:19:44 - diana.utils.checkpointing - INFO - CheckpointManager initialized: results/search_v9_single_material/cv_results/fold_4
2026-09-09 21:19:45 - diana.utils.checkpointing - INFO - Checkpoint saved: results/search_v9_single_material/cv_results/fold_4/checkpoint_epoch_1_20260909_211944.pth
2026-09-09 21:19:46 - diana.utils.checkpointing - INFO - New best model saved: results/search_v9_single_material/cv_results/fold_4/best_model.pth (val_loss: 1.9135)
2026-09-09 21:19:47 - diana.utils.checkpointing - INFO - Checkpoint saved: results/search_v9_single_material/cv_results/fold_4/checkpoint_epoch_2_20260909_211946.pth
2026-09-09 21:19:47 - diana.utils.checkpointing - INFO - New best model saved: results/search_v9_single_material/cv_results/fold_4/best_model.pth (val_loss: 1.8151)
2026-09-09 21:19:48 - diana.utils.checkpointing - INFO - Checkpoint saved: results/search_v9_single_material/cv_results/fold_4/checkpoint_epoch_3_20260909_211948.pth
2026-09-09 21:19:49 - diana.utils.checkpointing - INFO - New best model saved: results/search_v9_single_material/cv_results/fold_4/best_model.pth (val_loss: 1.6577)
2026-09-09 21:19:50 - diana.utils.checkpointing - INFO - Checkpoint saved: results/search_v9_single_material/cv_results/fold_4/checkpoint_epoch_4_20260909_211949.pth
2026-09-09 21:19:51 - diana.utils.checkpointing - INFO - New best model saved: results/search_v9_single_material/cv_results/fold_4/best_model.pth (val_loss: 1.5444)
2026-09-09 21:19:52 - diana.utils.checkpointing - INFO - Checkpoint saved: results/search_v9_single_material/cv_results/fold_4/checkpoint_epoch_5_20260909_211951.pth
2026-09-09 21:19:52 - diana.utils.checkpointing - INFO - New best model saved: results/search_v9_single_material/cv_results/fold_4/best_model.pth (val_loss: 1.4533)
2026-09-09 21:19:53 - diana.utils.checkpointing - INFO - Checkpoint saved: results/search_v9_single_material/cv_results/fold_4/checkpoint_epoch_6_20260909_211952.pth
2026-09-09 21:19:53 - diana.utils.checkpointing - INFO - New best model saved: results/search_v9_single_material/cv_results/fold_4/best_model.pth (val_loss: 1.4123)
2026-09-09 21:19:54 - diana.utils.checkpointing - INFO - Checkpoint saved: results/search_v9_single_material/cv_results/fold_4/checkpoint_epoch_7_20260909_211954.pth
2026-09-09 21:19:55 - diana.utils.checkpointing - INFO - New best model saved: results/search_v9_single_material/cv_results/fold_4/best_model.pth (val_loss: 1.4098)
2026-09-09 21:19:56 - diana.utils.checkpointing - INFO - Checkpoint saved: results/search_v9_single_material/cv_results/fold_4/checkpoint_epoch_8_20260909_211955.pth
2026-09-09 21:19:57 - diana.utils.checkpointing - INFO - New best model saved: results/search_v9_single_material/cv_results/fold_4/best_model.pth (val_loss: 1.4048)
2026-09-09 21:19:58 - diana.utils.checkpointing - INFO - Checkpoint saved: results/search_v9_single_material/cv_results/fold_4/checkpoint_epoch_9_20260909_211957.pth
2026-09-09 21:19:58 - diana.utils.checkpointing - INFO - New best model saved: results/search_v9_single_material/cv_results/fold_4/best_model.pth (val_loss: 1.3155)
2026-09-09 21:20:00 - diana.utils.checkpointing - INFO - Checkpoint saved: results/search_v9_single_material/cv_results/fold_4/checkpoint_epoch_10_20260909_211959.pth
2026-09-09 21:20:01 - diana.utils.checkpointing - INFO - Checkpoint saved: results/search_v9_single_material/cv_results/fold_4/checkpoint_epoch_11_20260909_212000.pth
2026-09-09 21:20:01 - diana.utils.checkpointing - INFO - New best model saved: results/search_v9_single_material/cv_results/fold_4/best_model.pth (val_loss: 1.2559)
2026-09-09 21:20:03 - diana.utils.checkpointing - INFO - Checkpoint saved: results/search_v9_single_material/cv_results/fold_4/checkpoint_epoch_12_20260909_212002.pth
2026-09-09 21:20:04 - diana.utils.checkpointing - INFO - Checkpoint saved: results/search_v9_single_material/cv_results/fold_4/checkpoint_epoch_13_20260909_212003.pth
2026-09-09 21:20:04 - diana.utils.checkpointing - INFO - New best model saved: results/search_v9_single_material/cv_results/fold_4/best_model.pth (val_loss: 1.2020)
2026-09-09 21:20:05 - diana.utils.checkpointing - INFO - Checkpoint saved: results/search_v9_single_material/cv_results/fold_4/checkpoint_epoch_14_20260909_212005.pth
2026-09-09 21:20:06 - diana.utils.checkpointing - INFO - New best model saved: results/search_v9_single_material/cv_results/fold_4/best_model.pth (val_loss: 1.1483)
2026-09-09 21:20:07 - diana.utils.checkpointing - INFO - Checkpoint saved: results/search_v9_single_material/cv_results/fold_4/checkpoint_epoch_15_20260909_212006.pth
2026-09-09 21:20:08 - diana.utils.checkpointing - INFO - Checkpoint saved: results/search_v9_single_material/cv_results/fold_4/checkpoint_epoch_16_20260909_212007.pth
2026-09-09 21:20:09 - diana.utils.checkpointing - INFO - Checkpoint saved: results/search_v9_single_material/cv_results/fold_4/checkpoint_epoch_17_20260909_212009.pth
2026-09-09 21:20:10 - diana.utils.checkpointing - INFO - Checkpoint saved: results/search_v9_single_material/cv_results/fold_4/checkpoint_epoch_18_20260909_212010.pth
2026-09-09 21:20:11 - diana.utils.checkpointing - INFO - New best model saved: results/search_v9_single_material/cv_results/fold_4/best_model.pth (val_loss: 1.1079)
2026-09-09 21:20:12 - diana.utils.checkpointing - INFO - Checkpoint saved: results/search_v9_single_material/cv_results/fold_4/checkpoint_epoch_19_20260909_212011.pth
2026-09-09 21:20:13 - diana.utils.checkpointing - INFO - New best model saved: results/search_v9_single_material/cv_results/fold_4/best_model.pth (val_loss: 1.0635)
2026-09-09 21:20:14 - diana.utils.checkpointing - INFO - Checkpoint saved: results/search_v9_single_material/cv_results/fold_4/checkpoint_epoch_20_20260909_212013.pth
2026-09-09 21:20:14 - diana.utils.checkpointing - INFO - New best model saved: results/search_v9_single_material/cv_results/fold_4/best_model.pth (val_loss: 1.0342)
2026-09-09 21:20:14 - __main__ - INFO - Epoch 20/200, Train Loss: 1.0633, Val Loss: 1.0342
2026-09-09 21:20:15 - diana.utils.checkpointing - INFO - Checkpoint saved: results/search_v9_single_material/cv_results/fold_4/checkpoint_epoch_21_20260909_212015.pth
2026-09-09 21:20:16 - diana.utils.checkpointing - INFO - New best model saved: results/search_v9_single_material/cv_results/fold_4/best_model.pth (val_loss: 0.9807)
2026-09-09 21:20:17 - diana.utils.checkpointing - INFO - Checkpoint saved: results/search_v9_single_material/cv_results/fold_4/checkpoint_epoch_22_20260909_212016.pth
2026-09-09 21:20:18 - diana.utils.checkpointing - INFO - Checkpoint saved: results/search_v9_single_material/cv_results/fold_4/checkpoint_epoch_23_20260909_212017.pth
2026-09-09 21:20:19 - diana.utils.checkpointing - INFO - Checkpoint saved: results/search_v9_single_material/cv_results/fold_4/checkpoint_epoch_24_20260909_212019.pth
2026-09-09 21:20:20 - diana.utils.checkpointing - INFO - Checkpoint saved: results/search_v9_single_material/cv_results/fold_4/checkpoint_epoch_25_20260909_212020.pth
2026-09-09 21:20:21 - diana.utils.checkpointing - INFO - New best model saved: results/search_v9_single_material/cv_results/fold_4/best_model.pth (val_loss: 0.9615)
2026-09-09 21:20:22 - diana.utils.checkpointing - INFO - Checkpoint saved: results/search_v9_single_material/cv_results/fold_4/checkpoint_epoch_26_20260909_212021.pth
2026-09-09 21:20:23 - diana.utils.checkpointing - INFO - Checkpoint saved: results/search_v9_single_material/cv_results/fold_4/checkpoint_epoch_27_20260909_212022.pth
2026-09-09 21:20:23 - diana.utils.checkpointing - INFO - New best model saved: results/search_v9_single_material/cv_results/fold_4/best_model.pth (val_loss: 0.9414)
2026-09-09 21:20:24 - diana.utils.checkpointing - INFO - Checkpoint saved: results/search_v9_single_material/cv_results/fold_4/checkpoint_epoch_28_20260909_212024.pth
2026-09-09 21:20:25 - diana.utils.checkpointing - INFO - New best model saved: results/search_v9_single_material/cv_results/fold_4/best_model.pth (val_loss: 0.9383)
2026-09-09 21:20:26 - diana.utils.checkpointing - INFO - Checkpoint saved: results/search_v9_single_material/cv_results/fold_4/checkpoint_epoch_29_20260909_212025.pth
2026-09-09 21:20:26 - diana.utils.checkpointing - INFO - New best model saved: results/search_v9_single_material/cv_results/fold_4/best_model.pth (val_loss: 0.8933)
2026-09-09 21:20:27 - diana.utils.checkpointing - INFO - Checkpoint saved: results/search_v9_single_material/cv_results/fold_4/checkpoint_epoch_30_20260909_212027.pth
2026-09-09 21:20:28 - diana.utils.checkpointing - INFO - Checkpoint saved: results/search_v9_single_material/cv_results/fold_4/checkpoint_epoch_31_20260909_212028.pth
2026-09-09 21:20:29 - diana.utils.checkpointing - INFO - Checkpoint saved: results/search_v9_single_material/cv_results/fold_4/checkpoint_epoch_32_20260909_212029.pth
2026-09-09 21:20:30 - diana.utils.checkpointing - INFO - New best model saved: results/search_v9_single_material/cv_results/fold_4/best_model.pth (val_loss: 0.8746)
2026-09-09 21:20:31 - diana.utils.checkpointing - INFO - Checkpoint saved: results/search_v9_single_material/cv_results/fold_4/checkpoint_epoch_33_20260909_212030.pth
2026-09-09 21:20:31 - diana.utils.checkpointing - INFO - New best model saved: results/search_v9_single_material/cv_results/fold_4/best_model.pth (val_loss: 0.8742)
2026-09-09 21:20:33 - diana.utils.checkpointing - INFO - Checkpoint saved: results/search_v9_single_material/cv_results/fold_4/checkpoint_epoch_34_20260909_212032.pth
2026-09-09 21:20:34 - diana.utils.checkpointing - INFO - Checkpoint saved: results/search_v9_single_material/cv_results/fold_4/checkpoint_epoch_35_20260909_212033.pth
2026-09-09 21:20:34 - diana.utils.checkpointing - INFO - New best model saved: results/search_v9_single_material/cv_results/fold_4/best_model.pth (val_loss: 0.8701)
2026-09-09 21:20:35 - diana.utils.checkpointing - INFO - Checkpoint saved: results/search_v9_single_material/cv_results/fold_4/checkpoint_epoch_36_20260909_212034.pth
2026-09-09 21:20:36 - diana.utils.checkpointing - INFO - New best model saved: results/search_v9_single_material/cv_results/fold_4/best_model.pth (val_loss: 0.8643)
2026-09-09 21:20:37 - diana.utils.checkpointing - INFO - Checkpoint saved: results/search_v9_single_material/cv_results/fold_4/checkpoint_epoch_37_20260909_212036.pth
2026-09-09 21:20:38 - diana.utils.checkpointing - INFO - Checkpoint saved: results/search_v9_single_material/cv_results/fold_4/checkpoint_epoch_38_20260909_212037.pth
2026-09-09 21:20:39 - diana.utils.checkpointing - INFO - Checkpoint saved: results/search_v9_single_material/cv_results/fold_4/checkpoint_epoch_39_20260909_212038.pth
2026-09-09 21:20:39 - diana.utils.checkpointing - INFO - New best model saved: results/search_v9_single_material/cv_results/fold_4/best_model.pth (val_loss: 0.8524)
2026-09-09 21:20:40 - diana.utils.checkpointing - INFO - Checkpoint saved: results/search_v9_single_material/cv_results/fold_4/checkpoint_epoch_40_20260909_212040.pth
2026-09-09 21:20:41 - __main__ - INFO - Epoch 40/200, Train Loss: 0.8286, Val Loss: 0.8629
2026-09-09 21:20:42 - diana.utils.checkpointing - INFO - Checkpoint saved: results/search_v9_single_material/cv_results/fold_4/checkpoint_epoch_41_20260909_212041.pth
2026-09-09 21:20:43 - diana.utils.checkpointing - INFO - Checkpoint saved: results/search_v9_single_material/cv_results/fold_4/checkpoint_epoch_42_20260909_212042.pth
2026-09-09 21:20:44 - diana.utils.checkpointing - INFO - Checkpoint saved: results/search_v9_single_material/cv_results/fold_4/checkpoint_epoch_43_20260909_212043.pth
2026-09-09 21:20:44 - diana.utils.checkpointing - INFO - New best model saved: results/search_v9_single_material/cv_results/fold_4/best_model.pth (val_loss: 0.8475)
2026-09-09 21:20:45 - diana.utils.checkpointing - INFO - Checkpoint saved: results/search_v9_single_material/cv_results/fold_4/checkpoint_epoch_44_20260909_212045.pth
2026-09-09 21:20:46 - diana.utils.checkpointing - INFO - Checkpoint saved: results/search_v9_single_material/cv_results/fold_4/checkpoint_epoch_45_20260909_212046.pth
2026-09-09 21:20:47 - diana.utils.checkpointing - INFO - New best model saved: results/search_v9_single_material/cv_results/fold_4/best_model.pth (val_loss: 0.8447)
2026-09-09 21:20:48 - diana.utils.checkpointing - INFO - Checkpoint saved: results/search_v9_single_material/cv_results/fold_4/checkpoint_epoch_46_20260909_212048.pth
2026-09-09 21:20:49 - diana.utils.checkpointing - INFO - Checkpoint saved: results/search_v9_single_material/cv_results/fold_4/checkpoint_epoch_47_20260909_212048.pth
2026-09-09 21:20:50 - diana.utils.checkpointing - INFO - Checkpoint saved: results/search_v9_single_material/cv_results/fold_4/checkpoint_epoch_48_20260909_212049.pth
2026-09-09 21:20:50 - diana.utils.checkpointing - INFO - New best model saved: results/search_v9_single_material/cv_results/fold_4/best_model.pth (val_loss: 0.8392)
2026-09-09 21:20:51 - diana.utils.checkpointing - INFO - Checkpoint saved: results/search_v9_single_material/cv_results/fold_4/checkpoint_epoch_49_20260909_212051.pth
2026-09-09 21:20:52 - diana.utils.checkpointing - INFO - New best model saved: results/search_v9_single_material/cv_results/fold_4/best_model.pth (val_loss: 0.8261)
2026-09-09 21:20:53 - diana.utils.checkpointing - INFO - Checkpoint saved: results/search_v9_single_material/cv_results/fold_4/checkpoint_epoch_50_20260909_212052.pth
2026-09-09 21:20:54 - diana.utils.checkpointing - INFO - Checkpoint saved: results/search_v9_single_material/cv_results/fold_4/checkpoint_epoch_51_20260909_212053.pth
2026-09-09 21:20:55 - diana.utils.checkpointing - INFO - Checkpoint saved: results/search_v9_single_material/cv_results/fold_4/checkpoint_epoch_52_20260909_212054.pth
2026-09-09 21:20:55 - diana.utils.checkpointing - INFO - Checkpoint saved: results/search_v9_single_material/cv_results/fold_4/checkpoint_epoch_53_20260909_212055.pth
2026-09-09 21:20:57 - diana.utils.checkpointing - INFO - Checkpoint saved: results/search_v9_single_material/cv_results/fold_4/checkpoint_epoch_54_20260909_212056.pth
2026-09-09 21:20:58 - diana.utils.checkpointing - INFO - Checkpoint saved: results/search_v9_single_material/cv_results/fold_4/checkpoint_epoch_55_20260909_212057.pth
2026-09-09 21:20:59 - diana.utils.checkpointing - INFO - Checkpoint saved: results/search_v9_single_material/cv_results/fold_4/checkpoint_epoch_56_20260909_212058.pth
2026-09-09 21:20:59 - diana.utils.checkpointing - INFO - New best model saved: results/search_v9_single_material/cv_results/fold_4/best_model.pth (val_loss: 0.8225)
2026-09-09 21:21:00 - diana.utils.checkpointing - INFO - Checkpoint saved: results/search_v9_single_material/cv_results/fold_4/checkpoint_epoch_57_20260909_212100.pth
2026-09-09 21:21:01 - diana.utils.checkpointing - INFO - Checkpoint saved: results/search_v9_single_material/cv_results/fold_4/checkpoint_epoch_58_20260909_212101.pth
2026-09-09 21:21:02 - diana.utils.checkpointing - INFO - New best model saved: results/search_v9_single_material/cv_results/fold_4/best_model.pth (val_loss: 0.8188)
2026-09-09 21:21:03 - diana.utils.checkpointing - INFO - Checkpoint saved: results/search_v9_single_material/cv_results/fold_4/checkpoint_epoch_59_20260909_212102.pth
2026-09-09 21:21:04 - diana.utils.checkpointing - INFO - Checkpoint saved: results/search_v9_single_material/cv_results/fold_4/checkpoint_epoch_60_20260909_212103.pth
2026-09-09 21:21:04 - __main__ - INFO - Epoch 60/200, Train Loss: 0.7519, Val Loss: 0.8406
2026-09-09 21:21:05 - diana.utils.checkpointing - INFO - Checkpoint saved: results/search_v9_single_material/cv_results/fold_4/checkpoint_epoch_61_20260909_212104.pth
2026-09-09 21:21:05 - diana.utils.checkpointing - INFO - Checkpoint saved: results/search_v9_single_material/cv_results/fold_4/checkpoint_epoch_62_20260909_212105.pth
2026-09-09 21:21:07 - diana.utils.checkpointing - INFO - Checkpoint saved: results/search_v9_single_material/cv_results/fold_4/checkpoint_epoch_63_20260909_212106.pth
2026-09-09 21:21:08 - diana.utils.checkpointing - INFO - Checkpoint saved: results/search_v9_single_material/cv_results/fold_4/checkpoint_epoch_64_20260909_212107.pth
2026-09-09 21:21:08 - diana.utils.checkpointing - INFO - Checkpoint saved: results/search_v9_single_material/cv_results/fold_4/checkpoint_epoch_65_20260909_212108.pth
2026-09-09 21:21:09 - diana.utils.checkpointing - INFO - New best model saved: results/search_v9_single_material/cv_results/fold_4/best_model.pth (val_loss: 0.7960)
2026-09-09 21:21:10 - diana.utils.checkpointing - INFO - Checkpoint saved: results/search_v9_single_material/cv_results/fold_4/checkpoint_epoch_66_20260909_212109.pth
2026-09-09 21:21:11 - diana.utils.checkpointing - INFO - Checkpoint saved: results/search_v9_single_material/cv_results/fold_4/checkpoint_epoch_67_20260909_212110.pth
2026-09-09 21:21:12 - diana.utils.checkpointing - INFO - Checkpoint saved: results/search_v9_single_material/cv_results/fold_4/checkpoint_epoch_68_20260909_212111.pth
2026-09-09 21:21:13 - diana.utils.checkpointing - INFO - Checkpoint saved: results/search_v9_single_material/cv_results/fold_4/checkpoint_epoch_69_20260909_212112.pth
2026-09-09 21:21:14 - diana.utils.checkpointing - INFO - Checkpoint saved: results/search_v9_single_material/cv_results/fold_4/checkpoint_epoch_70_20260909_212113.pth
2026-09-09 21:21:15 - diana.utils.checkpointing - INFO - Checkpoint saved: results/search_v9_single_material/cv_results/fold_4/checkpoint_epoch_71_20260909_212114.pth
2026-09-09 21:21:16 - diana.utils.checkpointing - INFO - Checkpoint saved: results/search_v9_single_material/cv_results/fold_4/checkpoint_epoch_72_20260909_212116.pth
2026-09-09 21:21:17 - diana.utils.checkpointing - INFO - Checkpoint saved: results/search_v9_single_material/cv_results/fold_4/checkpoint_epoch_73_20260909_212117.pth
2026-09-09 21:21:18 - diana.utils.checkpointing - INFO - Checkpoint saved: results/search_v9_single_material/cv_results/fold_4/checkpoint_epoch_74_20260909_212118.pth
2026-09-09 21:21:19 - diana.utils.checkpointing - INFO - Checkpoint saved: results/search_v9_single_material/cv_results/fold_4/checkpoint_epoch_75_20260909_212118.pth
2026-09-09 21:21:20 - diana.utils.checkpointing - INFO - Checkpoint saved: results/search_v9_single_material/cv_results/fold_4/checkpoint_epoch_76_20260909_212120.pth
2026-09-09 21:21:21 - diana.utils.checkpointing - INFO - Checkpoint saved: results/search_v9_single_material/cv_results/fold_4/checkpoint_epoch_77_20260909_212121.pth
2026-09-09 21:21:22 - diana.utils.checkpointing - INFO - Checkpoint saved: results/search_v9_single_material/cv_results/fold_4/checkpoint_epoch_78_20260909_212122.pth
2026-09-09 21:21:23 - diana.utils.checkpointing - INFO - Checkpoint saved: results/search_v9_single_material/cv_results/fold_4/checkpoint_epoch_79_20260909_212123.pth
2026-09-09 21:21:24 - diana.utils.checkpointing - INFO - Checkpoint saved: results/search_v9_single_material/cv_results/fold_4/checkpoint_epoch_80_20260909_212124.pth
2026-09-09 21:21:24 - __main__ - INFO - Epoch 80/200, Train Loss: 0.7264, Val Loss: 0.8141
2026-09-09 21:21:25 - diana.utils.checkpointing - INFO - Checkpoint saved: results/search_v9_single_material/cv_results/fold_4/checkpoint_epoch_81_20260909_212125.pth
2026-09-09 21:21:26 - diana.utils.checkpointing - INFO - Checkpoint saved: results/search_v9_single_material/cv_results/fold_4/checkpoint_epoch_82_20260909_212126.pth
2026-09-09 21:21:27 - diana.utils.checkpointing - INFO - New best model saved: results/search_v9_single_material/cv_results/fold_4/best_model.pth (val_loss: 0.7771)
2026-09-09 21:21:28 - diana.utils.checkpointing - INFO - Checkpoint saved: results/search_v9_single_material/cv_results/fold_4/checkpoint_epoch_83_20260909_212127.pth
2026-09-09 21:21:29 - diana.utils.checkpointing - INFO - Checkpoint saved: results/search_v9_single_material/cv_results/fold_4/checkpoint_epoch_84_20260909_212128.pth
2026-09-09 21:21:30 - diana.utils.checkpointing - INFO - New best model saved: results/search_v9_single_material/cv_results/fold_4/best_model.pth (val_loss: 0.7689)
2026-09-09 21:21:30 - diana.utils.checkpointing - INFO - Checkpoint saved: results/search_v9_single_material/cv_results/fold_4/checkpoint_epoch_85_20260909_212130.pth
2026-09-09 21:21:31 - diana.utils.checkpointing - INFO - Checkpoint saved: results/search_v9_single_material/cv_results/fold_4/checkpoint_epoch_86_20260909_212131.pth
2026-09-09 21:21:32 - diana.utils.checkpointing - INFO - Checkpoint saved: results/search_v9_single_material/cv_results/fold_4/checkpoint_epoch_87_20260909_212132.pth
2026-09-09 21:21:33 - diana.utils.checkpointing - INFO - Checkpoint saved: results/search_v9_single_material/cv_results/fold_4/checkpoint_epoch_88_20260909_212133.pth
2026-09-09 21:21:34 - diana.utils.checkpointing - INFO - Checkpoint saved: results/search_v9_single_material/cv_results/fold_4/checkpoint_epoch_89_20260909_212133.pth
2026-09-09 21:21:35 - diana.utils.checkpointing - INFO - Checkpoint saved: results/search_v9_single_material/cv_results/fold_4/checkpoint_epoch_90_20260909_212135.pth
2026-09-09 21:21:36 - diana.utils.checkpointing - INFO - Checkpoint saved: results/search_v9_single_material/cv_results/fold_4/checkpoint_epoch_91_20260909_212136.pth
2026-09-09 21:21:37 - diana.utils.checkpointing - INFO - Checkpoint saved: results/search_v9_single_material/cv_results/fold_4/checkpoint_epoch_92_20260909_212136.pth
2026-09-09 21:21:38 - diana.utils.checkpointing - INFO - Checkpoint saved: results/search_v9_single_material/cv_results/fold_4/checkpoint_epoch_93_20260909_212137.pth
2026-09-09 21:21:39 - diana.utils.checkpointing - INFO - Checkpoint saved: results/search_v9_single_material/cv_results/fold_4/checkpoint_epoch_94_20260909_212138.pth
2026-09-09 21:21:40 - diana.utils.checkpointing - INFO - Checkpoint saved: results/search_v9_single_material/cv_results/fold_4/checkpoint_epoch_95_20260909_212139.pth
2026-09-09 21:21:41 - diana.utils.checkpointing - INFO - Checkpoint saved: results/search_v9_single_material/cv_results/fold_4/checkpoint_epoch_96_20260909_212140.pth
2026-09-09 21:21:41 - diana.utils.checkpointing - INFO - Checkpoint saved: results/search_v9_single_material/cv_results/fold_4/checkpoint_epoch_97_20260909_212141.pth
2026-09-09 21:21:42 - diana.utils.checkpointing - INFO - Checkpoint saved: results/search_v9_single_material/cv_results/fold_4/checkpoint_epoch_98_20260909_212142.pth
2026-09-09 21:21:43 - diana.utils.checkpointing - INFO - Checkpoint saved: results/search_v9_single_material/cv_results/fold_4/checkpoint_epoch_99_20260909_212143.pth
2026-09-09 21:21:44 - diana.utils.checkpointing - INFO - Checkpoint saved: results/search_v9_single_material/cv_results/fold_4/checkpoint_epoch_100_20260909_212144.pth
2026-09-09 21:21:44 - __main__ - INFO - Epoch 100/200, Train Loss: 0.6983, Val Loss: 0.7779
2026-09-09 21:21:45 - diana.utils.checkpointing - INFO - Checkpoint saved: results/search_v9_single_material/cv_results/fold_4/checkpoint_epoch_101_20260909_212145.pth
2026-09-09 21:21:46 - diana.utils.checkpointing - INFO - Checkpoint saved: results/search_v9_single_material/cv_results/fold_4/checkpoint_epoch_102_20260909_212146.pth
2026-09-09 21:21:47 - diana.utils.checkpointing - INFO - Checkpoint saved: results/search_v9_single_material/cv_results/fold_4/checkpoint_epoch_103_20260909_212147.pth
2026-09-09 21:21:48 - diana.utils.checkpointing - INFO - Checkpoint saved: results/search_v9_single_material/cv_results/fold_4/checkpoint_epoch_104_20260909_212148.pth
2026-09-09 21:21:48 - __main__ - INFO - Early stopping triggered after 104 epochs (patience=20)
2026-09-09 21:21:48 - diana.utils.checkpointing - INFO - Loading checkpoint: results/search_v9_single_material/cv_results/fold_4/best_model.pth
2026-09-09 21:21:49 - __main__ - INFO - Loaded best model from epoch 84 (val_loss: 0.7689)
2026-09-09 21:21:49 - __main__ - INFO - Evaluating on held-out test set...
2026-09-09 21:21:49 - __main__ - INFO - material test metrics: {'n_scored': 489, 'accuracy': 0.6973415132924335, 'f1_weighted': 0.7326682432244517, 'f1_macro': 0.3794943312967236, 'balanced_accuracy': 0.5595367941253755}
2026-09-09 21:21:49 - diana.utils.checkpointing - INFO - Final model saved: results/search_v9_single_material/cv_results/fold_4/final_model_20260909_212149.pth
2026-09-09 21:21:49 - __main__ - INFO - Final model saved to results/search_v9_single_material/cv_results/fold_4/final_model_20260909_212149.pth
2026-09-09 21:21:49 - __main__ - INFO - Results saved to results/search_v9_single_material/cv_results/fold_4/multitask_fold_4_results_20260909_180438.json
2026-09-09 21:21:49 - __main__ - INFO - ================================================================================
2026-09-09 21:21:49 - __main__ - INFO - ================================================================================
2026-09-09 21:21:49 - __main__ - INFO - === FOLD COMPLETE ===
2026-09-09 21:21:49 - __main__ - INFO - ================================================================================
2026-09-09 21:21:49 - __main__ - INFO - Results: {'material': {'n_scored': 489, 'accuracy': 0.6973415132924335, 'f1_weighted': 0.7326682432244517, 'f1_macro': 0.3794943312967236, 'balanced_accuracy': 0.5595367941253755}}
