2026-09-09 17:29:51 - root - INFO - Logging to file: results/search_v9_single_sample_host/cv_results/fold_2/fold_2_training.log
2026-09-09 17:29:51 - __main__ - INFO - ================================================================================
2026-09-09 17:29:51 - __main__ - INFO - DIANA Multi-Task Hyperparameter Optimization
2026-09-09 17:29:51 - __main__ - INFO - ================================================================================
2026-09-09 17:29:51 - __main__ - INFO - Run config:   configs/train_config_v9_search_single_sample_host.json
2026-09-09 17:29:51 - __main__ - INFO - Features:     data/matrices/matrix_v9_train/unitigs.frac.mat
2026-09-09 17:29:51 - __main__ - INFO - Metadata:     data/splits_v9/train_metadata.tsv
2026-09-09 17:29:51 - __main__ - INFO - Output dir:   results/search_v9_single_sample_host
2026-09-09 17:29:51 - __main__ - INFO - Tasks:        ['sample_host']
2026-09-09 17:29:51 - __main__ - INFO - Task types:   {'sample_host': 'classification'}
2026-09-09 17:29:51 - __main__ - INFO - Fold:         2 / 5
2026-09-09 17:29:51 - __main__ - INFO - Trials:       100  Max epochs: 200  Patience: 20
2026-09-09 17:29:51 - __main__ - INFO - GPU:          True  Seed: 42
2026-09-09 17:29:51 - __main__ - INFO - Loading data from data/matrices/matrix_v9_train/unitigs.frac.mat
2026-09-09 17:29:51 - diana.data.loader - INFO - Loading matrix from data/matrices/matrix_v9_train/unitigs.frac.mat
2026-09-09 17:30:51 - diana.data.loader - INFO - Loaded 110202 features × 2716 samples (before transpose)
2026-09-09 17:30:51 - diana.data.loader - INFO - Transposed to 2716 samples × 110202 features
2026-09-09 17:30:51 - diana.data.loader - INFO - Reading sample IDs from data/matrices/matrix_v9_train/kmer_matrix/kmtricks.fof
2026-09-09 17:30:51 - diana.data.loader - INFO - Sample IDs: ['ERR10114844', 'ERR10114845', 'ERR10114846']...
2026-09-09 17:30:51 - diana.data.loader - INFO - Loading metadata from data/splits_v9/train_metadata.tsv
2026-09-09 17:30:51 - diana.data.loader - INFO - Metadata: 2716 rows × 15 columns
2026-09-09 17:30:51 - diana.data.loader - INFO - Metadata aligned to matrix sample order
2026-09-09 17:30:51 - __main__ - INFO - Loaded 2716 samples with 110202 features
2026-09-09 17:30:51 - __main__ - INFO - Loaded 2716 samples × 110202 features
2026-09-09 17:30:51 - __main__ - INFO - === FOLD 2/4 ===
2026-09-09 17:30:51 - __main__ - INFO - Output directory: results/search_v9_single_sample_host/cv_results/fold_2
2026-09-09 17:30:51 - __main__ - INFO - Using device: cuda
2026-09-09 17:30:51 - __main__ - INFO - Class imbalance: logit adjustment, tau SEARCHED in [0.05, 0.8]
2026-09-09 17:30:51 - __main__ - INFO - sample_host: 24 classes, 2085 labelled, 631 masked - ['Alouatta palliata', 'Ambrosia artemisiifolia', 'Arabidopsis thaliana', 'Bison priscus', 'Canis lupus']...
2026-09-09 17:30:51 - __main__ - INFO - Grouping CV folds on 'archive_project': 68 groups over 2716 runs
2026-09-09 17:30:51 - __main__ - INFO - Outer fold 2 taken from data/splits_v9/dev_folds.tsv (5 dev folds)
2026-09-09 17:30:51 - __main__ - INFO - Train: 2003, Test: 713 (outer fold verified archive_project-disjoint)
2026-09-09 17:30:52 - __main__ - INFO - 3 inner folds verified archive_project-disjoint
2026-09-09 17:30:52 - __main__ - INFO - Starting Optuna optimization with 100 trials...
2026-09-09 17:30:52 - __main__ - INFO - Each trial will be evaluated on 3 inner CV folds
2026-09-09 17:30:52 - __main__ - INFO - sample_host priors: [0, 11, 0, 0, 11, 4, 4, 20, 6, 55, 34, 541, 0, 11, 16, 0, 0, 0, 4, 5, 1, 24, 4, 339]
2026-09-09 17:32:37 - __main__ - INFO - sample_host priors: [6, 0, 0, 0, 2, 4, 4, 0, 17, 12, 11, 680, 16, 0, 0, 8, 11, 9, 4, 5, 1, 0, 4, 316]
2026-09-09 17:34:25 - __main__ - INFO - sample_host priors: [6, 11, 0, 0, 11, 0, 0, 20, 23, 67, 45, 735, 16, 11, 16, 8, 11, 9, 0, 0, 0, 24, 0, 23]
2026-09-09 17:36:15 - __main__ - INFO - sample_host priors: [0, 11, 0, 0, 11, 4, 4, 20, 6, 55, 34, 541, 0, 11, 16, 0, 0, 0, 4, 5, 1, 24, 4, 339]
2026-09-09 17:37:05 - __main__ - INFO - sample_host priors: [6, 0, 0, 0, 2, 4, 4, 0, 17, 12, 11, 680, 16, 0, 0, 8, 11, 9, 4, 5, 1, 0, 4, 316]
2026-09-09 17:37:51 - __main__ - INFO - sample_host priors: [6, 11, 0, 0, 11, 0, 0, 20, 23, 67, 45, 735, 16, 11, 16, 8, 11, 9, 0, 0, 0, 24, 0, 23]
2026-09-09 17:38:30 - __main__ - INFO - sample_host priors: [0, 11, 0, 0, 11, 4, 4, 20, 6, 55, 34, 541, 0, 11, 16, 0, 0, 0, 4, 5, 1, 24, 4, 339]
2026-09-09 17:39:26 - __main__ - INFO - sample_host priors: [6, 0, 0, 0, 2, 4, 4, 0, 17, 12, 11, 680, 16, 0, 0, 8, 11, 9, 4, 5, 1, 0, 4, 316]
2026-09-09 17:40:21 - __main__ - INFO - sample_host priors: [6, 11, 0, 0, 11, 0, 0, 20, 23, 67, 45, 735, 16, 11, 16, 8, 11, 9, 0, 0, 0, 24, 0, 23]
2026-09-09 17:41:02 - __main__ - INFO - sample_host priors: [0, 11, 0, 0, 11, 4, 4, 20, 6, 55, 34, 541, 0, 11, 16, 0, 0, 0, 4, 5, 1, 24, 4, 339]
2026-09-09 17:42:00 - __main__ - INFO - sample_host priors: [6, 0, 0, 0, 2, 4, 4, 0, 17, 12, 11, 680, 16, 0, 0, 8, 11, 9, 4, 5, 1, 0, 4, 316]
2026-09-09 17:42:56 - __main__ - INFO - sample_host priors: [6, 11, 0, 0, 11, 0, 0, 20, 23, 67, 45, 735, 16, 11, 16, 8, 11, 9, 0, 0, 0, 24, 0, 23]
2026-09-09 17:43:59 - __main__ - INFO - sample_host priors: [0, 11, 0, 0, 11, 4, 4, 20, 6, 55, 34, 541, 0, 11, 16, 0, 0, 0, 4, 5, 1, 24, 4, 339]
2026-09-09 17:44:45 - __main__ - INFO - sample_host priors: [6, 0, 0, 0, 2, 4, 4, 0, 17, 12, 11, 680, 16, 0, 0, 8, 11, 9, 4, 5, 1, 0, 4, 316]
2026-09-09 17:45:42 - __main__ - INFO - sample_host priors: [6, 11, 0, 0, 11, 0, 0, 20, 23, 67, 45, 735, 16, 11, 16, 8, 11, 9, 0, 0, 0, 24, 0, 23]
2026-09-09 17:46:12 - __main__ - INFO - sample_host priors: [0, 11, 0, 0, 11, 4, 4, 20, 6, 55, 34, 541, 0, 11, 16, 0, 0, 0, 4, 5, 1, 24, 4, 339]
2026-09-09 17:47:06 - __main__ - INFO - sample_host priors: [6, 0, 0, 0, 2, 4, 4, 0, 17, 12, 11, 680, 16, 0, 0, 8, 11, 9, 4, 5, 1, 0, 4, 316]
2026-09-09 17:48:12 - __main__ - INFO - sample_host priors: [6, 11, 0, 0, 11, 0, 0, 20, 23, 67, 45, 735, 16, 11, 16, 8, 11, 9, 0, 0, 0, 24, 0, 23]
2026-09-09 17:48:54 - __main__ - INFO - sample_host priors: [0, 11, 0, 0, 11, 4, 4, 20, 6, 55, 34, 541, 0, 11, 16, 0, 0, 0, 4, 5, 1, 24, 4, 339]
2026-09-09 17:49:48 - __main__ - INFO - sample_host priors: [6, 0, 0, 0, 2, 4, 4, 0, 17, 12, 11, 680, 16, 0, 0, 8, 11, 9, 4, 5, 1, 0, 4, 316]
2026-09-09 17:50:33 - __main__ - INFO - sample_host priors: [6, 11, 0, 0, 11, 0, 0, 20, 23, 67, 45, 735, 16, 11, 16, 8, 11, 9, 0, 0, 0, 24, 0, 23]
2026-09-09 17:51:12 - __main__ - INFO - sample_host priors: [0, 11, 0, 0, 11, 4, 4, 20, 6, 55, 34, 541, 0, 11, 16, 0, 0, 0, 4, 5, 1, 24, 4, 339]
2026-09-09 17:52:57 - __main__ - INFO - sample_host priors: [6, 0, 0, 0, 2, 4, 4, 0, 17, 12, 11, 680, 16, 0, 0, 8, 11, 9, 4, 5, 1, 0, 4, 316]
2026-09-09 17:54:31 - __main__ - INFO - sample_host priors: [6, 11, 0, 0, 11, 0, 0, 20, 23, 67, 45, 735, 16, 11, 16, 8, 11, 9, 0, 0, 0, 24, 0, 23]
2026-09-09 17:56:06 - __main__ - INFO - sample_host priors: [0, 11, 0, 0, 11, 4, 4, 20, 6, 55, 34, 541, 0, 11, 16, 0, 0, 0, 4, 5, 1, 24, 4, 339]
2026-09-09 17:56:39 - __main__ - INFO - sample_host priors: [6, 0, 0, 0, 2, 4, 4, 0, 17, 12, 11, 680, 16, 0, 0, 8, 11, 9, 4, 5, 1, 0, 4, 316]
2026-09-09 17:57:35 - __main__ - INFO - sample_host priors: [6, 11, 0, 0, 11, 0, 0, 20, 23, 67, 45, 735, 16, 11, 16, 8, 11, 9, 0, 0, 0, 24, 0, 23]
2026-09-09 17:58:09 - __main__ - INFO - sample_host priors: [0, 11, 0, 0, 11, 4, 4, 20, 6, 55, 34, 541, 0, 11, 16, 0, 0, 0, 4, 5, 1, 24, 4, 339]
2026-09-09 17:58:55 - __main__ - INFO - sample_host priors: [6, 0, 0, 0, 2, 4, 4, 0, 17, 12, 11, 680, 16, 0, 0, 8, 11, 9, 4, 5, 1, 0, 4, 316]
2026-09-09 17:59:53 - __main__ - INFO - sample_host priors: [6, 11, 0, 0, 11, 0, 0, 20, 23, 67, 45, 735, 16, 11, 16, 8, 11, 9, 0, 0, 0, 24, 0, 23]
2026-09-09 18:00:43 - __main__ - INFO - sample_host priors: [0, 11, 0, 0, 11, 4, 4, 20, 6, 55, 34, 541, 0, 11, 16, 0, 0, 0, 4, 5, 1, 24, 4, 339]
2026-09-09 18:01:36 - __main__ - INFO - sample_host priors: [6, 0, 0, 0, 2, 4, 4, 0, 17, 12, 11, 680, 16, 0, 0, 8, 11, 9, 4, 5, 1, 0, 4, 316]
2026-09-09 18:02:34 - __main__ - INFO - sample_host priors: [6, 11, 0, 0, 11, 0, 0, 20, 23, 67, 45, 735, 16, 11, 16, 8, 11, 9, 0, 0, 0, 24, 0, 23]
2026-09-09 18:03:23 - __main__ - INFO - sample_host priors: [0, 11, 0, 0, 11, 4, 4, 20, 6, 55, 34, 541, 0, 11, 16, 0, 0, 0, 4, 5, 1, 24, 4, 339]
2026-09-09 18:04:16 - __main__ - INFO - sample_host priors: [6, 0, 0, 0, 2, 4, 4, 0, 17, 12, 11, 680, 16, 0, 0, 8, 11, 9, 4, 5, 1, 0, 4, 316]
2026-09-09 18:04:58 - __main__ - INFO - sample_host priors: [6, 11, 0, 0, 11, 0, 0, 20, 23, 67, 45, 735, 16, 11, 16, 8, 11, 9, 0, 0, 0, 24, 0, 23]
2026-09-09 18:05:44 - __main__ - INFO - sample_host priors: [0, 11, 0, 0, 11, 4, 4, 20, 6, 55, 34, 541, 0, 11, 16, 0, 0, 0, 4, 5, 1, 24, 4, 339]
2026-09-09 18:07:32 - __main__ - INFO - sample_host priors: [6, 0, 0, 0, 2, 4, 4, 0, 17, 12, 11, 680, 16, 0, 0, 8, 11, 9, 4, 5, 1, 0, 4, 316]
2026-09-09 18:09:12 - __main__ - INFO - sample_host priors: [6, 11, 0, 0, 11, 0, 0, 20, 23, 67, 45, 735, 16, 11, 16, 8, 11, 9, 0, 0, 0, 24, 0, 23]
2026-09-09 18:10:52 - __main__ - INFO - sample_host priors: [0, 11, 0, 0, 11, 4, 4, 20, 6, 55, 34, 541, 0, 11, 16, 0, 0, 0, 4, 5, 1, 24, 4, 339]
2026-09-09 18:11:55 - __main__ - INFO - sample_host priors: [6, 0, 0, 0, 2, 4, 4, 0, 17, 12, 11, 680, 16, 0, 0, 8, 11, 9, 4, 5, 1, 0, 4, 316]
2026-09-09 18:12:46 - __main__ - INFO - sample_host priors: [6, 11, 0, 0, 11, 0, 0, 20, 23, 67, 45, 735, 16, 11, 16, 8, 11, 9, 0, 0, 0, 24, 0, 23]
2026-09-09 18:13:21 - __main__ - INFO - sample_host priors: [0, 11, 0, 0, 11, 4, 4, 20, 6, 55, 34, 541, 0, 11, 16, 0, 0, 0, 4, 5, 1, 24, 4, 339]
2026-09-09 18:14:26 - __main__ - INFO - sample_host priors: [6, 0, 0, 0, 2, 4, 4, 0, 17, 12, 11, 680, 16, 0, 0, 8, 11, 9, 4, 5, 1, 0, 4, 316]
2026-09-09 18:15:36 - __main__ - INFO - sample_host priors: [6, 11, 0, 0, 11, 0, 0, 20, 23, 67, 45, 735, 16, 11, 16, 8, 11, 9, 0, 0, 0, 24, 0, 23]
2026-09-09 18:16:45 - __main__ - INFO - sample_host priors: [0, 11, 0, 0, 11, 4, 4, 20, 6, 55, 34, 541, 0, 11, 16, 0, 0, 0, 4, 5, 1, 24, 4, 339]
2026-09-09 18:18:16 - __main__ - INFO - sample_host priors: [6, 0, 0, 0, 2, 4, 4, 0, 17, 12, 11, 680, 16, 0, 0, 8, 11, 9, 4, 5, 1, 0, 4, 316]
2026-09-09 18:19:15 - __main__ - INFO - sample_host priors: [6, 11, 0, 0, 11, 0, 0, 20, 23, 67, 45, 735, 16, 11, 16, 8, 11, 9, 0, 0, 0, 24, 0, 23]
2026-09-09 18:20:44 - __main__ - INFO - sample_host priors: [0, 11, 0, 0, 11, 4, 4, 20, 6, 55, 34, 541, 0, 11, 16, 0, 0, 0, 4, 5, 1, 24, 4, 339]
2026-09-09 18:21:39 - __main__ - INFO - sample_host priors: [6, 0, 0, 0, 2, 4, 4, 0, 17, 12, 11, 680, 16, 0, 0, 8, 11, 9, 4, 5, 1, 0, 4, 316]
2026-09-09 18:22:38 - __main__ - INFO - sample_host priors: [6, 11, 0, 0, 11, 0, 0, 20, 23, 67, 45, 735, 16, 11, 16, 8, 11, 9, 0, 0, 0, 24, 0, 23]
2026-09-09 18:23:28 - __main__ - INFO - sample_host priors: [0, 11, 0, 0, 11, 4, 4, 20, 6, 55, 34, 541, 0, 11, 16, 0, 0, 0, 4, 5, 1, 24, 4, 339]
2026-09-09 18:24:04 - __main__ - INFO - sample_host priors: [6, 0, 0, 0, 2, 4, 4, 0, 17, 12, 11, 680, 16, 0, 0, 8, 11, 9, 4, 5, 1, 0, 4, 316]
2026-09-09 18:24:42 - __main__ - INFO - sample_host priors: [6, 11, 0, 0, 11, 0, 0, 20, 23, 67, 45, 735, 16, 11, 16, 8, 11, 9, 0, 0, 0, 24, 0, 23]
2026-09-09 18:25:26 - __main__ - INFO - sample_host priors: [0, 11, 0, 0, 11, 4, 4, 20, 6, 55, 34, 541, 0, 11, 16, 0, 0, 0, 4, 5, 1, 24, 4, 339]
2026-09-09 18:26:29 - __main__ - INFO - sample_host priors: [6, 0, 0, 0, 2, 4, 4, 0, 17, 12, 11, 680, 16, 0, 0, 8, 11, 9, 4, 5, 1, 0, 4, 316]
2026-09-09 18:27:18 - __main__ - INFO - sample_host priors: [6, 11, 0, 0, 11, 0, 0, 20, 23, 67, 45, 735, 16, 11, 16, 8, 11, 9, 0, 0, 0, 24, 0, 23]
2026-09-09 18:28:07 - __main__ - INFO - sample_host priors: [0, 11, 0, 0, 11, 4, 4, 20, 6, 55, 34, 541, 0, 11, 16, 0, 0, 0, 4, 5, 1, 24, 4, 339]
2026-09-09 18:29:32 - __main__ - INFO - sample_host priors: [6, 0, 0, 0, 2, 4, 4, 0, 17, 12, 11, 680, 16, 0, 0, 8, 11, 9, 4, 5, 1, 0, 4, 316]
2026-09-09 18:31:05 - __main__ - INFO - sample_host priors: [6, 11, 0, 0, 11, 0, 0, 20, 23, 67, 45, 735, 16, 11, 16, 8, 11, 9, 0, 0, 0, 24, 0, 23]
2026-09-09 18:32:25 - __main__ - INFO - sample_host priors: [0, 11, 0, 0, 11, 4, 4, 20, 6, 55, 34, 541, 0, 11, 16, 0, 0, 0, 4, 5, 1, 24, 4, 339]
2026-09-09 18:33:04 - __main__ - INFO - sample_host priors: [6, 0, 0, 0, 2, 4, 4, 0, 17, 12, 11, 680, 16, 0, 0, 8, 11, 9, 4, 5, 1, 0, 4, 316]
2026-09-09 18:33:41 - __main__ - INFO - sample_host priors: [6, 11, 0, 0, 11, 0, 0, 20, 23, 67, 45, 735, 16, 11, 16, 8, 11, 9, 0, 0, 0, 24, 0, 23]
2026-09-09 18:34:07 - __main__ - INFO - sample_host priors: [0, 11, 0, 0, 11, 4, 4, 20, 6, 55, 34, 541, 0, 11, 16, 0, 0, 0, 4, 5, 1, 24, 4, 339]
2026-09-09 18:34:43 - __main__ - INFO - sample_host priors: [6, 0, 0, 0, 2, 4, 4, 0, 17, 12, 11, 680, 16, 0, 0, 8, 11, 9, 4, 5, 1, 0, 4, 316]
2026-09-09 18:35:34 - __main__ - INFO - sample_host priors: [6, 11, 0, 0, 11, 0, 0, 20, 23, 67, 45, 735, 16, 11, 16, 8, 11, 9, 0, 0, 0, 24, 0, 23]
2026-09-09 18:36:14 - __main__ - INFO - sample_host priors: [0, 11, 0, 0, 11, 4, 4, 20, 6, 55, 34, 541, 0, 11, 16, 0, 0, 0, 4, 5, 1, 24, 4, 339]
2026-09-09 18:37:00 - __main__ - INFO - sample_host priors: [6, 0, 0, 0, 2, 4, 4, 0, 17, 12, 11, 680, 16, 0, 0, 8, 11, 9, 4, 5, 1, 0, 4, 316]
2026-09-09 18:37:37 - __main__ - INFO - sample_host priors: [6, 11, 0, 0, 11, 0, 0, 20, 23, 67, 45, 735, 16, 11, 16, 8, 11, 9, 0, 0, 0, 24, 0, 23]
2026-09-09 18:38:08 - __main__ - INFO - sample_host priors: [0, 11, 0, 0, 11, 4, 4, 20, 6, 55, 34, 541, 0, 11, 16, 0, 0, 0, 4, 5, 1, 24, 4, 339]
2026-09-09 18:39:04 - __main__ - INFO - sample_host priors: [6, 0, 0, 0, 2, 4, 4, 0, 17, 12, 11, 680, 16, 0, 0, 8, 11, 9, 4, 5, 1, 0, 4, 316]
2026-09-09 18:39:43 - __main__ - INFO - sample_host priors: [6, 11, 0, 0, 11, 0, 0, 20, 23, 67, 45, 735, 16, 11, 16, 8, 11, 9, 0, 0, 0, 24, 0, 23]
2026-09-09 18:40:13 - __main__ - INFO - sample_host priors: [0, 11, 0, 0, 11, 4, 4, 20, 6, 55, 34, 541, 0, 11, 16, 0, 0, 0, 4, 5, 1, 24, 4, 339]
2026-09-09 18:40:49 - __main__ - INFO - sample_host priors: [6, 0, 0, 0, 2, 4, 4, 0, 17, 12, 11, 680, 16, 0, 0, 8, 11, 9, 4, 5, 1, 0, 4, 316]
2026-09-09 18:41:27 - __main__ - INFO - sample_host priors: [6, 11, 0, 0, 11, 0, 0, 20, 23, 67, 45, 735, 16, 11, 16, 8, 11, 9, 0, 0, 0, 24, 0, 23]
2026-09-09 18:42:27 - __main__ - INFO - sample_host priors: [0, 11, 0, 0, 11, 4, 4, 20, 6, 55, 34, 541, 0, 11, 16, 0, 0, 0, 4, 5, 1, 24, 4, 339]
2026-09-09 18:43:36 - __main__ - INFO - sample_host priors: [6, 0, 0, 0, 2, 4, 4, 0, 17, 12, 11, 680, 16, 0, 0, 8, 11, 9, 4, 5, 1, 0, 4, 316]
2026-09-09 18:44:50 - __main__ - INFO - sample_host priors: [6, 11, 0, 0, 11, 0, 0, 20, 23, 67, 45, 735, 16, 11, 16, 8, 11, 9, 0, 0, 0, 24, 0, 23]
2026-09-09 18:45:51 - __main__ - INFO - sample_host priors: [0, 11, 0, 0, 11, 4, 4, 20, 6, 55, 34, 541, 0, 11, 16, 0, 0, 0, 4, 5, 1, 24, 4, 339]
2026-09-09 18:46:47 - __main__ - INFO - sample_host priors: [6, 0, 0, 0, 2, 4, 4, 0, 17, 12, 11, 680, 16, 0, 0, 8, 11, 9, 4, 5, 1, 0, 4, 316]
2026-09-09 18:47:37 - __main__ - INFO - sample_host priors: [6, 11, 0, 0, 11, 0, 0, 20, 23, 67, 45, 735, 16, 11, 16, 8, 11, 9, 0, 0, 0, 24, 0, 23]
2026-09-09 18:48:15 - __main__ - INFO - sample_host priors: [0, 11, 0, 0, 11, 4, 4, 20, 6, 55, 34, 541, 0, 11, 16, 0, 0, 0, 4, 5, 1, 24, 4, 339]
2026-09-09 18:48:54 - __main__ - INFO - sample_host priors: [6, 0, 0, 0, 2, 4, 4, 0, 17, 12, 11, 680, 16, 0, 0, 8, 11, 9, 4, 5, 1, 0, 4, 316]
2026-09-09 18:49:45 - __main__ - INFO - sample_host priors: [6, 11, 0, 0, 11, 0, 0, 20, 23, 67, 45, 735, 16, 11, 16, 8, 11, 9, 0, 0, 0, 24, 0, 23]
2026-09-09 18:50:28 - __main__ - INFO - sample_host priors: [0, 11, 0, 0, 11, 4, 4, 20, 6, 55, 34, 541, 0, 11, 16, 0, 0, 0, 4, 5, 1, 24, 4, 339]
2026-09-09 18:51:11 - __main__ - INFO - sample_host priors: [6, 0, 0, 0, 2, 4, 4, 0, 17, 12, 11, 680, 16, 0, 0, 8, 11, 9, 4, 5, 1, 0, 4, 316]
2026-09-09 18:52:21 - __main__ - INFO - sample_host priors: [6, 11, 0, 0, 11, 0, 0, 20, 23, 67, 45, 735, 16, 11, 16, 8, 11, 9, 0, 0, 0, 24, 0, 23]
2026-09-09 18:53:22 - __main__ - INFO - sample_host priors: [0, 11, 0, 0, 11, 4, 4, 20, 6, 55, 34, 541, 0, 11, 16, 0, 0, 0, 4, 5, 1, 24, 4, 339]
2026-09-09 18:55:22 - __main__ - INFO - sample_host priors: [6, 0, 0, 0, 2, 4, 4, 0, 17, 12, 11, 680, 16, 0, 0, 8, 11, 9, 4, 5, 1, 0, 4, 316]
2026-09-09 18:57:25 - __main__ - INFO - sample_host priors: [6, 11, 0, 0, 11, 0, 0, 20, 23, 67, 45, 735, 16, 11, 16, 8, 11, 9, 0, 0, 0, 24, 0, 23]
2026-09-09 18:58:52 - __main__ - INFO - sample_host priors: [0, 11, 0, 0, 11, 4, 4, 20, 6, 55, 34, 541, 0, 11, 16, 0, 0, 0, 4, 5, 1, 24, 4, 339]
2026-09-09 19:00:16 - __main__ - INFO - sample_host priors: [6, 0, 0, 0, 2, 4, 4, 0, 17, 12, 11, 680, 16, 0, 0, 8, 11, 9, 4, 5, 1, 0, 4, 316]
2026-09-09 19:01:45 - __main__ - INFO - sample_host priors: [6, 11, 0, 0, 11, 0, 0, 20, 23, 67, 45, 735, 16, 11, 16, 8, 11, 9, 0, 0, 0, 24, 0, 23]
2026-09-09 19:02:35 - __main__ - INFO - sample_host priors: [0, 11, 0, 0, 11, 4, 4, 20, 6, 55, 34, 541, 0, 11, 16, 0, 0, 0, 4, 5, 1, 24, 4, 339]
2026-09-09 19:04:40 - __main__ - INFO - sample_host priors: [6, 0, 0, 0, 2, 4, 4, 0, 17, 12, 11, 680, 16, 0, 0, 8, 11, 9, 4, 5, 1, 0, 4, 316]
2026-09-09 19:06:48 - __main__ - INFO - sample_host priors: [6, 11, 0, 0, 11, 0, 0, 20, 23, 67, 45, 735, 16, 11, 16, 8, 11, 9, 0, 0, 0, 24, 0, 23]
2026-09-09 19:08:43 - __main__ - INFO - sample_host priors: [0, 11, 0, 0, 11, 4, 4, 20, 6, 55, 34, 541, 0, 11, 16, 0, 0, 0, 4, 5, 1, 24, 4, 339]
2026-09-09 19:10:29 - __main__ - INFO - sample_host priors: [6, 0, 0, 0, 2, 4, 4, 0, 17, 12, 11, 680, 16, 0, 0, 8, 11, 9, 4, 5, 1, 0, 4, 316]
2026-09-09 19:11:41 - __main__ - INFO - sample_host priors: [6, 11, 0, 0, 11, 0, 0, 20, 23, 67, 45, 735, 16, 11, 16, 8, 11, 9, 0, 0, 0, 24, 0, 23]
2026-09-09 19:12:52 - __main__ - INFO - sample_host priors: [0, 11, 0, 0, 11, 4, 4, 20, 6, 55, 34, 541, 0, 11, 16, 0, 0, 0, 4, 5, 1, 24, 4, 339]
2026-09-09 19:14:38 - __main__ - INFO - sample_host priors: [6, 0, 0, 0, 2, 4, 4, 0, 17, 12, 11, 680, 16, 0, 0, 8, 11, 9, 4, 5, 1, 0, 4, 316]
2026-09-09 19:15:47 - __main__ - INFO - sample_host priors: [6, 11, 0, 0, 11, 0, 0, 20, 23, 67, 45, 735, 16, 11, 16, 8, 11, 9, 0, 0, 0, 24, 0, 23]
2026-09-09 19:16:54 - __main__ - INFO - sample_host priors: [0, 11, 0, 0, 11, 4, 4, 20, 6, 55, 34, 541, 0, 11, 16, 0, 0, 0, 4, 5, 1, 24, 4, 339]
2026-09-09 19:18:11 - __main__ - INFO - sample_host priors: [6, 0, 0, 0, 2, 4, 4, 0, 17, 12, 11, 680, 16, 0, 0, 8, 11, 9, 4, 5, 1, 0, 4, 316]
2026-09-09 19:20:03 - __main__ - INFO - sample_host priors: [6, 11, 0, 0, 11, 0, 0, 20, 23, 67, 45, 735, 16, 11, 16, 8, 11, 9, 0, 0, 0, 24, 0, 23]
2026-09-09 19:21:17 - __main__ - INFO - sample_host priors: [0, 11, 0, 0, 11, 4, 4, 20, 6, 55, 34, 541, 0, 11, 16, 0, 0, 0, 4, 5, 1, 24, 4, 339]
2026-09-09 19:22:20 - __main__ - INFO - sample_host priors: [6, 0, 0, 0, 2, 4, 4, 0, 17, 12, 11, 680, 16, 0, 0, 8, 11, 9, 4, 5, 1, 0, 4, 316]
2026-09-09 19:23:51 - __main__ - INFO - sample_host priors: [6, 11, 0, 0, 11, 0, 0, 20, 23, 67, 45, 735, 16, 11, 16, 8, 11, 9, 0, 0, 0, 24, 0, 23]
2026-09-09 19:25:32 - __main__ - INFO - sample_host priors: [0, 11, 0, 0, 11, 4, 4, 20, 6, 55, 34, 541, 0, 11, 16, 0, 0, 0, 4, 5, 1, 24, 4, 339]
2026-09-09 19:26:10 - __main__ - INFO - sample_host priors: [6, 0, 0, 0, 2, 4, 4, 0, 17, 12, 11, 680, 16, 0, 0, 8, 11, 9, 4, 5, 1, 0, 4, 316]
2026-09-09 19:26:48 - __main__ - INFO - sample_host priors: [6, 11, 0, 0, 11, 0, 0, 20, 23, 67, 45, 735, 16, 11, 16, 8, 11, 9, 0, 0, 0, 24, 0, 23]
2026-09-09 19:27:08 - __main__ - INFO - sample_host priors: [0, 11, 0, 0, 11, 4, 4, 20, 6, 55, 34, 541, 0, 11, 16, 0, 0, 0, 4, 5, 1, 24, 4, 339]
2026-09-09 19:27:55 - __main__ - INFO - sample_host priors: [6, 0, 0, 0, 2, 4, 4, 0, 17, 12, 11, 680, 16, 0, 0, 8, 11, 9, 4, 5, 1, 0, 4, 316]
2026-09-09 19:28:39 - __main__ - INFO - sample_host priors: [6, 11, 0, 0, 11, 0, 0, 20, 23, 67, 45, 735, 16, 11, 16, 8, 11, 9, 0, 0, 0, 24, 0, 23]
2026-09-09 19:29:19 - __main__ - INFO - sample_host priors: [0, 11, 0, 0, 11, 4, 4, 20, 6, 55, 34, 541, 0, 11, 16, 0, 0, 0, 4, 5, 1, 24, 4, 339]
2026-09-09 19:30:37 - __main__ - INFO - sample_host priors: [6, 0, 0, 0, 2, 4, 4, 0, 17, 12, 11, 680, 16, 0, 0, 8, 11, 9, 4, 5, 1, 0, 4, 316]
2026-09-09 19:32:12 - __main__ - INFO - sample_host priors: [6, 11, 0, 0, 11, 0, 0, 20, 23, 67, 45, 735, 16, 11, 16, 8, 11, 9, 0, 0, 0, 24, 0, 23]
2026-09-09 19:33:18 - __main__ - INFO - sample_host priors: [0, 11, 0, 0, 11, 4, 4, 20, 6, 55, 34, 541, 0, 11, 16, 0, 0, 0, 4, 5, 1, 24, 4, 339]
2026-09-09 19:34:13 - __main__ - INFO - sample_host priors: [6, 0, 0, 0, 2, 4, 4, 0, 17, 12, 11, 680, 16, 0, 0, 8, 11, 9, 4, 5, 1, 0, 4, 316]
2026-09-09 19:35:23 - __main__ - INFO - sample_host priors: [6, 11, 0, 0, 11, 0, 0, 20, 23, 67, 45, 735, 16, 11, 16, 8, 11, 9, 0, 0, 0, 24, 0, 23]
2026-09-09 19:36:03 - __main__ - INFO - sample_host priors: [0, 11, 0, 0, 11, 4, 4, 20, 6, 55, 34, 541, 0, 11, 16, 0, 0, 0, 4, 5, 1, 24, 4, 339]
2026-09-09 19:37:06 - __main__ - INFO - sample_host priors: [6, 0, 0, 0, 2, 4, 4, 0, 17, 12, 11, 680, 16, 0, 0, 8, 11, 9, 4, 5, 1, 0, 4, 316]
2026-09-09 19:38:19 - __main__ - INFO - sample_host priors: [6, 11, 0, 0, 11, 0, 0, 20, 23, 67, 45, 735, 16, 11, 16, 8, 11, 9, 0, 0, 0, 24, 0, 23]
2026-09-09 19:39:20 - __main__ - INFO - sample_host priors: [0, 11, 0, 0, 11, 4, 4, 20, 6, 55, 34, 541, 0, 11, 16, 0, 0, 0, 4, 5, 1, 24, 4, 339]
2026-09-09 19:40:30 - __main__ - INFO - sample_host priors: [6, 0, 0, 0, 2, 4, 4, 0, 17, 12, 11, 680, 16, 0, 0, 8, 11, 9, 4, 5, 1, 0, 4, 316]
2026-09-09 19:41:36 - __main__ - INFO - sample_host priors: [6, 11, 0, 0, 11, 0, 0, 20, 23, 67, 45, 735, 16, 11, 16, 8, 11, 9, 0, 0, 0, 24, 0, 23]
2026-09-09 19:42:30 - __main__ - INFO - sample_host priors: [0, 11, 0, 0, 11, 4, 4, 20, 6, 55, 34, 541, 0, 11, 16, 0, 0, 0, 4, 5, 1, 24, 4, 339]
2026-09-09 19:43:30 - __main__ - INFO - sample_host priors: [6, 0, 0, 0, 2, 4, 4, 0, 17, 12, 11, 680, 16, 0, 0, 8, 11, 9, 4, 5, 1, 0, 4, 316]
2026-09-09 19:44:21 - __main__ - INFO - sample_host priors: [6, 11, 0, 0, 11, 0, 0, 20, 23, 67, 45, 735, 16, 11, 16, 8, 11, 9, 0, 0, 0, 24, 0, 23]
2026-09-09 19:45:18 - __main__ - INFO - sample_host priors: [0, 11, 0, 0, 11, 4, 4, 20, 6, 55, 34, 541, 0, 11, 16, 0, 0, 0, 4, 5, 1, 24, 4, 339]
2026-09-09 19:46:11 - __main__ - INFO - sample_host priors: [6, 0, 0, 0, 2, 4, 4, 0, 17, 12, 11, 680, 16, 0, 0, 8, 11, 9, 4, 5, 1, 0, 4, 316]
2026-09-09 19:47:08 - __main__ - INFO - sample_host priors: [6, 11, 0, 0, 11, 0, 0, 20, 23, 67, 45, 735, 16, 11, 16, 8, 11, 9, 0, 0, 0, 24, 0, 23]
2026-09-09 19:47:59 - __main__ - INFO - sample_host priors: [0, 11, 0, 0, 11, 4, 4, 20, 6, 55, 34, 541, 0, 11, 16, 0, 0, 0, 4, 5, 1, 24, 4, 339]
2026-09-09 19:49:03 - __main__ - INFO - sample_host priors: [6, 0, 0, 0, 2, 4, 4, 0, 17, 12, 11, 680, 16, 0, 0, 8, 11, 9, 4, 5, 1, 0, 4, 316]
2026-09-09 19:50:16 - __main__ - INFO - sample_host priors: [6, 11, 0, 0, 11, 0, 0, 20, 23, 67, 45, 735, 16, 11, 16, 8, 11, 9, 0, 0, 0, 24, 0, 23]
2026-09-09 19:50:53 - __main__ - INFO - sample_host priors: [0, 11, 0, 0, 11, 4, 4, 20, 6, 55, 34, 541, 0, 11, 16, 0, 0, 0, 4, 5, 1, 24, 4, 339]
2026-09-09 19:51:45 - __main__ - INFO - sample_host priors: [6, 0, 0, 0, 2, 4, 4, 0, 17, 12, 11, 680, 16, 0, 0, 8, 11, 9, 4, 5, 1, 0, 4, 316]
2026-09-09 19:52:36 - __main__ - INFO - sample_host priors: [6, 11, 0, 0, 11, 0, 0, 20, 23, 67, 45, 735, 16, 11, 16, 8, 11, 9, 0, 0, 0, 24, 0, 23]
2026-09-09 19:53:32 - __main__ - INFO - sample_host priors: [0, 11, 0, 0, 11, 4, 4, 20, 6, 55, 34, 541, 0, 11, 16, 0, 0, 0, 4, 5, 1, 24, 4, 339]
2026-09-09 19:54:38 - __main__ - INFO - sample_host priors: [6, 0, 0, 0, 2, 4, 4, 0, 17, 12, 11, 680, 16, 0, 0, 8, 11, 9, 4, 5, 1, 0, 4, 316]
2026-09-09 19:56:05 - __main__ - INFO - sample_host priors: [6, 11, 0, 0, 11, 0, 0, 20, 23, 67, 45, 735, 16, 11, 16, 8, 11, 9, 0, 0, 0, 24, 0, 23]
2026-09-09 19:57:15 - __main__ - INFO - sample_host priors: [0, 11, 0, 0, 11, 4, 4, 20, 6, 55, 34, 541, 0, 11, 16, 0, 0, 0, 4, 5, 1, 24, 4, 339]
2026-09-09 19:58:24 - __main__ - INFO - sample_host priors: [6, 0, 0, 0, 2, 4, 4, 0, 17, 12, 11, 680, 16, 0, 0, 8, 11, 9, 4, 5, 1, 0, 4, 316]
2026-09-09 19:59:43 - __main__ - INFO - sample_host priors: [6, 11, 0, 0, 11, 0, 0, 20, 23, 67, 45, 735, 16, 11, 16, 8, 11, 9, 0, 0, 0, 24, 0, 23]
2026-09-09 20:00:56 - __main__ - INFO - sample_host priors: [0, 11, 0, 0, 11, 4, 4, 20, 6, 55, 34, 541, 0, 11, 16, 0, 0, 0, 4, 5, 1, 24, 4, 339]
2026-09-09 20:01:51 - __main__ - INFO - sample_host priors: [6, 0, 0, 0, 2, 4, 4, 0, 17, 12, 11, 680, 16, 0, 0, 8, 11, 9, 4, 5, 1, 0, 4, 316]
2026-09-09 20:02:36 - __main__ - INFO - sample_host priors: [6, 11, 0, 0, 11, 0, 0, 20, 23, 67, 45, 735, 16, 11, 16, 8, 11, 9, 0, 0, 0, 24, 0, 23]
2026-09-09 20:03:06 - __main__ - INFO - sample_host priors: [0, 11, 0, 0, 11, 4, 4, 20, 6, 55, 34, 541, 0, 11, 16, 0, 0, 0, 4, 5, 1, 24, 4, 339]
2026-09-09 20:03:55 - __main__ - INFO - sample_host priors: [6, 0, 0, 0, 2, 4, 4, 0, 17, 12, 11, 680, 16, 0, 0, 8, 11, 9, 4, 5, 1, 0, 4, 316]
2026-09-09 20:04:38 - __main__ - INFO - sample_host priors: [6, 11, 0, 0, 11, 0, 0, 20, 23, 67, 45, 735, 16, 11, 16, 8, 11, 9, 0, 0, 0, 24, 0, 23]
2026-09-09 20:05:12 - __main__ - INFO - sample_host priors: [0, 11, 0, 0, 11, 4, 4, 20, 6, 55, 34, 541, 0, 11, 16, 0, 0, 0, 4, 5, 1, 24, 4, 339]
2026-09-09 20:05:57 - __main__ - INFO - sample_host priors: [6, 0, 0, 0, 2, 4, 4, 0, 17, 12, 11, 680, 16, 0, 0, 8, 11, 9, 4, 5, 1, 0, 4, 316]
2026-09-09 20:06:41 - __main__ - INFO - sample_host priors: [6, 11, 0, 0, 11, 0, 0, 20, 23, 67, 45, 735, 16, 11, 16, 8, 11, 9, 0, 0, 0, 24, 0, 23]
2026-09-09 20:07:26 - __main__ - INFO - sample_host priors: [0, 11, 0, 0, 11, 4, 4, 20, 6, 55, 34, 541, 0, 11, 16, 0, 0, 0, 4, 5, 1, 24, 4, 339]
2026-09-09 20:08:14 - __main__ - INFO - sample_host priors: [6, 0, 0, 0, 2, 4, 4, 0, 17, 12, 11, 680, 16, 0, 0, 8, 11, 9, 4, 5, 1, 0, 4, 316]
2026-09-09 20:09:03 - __main__ - INFO - sample_host priors: [6, 11, 0, 0, 11, 0, 0, 20, 23, 67, 45, 735, 16, 11, 16, 8, 11, 9, 0, 0, 0, 24, 0, 23]
2026-09-09 20:09:43 - __main__ - INFO - sample_host priors: [0, 11, 0, 0, 11, 4, 4, 20, 6, 55, 34, 541, 0, 11, 16, 0, 0, 0, 4, 5, 1, 24, 4, 339]
2026-09-09 20:10:39 - __main__ - INFO - sample_host priors: [6, 0, 0, 0, 2, 4, 4, 0, 17, 12, 11, 680, 16, 0, 0, 8, 11, 9, 4, 5, 1, 0, 4, 316]
2026-09-09 20:11:32 - __main__ - INFO - sample_host priors: [6, 11, 0, 0, 11, 0, 0, 20, 23, 67, 45, 735, 16, 11, 16, 8, 11, 9, 0, 0, 0, 24, 0, 23]
2026-09-09 20:12:04 - __main__ - INFO - sample_host priors: [0, 11, 0, 0, 11, 4, 4, 20, 6, 55, 34, 541, 0, 11, 16, 0, 0, 0, 4, 5, 1, 24, 4, 339]
2026-09-09 20:12:51 - __main__ - INFO - sample_host priors: [6, 0, 0, 0, 2, 4, 4, 0, 17, 12, 11, 680, 16, 0, 0, 8, 11, 9, 4, 5, 1, 0, 4, 316]
2026-09-09 20:13:39 - __main__ - INFO - sample_host priors: [6, 11, 0, 0, 11, 0, 0, 20, 23, 67, 45, 735, 16, 11, 16, 8, 11, 9, 0, 0, 0, 24, 0, 23]
2026-09-09 20:14:08 - __main__ - INFO - sample_host priors: [0, 11, 0, 0, 11, 4, 4, 20, 6, 55, 34, 541, 0, 11, 16, 0, 0, 0, 4, 5, 1, 24, 4, 339]
2026-09-09 20:14:46 - __main__ - INFO - sample_host priors: [6, 0, 0, 0, 2, 4, 4, 0, 17, 12, 11, 680, 16, 0, 0, 8, 11, 9, 4, 5, 1, 0, 4, 316]
2026-09-09 20:15:55 - __main__ - INFO - sample_host priors: [6, 11, 0, 0, 11, 0, 0, 20, 23, 67, 45, 735, 16, 11, 16, 8, 11, 9, 0, 0, 0, 24, 0, 23]
2026-09-09 20:16:57 - __main__ - INFO - sample_host priors: [0, 11, 0, 0, 11, 4, 4, 20, 6, 55, 34, 541, 0, 11, 16, 0, 0, 0, 4, 5, 1, 24, 4, 339]
2026-09-09 20:18:01 - __main__ - INFO - sample_host priors: [6, 0, 0, 0, 2, 4, 4, 0, 17, 12, 11, 680, 16, 0, 0, 8, 11, 9, 4, 5, 1, 0, 4, 316]
2026-09-09 20:19:13 - __main__ - INFO - sample_host priors: [6, 11, 0, 0, 11, 0, 0, 20, 23, 67, 45, 735, 16, 11, 16, 8, 11, 9, 0, 0, 0, 24, 0, 23]
2026-09-09 20:20:07 - __main__ - INFO - sample_host priors: [0, 11, 0, 0, 11, 4, 4, 20, 6, 55, 34, 541, 0, 11, 16, 0, 0, 0, 4, 5, 1, 24, 4, 339]
2026-09-09 20:21:47 - __main__ - INFO - sample_host priors: [6, 0, 0, 0, 2, 4, 4, 0, 17, 12, 11, 680, 16, 0, 0, 8, 11, 9, 4, 5, 1, 0, 4, 316]
2026-09-09 20:23:19 - __main__ - INFO - sample_host priors: [6, 11, 0, 0, 11, 0, 0, 20, 23, 67, 45, 735, 16, 11, 16, 8, 11, 9, 0, 0, 0, 24, 0, 23]
2026-09-09 20:24:40 - __main__ - INFO - sample_host priors: [0, 11, 0, 0, 11, 4, 4, 20, 6, 55, 34, 541, 0, 11, 16, 0, 0, 0, 4, 5, 1, 24, 4, 339]
2026-09-09 20:25:36 - __main__ - INFO - sample_host priors: [6, 0, 0, 0, 2, 4, 4, 0, 17, 12, 11, 680, 16, 0, 0, 8, 11, 9, 4, 5, 1, 0, 4, 316]
2026-09-09 20:26:44 - __main__ - INFO - sample_host priors: [6, 11, 0, 0, 11, 0, 0, 20, 23, 67, 45, 735, 16, 11, 16, 8, 11, 9, 0, 0, 0, 24, 0, 23]
2026-09-09 20:27:43 - __main__ - INFO - sample_host priors: [0, 11, 0, 0, 11, 4, 4, 20, 6, 55, 34, 541, 0, 11, 16, 0, 0, 0, 4, 5, 1, 24, 4, 339]
2026-09-09 20:28:32 - __main__ - INFO - sample_host priors: [6, 0, 0, 0, 2, 4, 4, 0, 17, 12, 11, 680, 16, 0, 0, 8, 11, 9, 4, 5, 1, 0, 4, 316]
2026-09-09 20:29:24 - __main__ - INFO - sample_host priors: [6, 11, 0, 0, 11, 0, 0, 20, 23, 67, 45, 735, 16, 11, 16, 8, 11, 9, 0, 0, 0, 24, 0, 23]
2026-09-09 20:30:00 - __main__ - INFO - sample_host priors: [0, 11, 0, 0, 11, 4, 4, 20, 6, 55, 34, 541, 0, 11, 16, 0, 0, 0, 4, 5, 1, 24, 4, 339]
2026-09-09 20:31:47 - __main__ - INFO - sample_host priors: [6, 0, 0, 0, 2, 4, 4, 0, 17, 12, 11, 680, 16, 0, 0, 8, 11, 9, 4, 5, 1, 0, 4, 316]
2026-09-09 20:32:49 - __main__ - INFO - sample_host priors: [6, 11, 0, 0, 11, 0, 0, 20, 23, 67, 45, 735, 16, 11, 16, 8, 11, 9, 0, 0, 0, 24, 0, 23]
2026-09-09 20:34:28 - __main__ - INFO - sample_host priors: [0, 11, 0, 0, 11, 4, 4, 20, 6, 55, 34, 541, 0, 11, 16, 0, 0, 0, 4, 5, 1, 24, 4, 339]
2026-09-09 20:35:04 - __main__ - INFO - sample_host priors: [6, 0, 0, 0, 2, 4, 4, 0, 17, 12, 11, 680, 16, 0, 0, 8, 11, 9, 4, 5, 1, 0, 4, 316]
2026-09-09 20:35:40 - __main__ - INFO - sample_host priors: [6, 11, 0, 0, 11, 0, 0, 20, 23, 67, 45, 735, 16, 11, 16, 8, 11, 9, 0, 0, 0, 24, 0, 23]
2026-09-09 20:36:27 - __main__ - INFO - sample_host priors: [0, 11, 0, 0, 11, 4, 4, 20, 6, 55, 34, 541, 0, 11, 16, 0, 0, 0, 4, 5, 1, 24, 4, 339]
2026-09-09 20:37:07 - __main__ - INFO - sample_host priors: [6, 0, 0, 0, 2, 4, 4, 0, 17, 12, 11, 680, 16, 0, 0, 8, 11, 9, 4, 5, 1, 0, 4, 316]
2026-09-09 20:37:51 - __main__ - INFO - sample_host priors: [6, 11, 0, 0, 11, 0, 0, 20, 23, 67, 45, 735, 16, 11, 16, 8, 11, 9, 0, 0, 0, 24, 0, 23]
2026-09-09 20:38:21 - __main__ - INFO - sample_host priors: [0, 11, 0, 0, 11, 4, 4, 20, 6, 55, 34, 541, 0, 11, 16, 0, 0, 0, 4, 5, 1, 24, 4, 339]
2026-09-09 20:39:09 - __main__ - INFO - sample_host priors: [6, 0, 0, 0, 2, 4, 4, 0, 17, 12, 11, 680, 16, 0, 0, 8, 11, 9, 4, 5, 1, 0, 4, 316]
2026-09-09 20:39:56 - __main__ - INFO - sample_host priors: [6, 11, 0, 0, 11, 0, 0, 20, 23, 67, 45, 735, 16, 11, 16, 8, 11, 9, 0, 0, 0, 24, 0, 23]
2026-09-09 20:40:39 - __main__ - INFO - sample_host priors: [0, 11, 0, 0, 11, 4, 4, 20, 6, 55, 34, 541, 0, 11, 16, 0, 0, 0, 4, 5, 1, 24, 4, 339]
2026-09-09 20:41:24 - __main__ - INFO - sample_host priors: [6, 0, 0, 0, 2, 4, 4, 0, 17, 12, 11, 680, 16, 0, 0, 8, 11, 9, 4, 5, 1, 0, 4, 316]
2026-09-09 20:42:10 - __main__ - INFO - sample_host priors: [6, 11, 0, 0, 11, 0, 0, 20, 23, 67, 45, 735, 16, 11, 16, 8, 11, 9, 0, 0, 0, 24, 0, 23]
2026-09-09 20:42:43 - __main__ - INFO - sample_host priors: [0, 11, 0, 0, 11, 4, 4, 20, 6, 55, 34, 541, 0, 11, 16, 0, 0, 0, 4, 5, 1, 24, 4, 339]
2026-09-09 20:43:31 - __main__ - INFO - sample_host priors: [6, 0, 0, 0, 2, 4, 4, 0, 17, 12, 11, 680, 16, 0, 0, 8, 11, 9, 4, 5, 1, 0, 4, 316]
2026-09-09 20:44:19 - __main__ - INFO - sample_host priors: [6, 11, 0, 0, 11, 0, 0, 20, 23, 67, 45, 735, 16, 11, 16, 8, 11, 9, 0, 0, 0, 24, 0, 23]
2026-09-09 20:44:49 - __main__ - INFO - sample_host priors: [0, 11, 0, 0, 11, 4, 4, 20, 6, 55, 34, 541, 0, 11, 16, 0, 0, 0, 4, 5, 1, 24, 4, 339]
2026-09-09 20:45:19 - __main__ - INFO - sample_host priors: [6, 0, 0, 0, 2, 4, 4, 0, 17, 12, 11, 680, 16, 0, 0, 8, 11, 9, 4, 5, 1, 0, 4, 316]
2026-09-09 20:46:11 - __main__ - INFO - sample_host priors: [6, 11, 0, 0, 11, 0, 0, 20, 23, 67, 45, 735, 16, 11, 16, 8, 11, 9, 0, 0, 0, 24, 0, 23]
2026-09-09 20:46:36 - __main__ - INFO - sample_host priors: [0, 11, 0, 0, 11, 4, 4, 20, 6, 55, 34, 541, 0, 11, 16, 0, 0, 0, 4, 5, 1, 24, 4, 339]
2026-09-09 20:47:07 - __main__ - INFO - sample_host priors: [6, 0, 0, 0, 2, 4, 4, 0, 17, 12, 11, 680, 16, 0, 0, 8, 11, 9, 4, 5, 1, 0, 4, 316]
2026-09-09 20:47:56 - __main__ - INFO - sample_host priors: [6, 11, 0, 0, 11, 0, 0, 20, 23, 67, 45, 735, 16, 11, 16, 8, 11, 9, 0, 0, 0, 24, 0, 23]
2026-09-09 20:48:32 - __main__ - INFO - sample_host priors: [0, 11, 0, 0, 11, 4, 4, 20, 6, 55, 34, 541, 0, 11, 16, 0, 0, 0, 4, 5, 1, 24, 4, 339]
2026-09-09 20:49:28 - __main__ - INFO - sample_host priors: [6, 0, 0, 0, 2, 4, 4, 0, 17, 12, 11, 680, 16, 0, 0, 8, 11, 9, 4, 5, 1, 0, 4, 316]
2026-09-09 20:50:01 - __main__ - INFO - sample_host priors: [6, 11, 0, 0, 11, 0, 0, 20, 23, 67, 45, 735, 16, 11, 16, 8, 11, 9, 0, 0, 0, 24, 0, 23]
2026-09-09 20:50:27 - __main__ - INFO - sample_host priors: [0, 11, 0, 0, 11, 4, 4, 20, 6, 55, 34, 541, 0, 11, 16, 0, 0, 0, 4, 5, 1, 24, 4, 339]
2026-09-09 20:51:14 - __main__ - INFO - sample_host priors: [6, 0, 0, 0, 2, 4, 4, 0, 17, 12, 11, 680, 16, 0, 0, 8, 11, 9, 4, 5, 1, 0, 4, 316]
2026-09-09 20:52:00 - __main__ - INFO - sample_host priors: [6, 11, 0, 0, 11, 0, 0, 20, 23, 67, 45, 735, 16, 11, 16, 8, 11, 9, 0, 0, 0, 24, 0, 23]
2026-09-09 20:52:37 - __main__ - INFO - sample_host priors: [0, 11, 0, 0, 11, 4, 4, 20, 6, 55, 34, 541, 0, 11, 16, 0, 0, 0, 4, 5, 1, 24, 4, 339]
2026-09-09 20:53:25 - __main__ - INFO - sample_host priors: [6, 0, 0, 0, 2, 4, 4, 0, 17, 12, 11, 680, 16, 0, 0, 8, 11, 9, 4, 5, 1, 0, 4, 316]
2026-09-09 20:54:06 - __main__ - INFO - sample_host priors: [6, 11, 0, 0, 11, 0, 0, 20, 23, 67, 45, 735, 16, 11, 16, 8, 11, 9, 0, 0, 0, 24, 0, 23]
2026-09-09 20:54:36 - __main__ - INFO - sample_host priors: [0, 11, 0, 0, 11, 4, 4, 20, 6, 55, 34, 541, 0, 11, 16, 0, 0, 0, 4, 5, 1, 24, 4, 339]
2026-09-09 20:55:05 - __main__ - INFO - sample_host priors: [6, 0, 0, 0, 2, 4, 4, 0, 17, 12, 11, 680, 16, 0, 0, 8, 11, 9, 4, 5, 1, 0, 4, 316]
2026-09-09 20:55:48 - __main__ - INFO - sample_host priors: [6, 11, 0, 0, 11, 0, 0, 20, 23, 67, 45, 735, 16, 11, 16, 8, 11, 9, 0, 0, 0, 24, 0, 23]
2026-09-09 20:56:14 - __main__ - INFO - sample_host priors: [0, 11, 0, 0, 11, 4, 4, 20, 6, 55, 34, 541, 0, 11, 16, 0, 0, 0, 4, 5, 1, 24, 4, 339]
2026-09-09 20:56:57 - __main__ - INFO - sample_host priors: [6, 0, 0, 0, 2, 4, 4, 0, 17, 12, 11, 680, 16, 0, 0, 8, 11, 9, 4, 5, 1, 0, 4, 316]
2026-09-09 20:57:50 - __main__ - INFO - sample_host priors: [6, 11, 0, 0, 11, 0, 0, 20, 23, 67, 45, 735, 16, 11, 16, 8, 11, 9, 0, 0, 0, 24, 0, 23]
2026-09-09 20:58:32 - __main__ - INFO - sample_host priors: [0, 11, 0, 0, 11, 4, 4, 20, 6, 55, 34, 541, 0, 11, 16, 0, 0, 0, 4, 5, 1, 24, 4, 339]
2026-09-09 20:59:03 - __main__ - INFO - sample_host priors: [6, 0, 0, 0, 2, 4, 4, 0, 17, 12, 11, 680, 16, 0, 0, 8, 11, 9, 4, 5, 1, 0, 4, 316]
2026-09-09 20:59:50 - __main__ - INFO - sample_host priors: [6, 11, 0, 0, 11, 0, 0, 20, 23, 67, 45, 735, 16, 11, 16, 8, 11, 9, 0, 0, 0, 24, 0, 23]
2026-09-09 21:00:31 - __main__ - INFO - sample_host priors: [0, 11, 0, 0, 11, 4, 4, 20, 6, 55, 34, 541, 0, 11, 16, 0, 0, 0, 4, 5, 1, 24, 4, 339]
2026-09-09 21:01:11 - __main__ - INFO - sample_host priors: [6, 0, 0, 0, 2, 4, 4, 0, 17, 12, 11, 680, 16, 0, 0, 8, 11, 9, 4, 5, 1, 0, 4, 316]
2026-09-09 21:01:59 - __main__ - INFO - sample_host priors: [6, 11, 0, 0, 11, 0, 0, 20, 23, 67, 45, 735, 16, 11, 16, 8, 11, 9, 0, 0, 0, 24, 0, 23]
2026-09-09 21:02:33 - __main__ - INFO - sample_host priors: [0, 11, 0, 0, 11, 4, 4, 20, 6, 55, 34, 541, 0, 11, 16, 0, 0, 0, 4, 5, 1, 24, 4, 339]
2026-09-09 21:03:12 - __main__ - INFO - sample_host priors: [6, 0, 0, 0, 2, 4, 4, 0, 17, 12, 11, 680, 16, 0, 0, 8, 11, 9, 4, 5, 1, 0, 4, 316]
2026-09-09 21:03:58 - __main__ - INFO - sample_host priors: [6, 11, 0, 0, 11, 0, 0, 20, 23, 67, 45, 735, 16, 11, 16, 8, 11, 9, 0, 0, 0, 24, 0, 23]
2026-09-09 21:04:38 - __main__ - INFO - sample_host priors: [0, 11, 0, 0, 11, 4, 4, 20, 6, 55, 34, 541, 0, 11, 16, 0, 0, 0, 4, 5, 1, 24, 4, 339]
2026-09-09 21:05:24 - __main__ - INFO - sample_host priors: [6, 0, 0, 0, 2, 4, 4, 0, 17, 12, 11, 680, 16, 0, 0, 8, 11, 9, 4, 5, 1, 0, 4, 316]
2026-09-09 21:06:15 - __main__ - INFO - sample_host priors: [6, 11, 0, 0, 11, 0, 0, 20, 23, 67, 45, 735, 16, 11, 16, 8, 11, 9, 0, 0, 0, 24, 0, 23]
2026-09-09 21:06:56 - __main__ - INFO - sample_host priors: [0, 11, 0, 0, 11, 4, 4, 20, 6, 55, 34, 541, 0, 11, 16, 0, 0, 0, 4, 5, 1, 24, 4, 339]
2026-09-09 21:07:40 - __main__ - INFO - sample_host priors: [6, 0, 0, 0, 2, 4, 4, 0, 17, 12, 11, 680, 16, 0, 0, 8, 11, 9, 4, 5, 1, 0, 4, 316]
2026-09-09 21:08:31 - __main__ - INFO - sample_host priors: [6, 11, 0, 0, 11, 0, 0, 20, 23, 67, 45, 735, 16, 11, 16, 8, 11, 9, 0, 0, 0, 24, 0, 23]
2026-09-09 21:09:11 - __main__ - INFO - sample_host priors: [0, 11, 0, 0, 11, 4, 4, 20, 6, 55, 34, 541, 0, 11, 16, 0, 0, 0, 4, 5, 1, 24, 4, 339]
2026-09-09 21:10:03 - __main__ - INFO - sample_host priors: [6, 0, 0, 0, 2, 4, 4, 0, 17, 12, 11, 680, 16, 0, 0, 8, 11, 9, 4, 5, 1, 0, 4, 316]
2026-09-09 21:10:49 - __main__ - INFO - sample_host priors: [6, 11, 0, 0, 11, 0, 0, 20, 23, 67, 45, 735, 16, 11, 16, 8, 11, 9, 0, 0, 0, 24, 0, 23]
2026-09-09 21:11:27 - __main__ - INFO - sample_host priors: [0, 11, 0, 0, 11, 4, 4, 20, 6, 55, 34, 541, 0, 11, 16, 0, 0, 0, 4, 5, 1, 24, 4, 339]
2026-09-09 21:11:58 - __main__ - INFO - sample_host priors: [6, 0, 0, 0, 2, 4, 4, 0, 17, 12, 11, 680, 16, 0, 0, 8, 11, 9, 4, 5, 1, 0, 4, 316]
2026-09-09 21:12:32 - __main__ - INFO - sample_host priors: [6, 11, 0, 0, 11, 0, 0, 20, 23, 67, 45, 735, 16, 11, 16, 8, 11, 9, 0, 0, 0, 24, 0, 23]
2026-09-09 21:13:04 - __main__ - INFO - sample_host priors: [0, 11, 0, 0, 11, 4, 4, 20, 6, 55, 34, 541, 0, 11, 16, 0, 0, 0, 4, 5, 1, 24, 4, 339]
2026-09-09 21:13:40 - __main__ - INFO - sample_host priors: [6, 0, 0, 0, 2, 4, 4, 0, 17, 12, 11, 680, 16, 0, 0, 8, 11, 9, 4, 5, 1, 0, 4, 316]
2026-09-09 21:14:16 - __main__ - INFO - sample_host priors: [6, 11, 0, 0, 11, 0, 0, 20, 23, 67, 45, 735, 16, 11, 16, 8, 11, 9, 0, 0, 0, 24, 0, 23]
2026-09-09 21:14:38 - __main__ - INFO - sample_host priors: [0, 11, 0, 0, 11, 4, 4, 20, 6, 55, 34, 541, 0, 11, 16, 0, 0, 0, 4, 5, 1, 24, 4, 339]
2026-09-09 21:15:08 - __main__ - INFO - sample_host priors: [6, 0, 0, 0, 2, 4, 4, 0, 17, 12, 11, 680, 16, 0, 0, 8, 11, 9, 4, 5, 1, 0, 4, 316]
2026-09-09 21:15:55 - __main__ - INFO - sample_host priors: [6, 11, 0, 0, 11, 0, 0, 20, 23, 67, 45, 735, 16, 11, 16, 8, 11, 9, 0, 0, 0, 24, 0, 23]
2026-09-09 21:16:35 - __main__ - INFO - sample_host priors: [0, 11, 0, 0, 11, 4, 4, 20, 6, 55, 34, 541, 0, 11, 16, 0, 0, 0, 4, 5, 1, 24, 4, 339]
2026-09-09 21:17:02 - __main__ - INFO - sample_host priors: [6, 0, 0, 0, 2, 4, 4, 0, 17, 12, 11, 680, 16, 0, 0, 8, 11, 9, 4, 5, 1, 0, 4, 316]
2026-09-09 21:17:33 - __main__ - INFO - sample_host priors: [6, 11, 0, 0, 11, 0, 0, 20, 23, 67, 45, 735, 16, 11, 16, 8, 11, 9, 0, 0, 0, 24, 0, 23]
2026-09-09 21:18:02 - __main__ - INFO - sample_host priors: [0, 11, 0, 0, 11, 4, 4, 20, 6, 55, 34, 541, 0, 11, 16, 0, 0, 0, 4, 5, 1, 24, 4, 339]
2026-09-09 21:18:38 - __main__ - INFO - sample_host priors: [6, 0, 0, 0, 2, 4, 4, 0, 17, 12, 11, 680, 16, 0, 0, 8, 11, 9, 4, 5, 1, 0, 4, 316]
2026-09-09 21:19:22 - __main__ - INFO - sample_host priors: [6, 11, 0, 0, 11, 0, 0, 20, 23, 67, 45, 735, 16, 11, 16, 8, 11, 9, 0, 0, 0, 24, 0, 23]
2026-09-09 21:19:43 - __main__ - INFO - sample_host priors: [0, 11, 0, 0, 11, 4, 4, 20, 6, 55, 34, 541, 0, 11, 16, 0, 0, 0, 4, 5, 1, 24, 4, 339]
2026-09-09 21:20:29 - __main__ - INFO - sample_host priors: [6, 0, 0, 0, 2, 4, 4, 0, 17, 12, 11, 680, 16, 0, 0, 8, 11, 9, 4, 5, 1, 0, 4, 316]
2026-09-09 21:21:03 - __main__ - INFO - sample_host priors: [6, 11, 0, 0, 11, 0, 0, 20, 23, 67, 45, 735, 16, 11, 16, 8, 11, 9, 0, 0, 0, 24, 0, 23]
2026-09-09 21:21:27 - __main__ - INFO - sample_host priors: [0, 11, 0, 0, 11, 4, 4, 20, 6, 55, 34, 541, 0, 11, 16, 0, 0, 0, 4, 5, 1, 24, 4, 339]
2026-09-09 21:22:14 - __main__ - INFO - sample_host priors: [6, 0, 0, 0, 2, 4, 4, 0, 17, 12, 11, 680, 16, 0, 0, 8, 11, 9, 4, 5, 1, 0, 4, 316]
2026-09-09 21:22:51 - __main__ - INFO - sample_host priors: [6, 11, 0, 0, 11, 0, 0, 20, 23, 67, 45, 735, 16, 11, 16, 8, 11, 9, 0, 0, 0, 24, 0, 23]
2026-09-09 21:23:18 - __main__ - INFO - sample_host priors: [0, 11, 0, 0, 11, 4, 4, 20, 6, 55, 34, 541, 0, 11, 16, 0, 0, 0, 4, 5, 1, 24, 4, 339]
2026-09-09 21:23:54 - __main__ - INFO - sample_host priors: [6, 0, 0, 0, 2, 4, 4, 0, 17, 12, 11, 680, 16, 0, 0, 8, 11, 9, 4, 5, 1, 0, 4, 316]
2026-09-09 21:24:34 - __main__ - INFO - sample_host priors: [6, 11, 0, 0, 11, 0, 0, 20, 23, 67, 45, 735, 16, 11, 16, 8, 11, 9, 0, 0, 0, 24, 0, 23]
2026-09-09 21:25:10 - __main__ - INFO - sample_host priors: [0, 11, 0, 0, 11, 4, 4, 20, 6, 55, 34, 541, 0, 11, 16, 0, 0, 0, 4, 5, 1, 24, 4, 339]
2026-09-09 21:25:52 - __main__ - INFO - sample_host priors: [6, 0, 0, 0, 2, 4, 4, 0, 17, 12, 11, 680, 16, 0, 0, 8, 11, 9, 4, 5, 1, 0, 4, 316]
2026-09-09 21:26:38 - __main__ - INFO - sample_host priors: [6, 11, 0, 0, 11, 0, 0, 20, 23, 67, 45, 735, 16, 11, 16, 8, 11, 9, 0, 0, 0, 24, 0, 23]
2026-09-09 21:27:04 - __main__ - INFO - sample_host priors: [0, 11, 0, 0, 11, 4, 4, 20, 6, 55, 34, 541, 0, 11, 16, 0, 0, 0, 4, 5, 1, 24, 4, 339]
2026-09-09 21:27:40 - __main__ - INFO - sample_host priors: [6, 0, 0, 0, 2, 4, 4, 0, 17, 12, 11, 680, 16, 0, 0, 8, 11, 9, 4, 5, 1, 0, 4, 316]
2026-09-09 21:28:27 - __main__ - INFO - sample_host priors: [6, 11, 0, 0, 11, 0, 0, 20, 23, 67, 45, 735, 16, 11, 16, 8, 11, 9, 0, 0, 0, 24, 0, 23]
2026-09-09 21:28:48 - __main__ - INFO - sample_host priors: [0, 11, 0, 0, 11, 4, 4, 20, 6, 55, 34, 541, 0, 11, 16, 0, 0, 0, 4, 5, 1, 24, 4, 339]
2026-09-09 21:29:31 - __main__ - INFO - sample_host priors: [6, 0, 0, 0, 2, 4, 4, 0, 17, 12, 11, 680, 16, 0, 0, 8, 11, 9, 4, 5, 1, 0, 4, 316]
2026-09-09 21:30:04 - __main__ - INFO - sample_host priors: [6, 11, 0, 0, 11, 0, 0, 20, 23, 67, 45, 735, 16, 11, 16, 8, 11, 9, 0, 0, 0, 24, 0, 23]
2026-09-09 21:30:28 - __main__ - INFO - sample_host priors: [0, 11, 0, 0, 11, 4, 4, 20, 6, 55, 34, 541, 0, 11, 16, 0, 0, 0, 4, 5, 1, 24, 4, 339]
2026-09-09 21:31:03 - __main__ - INFO - sample_host priors: [6, 0, 0, 0, 2, 4, 4, 0, 17, 12, 11, 680, 16, 0, 0, 8, 11, 9, 4, 5, 1, 0, 4, 316]
2026-09-09 21:31:41 - __main__ - INFO - sample_host priors: [6, 11, 0, 0, 11, 0, 0, 20, 23, 67, 45, 735, 16, 11, 16, 8, 11, 9, 0, 0, 0, 24, 0, 23]
2026-09-09 21:32:11 - __main__ - INFO - sample_host priors: [0, 11, 0, 0, 11, 4, 4, 20, 6, 55, 34, 541, 0, 11, 16, 0, 0, 0, 4, 5, 1, 24, 4, 339]
2026-09-09 21:32:35 - __main__ - INFO - sample_host priors: [6, 0, 0, 0, 2, 4, 4, 0, 17, 12, 11, 680, 16, 0, 0, 8, 11, 9, 4, 5, 1, 0, 4, 316]
2026-09-09 21:33:10 - __main__ - INFO - sample_host priors: [6, 11, 0, 0, 11, 0, 0, 20, 23, 67, 45, 735, 16, 11, 16, 8, 11, 9, 0, 0, 0, 24, 0, 23]
2026-09-09 21:33:41 - __main__ - INFO - sample_host priors: [0, 11, 0, 0, 11, 4, 4, 20, 6, 55, 34, 541, 0, 11, 16, 0, 0, 0, 4, 5, 1, 24, 4, 339]
2026-09-09 21:34:18 - __main__ - INFO - sample_host priors: [6, 0, 0, 0, 2, 4, 4, 0, 17, 12, 11, 680, 16, 0, 0, 8, 11, 9, 4, 5, 1, 0, 4, 316]
2026-09-09 21:34:45 - __main__ - INFO - sample_host priors: [6, 11, 0, 0, 11, 0, 0, 20, 23, 67, 45, 735, 16, 11, 16, 8, 11, 9, 0, 0, 0, 24, 0, 23]
2026-09-09 21:35:19 - __main__ - INFO - sample_host priors: [0, 11, 0, 0, 11, 4, 4, 20, 6, 55, 34, 541, 0, 11, 16, 0, 0, 0, 4, 5, 1, 24, 4, 339]
2026-09-09 21:35:56 - __main__ - INFO - sample_host priors: [6, 0, 0, 0, 2, 4, 4, 0, 17, 12, 11, 680, 16, 0, 0, 8, 11, 9, 4, 5, 1, 0, 4, 316]
2026-09-09 21:36:31 - __main__ - INFO - sample_host priors: [6, 11, 0, 0, 11, 0, 0, 20, 23, 67, 45, 735, 16, 11, 16, 8, 11, 9, 0, 0, 0, 24, 0, 23]
2026-09-09 21:36:48 - __main__ - INFO - sample_host priors: [0, 11, 0, 0, 11, 4, 4, 20, 6, 55, 34, 541, 0, 11, 16, 0, 0, 0, 4, 5, 1, 24, 4, 339]
2026-09-09 21:37:20 - __main__ - INFO - sample_host priors: [6, 0, 0, 0, 2, 4, 4, 0, 17, 12, 11, 680, 16, 0, 0, 8, 11, 9, 4, 5, 1, 0, 4, 316]
2026-09-09 21:37:58 - __main__ - INFO - sample_host priors: [6, 11, 0, 0, 11, 0, 0, 20, 23, 67, 45, 735, 16, 11, 16, 8, 11, 9, 0, 0, 0, 24, 0, 23]
2026-09-09 21:38:18 - __main__ - INFO - sample_host priors: [0, 11, 0, 0, 11, 4, 4, 20, 6, 55, 34, 541, 0, 11, 16, 0, 0, 0, 4, 5, 1, 24, 4, 339]
2026-09-09 21:38:56 - __main__ - INFO - sample_host priors: [6, 0, 0, 0, 2, 4, 4, 0, 17, 12, 11, 680, 16, 0, 0, 8, 11, 9, 4, 5, 1, 0, 4, 316]
2026-09-09 21:39:34 - __main__ - INFO - sample_host priors: [6, 11, 0, 0, 11, 0, 0, 20, 23, 67, 45, 735, 16, 11, 16, 8, 11, 9, 0, 0, 0, 24, 0, 23]
2026-09-09 21:40:01 - __main__ - INFO - sample_host priors: [0, 11, 0, 0, 11, 4, 4, 20, 6, 55, 34, 541, 0, 11, 16, 0, 0, 0, 4, 5, 1, 24, 4, 339]
2026-09-09 21:40:40 - __main__ - INFO - sample_host priors: [6, 0, 0, 0, 2, 4, 4, 0, 17, 12, 11, 680, 16, 0, 0, 8, 11, 9, 4, 5, 1, 0, 4, 316]
2026-09-09 21:41:18 - __main__ - INFO - sample_host priors: [6, 11, 0, 0, 11, 0, 0, 20, 23, 67, 45, 735, 16, 11, 16, 8, 11, 9, 0, 0, 0, 24, 0, 23]
2026-09-09 21:41:38 - __main__ - INFO - sample_host priors: [0, 11, 0, 0, 11, 4, 4, 20, 6, 55, 34, 541, 0, 11, 16, 0, 0, 0, 4, 5, 1, 24, 4, 339]
2026-09-09 21:42:08 - __main__ - INFO - sample_host priors: [6, 0, 0, 0, 2, 4, 4, 0, 17, 12, 11, 680, 16, 0, 0, 8, 11, 9, 4, 5, 1, 0, 4, 316]
2026-09-09 21:42:40 - __main__ - INFO - sample_host priors: [6, 11, 0, 0, 11, 0, 0, 20, 23, 67, 45, 735, 16, 11, 16, 8, 11, 9, 0, 0, 0, 24, 0, 23]
2026-09-09 21:43:08 - __main__ - INFO - sample_host priors: [0, 11, 0, 0, 11, 4, 4, 20, 6, 55, 34, 541, 0, 11, 16, 0, 0, 0, 4, 5, 1, 24, 4, 339]
2026-09-09 21:43:44 - __main__ - INFO - sample_host priors: [6, 0, 0, 0, 2, 4, 4, 0, 17, 12, 11, 680, 16, 0, 0, 8, 11, 9, 4, 5, 1, 0, 4, 316]
2026-09-09 21:44:22 - __main__ - INFO - sample_host priors: [6, 11, 0, 0, 11, 0, 0, 20, 23, 67, 45, 735, 16, 11, 16, 8, 11, 9, 0, 0, 0, 24, 0, 23]
2026-09-09 21:44:43 - __main__ - INFO - sample_host priors: [0, 11, 0, 0, 11, 4, 4, 20, 6, 55, 34, 541, 0, 11, 16, 0, 0, 0, 4, 5, 1, 24, 4, 339]
2026-09-09 21:45:14 - __main__ - INFO - sample_host priors: [6, 0, 0, 0, 2, 4, 4, 0, 17, 12, 11, 680, 16, 0, 0, 8, 11, 9, 4, 5, 1, 0, 4, 316]
2026-09-09 21:45:49 - __main__ - INFO - sample_host priors: [6, 11, 0, 0, 11, 0, 0, 20, 23, 67, 45, 735, 16, 11, 16, 8, 11, 9, 0, 0, 0, 24, 0, 23]
2026-09-09 21:46:12 - __main__ - INFO - sample_host priors: [0, 11, 0, 0, 11, 4, 4, 20, 6, 55, 34, 541, 0, 11, 16, 0, 0, 0, 4, 5, 1, 24, 4, 339]
2026-09-09 21:46:44 - __main__ - INFO - sample_host priors: [6, 0, 0, 0, 2, 4, 4, 0, 17, 12, 11, 680, 16, 0, 0, 8, 11, 9, 4, 5, 1, 0, 4, 316]
2026-09-09 21:47:04 - __main__ - INFO - sample_host priors: [6, 11, 0, 0, 11, 0, 0, 20, 23, 67, 45, 735, 16, 11, 16, 8, 11, 9, 0, 0, 0, 24, 0, 23]
2026-09-09 21:47:34 - __main__ - INFO - Best hyperparameters (averaged over 3 folds): {'n_layers': 3, 'hidden_dim_0': 320, 'hidden_dim_1': 512, 'hidden_dim_2': 320, 'dropout': 0.1959500568159791, 'learning_rate': 0.0010755016477282772, 'weight_decay': 0.00030506255682881194, 'batch_size': 64, 'use_batch_norm': False, 'activation': 'leaky_relu', 'logit_adjust_tau': 0.44903230682952167, 'ls_sample_host': 0.05083125020920491, 'task_weight_sample_host': 1.0}
2026-09-09 21:47:34 - __main__ - INFO - Best CV score: 0.2881
2026-09-09 21:47:34 - __main__ - INFO - Training final model with proper train/val split...
2026-09-09 21:47:34 - __main__ - INFO - sample_host: 22/24 classes have training support in this fold
2026-09-09 21:47:34 - __main__ - INFO - Final training split: 1802 train, 201 validation, 713 test
2026-09-09 21:47:34 - __main__ - INFO - sample_host priors: [6, 11, 0, 0, 12, 4, 4, 20, 23, 67, 45, 978, 16, 11, 16, 8, 11, 9, 4, 5, 1, 24, 4, 339]
2026-09-09 21:47:34 - diana.utils.checkpointing - INFO - CheckpointManager initialized: results/search_v9_single_sample_host/cv_results/fold_2
2026-09-09 21:47:35 - diana.utils.checkpointing - INFO - Checkpoint saved: results/search_v9_single_sample_host/cv_results/fold_2/checkpoint_epoch_1_20260909_214734.pth
2026-09-09 21:47:36 - diana.utils.checkpointing - INFO - New best model saved: results/search_v9_single_sample_host/cv_results/fold_2/best_model.pth (val_loss: 1.2209)
2026-09-09 21:47:38 - diana.utils.checkpointing - INFO - Checkpoint saved: results/search_v9_single_sample_host/cv_results/fold_2/checkpoint_epoch_2_20260909_214737.pth
2026-09-09 21:47:39 - diana.utils.checkpointing - INFO - New best model saved: results/search_v9_single_sample_host/cv_results/fold_2/best_model.pth (val_loss: 1.0375)
2026-09-09 21:47:40 - diana.utils.checkpointing - INFO - Checkpoint saved: results/search_v9_single_sample_host/cv_results/fold_2/checkpoint_epoch_3_20260909_214739.pth
2026-09-09 21:47:41 - diana.utils.checkpointing - INFO - New best model saved: results/search_v9_single_sample_host/cv_results/fold_2/best_model.pth (val_loss: 0.9186)
2026-09-09 21:47:42 - diana.utils.checkpointing - INFO - Checkpoint saved: results/search_v9_single_sample_host/cv_results/fold_2/checkpoint_epoch_4_20260909_214741.pth
2026-09-09 21:47:43 - diana.utils.checkpointing - INFO - New best model saved: results/search_v9_single_sample_host/cv_results/fold_2/best_model.pth (val_loss: 0.8115)
2026-09-09 21:47:44 - diana.utils.checkpointing - INFO - Checkpoint saved: results/search_v9_single_sample_host/cv_results/fold_2/checkpoint_epoch_5_20260909_214743.pth
2026-09-09 21:47:45 - diana.utils.checkpointing - INFO - New best model saved: results/search_v9_single_sample_host/cv_results/fold_2/best_model.pth (val_loss: 0.7978)
2026-09-09 21:47:47 - diana.utils.checkpointing - INFO - Checkpoint saved: results/search_v9_single_sample_host/cv_results/fold_2/checkpoint_epoch_6_20260909_214746.pth
2026-09-09 21:47:47 - diana.utils.checkpointing - INFO - New best model saved: results/search_v9_single_sample_host/cv_results/fold_2/best_model.pth (val_loss: 0.7151)
2026-09-09 21:47:49 - diana.utils.checkpointing - INFO - Checkpoint saved: results/search_v9_single_sample_host/cv_results/fold_2/checkpoint_epoch_7_20260909_214748.pth
2026-09-09 21:47:50 - diana.utils.checkpointing - INFO - Checkpoint saved: results/search_v9_single_sample_host/cv_results/fold_2/checkpoint_epoch_8_20260909_214749.pth
2026-09-09 21:47:51 - diana.utils.checkpointing - INFO - Checkpoint saved: results/search_v9_single_sample_host/cv_results/fold_2/checkpoint_epoch_9_20260909_214751.pth
2026-09-09 21:47:52 - diana.utils.checkpointing - INFO - New best model saved: results/search_v9_single_sample_host/cv_results/fold_2/best_model.pth (val_loss: 0.6523)
2026-09-09 21:47:53 - diana.utils.checkpointing - INFO - Checkpoint saved: results/search_v9_single_sample_host/cv_results/fold_2/checkpoint_epoch_10_20260909_214753.pth
2026-09-09 21:47:55 - diana.utils.checkpointing - INFO - Checkpoint saved: results/search_v9_single_sample_host/cv_results/fold_2/checkpoint_epoch_11_20260909_214754.pth
2026-09-09 21:47:56 - diana.utils.checkpointing - INFO - Checkpoint saved: results/search_v9_single_sample_host/cv_results/fold_2/checkpoint_epoch_12_20260909_214755.pth
2026-09-09 21:47:57 - diana.utils.checkpointing - INFO - Checkpoint saved: results/search_v9_single_sample_host/cv_results/fold_2/checkpoint_epoch_13_20260909_214756.pth
2026-09-09 21:47:58 - diana.utils.checkpointing - INFO - New best model saved: results/search_v9_single_sample_host/cv_results/fold_2/best_model.pth (val_loss: 0.6455)
2026-09-09 21:48:00 - diana.utils.checkpointing - INFO - Checkpoint saved: results/search_v9_single_sample_host/cv_results/fold_2/checkpoint_epoch_14_20260909_214759.pth
2026-09-09 21:48:00 - diana.utils.checkpointing - INFO - New best model saved: results/search_v9_single_sample_host/cv_results/fold_2/best_model.pth (val_loss: 0.6126)
2026-09-09 21:48:02 - diana.utils.checkpointing - INFO - Checkpoint saved: results/search_v9_single_sample_host/cv_results/fold_2/checkpoint_epoch_15_20260909_214801.pth
2026-09-09 21:48:03 - diana.utils.checkpointing - INFO - Checkpoint saved: results/search_v9_single_sample_host/cv_results/fold_2/checkpoint_epoch_16_20260909_214802.pth
2026-09-09 21:48:04 - diana.utils.checkpointing - INFO - New best model saved: results/search_v9_single_sample_host/cv_results/fold_2/best_model.pth (val_loss: 0.5987)
2026-09-09 21:48:06 - diana.utils.checkpointing - INFO - Checkpoint saved: results/search_v9_single_sample_host/cv_results/fold_2/checkpoint_epoch_17_20260909_214805.pth
2026-09-09 21:48:07 - diana.utils.checkpointing - INFO - Checkpoint saved: results/search_v9_single_sample_host/cv_results/fold_2/checkpoint_epoch_18_20260909_214806.pth
2026-09-09 21:48:08 - diana.utils.checkpointing - INFO - New best model saved: results/search_v9_single_sample_host/cv_results/fold_2/best_model.pth (val_loss: 0.5899)
2026-09-09 21:48:09 - diana.utils.checkpointing - INFO - Checkpoint saved: results/search_v9_single_sample_host/cv_results/fold_2/checkpoint_epoch_19_20260909_214808.pth
2026-09-09 21:48:10 - diana.utils.checkpointing - INFO - New best model saved: results/search_v9_single_sample_host/cv_results/fold_2/best_model.pth (val_loss: 0.5855)
2026-09-09 21:48:11 - diana.utils.checkpointing - INFO - Checkpoint saved: results/search_v9_single_sample_host/cv_results/fold_2/checkpoint_epoch_20_20260909_214810.pth
2026-09-09 21:48:12 - diana.utils.checkpointing - INFO - New best model saved: results/search_v9_single_sample_host/cv_results/fold_2/best_model.pth (val_loss: 0.5570)
2026-09-09 21:48:12 - __main__ - INFO - Epoch 20/200, Train Loss: 0.4419, Val Loss: 0.5570
2026-09-09 21:48:14 - diana.utils.checkpointing - INFO - Checkpoint saved: results/search_v9_single_sample_host/cv_results/fold_2/checkpoint_epoch_21_20260909_214813.pth
2026-09-09 21:48:15 - diana.utils.checkpointing - INFO - Checkpoint saved: results/search_v9_single_sample_host/cv_results/fold_2/checkpoint_epoch_22_20260909_214814.pth
2026-09-09 21:48:16 - diana.utils.checkpointing - INFO - Checkpoint saved: results/search_v9_single_sample_host/cv_results/fold_2/checkpoint_epoch_23_20260909_214815.pth
2026-09-09 21:48:18 - diana.utils.checkpointing - INFO - Checkpoint saved: results/search_v9_single_sample_host/cv_results/fold_2/checkpoint_epoch_24_20260909_214817.pth
2026-09-09 21:48:19 - diana.utils.checkpointing - INFO - Checkpoint saved: results/search_v9_single_sample_host/cv_results/fold_2/checkpoint_epoch_25_20260909_214818.pth
2026-09-09 21:48:20 - diana.utils.checkpointing - INFO - Checkpoint saved: results/search_v9_single_sample_host/cv_results/fold_2/checkpoint_epoch_26_20260909_214819.pth
2026-09-09 21:48:22 - diana.utils.checkpointing - INFO - Checkpoint saved: results/search_v9_single_sample_host/cv_results/fold_2/checkpoint_epoch_27_20260909_214821.pth
2026-09-09 21:48:23 - diana.utils.checkpointing - INFO - Checkpoint saved: results/search_v9_single_sample_host/cv_results/fold_2/checkpoint_epoch_28_20260909_214822.pth
2026-09-09 21:48:24 - diana.utils.checkpointing - INFO - Checkpoint saved: results/search_v9_single_sample_host/cv_results/fold_2/checkpoint_epoch_29_20260909_214823.pth
2026-09-09 21:48:26 - diana.utils.checkpointing - INFO - Checkpoint saved: results/search_v9_single_sample_host/cv_results/fold_2/checkpoint_epoch_30_20260909_214825.pth
2026-09-09 21:48:27 - diana.utils.checkpointing - INFO - Checkpoint saved: results/search_v9_single_sample_host/cv_results/fold_2/checkpoint_epoch_31_20260909_214826.pth
2026-09-09 21:48:29 - diana.utils.checkpointing - INFO - Checkpoint saved: results/search_v9_single_sample_host/cv_results/fold_2/checkpoint_epoch_32_20260909_214828.pth
2026-09-09 21:48:30 - diana.utils.checkpointing - INFO - Checkpoint saved: results/search_v9_single_sample_host/cv_results/fold_2/checkpoint_epoch_33_20260909_214829.pth
2026-09-09 21:48:31 - diana.utils.checkpointing - INFO - Checkpoint saved: results/search_v9_single_sample_host/cv_results/fold_2/checkpoint_epoch_34_20260909_214830.pth
2026-09-09 21:48:32 - diana.utils.checkpointing - INFO - New best model saved: results/search_v9_single_sample_host/cv_results/fold_2/best_model.pth (val_loss: 0.5525)
2026-09-09 21:48:34 - diana.utils.checkpointing - INFO - Checkpoint saved: results/search_v9_single_sample_host/cv_results/fold_2/checkpoint_epoch_35_20260909_214833.pth
2026-09-09 21:48:35 - diana.utils.checkpointing - INFO - New best model saved: results/search_v9_single_sample_host/cv_results/fold_2/best_model.pth (val_loss: 0.5379)
2026-09-09 21:48:36 - diana.utils.checkpointing - INFO - Checkpoint saved: results/search_v9_single_sample_host/cv_results/fold_2/checkpoint_epoch_36_20260909_214835.pth
2026-09-09 21:48:37 - diana.utils.checkpointing - INFO - Checkpoint saved: results/search_v9_single_sample_host/cv_results/fold_2/checkpoint_epoch_37_20260909_214836.pth
2026-09-09 21:48:39 - diana.utils.checkpointing - INFO - Checkpoint saved: results/search_v9_single_sample_host/cv_results/fold_2/checkpoint_epoch_38_20260909_214838.pth
2026-09-09 21:48:40 - diana.utils.checkpointing - INFO - Checkpoint saved: results/search_v9_single_sample_host/cv_results/fold_2/checkpoint_epoch_39_20260909_214839.pth
2026-09-09 21:48:42 - diana.utils.checkpointing - INFO - Checkpoint saved: results/search_v9_single_sample_host/cv_results/fold_2/checkpoint_epoch_40_20260909_214841.pth
2026-09-09 21:48:42 - __main__ - INFO - Epoch 40/200, Train Loss: 0.4419, Val Loss: 0.5501
2026-09-09 21:48:43 - diana.utils.checkpointing - INFO - Checkpoint saved: results/search_v9_single_sample_host/cv_results/fold_2/checkpoint_epoch_41_20260909_214842.pth
2026-09-09 21:48:44 - diana.utils.checkpointing - INFO - Checkpoint saved: results/search_v9_single_sample_host/cv_results/fold_2/checkpoint_epoch_42_20260909_214843.pth
2026-09-09 21:48:46 - diana.utils.checkpointing - INFO - Checkpoint saved: results/search_v9_single_sample_host/cv_results/fold_2/checkpoint_epoch_43_20260909_214845.pth
2026-09-09 21:48:47 - diana.utils.checkpointing - INFO - Checkpoint saved: results/search_v9_single_sample_host/cv_results/fold_2/checkpoint_epoch_44_20260909_214846.pth
2026-09-09 21:48:48 - diana.utils.checkpointing - INFO - Checkpoint saved: results/search_v9_single_sample_host/cv_results/fold_2/checkpoint_epoch_45_20260909_214847.pth
2026-09-09 21:48:49 - diana.utils.checkpointing - INFO - Checkpoint saved: results/search_v9_single_sample_host/cv_results/fold_2/checkpoint_epoch_46_20260909_214849.pth
2026-09-09 21:48:51 - diana.utils.checkpointing - INFO - Checkpoint saved: results/search_v9_single_sample_host/cv_results/fold_2/checkpoint_epoch_47_20260909_214850.pth
2026-09-09 21:48:52 - diana.utils.checkpointing - INFO - Checkpoint saved: results/search_v9_single_sample_host/cv_results/fold_2/checkpoint_epoch_48_20260909_214851.pth
2026-09-09 21:48:53 - diana.utils.checkpointing - INFO - Checkpoint saved: results/search_v9_single_sample_host/cv_results/fold_2/checkpoint_epoch_49_20260909_214853.pth
2026-09-09 21:48:55 - diana.utils.checkpointing - INFO - Checkpoint saved: results/search_v9_single_sample_host/cv_results/fold_2/checkpoint_epoch_50_20260909_214854.pth
2026-09-09 21:48:56 - diana.utils.checkpointing - INFO - Checkpoint saved: results/search_v9_single_sample_host/cv_results/fold_2/checkpoint_epoch_51_20260909_214855.pth
2026-09-09 21:48:58 - diana.utils.checkpointing - INFO - Checkpoint saved: results/search_v9_single_sample_host/cv_results/fold_2/checkpoint_epoch_52_20260909_214857.pth
2026-09-09 21:48:59 - diana.utils.checkpointing - INFO - Checkpoint saved: results/search_v9_single_sample_host/cv_results/fold_2/checkpoint_epoch_53_20260909_214858.pth
2026-09-09 21:49:00 - diana.utils.checkpointing - INFO - Checkpoint saved: results/search_v9_single_sample_host/cv_results/fold_2/checkpoint_epoch_54_20260909_214859.pth
2026-09-09 21:49:01 - diana.utils.checkpointing - INFO - Checkpoint saved: results/search_v9_single_sample_host/cv_results/fold_2/checkpoint_epoch_55_20260909_214901.pth
2026-09-09 21:49:01 - __main__ - INFO - Early stopping triggered after 55 epochs (patience=20)
2026-09-09 21:49:01 - diana.utils.checkpointing - INFO - Loading checkpoint: results/search_v9_single_sample_host/cv_results/fold_2/best_model.pth
2026-09-09 21:49:02 - __main__ - INFO - Loaded best model from epoch 35 (val_loss: 0.5379)
2026-09-09 21:49:02 - __main__ - INFO - Evaluating on held-out test set...
2026-09-09 21:49:02 - __main__ - INFO - sample_host test metrics: {'n_scored': 467, 'accuracy': 0.6723768736616702, 'f1_weighted': 0.7645207871485478, 'f1_macro': 0.08521031207598372, 'balanced_accuracy': 0.2498011137629276}
2026-09-09 21:49:02 - diana.utils.checkpointing - INFO - Final model saved: results/search_v9_single_sample_host/cv_results/fold_2/final_model_20260909_214902.pth
2026-09-09 21:49:02 - __main__ - INFO - Final model saved to results/search_v9_single_sample_host/cv_results/fold_2/final_model_20260909_214902.pth
2026-09-09 21:49:02 - __main__ - INFO - Results saved to results/search_v9_single_sample_host/cv_results/fold_2/multitask_fold_2_results_20260909_173051.json
2026-09-09 21:49:02 - __main__ - INFO - ================================================================================
2026-09-09 21:49:02 - __main__ - INFO - ================================================================================
2026-09-09 21:49:02 - __main__ - INFO - === FOLD COMPLETE ===
2026-09-09 21:49:02 - __main__ - INFO - ================================================================================
2026-09-09 21:49:02 - __main__ - INFO - Results: {'sample_host': {'n_scored': 467, 'accuracy': 0.6723768736616702, 'f1_weighted': 0.7645207871485478, 'f1_macro': 0.08521031207598372, 'balanced_accuracy': 0.2498011137629276}}
