2026-09-09 17:34:24 - root - INFO - Logging to file: results/search_v9_single_sample_host/cv_results/fold_4/fold_4_training.log
2026-09-09 17:34:24 - __main__ - INFO - ================================================================================
2026-09-09 17:34:24 - __main__ - INFO - DIANA Multi-Task Hyperparameter Optimization
2026-09-09 17:34:24 - __main__ - INFO - ================================================================================
2026-09-09 17:34:24 - __main__ - INFO - Run config:   configs/train_config_v9_search_single_sample_host.json
2026-09-09 17:34:24 - __main__ - INFO - Features:     data/matrices/matrix_v9_train/unitigs.frac.mat
2026-09-09 17:34:24 - __main__ - INFO - Metadata:     data/splits_v9/train_metadata.tsv
2026-09-09 17:34:24 - __main__ - INFO - Output dir:   results/search_v9_single_sample_host
2026-09-09 17:34:24 - __main__ - INFO - Tasks:        ['sample_host']
2026-09-09 17:34:24 - __main__ - INFO - Task types:   {'sample_host': 'classification'}
2026-09-09 17:34:24 - __main__ - INFO - Fold:         4 / 5
2026-09-09 17:34:24 - __main__ - INFO - Trials:       100  Max epochs: 200  Patience: 20
2026-09-09 17:34:24 - __main__ - INFO - GPU:          True  Seed: 42
2026-09-09 17:34:24 - __main__ - INFO - Loading data from data/matrices/matrix_v9_train/unitigs.frac.mat
2026-09-09 17:34:24 - diana.data.loader - INFO - Loading matrix from data/matrices/matrix_v9_train/unitigs.frac.mat
2026-09-09 17:35:27 - diana.data.loader - INFO - Loaded 110202 features × 2716 samples (before transpose)
2026-09-09 17:35:27 - diana.data.loader - INFO - Transposed to 2716 samples × 110202 features
2026-09-09 17:35:27 - diana.data.loader - INFO - Reading sample IDs from data/matrices/matrix_v9_train/kmer_matrix/kmtricks.fof
2026-09-09 17:35:27 - diana.data.loader - INFO - Sample IDs: ['ERR10114844', 'ERR10114845', 'ERR10114846']...
2026-09-09 17:35:27 - diana.data.loader - INFO - Loading metadata from data/splits_v9/train_metadata.tsv
2026-09-09 17:35:27 - diana.data.loader - INFO - Metadata: 2716 rows × 15 columns
2026-09-09 17:35:27 - diana.data.loader - INFO - Metadata aligned to matrix sample order
2026-09-09 17:35:27 - __main__ - INFO - Loaded 2716 samples with 110202 features
2026-09-09 17:35:27 - __main__ - INFO - Loaded 2716 samples × 110202 features
2026-09-09 17:35:27 - __main__ - INFO - === FOLD 4/4 ===
2026-09-09 17:35:27 - __main__ - INFO - Output directory: results/search_v9_single_sample_host/cv_results/fold_4
2026-09-09 17:35:27 - __main__ - INFO - Using device: cuda
2026-09-09 17:35:27 - __main__ - INFO - Class imbalance: logit adjustment, tau SEARCHED in [0.05, 0.8]
2026-09-09 17:35:27 - __main__ - INFO - sample_host: 24 classes, 2085 labelled, 631 masked - ['Alouatta palliata', 'Ambrosia artemisiifolia', 'Arabidopsis thaliana', 'Bison priscus', 'Canis lupus']...
2026-09-09 17:35:27 - __main__ - INFO - Grouping CV folds on 'archive_project': 68 groups over 2716 runs
2026-09-09 17:35:27 - __main__ - INFO - Outer fold 4 taken from data/splits_v9/dev_folds.tsv (5 dev folds)
2026-09-09 17:35:27 - __main__ - INFO - Train: 2227, Test: 489 (outer fold verified archive_project-disjoint)
2026-09-09 17:35:27 - __main__ - INFO - 3 inner folds verified archive_project-disjoint
2026-09-09 17:35:27 - __main__ - INFO - Starting Optuna optimization with 100 trials...
2026-09-09 17:35:27 - __main__ - INFO - Each trial will be evaluated on 3 inner CV folds
2026-09-09 17:35:28 - __main__ - INFO - sample_host priors: [6, 0, 32, 16, 11, 4, 4, 20, 23, 67, 45, 235, 16, 11, 16, 8, 11, 9, 0, 0, 0, 24, 4, 339]
2026-09-09 17:36:49 - __main__ - INFO - sample_host priors: [0, 0, 32, 16, 1, 0, 0, 0, 0, 0, 0, 866, 0, 11, 16, 0, 0, 0, 0, 0, 0, 0, 0, 316]
2026-09-09 17:37:34 - __main__ - INFO - sample_host priors: [6, 0, 0, 0, 12, 4, 4, 20, 23, 67, 45, 847, 16, 0, 0, 8, 11, 9, 0, 0, 0, 24, 4, 23]
2026-09-09 17:38:26 - __main__ - INFO - sample_host priors: [6, 0, 32, 16, 11, 4, 4, 20, 23, 67, 45, 235, 16, 11, 16, 8, 11, 9, 0, 0, 0, 24, 4, 339]
2026-09-09 17:39:04 - __main__ - INFO - sample_host priors: [0, 0, 32, 16, 1, 0, 0, 0, 0, 0, 0, 866, 0, 11, 16, 0, 0, 0, 0, 0, 0, 0, 0, 316]
2026-09-09 17:39:39 - __main__ - INFO - sample_host priors: [6, 0, 0, 0, 12, 4, 4, 20, 23, 67, 45, 847, 16, 0, 0, 8, 11, 9, 0, 0, 0, 24, 4, 23]
2026-09-09 17:40:11 - __main__ - INFO - sample_host priors: [6, 0, 32, 16, 11, 4, 4, 20, 23, 67, 45, 235, 16, 11, 16, 8, 11, 9, 0, 0, 0, 24, 4, 339]
2026-09-09 17:40:47 - __main__ - INFO - sample_host priors: [0, 0, 32, 16, 1, 0, 0, 0, 0, 0, 0, 866, 0, 11, 16, 0, 0, 0, 0, 0, 0, 0, 0, 316]
2026-09-09 17:41:23 - __main__ - INFO - sample_host priors: [6, 0, 0, 0, 12, 4, 4, 20, 23, 67, 45, 847, 16, 0, 0, 8, 11, 9, 0, 0, 0, 24, 4, 23]
2026-09-09 17:42:00 - __main__ - INFO - sample_host priors: [6, 0, 32, 16, 11, 4, 4, 20, 23, 67, 45, 235, 16, 11, 16, 8, 11, 9, 0, 0, 0, 24, 4, 339]
2026-09-09 17:42:44 - __main__ - INFO - sample_host priors: [0, 0, 32, 16, 1, 0, 0, 0, 0, 0, 0, 866, 0, 11, 16, 0, 0, 0, 0, 0, 0, 0, 0, 316]
2026-09-09 17:43:38 - __main__ - INFO - sample_host priors: [6, 0, 0, 0, 12, 4, 4, 20, 23, 67, 45, 847, 16, 0, 0, 8, 11, 9, 0, 0, 0, 24, 4, 23]
2026-09-09 17:44:26 - __main__ - INFO - sample_host priors: [6, 0, 32, 16, 11, 4, 4, 20, 23, 67, 45, 235, 16, 11, 16, 8, 11, 9, 0, 0, 0, 24, 4, 339]
2026-09-09 17:45:09 - __main__ - INFO - sample_host priors: [0, 0, 32, 16, 1, 0, 0, 0, 0, 0, 0, 866, 0, 11, 16, 0, 0, 0, 0, 0, 0, 0, 0, 316]
2026-09-09 17:45:49 - __main__ - INFO - sample_host priors: [6, 0, 0, 0, 12, 4, 4, 20, 23, 67, 45, 847, 16, 0, 0, 8, 11, 9, 0, 0, 0, 24, 4, 23]
2026-09-09 17:46:37 - __main__ - INFO - sample_host priors: [6, 0, 32, 16, 11, 4, 4, 20, 23, 67, 45, 235, 16, 11, 16, 8, 11, 9, 0, 0, 0, 24, 4, 339]
2026-09-09 17:47:14 - __main__ - INFO - sample_host priors: [0, 0, 32, 16, 1, 0, 0, 0, 0, 0, 0, 866, 0, 11, 16, 0, 0, 0, 0, 0, 0, 0, 0, 316]
2026-09-09 17:47:53 - __main__ - INFO - sample_host priors: [6, 0, 0, 0, 12, 4, 4, 20, 23, 67, 45, 847, 16, 0, 0, 8, 11, 9, 0, 0, 0, 24, 4, 23]
2026-09-09 17:48:34 - __main__ - INFO - sample_host priors: [6, 0, 32, 16, 11, 4, 4, 20, 23, 67, 45, 235, 16, 11, 16, 8, 11, 9, 0, 0, 0, 24, 4, 339]
2026-09-09 17:48:58 - __main__ - INFO - sample_host priors: [0, 0, 32, 16, 1, 0, 0, 0, 0, 0, 0, 866, 0, 11, 16, 0, 0, 0, 0, 0, 0, 0, 0, 316]
2026-09-09 17:49:32 - __main__ - INFO - sample_host priors: [6, 0, 0, 0, 12, 4, 4, 20, 23, 67, 45, 847, 16, 0, 0, 8, 11, 9, 0, 0, 0, 24, 4, 23]
2026-09-09 17:50:22 - __main__ - INFO - sample_host priors: [6, 0, 32, 16, 11, 4, 4, 20, 23, 67, 45, 235, 16, 11, 16, 8, 11, 9, 0, 0, 0, 24, 4, 339]
2026-09-09 17:51:04 - __main__ - INFO - sample_host priors: [0, 0, 32, 16, 1, 0, 0, 0, 0, 0, 0, 866, 0, 11, 16, 0, 0, 0, 0, 0, 0, 0, 0, 316]
2026-09-09 17:51:51 - __main__ - INFO - sample_host priors: [6, 0, 0, 0, 12, 4, 4, 20, 23, 67, 45, 847, 16, 0, 0, 8, 11, 9, 0, 0, 0, 24, 4, 23]
2026-09-09 17:52:50 - __main__ - INFO - sample_host priors: [6, 0, 32, 16, 11, 4, 4, 20, 23, 67, 45, 235, 16, 11, 16, 8, 11, 9, 0, 0, 0, 24, 4, 339]
2026-09-09 17:53:24 - __main__ - INFO - sample_host priors: [0, 0, 32, 16, 1, 0, 0, 0, 0, 0, 0, 866, 0, 11, 16, 0, 0, 0, 0, 0, 0, 0, 0, 316]
2026-09-09 17:54:08 - __main__ - INFO - sample_host priors: [6, 0, 0, 0, 12, 4, 4, 20, 23, 67, 45, 847, 16, 0, 0, 8, 11, 9, 0, 0, 0, 24, 4, 23]
2026-09-09 17:54:42 - __main__ - INFO - sample_host priors: [6, 0, 32, 16, 11, 4, 4, 20, 23, 67, 45, 235, 16, 11, 16, 8, 11, 9, 0, 0, 0, 24, 4, 339]
2026-09-09 17:55:15 - __main__ - INFO - sample_host priors: [0, 0, 32, 16, 1, 0, 0, 0, 0, 0, 0, 866, 0, 11, 16, 0, 0, 0, 0, 0, 0, 0, 0, 316]
2026-09-09 17:56:05 - __main__ - INFO - sample_host priors: [6, 0, 0, 0, 12, 4, 4, 20, 23, 67, 45, 847, 16, 0, 0, 8, 11, 9, 0, 0, 0, 24, 4, 23]
2026-09-09 17:56:39 - __main__ - INFO - sample_host priors: [6, 0, 32, 16, 11, 4, 4, 20, 23, 67, 45, 235, 16, 11, 16, 8, 11, 9, 0, 0, 0, 24, 4, 339]
2026-09-09 17:57:21 - __main__ - INFO - sample_host priors: [0, 0, 32, 16, 1, 0, 0, 0, 0, 0, 0, 866, 0, 11, 16, 0, 0, 0, 0, 0, 0, 0, 0, 316]
2026-09-09 17:58:06 - __main__ - INFO - sample_host priors: [6, 0, 0, 0, 12, 4, 4, 20, 23, 67, 45, 847, 16, 0, 0, 8, 11, 9, 0, 0, 0, 24, 4, 23]
2026-09-09 17:58:35 - __main__ - INFO - sample_host priors: [6, 0, 32, 16, 11, 4, 4, 20, 23, 67, 45, 235, 16, 11, 16, 8, 11, 9, 0, 0, 0, 24, 4, 339]
2026-09-09 17:59:13 - __main__ - INFO - sample_host priors: [0, 0, 32, 16, 1, 0, 0, 0, 0, 0, 0, 866, 0, 11, 16, 0, 0, 0, 0, 0, 0, 0, 0, 316]
2026-09-09 17:59:53 - __main__ - INFO - sample_host priors: [6, 0, 0, 0, 12, 4, 4, 20, 23, 67, 45, 847, 16, 0, 0, 8, 11, 9, 0, 0, 0, 24, 4, 23]
2026-09-09 18:00:40 - __main__ - INFO - sample_host priors: [6, 0, 32, 16, 11, 4, 4, 20, 23, 67, 45, 235, 16, 11, 16, 8, 11, 9, 0, 0, 0, 24, 4, 339]
2026-09-09 18:01:23 - __main__ - INFO - sample_host priors: [0, 0, 32, 16, 1, 0, 0, 0, 0, 0, 0, 866, 0, 11, 16, 0, 0, 0, 0, 0, 0, 0, 0, 316]
2026-09-09 18:02:04 - __main__ - INFO - sample_host priors: [6, 0, 0, 0, 12, 4, 4, 20, 23, 67, 45, 847, 16, 0, 0, 8, 11, 9, 0, 0, 0, 24, 4, 23]
2026-09-09 18:02:44 - __main__ - INFO - sample_host priors: [6, 0, 32, 16, 11, 4, 4, 20, 23, 67, 45, 235, 16, 11, 16, 8, 11, 9, 0, 0, 0, 24, 4, 339]
2026-09-09 18:03:30 - __main__ - INFO - sample_host priors: [0, 0, 32, 16, 1, 0, 0, 0, 0, 0, 0, 866, 0, 11, 16, 0, 0, 0, 0, 0, 0, 0, 0, 316]
2026-09-09 18:04:15 - __main__ - INFO - sample_host priors: [6, 0, 0, 0, 12, 4, 4, 20, 23, 67, 45, 847, 16, 0, 0, 8, 11, 9, 0, 0, 0, 24, 4, 23]
2026-09-09 18:04:56 - __main__ - INFO - sample_host priors: [6, 0, 32, 16, 11, 4, 4, 20, 23, 67, 45, 235, 16, 11, 16, 8, 11, 9, 0, 0, 0, 24, 4, 339]
2026-09-09 18:05:36 - __main__ - INFO - sample_host priors: [0, 0, 32, 16, 1, 0, 0, 0, 0, 0, 0, 866, 0, 11, 16, 0, 0, 0, 0, 0, 0, 0, 0, 316]
2026-09-09 18:06:17 - __main__ - INFO - sample_host priors: [6, 0, 0, 0, 12, 4, 4, 20, 23, 67, 45, 847, 16, 0, 0, 8, 11, 9, 0, 0, 0, 24, 4, 23]
2026-09-09 18:06:54 - __main__ - INFO - sample_host priors: [6, 0, 32, 16, 11, 4, 4, 20, 23, 67, 45, 235, 16, 11, 16, 8, 11, 9, 0, 0, 0, 24, 4, 339]
2026-09-09 18:07:33 - __main__ - INFO - sample_host priors: [0, 0, 32, 16, 1, 0, 0, 0, 0, 0, 0, 866, 0, 11, 16, 0, 0, 0, 0, 0, 0, 0, 0, 316]
2026-09-09 18:08:05 - __main__ - INFO - sample_host priors: [6, 0, 0, 0, 12, 4, 4, 20, 23, 67, 45, 847, 16, 0, 0, 8, 11, 9, 0, 0, 0, 24, 4, 23]
2026-09-09 18:08:30 - __main__ - INFO - sample_host priors: [6, 0, 32, 16, 11, 4, 4, 20, 23, 67, 45, 235, 16, 11, 16, 8, 11, 9, 0, 0, 0, 24, 4, 339]
2026-09-09 18:09:08 - __main__ - INFO - sample_host priors: [0, 0, 32, 16, 1, 0, 0, 0, 0, 0, 0, 866, 0, 11, 16, 0, 0, 0, 0, 0, 0, 0, 0, 316]
2026-09-09 18:09:42 - __main__ - INFO - sample_host priors: [6, 0, 0, 0, 12, 4, 4, 20, 23, 67, 45, 847, 16, 0, 0, 8, 11, 9, 0, 0, 0, 24, 4, 23]
2026-09-09 18:10:30 - __main__ - INFO - sample_host priors: [6, 0, 32, 16, 11, 4, 4, 20, 23, 67, 45, 235, 16, 11, 16, 8, 11, 9, 0, 0, 0, 24, 4, 339]
2026-09-09 18:11:10 - __main__ - INFO - sample_host priors: [0, 0, 32, 16, 1, 0, 0, 0, 0, 0, 0, 866, 0, 11, 16, 0, 0, 0, 0, 0, 0, 0, 0, 316]
2026-09-09 18:11:47 - __main__ - INFO - sample_host priors: [6, 0, 0, 0, 12, 4, 4, 20, 23, 67, 45, 847, 16, 0, 0, 8, 11, 9, 0, 0, 0, 24, 4, 23]
2026-09-09 18:12:29 - __main__ - INFO - sample_host priors: [6, 0, 32, 16, 11, 4, 4, 20, 23, 67, 45, 235, 16, 11, 16, 8, 11, 9, 0, 0, 0, 24, 4, 339]
2026-09-09 18:13:06 - __main__ - INFO - sample_host priors: [0, 0, 32, 16, 1, 0, 0, 0, 0, 0, 0, 866, 0, 11, 16, 0, 0, 0, 0, 0, 0, 0, 0, 316]
2026-09-09 18:13:46 - __main__ - INFO - sample_host priors: [6, 0, 0, 0, 12, 4, 4, 20, 23, 67, 45, 847, 16, 0, 0, 8, 11, 9, 0, 0, 0, 24, 4, 23]
2026-09-09 18:14:14 - __main__ - INFO - sample_host priors: [6, 0, 32, 16, 11, 4, 4, 20, 23, 67, 45, 235, 16, 11, 16, 8, 11, 9, 0, 0, 0, 24, 4, 339]
2026-09-09 18:14:54 - __main__ - INFO - sample_host priors: [0, 0, 32, 16, 1, 0, 0, 0, 0, 0, 0, 866, 0, 11, 16, 0, 0, 0, 0, 0, 0, 0, 0, 316]
2026-09-09 18:15:40 - __main__ - INFO - sample_host priors: [6, 0, 0, 0, 12, 4, 4, 20, 23, 67, 45, 847, 16, 0, 0, 8, 11, 9, 0, 0, 0, 24, 4, 23]
2026-09-09 18:16:14 - __main__ - INFO - sample_host priors: [6, 0, 32, 16, 11, 4, 4, 20, 23, 67, 45, 235, 16, 11, 16, 8, 11, 9, 0, 0, 0, 24, 4, 339]
2026-09-09 18:16:53 - __main__ - INFO - sample_host priors: [0, 0, 32, 16, 1, 0, 0, 0, 0, 0, 0, 866, 0, 11, 16, 0, 0, 0, 0, 0, 0, 0, 0, 316]
2026-09-09 18:17:35 - __main__ - INFO - sample_host priors: [6, 0, 0, 0, 12, 4, 4, 20, 23, 67, 45, 847, 16, 0, 0, 8, 11, 9, 0, 0, 0, 24, 4, 23]
2026-09-09 18:18:22 - __main__ - INFO - sample_host priors: [6, 0, 32, 16, 11, 4, 4, 20, 23, 67, 45, 235, 16, 11, 16, 8, 11, 9, 0, 0, 0, 24, 4, 339]
2026-09-09 18:18:49 - __main__ - INFO - sample_host priors: [0, 0, 32, 16, 1, 0, 0, 0, 0, 0, 0, 866, 0, 11, 16, 0, 0, 0, 0, 0, 0, 0, 0, 316]
2026-09-09 18:19:43 - __main__ - INFO - sample_host priors: [6, 0, 0, 0, 12, 4, 4, 20, 23, 67, 45, 847, 16, 0, 0, 8, 11, 9, 0, 0, 0, 24, 4, 23]
2026-09-09 18:20:30 - __main__ - INFO - sample_host priors: [6, 0, 32, 16, 11, 4, 4, 20, 23, 67, 45, 235, 16, 11, 16, 8, 11, 9, 0, 0, 0, 24, 4, 339]
2026-09-09 18:21:00 - __main__ - INFO - sample_host priors: [0, 0, 32, 16, 1, 0, 0, 0, 0, 0, 0, 866, 0, 11, 16, 0, 0, 0, 0, 0, 0, 0, 0, 316]
2026-09-09 18:21:48 - __main__ - INFO - sample_host priors: [6, 0, 0, 0, 12, 4, 4, 20, 23, 67, 45, 847, 16, 0, 0, 8, 11, 9, 0, 0, 0, 24, 4, 23]
2026-09-09 18:22:16 - __main__ - INFO - sample_host priors: [6, 0, 32, 16, 11, 4, 4, 20, 23, 67, 45, 235, 16, 11, 16, 8, 11, 9, 0, 0, 0, 24, 4, 339]
2026-09-09 18:22:49 - __main__ - INFO - sample_host priors: [0, 0, 32, 16, 1, 0, 0, 0, 0, 0, 0, 866, 0, 11, 16, 0, 0, 0, 0, 0, 0, 0, 0, 316]
2026-09-09 18:23:34 - __main__ - INFO - sample_host priors: [6, 0, 0, 0, 12, 4, 4, 20, 23, 67, 45, 847, 16, 0, 0, 8, 11, 9, 0, 0, 0, 24, 4, 23]
2026-09-09 18:24:19 - __main__ - INFO - sample_host priors: [6, 0, 32, 16, 11, 4, 4, 20, 23, 67, 45, 235, 16, 11, 16, 8, 11, 9, 0, 0, 0, 24, 4, 339]
2026-09-09 18:24:45 - __main__ - INFO - sample_host priors: [0, 0, 32, 16, 1, 0, 0, 0, 0, 0, 0, 866, 0, 11, 16, 0, 0, 0, 0, 0, 0, 0, 0, 316]
2026-09-09 18:25:17 - __main__ - INFO - sample_host priors: [6, 0, 0, 0, 12, 4, 4, 20, 23, 67, 45, 847, 16, 0, 0, 8, 11, 9, 0, 0, 0, 24, 4, 23]
2026-09-09 18:25:47 - __main__ - INFO - sample_host priors: [6, 0, 32, 16, 11, 4, 4, 20, 23, 67, 45, 235, 16, 11, 16, 8, 11, 9, 0, 0, 0, 24, 4, 339]
2026-09-09 18:26:21 - __main__ - INFO - sample_host priors: [0, 0, 32, 16, 1, 0, 0, 0, 0, 0, 0, 866, 0, 11, 16, 0, 0, 0, 0, 0, 0, 0, 0, 316]
2026-09-09 18:27:01 - __main__ - INFO - sample_host priors: [6, 0, 0, 0, 12, 4, 4, 20, 23, 67, 45, 847, 16, 0, 0, 8, 11, 9, 0, 0, 0, 24, 4, 23]
2026-09-09 18:27:50 - __main__ - INFO - sample_host priors: [6, 0, 32, 16, 11, 4, 4, 20, 23, 67, 45, 235, 16, 11, 16, 8, 11, 9, 0, 0, 0, 24, 4, 339]
2026-09-09 18:28:24 - __main__ - INFO - sample_host priors: [0, 0, 32, 16, 1, 0, 0, 0, 0, 0, 0, 866, 0, 11, 16, 0, 0, 0, 0, 0, 0, 0, 0, 316]
2026-09-09 18:29:02 - __main__ - INFO - sample_host priors: [6, 0, 0, 0, 12, 4, 4, 20, 23, 67, 45, 847, 16, 0, 0, 8, 11, 9, 0, 0, 0, 24, 4, 23]
2026-09-09 18:29:32 - __main__ - INFO - sample_host priors: [6, 0, 32, 16, 11, 4, 4, 20, 23, 67, 45, 235, 16, 11, 16, 8, 11, 9, 0, 0, 0, 24, 4, 339]
2026-09-09 18:30:15 - __main__ - INFO - sample_host priors: [0, 0, 32, 16, 1, 0, 0, 0, 0, 0, 0, 866, 0, 11, 16, 0, 0, 0, 0, 0, 0, 0, 0, 316]
2026-09-09 18:30:40 - __main__ - INFO - sample_host priors: [6, 0, 0, 0, 12, 4, 4, 20, 23, 67, 45, 847, 16, 0, 0, 8, 11, 9, 0, 0, 0, 24, 4, 23]
2026-09-09 18:31:29 - __main__ - INFO - sample_host priors: [6, 0, 32, 16, 11, 4, 4, 20, 23, 67, 45, 235, 16, 11, 16, 8, 11, 9, 0, 0, 0, 24, 4, 339]
2026-09-09 18:32:15 - __main__ - INFO - sample_host priors: [0, 0, 32, 16, 1, 0, 0, 0, 0, 0, 0, 866, 0, 11, 16, 0, 0, 0, 0, 0, 0, 0, 0, 316]
2026-09-09 18:33:05 - __main__ - INFO - sample_host priors: [6, 0, 0, 0, 12, 4, 4, 20, 23, 67, 45, 847, 16, 0, 0, 8, 11, 9, 0, 0, 0, 24, 4, 23]
2026-09-09 18:33:40 - __main__ - INFO - sample_host priors: [6, 0, 32, 16, 11, 4, 4, 20, 23, 67, 45, 235, 16, 11, 16, 8, 11, 9, 0, 0, 0, 24, 4, 339]
2026-09-09 18:34:38 - __main__ - INFO - sample_host priors: [0, 0, 32, 16, 1, 0, 0, 0, 0, 0, 0, 866, 0, 11, 16, 0, 0, 0, 0, 0, 0, 0, 0, 316]
2026-09-09 18:35:43 - __main__ - INFO - sample_host priors: [6, 0, 0, 0, 12, 4, 4, 20, 23, 67, 45, 847, 16, 0, 0, 8, 11, 9, 0, 0, 0, 24, 4, 23]
2026-09-09 18:36:37 - __main__ - INFO - sample_host priors: [6, 0, 32, 16, 11, 4, 4, 20, 23, 67, 45, 235, 16, 11, 16, 8, 11, 9, 0, 0, 0, 24, 4, 339]
2026-09-09 18:37:12 - __main__ - INFO - sample_host priors: [0, 0, 32, 16, 1, 0, 0, 0, 0, 0, 0, 866, 0, 11, 16, 0, 0, 0, 0, 0, 0, 0, 0, 316]
2026-09-09 18:37:42 - __main__ - INFO - sample_host priors: [6, 0, 0, 0, 12, 4, 4, 20, 23, 67, 45, 847, 16, 0, 0, 8, 11, 9, 0, 0, 0, 24, 4, 23]
2026-09-09 18:38:12 - __main__ - INFO - sample_host priors: [6, 0, 32, 16, 11, 4, 4, 20, 23, 67, 45, 235, 16, 11, 16, 8, 11, 9, 0, 0, 0, 24, 4, 339]
2026-09-09 18:39:00 - __main__ - INFO - sample_host priors: [0, 0, 32, 16, 1, 0, 0, 0, 0, 0, 0, 866, 0, 11, 16, 0, 0, 0, 0, 0, 0, 0, 0, 316]
2026-09-09 18:39:43 - __main__ - INFO - sample_host priors: [6, 0, 0, 0, 12, 4, 4, 20, 23, 67, 45, 847, 16, 0, 0, 8, 11, 9, 0, 0, 0, 24, 4, 23]
2026-09-09 18:40:34 - __main__ - INFO - sample_host priors: [6, 0, 32, 16, 11, 4, 4, 20, 23, 67, 45, 235, 16, 11, 16, 8, 11, 9, 0, 0, 0, 24, 4, 339]
2026-09-09 18:41:16 - __main__ - INFO - sample_host priors: [0, 0, 32, 16, 1, 0, 0, 0, 0, 0, 0, 866, 0, 11, 16, 0, 0, 0, 0, 0, 0, 0, 0, 316]
2026-09-09 18:41:52 - __main__ - INFO - sample_host priors: [6, 0, 0, 0, 12, 4, 4, 20, 23, 67, 45, 847, 16, 0, 0, 8, 11, 9, 0, 0, 0, 24, 4, 23]
2026-09-09 18:42:42 - __main__ - INFO - sample_host priors: [6, 0, 32, 16, 11, 4, 4, 20, 23, 67, 45, 235, 16, 11, 16, 8, 11, 9, 0, 0, 0, 24, 4, 339]
2026-09-09 18:43:25 - __main__ - INFO - sample_host priors: [0, 0, 32, 16, 1, 0, 0, 0, 0, 0, 0, 866, 0, 11, 16, 0, 0, 0, 0, 0, 0, 0, 0, 316]
2026-09-09 18:44:07 - __main__ - INFO - sample_host priors: [6, 0, 0, 0, 12, 4, 4, 20, 23, 67, 45, 847, 16, 0, 0, 8, 11, 9, 0, 0, 0, 24, 4, 23]
2026-09-09 18:44:53 - __main__ - INFO - sample_host priors: [6, 0, 32, 16, 11, 4, 4, 20, 23, 67, 45, 235, 16, 11, 16, 8, 11, 9, 0, 0, 0, 24, 4, 339]
2026-09-09 18:45:35 - __main__ - INFO - sample_host priors: [0, 0, 32, 16, 1, 0, 0, 0, 0, 0, 0, 866, 0, 11, 16, 0, 0, 0, 0, 0, 0, 0, 0, 316]
2026-09-09 18:46:12 - __main__ - INFO - sample_host priors: [6, 0, 0, 0, 12, 4, 4, 20, 23, 67, 45, 847, 16, 0, 0, 8, 11, 9, 0, 0, 0, 24, 4, 23]
2026-09-09 18:47:01 - __main__ - INFO - sample_host priors: [6, 0, 32, 16, 11, 4, 4, 20, 23, 67, 45, 235, 16, 11, 16, 8, 11, 9, 0, 0, 0, 24, 4, 339]
2026-09-09 18:47:35 - __main__ - INFO - sample_host priors: [0, 0, 32, 16, 1, 0, 0, 0, 0, 0, 0, 866, 0, 11, 16, 0, 0, 0, 0, 0, 0, 0, 0, 316]
2026-09-09 18:48:08 - __main__ - INFO - sample_host priors: [6, 0, 0, 0, 12, 4, 4, 20, 23, 67, 45, 847, 16, 0, 0, 8, 11, 9, 0, 0, 0, 24, 4, 23]
2026-09-09 18:48:58 - __main__ - INFO - sample_host priors: [6, 0, 32, 16, 11, 4, 4, 20, 23, 67, 45, 235, 16, 11, 16, 8, 11, 9, 0, 0, 0, 24, 4, 339]
2026-09-09 18:49:39 - __main__ - INFO - sample_host priors: [0, 0, 32, 16, 1, 0, 0, 0, 0, 0, 0, 866, 0, 11, 16, 0, 0, 0, 0, 0, 0, 0, 0, 316]
2026-09-09 18:50:21 - __main__ - INFO - sample_host priors: [6, 0, 0, 0, 12, 4, 4, 20, 23, 67, 45, 847, 16, 0, 0, 8, 11, 9, 0, 0, 0, 24, 4, 23]
2026-09-09 18:50:51 - __main__ - INFO - sample_host priors: [6, 0, 32, 16, 11, 4, 4, 20, 23, 67, 45, 235, 16, 11, 16, 8, 11, 9, 0, 0, 0, 24, 4, 339]
2026-09-09 18:51:28 - __main__ - INFO - sample_host priors: [0, 0, 32, 16, 1, 0, 0, 0, 0, 0, 0, 866, 0, 11, 16, 0, 0, 0, 0, 0, 0, 0, 0, 316]
2026-09-09 18:52:03 - __main__ - INFO - sample_host priors: [6, 0, 0, 0, 12, 4, 4, 20, 23, 67, 45, 847, 16, 0, 0, 8, 11, 9, 0, 0, 0, 24, 4, 23]
2026-09-09 18:52:51 - __main__ - INFO - sample_host priors: [6, 0, 32, 16, 11, 4, 4, 20, 23, 67, 45, 235, 16, 11, 16, 8, 11, 9, 0, 0, 0, 24, 4, 339]
2026-09-09 18:53:14 - __main__ - INFO - sample_host priors: [0, 0, 32, 16, 1, 0, 0, 0, 0, 0, 0, 866, 0, 11, 16, 0, 0, 0, 0, 0, 0, 0, 0, 316]
2026-09-09 18:53:57 - __main__ - INFO - sample_host priors: [6, 0, 0, 0, 12, 4, 4, 20, 23, 67, 45, 847, 16, 0, 0, 8, 11, 9, 0, 0, 0, 24, 4, 23]
2026-09-09 18:54:39 - __main__ - INFO - sample_host priors: [6, 0, 32, 16, 11, 4, 4, 20, 23, 67, 45, 235, 16, 11, 16, 8, 11, 9, 0, 0, 0, 24, 4, 339]
2026-09-09 18:55:11 - __main__ - INFO - sample_host priors: [0, 0, 32, 16, 1, 0, 0, 0, 0, 0, 0, 866, 0, 11, 16, 0, 0, 0, 0, 0, 0, 0, 0, 316]
2026-09-09 18:55:54 - __main__ - INFO - sample_host priors: [6, 0, 0, 0, 12, 4, 4, 20, 23, 67, 45, 847, 16, 0, 0, 8, 11, 9, 0, 0, 0, 24, 4, 23]
2026-09-09 18:56:21 - __main__ - INFO - sample_host priors: [6, 0, 32, 16, 11, 4, 4, 20, 23, 67, 45, 235, 16, 11, 16, 8, 11, 9, 0, 0, 0, 24, 4, 339]
2026-09-09 18:57:08 - __main__ - INFO - sample_host priors: [0, 0, 32, 16, 1, 0, 0, 0, 0, 0, 0, 866, 0, 11, 16, 0, 0, 0, 0, 0, 0, 0, 0, 316]
2026-09-09 18:57:54 - __main__ - INFO - sample_host priors: [6, 0, 0, 0, 12, 4, 4, 20, 23, 67, 45, 847, 16, 0, 0, 8, 11, 9, 0, 0, 0, 24, 4, 23]
2026-09-09 18:58:27 - __main__ - INFO - sample_host priors: [6, 0, 32, 16, 11, 4, 4, 20, 23, 67, 45, 235, 16, 11, 16, 8, 11, 9, 0, 0, 0, 24, 4, 339]
2026-09-09 18:59:04 - __main__ - INFO - sample_host priors: [0, 0, 32, 16, 1, 0, 0, 0, 0, 0, 0, 866, 0, 11, 16, 0, 0, 0, 0, 0, 0, 0, 0, 316]
2026-09-09 18:59:41 - __main__ - INFO - sample_host priors: [6, 0, 0, 0, 12, 4, 4, 20, 23, 67, 45, 847, 16, 0, 0, 8, 11, 9, 0, 0, 0, 24, 4, 23]
2026-09-09 19:00:34 - __main__ - INFO - sample_host priors: [6, 0, 32, 16, 11, 4, 4, 20, 23, 67, 45, 235, 16, 11, 16, 8, 11, 9, 0, 0, 0, 24, 4, 339]
2026-09-09 19:01:31 - __main__ - INFO - sample_host priors: [0, 0, 32, 16, 1, 0, 0, 0, 0, 0, 0, 866, 0, 11, 16, 0, 0, 0, 0, 0, 0, 0, 0, 316]
2026-09-09 19:02:29 - __main__ - INFO - sample_host priors: [6, 0, 0, 0, 12, 4, 4, 20, 23, 67, 45, 847, 16, 0, 0, 8, 11, 9, 0, 0, 0, 24, 4, 23]
2026-09-09 19:03:30 - __main__ - INFO - sample_host priors: [6, 0, 32, 16, 11, 4, 4, 20, 23, 67, 45, 235, 16, 11, 16, 8, 11, 9, 0, 0, 0, 24, 4, 339]
2026-09-09 19:03:58 - __main__ - INFO - sample_host priors: [0, 0, 32, 16, 1, 0, 0, 0, 0, 0, 0, 866, 0, 11, 16, 0, 0, 0, 0, 0, 0, 0, 0, 316]
2026-09-09 19:04:44 - __main__ - INFO - sample_host priors: [6, 0, 0, 0, 12, 4, 4, 20, 23, 67, 45, 847, 16, 0, 0, 8, 11, 9, 0, 0, 0, 24, 4, 23]
2026-09-09 19:05:11 - __main__ - INFO - sample_host priors: [6, 0, 32, 16, 11, 4, 4, 20, 23, 67, 45, 235, 16, 11, 16, 8, 11, 9, 0, 0, 0, 24, 4, 339]
2026-09-09 19:05:50 - __main__ - INFO - sample_host priors: [0, 0, 32, 16, 1, 0, 0, 0, 0, 0, 0, 866, 0, 11, 16, 0, 0, 0, 0, 0, 0, 0, 0, 316]
2026-09-09 19:06:22 - __main__ - INFO - sample_host priors: [6, 0, 0, 0, 12, 4, 4, 20, 23, 67, 45, 847, 16, 0, 0, 8, 11, 9, 0, 0, 0, 24, 4, 23]
2026-09-09 19:07:08 - __main__ - INFO - sample_host priors: [6, 0, 32, 16, 11, 4, 4, 20, 23, 67, 45, 235, 16, 11, 16, 8, 11, 9, 0, 0, 0, 24, 4, 339]
2026-09-09 19:07:54 - __main__ - INFO - sample_host priors: [0, 0, 32, 16, 1, 0, 0, 0, 0, 0, 0, 866, 0, 11, 16, 0, 0, 0, 0, 0, 0, 0, 0, 316]
2026-09-09 19:08:30 - __main__ - INFO - sample_host priors: [6, 0, 0, 0, 12, 4, 4, 20, 23, 67, 45, 847, 16, 0, 0, 8, 11, 9, 0, 0, 0, 24, 4, 23]
2026-09-09 19:09:01 - __main__ - INFO - sample_host priors: [6, 0, 32, 16, 11, 4, 4, 20, 23, 67, 45, 235, 16, 11, 16, 8, 11, 9, 0, 0, 0, 24, 4, 339]
2026-09-09 19:09:47 - __main__ - INFO - sample_host priors: [0, 0, 32, 16, 1, 0, 0, 0, 0, 0, 0, 866, 0, 11, 16, 0, 0, 0, 0, 0, 0, 0, 0, 316]
2026-09-09 19:10:31 - __main__ - INFO - sample_host priors: [6, 0, 0, 0, 12, 4, 4, 20, 23, 67, 45, 847, 16, 0, 0, 8, 11, 9, 0, 0, 0, 24, 4, 23]
2026-09-09 19:11:06 - __main__ - INFO - sample_host priors: [6, 0, 32, 16, 11, 4, 4, 20, 23, 67, 45, 235, 16, 11, 16, 8, 11, 9, 0, 0, 0, 24, 4, 339]
2026-09-09 19:11:29 - __main__ - INFO - sample_host priors: [0, 0, 32, 16, 1, 0, 0, 0, 0, 0, 0, 866, 0, 11, 16, 0, 0, 0, 0, 0, 0, 0, 0, 316]
2026-09-09 19:11:56 - __main__ - INFO - sample_host priors: [6, 0, 0, 0, 12, 4, 4, 20, 23, 67, 45, 847, 16, 0, 0, 8, 11, 9, 0, 0, 0, 24, 4, 23]
2026-09-09 19:12:31 - __main__ - INFO - sample_host priors: [6, 0, 32, 16, 11, 4, 4, 20, 23, 67, 45, 235, 16, 11, 16, 8, 11, 9, 0, 0, 0, 24, 4, 339]
2026-09-09 19:13:17 - __main__ - INFO - sample_host priors: [0, 0, 32, 16, 1, 0, 0, 0, 0, 0, 0, 866, 0, 11, 16, 0, 0, 0, 0, 0, 0, 0, 0, 316]
2026-09-09 19:14:01 - __main__ - INFO - sample_host priors: [6, 0, 0, 0, 12, 4, 4, 20, 23, 67, 45, 847, 16, 0, 0, 8, 11, 9, 0, 0, 0, 24, 4, 23]
2026-09-09 19:14:33 - __main__ - INFO - sample_host priors: [6, 0, 32, 16, 11, 4, 4, 20, 23, 67, 45, 235, 16, 11, 16, 8, 11, 9, 0, 0, 0, 24, 4, 339]
2026-09-09 19:15:09 - __main__ - INFO - sample_host priors: [0, 0, 32, 16, 1, 0, 0, 0, 0, 0, 0, 866, 0, 11, 16, 0, 0, 0, 0, 0, 0, 0, 0, 316]
2026-09-09 19:15:43 - __main__ - INFO - sample_host priors: [6, 0, 0, 0, 12, 4, 4, 20, 23, 67, 45, 847, 16, 0, 0, 8, 11, 9, 0, 0, 0, 24, 4, 23]
2026-09-09 19:16:36 - __main__ - INFO - sample_host priors: [6, 0, 32, 16, 11, 4, 4, 20, 23, 67, 45, 235, 16, 11, 16, 8, 11, 9, 0, 0, 0, 24, 4, 339]
2026-09-09 19:17:35 - __main__ - INFO - sample_host priors: [0, 0, 32, 16, 1, 0, 0, 0, 0, 0, 0, 866, 0, 11, 16, 0, 0, 0, 0, 0, 0, 0, 0, 316]
2026-09-09 19:18:40 - __main__ - INFO - sample_host priors: [6, 0, 0, 0, 12, 4, 4, 20, 23, 67, 45, 847, 16, 0, 0, 8, 11, 9, 0, 0, 0, 24, 4, 23]
2026-09-09 19:19:56 - __main__ - INFO - sample_host priors: [6, 0, 32, 16, 11, 4, 4, 20, 23, 67, 45, 235, 16, 11, 16, 8, 11, 9, 0, 0, 0, 24, 4, 339]
2026-09-09 19:20:44 - __main__ - INFO - sample_host priors: [0, 0, 32, 16, 1, 0, 0, 0, 0, 0, 0, 866, 0, 11, 16, 0, 0, 0, 0, 0, 0, 0, 0, 316]
2026-09-09 19:21:39 - __main__ - INFO - sample_host priors: [6, 0, 0, 0, 12, 4, 4, 20, 23, 67, 45, 847, 16, 0, 0, 8, 11, 9, 0, 0, 0, 24, 4, 23]
2026-09-09 19:22:10 - __main__ - INFO - sample_host priors: [6, 0, 32, 16, 11, 4, 4, 20, 23, 67, 45, 235, 16, 11, 16, 8, 11, 9, 0, 0, 0, 24, 4, 339]
2026-09-09 19:22:59 - __main__ - INFO - sample_host priors: [0, 0, 32, 16, 1, 0, 0, 0, 0, 0, 0, 866, 0, 11, 16, 0, 0, 0, 0, 0, 0, 0, 0, 316]
2026-09-09 19:23:37 - __main__ - INFO - sample_host priors: [6, 0, 0, 0, 12, 4, 4, 20, 23, 67, 45, 847, 16, 0, 0, 8, 11, 9, 0, 0, 0, 24, 4, 23]
2026-09-09 19:24:19 - __main__ - INFO - sample_host priors: [6, 0, 32, 16, 11, 4, 4, 20, 23, 67, 45, 235, 16, 11, 16, 8, 11, 9, 0, 0, 0, 24, 4, 339]
2026-09-09 19:25:05 - __main__ - INFO - sample_host priors: [0, 0, 32, 16, 1, 0, 0, 0, 0, 0, 0, 866, 0, 11, 16, 0, 0, 0, 0, 0, 0, 0, 0, 316]
2026-09-09 19:25:51 - __main__ - INFO - sample_host priors: [6, 0, 0, 0, 12, 4, 4, 20, 23, 67, 45, 847, 16, 0, 0, 8, 11, 9, 0, 0, 0, 24, 4, 23]
2026-09-09 19:26:33 - __main__ - INFO - sample_host priors: [6, 0, 32, 16, 11, 4, 4, 20, 23, 67, 45, 235, 16, 11, 16, 8, 11, 9, 0, 0, 0, 24, 4, 339]
2026-09-09 19:27:21 - __main__ - INFO - sample_host priors: [0, 0, 32, 16, 1, 0, 0, 0, 0, 0, 0, 866, 0, 11, 16, 0, 0, 0, 0, 0, 0, 0, 0, 316]
2026-09-09 19:28:07 - __main__ - INFO - sample_host priors: [6, 0, 0, 0, 12, 4, 4, 20, 23, 67, 45, 847, 16, 0, 0, 8, 11, 9, 0, 0, 0, 24, 4, 23]
2026-09-09 19:29:00 - __main__ - INFO - sample_host priors: [6, 0, 32, 16, 11, 4, 4, 20, 23, 67, 45, 235, 16, 11, 16, 8, 11, 9, 0, 0, 0, 24, 4, 339]
2026-09-09 19:29:39 - __main__ - INFO - sample_host priors: [0, 0, 32, 16, 1, 0, 0, 0, 0, 0, 0, 866, 0, 11, 16, 0, 0, 0, 0, 0, 0, 0, 0, 316]
2026-09-09 19:30:23 - __main__ - INFO - sample_host priors: [6, 0, 0, 0, 12, 4, 4, 20, 23, 67, 45, 847, 16, 0, 0, 8, 11, 9, 0, 0, 0, 24, 4, 23]
2026-09-09 19:30:55 - __main__ - INFO - sample_host priors: [6, 0, 32, 16, 11, 4, 4, 20, 23, 67, 45, 235, 16, 11, 16, 8, 11, 9, 0, 0, 0, 24, 4, 339]
2026-09-09 19:31:40 - __main__ - INFO - sample_host priors: [0, 0, 32, 16, 1, 0, 0, 0, 0, 0, 0, 866, 0, 11, 16, 0, 0, 0, 0, 0, 0, 0, 0, 316]
2026-09-09 19:32:05 - __main__ - INFO - sample_host priors: [6, 0, 0, 0, 12, 4, 4, 20, 23, 67, 45, 847, 16, 0, 0, 8, 11, 9, 0, 0, 0, 24, 4, 23]
2026-09-09 19:32:42 - __main__ - INFO - sample_host priors: [6, 0, 32, 16, 11, 4, 4, 20, 23, 67, 45, 235, 16, 11, 16, 8, 11, 9, 0, 0, 0, 24, 4, 339]
2026-09-09 19:33:27 - __main__ - INFO - sample_host priors: [0, 0, 32, 16, 1, 0, 0, 0, 0, 0, 0, 866, 0, 11, 16, 0, 0, 0, 0, 0, 0, 0, 0, 316]
2026-09-09 19:34:10 - __main__ - INFO - sample_host priors: [6, 0, 0, 0, 12, 4, 4, 20, 23, 67, 45, 847, 16, 0, 0, 8, 11, 9, 0, 0, 0, 24, 4, 23]
2026-09-09 19:34:42 - __main__ - INFO - sample_host priors: [6, 0, 32, 16, 11, 4, 4, 20, 23, 67, 45, 235, 16, 11, 16, 8, 11, 9, 0, 0, 0, 24, 4, 339]
2026-09-09 19:35:26 - __main__ - INFO - sample_host priors: [0, 0, 32, 16, 1, 0, 0, 0, 0, 0, 0, 866, 0, 11, 16, 0, 0, 0, 0, 0, 0, 0, 0, 316]
2026-09-09 19:35:56 - __main__ - INFO - sample_host priors: [6, 0, 0, 0, 12, 4, 4, 20, 23, 67, 45, 847, 16, 0, 0, 8, 11, 9, 0, 0, 0, 24, 4, 23]
2026-09-09 19:36:26 - __main__ - INFO - sample_host priors: [6, 0, 32, 16, 11, 4, 4, 20, 23, 67, 45, 235, 16, 11, 16, 8, 11, 9, 0, 0, 0, 24, 4, 339]
2026-09-09 19:37:11 - __main__ - INFO - sample_host priors: [0, 0, 32, 16, 1, 0, 0, 0, 0, 0, 0, 866, 0, 11, 16, 0, 0, 0, 0, 0, 0, 0, 0, 316]
2026-09-09 19:37:42 - __main__ - INFO - sample_host priors: [6, 0, 0, 0, 12, 4, 4, 20, 23, 67, 45, 847, 16, 0, 0, 8, 11, 9, 0, 0, 0, 24, 4, 23]
2026-09-09 19:38:17 - __main__ - INFO - sample_host priors: [6, 0, 32, 16, 11, 4, 4, 20, 23, 67, 45, 235, 16, 11, 16, 8, 11, 9, 0, 0, 0, 24, 4, 339]
2026-09-09 19:39:02 - __main__ - INFO - sample_host priors: [0, 0, 32, 16, 1, 0, 0, 0, 0, 0, 0, 866, 0, 11, 16, 0, 0, 0, 0, 0, 0, 0, 0, 316]
2026-09-09 19:39:39 - __main__ - INFO - sample_host priors: [6, 0, 0, 0, 12, 4, 4, 20, 23, 67, 45, 847, 16, 0, 0, 8, 11, 9, 0, 0, 0, 24, 4, 23]
2026-09-09 19:40:27 - __main__ - INFO - sample_host priors: [6, 0, 32, 16, 11, 4, 4, 20, 23, 67, 45, 235, 16, 11, 16, 8, 11, 9, 0, 0, 0, 24, 4, 339]
2026-09-09 19:41:12 - __main__ - INFO - sample_host priors: [0, 0, 32, 16, 1, 0, 0, 0, 0, 0, 0, 866, 0, 11, 16, 0, 0, 0, 0, 0, 0, 0, 0, 316]
2026-09-09 19:41:51 - __main__ - INFO - sample_host priors: [6, 0, 0, 0, 12, 4, 4, 20, 23, 67, 45, 847, 16, 0, 0, 8, 11, 9, 0, 0, 0, 24, 4, 23]
2026-09-09 19:42:46 - __main__ - INFO - sample_host priors: [6, 0, 32, 16, 11, 4, 4, 20, 23, 67, 45, 235, 16, 11, 16, 8, 11, 9, 0, 0, 0, 24, 4, 339]
2026-09-09 19:43:15 - __main__ - INFO - sample_host priors: [0, 0, 32, 16, 1, 0, 0, 0, 0, 0, 0, 866, 0, 11, 16, 0, 0, 0, 0, 0, 0, 0, 0, 316]
2026-09-09 19:43:57 - __main__ - INFO - sample_host priors: [6, 0, 0, 0, 12, 4, 4, 20, 23, 67, 45, 847, 16, 0, 0, 8, 11, 9, 0, 0, 0, 24, 4, 23]
2026-09-09 19:44:39 - __main__ - INFO - sample_host priors: [6, 0, 32, 16, 11, 4, 4, 20, 23, 67, 45, 235, 16, 11, 16, 8, 11, 9, 0, 0, 0, 24, 4, 339]
2026-09-09 19:45:26 - __main__ - INFO - sample_host priors: [0, 0, 32, 16, 1, 0, 0, 0, 0, 0, 0, 866, 0, 11, 16, 0, 0, 0, 0, 0, 0, 0, 0, 316]
2026-09-09 19:46:08 - __main__ - INFO - sample_host priors: [6, 0, 0, 0, 12, 4, 4, 20, 23, 67, 45, 847, 16, 0, 0, 8, 11, 9, 0, 0, 0, 24, 4, 23]
2026-09-09 19:47:01 - __main__ - INFO - sample_host priors: [6, 0, 32, 16, 11, 4, 4, 20, 23, 67, 45, 235, 16, 11, 16, 8, 11, 9, 0, 0, 0, 24, 4, 339]
2026-09-09 19:47:47 - __main__ - INFO - sample_host priors: [0, 0, 32, 16, 1, 0, 0, 0, 0, 0, 0, 866, 0, 11, 16, 0, 0, 0, 0, 0, 0, 0, 0, 316]
2026-09-09 19:48:30 - __main__ - INFO - sample_host priors: [6, 0, 0, 0, 12, 4, 4, 20, 23, 67, 45, 847, 16, 0, 0, 8, 11, 9, 0, 0, 0, 24, 4, 23]
2026-09-09 19:49:22 - __main__ - INFO - sample_host priors: [6, 0, 32, 16, 11, 4, 4, 20, 23, 67, 45, 235, 16, 11, 16, 8, 11, 9, 0, 0, 0, 24, 4, 339]
2026-09-09 19:50:07 - __main__ - INFO - sample_host priors: [0, 0, 32, 16, 1, 0, 0, 0, 0, 0, 0, 866, 0, 11, 16, 0, 0, 0, 0, 0, 0, 0, 0, 316]
2026-09-09 19:50:50 - __main__ - INFO - sample_host priors: [6, 0, 0, 0, 12, 4, 4, 20, 23, 67, 45, 847, 16, 0, 0, 8, 11, 9, 0, 0, 0, 24, 4, 23]
2026-09-09 19:51:35 - __main__ - INFO - sample_host priors: [6, 0, 32, 16, 11, 4, 4, 20, 23, 67, 45, 235, 16, 11, 16, 8, 11, 9, 0, 0, 0, 24, 4, 339]
2026-09-09 19:52:15 - __main__ - INFO - sample_host priors: [0, 0, 32, 16, 1, 0, 0, 0, 0, 0, 0, 866, 0, 11, 16, 0, 0, 0, 0, 0, 0, 0, 0, 316]
2026-09-09 19:52:40 - __main__ - INFO - sample_host priors: [6, 0, 0, 0, 12, 4, 4, 20, 23, 67, 45, 847, 16, 0, 0, 8, 11, 9, 0, 0, 0, 24, 4, 23]
2026-09-09 19:53:16 - __main__ - INFO - sample_host priors: [6, 0, 32, 16, 11, 4, 4, 20, 23, 67, 45, 235, 16, 11, 16, 8, 11, 9, 0, 0, 0, 24, 4, 339]
2026-09-09 19:54:01 - __main__ - INFO - sample_host priors: [0, 0, 32, 16, 1, 0, 0, 0, 0, 0, 0, 866, 0, 11, 16, 0, 0, 0, 0, 0, 0, 0, 0, 316]
2026-09-09 19:54:45 - __main__ - INFO - sample_host priors: [6, 0, 0, 0, 12, 4, 4, 20, 23, 67, 45, 847, 16, 0, 0, 8, 11, 9, 0, 0, 0, 24, 4, 23]
2026-09-09 19:55:37 - __main__ - INFO - sample_host priors: [6, 0, 32, 16, 11, 4, 4, 20, 23, 67, 45, 235, 16, 11, 16, 8, 11, 9, 0, 0, 0, 24, 4, 339]
2026-09-09 19:56:23 - __main__ - INFO - sample_host priors: [0, 0, 32, 16, 1, 0, 0, 0, 0, 0, 0, 866, 0, 11, 16, 0, 0, 0, 0, 0, 0, 0, 0, 316]
2026-09-09 19:56:48 - __main__ - INFO - sample_host priors: [6, 0, 0, 0, 12, 4, 4, 20, 23, 67, 45, 847, 16, 0, 0, 8, 11, 9, 0, 0, 0, 24, 4, 23]
2026-09-09 19:57:35 - __main__ - INFO - sample_host priors: [6, 0, 32, 16, 11, 4, 4, 20, 23, 67, 45, 235, 16, 11, 16, 8, 11, 9, 0, 0, 0, 24, 4, 339]
2026-09-09 19:58:12 - __main__ - INFO - sample_host priors: [0, 0, 32, 16, 1, 0, 0, 0, 0, 0, 0, 866, 0, 11, 16, 0, 0, 0, 0, 0, 0, 0, 0, 316]
2026-09-09 19:59:00 - __main__ - INFO - sample_host priors: [6, 0, 0, 0, 12, 4, 4, 20, 23, 67, 45, 847, 16, 0, 0, 8, 11, 9, 0, 0, 0, 24, 4, 23]
2026-09-09 19:59:37 - __main__ - INFO - sample_host priors: [6, 0, 32, 16, 11, 4, 4, 20, 23, 67, 45, 235, 16, 11, 16, 8, 11, 9, 0, 0, 0, 24, 4, 339]
2026-09-09 20:00:05 - __main__ - INFO - sample_host priors: [0, 0, 32, 16, 1, 0, 0, 0, 0, 0, 0, 866, 0, 11, 16, 0, 0, 0, 0, 0, 0, 0, 0, 316]
2026-09-09 20:00:32 - __main__ - INFO - sample_host priors: [6, 0, 0, 0, 12, 4, 4, 20, 23, 67, 45, 847, 16, 0, 0, 8, 11, 9, 0, 0, 0, 24, 4, 23]
2026-09-09 20:00:57 - __main__ - INFO - sample_host priors: [6, 0, 32, 16, 11, 4, 4, 20, 23, 67, 45, 235, 16, 11, 16, 8, 11, 9, 0, 0, 0, 24, 4, 339]
2026-09-09 20:01:37 - __main__ - INFO - sample_host priors: [0, 0, 32, 16, 1, 0, 0, 0, 0, 0, 0, 866, 0, 11, 16, 0, 0, 0, 0, 0, 0, 0, 0, 316]
2026-09-09 20:02:12 - __main__ - INFO - sample_host priors: [6, 0, 0, 0, 12, 4, 4, 20, 23, 67, 45, 847, 16, 0, 0, 8, 11, 9, 0, 0, 0, 24, 4, 23]
2026-09-09 20:02:46 - __main__ - INFO - sample_host priors: [6, 0, 32, 16, 11, 4, 4, 20, 23, 67, 45, 235, 16, 11, 16, 8, 11, 9, 0, 0, 0, 24, 4, 339]
2026-09-09 20:03:31 - __main__ - INFO - sample_host priors: [0, 0, 32, 16, 1, 0, 0, 0, 0, 0, 0, 866, 0, 11, 16, 0, 0, 0, 0, 0, 0, 0, 0, 316]
2026-09-09 20:03:54 - __main__ - INFO - sample_host priors: [6, 0, 0, 0, 12, 4, 4, 20, 23, 67, 45, 847, 16, 0, 0, 8, 11, 9, 0, 0, 0, 24, 4, 23]
2026-09-09 20:04:29 - __main__ - INFO - sample_host priors: [6, 0, 32, 16, 11, 4, 4, 20, 23, 67, 45, 235, 16, 11, 16, 8, 11, 9, 0, 0, 0, 24, 4, 339]
2026-09-09 20:05:15 - __main__ - INFO - sample_host priors: [0, 0, 32, 16, 1, 0, 0, 0, 0, 0, 0, 866, 0, 11, 16, 0, 0, 0, 0, 0, 0, 0, 0, 316]
2026-09-09 20:06:00 - __main__ - INFO - sample_host priors: [6, 0, 0, 0, 12, 4, 4, 20, 23, 67, 45, 847, 16, 0, 0, 8, 11, 9, 0, 0, 0, 24, 4, 23]
2026-09-09 20:06:39 - __main__ - INFO - sample_host priors: [6, 0, 32, 16, 11, 4, 4, 20, 23, 67, 45, 235, 16, 11, 16, 8, 11, 9, 0, 0, 0, 24, 4, 339]
2026-09-09 20:07:24 - __main__ - INFO - sample_host priors: [0, 0, 32, 16, 1, 0, 0, 0, 0, 0, 0, 866, 0, 11, 16, 0, 0, 0, 0, 0, 0, 0, 0, 316]
2026-09-09 20:08:02 - __main__ - INFO - sample_host priors: [6, 0, 0, 0, 12, 4, 4, 20, 23, 67, 45, 847, 16, 0, 0, 8, 11, 9, 0, 0, 0, 24, 4, 23]
2026-09-09 20:08:52 - __main__ - INFO - sample_host priors: [6, 0, 32, 16, 11, 4, 4, 20, 23, 67, 45, 235, 16, 11, 16, 8, 11, 9, 0, 0, 0, 24, 4, 339]
2026-09-09 20:09:39 - __main__ - INFO - sample_host priors: [0, 0, 32, 16, 1, 0, 0, 0, 0, 0, 0, 866, 0, 11, 16, 0, 0, 0, 0, 0, 0, 0, 0, 316]
2026-09-09 20:10:24 - __main__ - INFO - sample_host priors: [6, 0, 0, 0, 12, 4, 4, 20, 23, 67, 45, 847, 16, 0, 0, 8, 11, 9, 0, 0, 0, 24, 4, 23]
2026-09-09 20:11:06 - __main__ - INFO - sample_host priors: [6, 0, 32, 16, 11, 4, 4, 20, 23, 67, 45, 235, 16, 11, 16, 8, 11, 9, 0, 0, 0, 24, 4, 339]
2026-09-09 20:11:52 - __main__ - INFO - sample_host priors: [0, 0, 32, 16, 1, 0, 0, 0, 0, 0, 0, 866, 0, 11, 16, 0, 0, 0, 0, 0, 0, 0, 0, 316]
2026-09-09 20:12:40 - __main__ - INFO - sample_host priors: [6, 0, 0, 0, 12, 4, 4, 20, 23, 67, 45, 847, 16, 0, 0, 8, 11, 9, 0, 0, 0, 24, 4, 23]
2026-09-09 20:13:38 - __main__ - INFO - sample_host priors: [6, 0, 32, 16, 11, 4, 4, 20, 23, 67, 45, 235, 16, 11, 16, 8, 11, 9, 0, 0, 0, 24, 4, 339]
2026-09-09 20:14:25 - __main__ - INFO - sample_host priors: [0, 0, 32, 16, 1, 0, 0, 0, 0, 0, 0, 866, 0, 11, 16, 0, 0, 0, 0, 0, 0, 0, 0, 316]
2026-09-09 20:15:00 - __main__ - INFO - sample_host priors: [6, 0, 0, 0, 12, 4, 4, 20, 23, 67, 45, 847, 16, 0, 0, 8, 11, 9, 0, 0, 0, 24, 4, 23]
2026-09-09 20:15:36 - __main__ - INFO - sample_host priors: [6, 0, 32, 16, 11, 4, 4, 20, 23, 67, 45, 235, 16, 11, 16, 8, 11, 9, 0, 0, 0, 24, 4, 339]
2026-09-09 20:16:19 - __main__ - INFO - sample_host priors: [0, 0, 32, 16, 1, 0, 0, 0, 0, 0, 0, 866, 0, 11, 16, 0, 0, 0, 0, 0, 0, 0, 0, 316]
2026-09-09 20:17:05 - __main__ - INFO - sample_host priors: [6, 0, 0, 0, 12, 4, 4, 20, 23, 67, 45, 847, 16, 0, 0, 8, 11, 9, 0, 0, 0, 24, 4, 23]
2026-09-09 20:17:44 - __main__ - INFO - sample_host priors: [6, 0, 32, 16, 11, 4, 4, 20, 23, 67, 45, 235, 16, 11, 16, 8, 11, 9, 0, 0, 0, 24, 4, 339]
2026-09-09 20:18:19 - __main__ - INFO - sample_host priors: [0, 0, 32, 16, 1, 0, 0, 0, 0, 0, 0, 866, 0, 11, 16, 0, 0, 0, 0, 0, 0, 0, 0, 316]
2026-09-09 20:19:05 - __main__ - INFO - sample_host priors: [6, 0, 0, 0, 12, 4, 4, 20, 23, 67, 45, 847, 16, 0, 0, 8, 11, 9, 0, 0, 0, 24, 4, 23]
2026-09-09 20:19:58 - __main__ - INFO - sample_host priors: [6, 0, 32, 16, 11, 4, 4, 20, 23, 67, 45, 235, 16, 11, 16, 8, 11, 9, 0, 0, 0, 24, 4, 339]
2026-09-09 20:20:37 - __main__ - INFO - sample_host priors: [0, 0, 32, 16, 1, 0, 0, 0, 0, 0, 0, 866, 0, 11, 16, 0, 0, 0, 0, 0, 0, 0, 0, 316]
2026-09-09 20:21:19 - __main__ - INFO - sample_host priors: [6, 0, 0, 0, 12, 4, 4, 20, 23, 67, 45, 847, 16, 0, 0, 8, 11, 9, 0, 0, 0, 24, 4, 23]
2026-09-09 20:21:51 - __main__ - INFO - sample_host priors: [6, 0, 32, 16, 11, 4, 4, 20, 23, 67, 45, 235, 16, 11, 16, 8, 11, 9, 0, 0, 0, 24, 4, 339]
2026-09-09 20:22:34 - __main__ - INFO - sample_host priors: [0, 0, 32, 16, 1, 0, 0, 0, 0, 0, 0, 866, 0, 11, 16, 0, 0, 0, 0, 0, 0, 0, 0, 316]
2026-09-09 20:23:19 - __main__ - INFO - sample_host priors: [6, 0, 0, 0, 12, 4, 4, 20, 23, 67, 45, 847, 16, 0, 0, 8, 11, 9, 0, 0, 0, 24, 4, 23]
2026-09-09 20:23:51 - __main__ - INFO - sample_host priors: [6, 0, 32, 16, 11, 4, 4, 20, 23, 67, 45, 235, 16, 11, 16, 8, 11, 9, 0, 0, 0, 24, 4, 339]
2026-09-09 20:24:36 - __main__ - INFO - sample_host priors: [0, 0, 32, 16, 1, 0, 0, 0, 0, 0, 0, 866, 0, 11, 16, 0, 0, 0, 0, 0, 0, 0, 0, 316]
2026-09-09 20:25:13 - __main__ - INFO - sample_host priors: [6, 0, 0, 0, 12, 4, 4, 20, 23, 67, 45, 847, 16, 0, 0, 8, 11, 9, 0, 0, 0, 24, 4, 23]
2026-09-09 20:25:46 - __main__ - INFO - sample_host priors: [6, 0, 32, 16, 11, 4, 4, 20, 23, 67, 45, 235, 16, 11, 16, 8, 11, 9, 0, 0, 0, 24, 4, 339]
2026-09-09 20:26:20 - __main__ - INFO - sample_host priors: [0, 0, 32, 16, 1, 0, 0, 0, 0, 0, 0, 866, 0, 11, 16, 0, 0, 0, 0, 0, 0, 0, 0, 316]
2026-09-09 20:27:00 - __main__ - INFO - sample_host priors: [6, 0, 0, 0, 12, 4, 4, 20, 23, 67, 45, 847, 16, 0, 0, 8, 11, 9, 0, 0, 0, 24, 4, 23]
2026-09-09 20:27:39 - __main__ - INFO - sample_host priors: [6, 0, 32, 16, 11, 4, 4, 20, 23, 67, 45, 235, 16, 11, 16, 8, 11, 9, 0, 0, 0, 24, 4, 339]
2026-09-09 20:28:24 - __main__ - INFO - sample_host priors: [0, 0, 32, 16, 1, 0, 0, 0, 0, 0, 0, 866, 0, 11, 16, 0, 0, 0, 0, 0, 0, 0, 0, 316]
2026-09-09 20:29:12 - __main__ - INFO - sample_host priors: [6, 0, 0, 0, 12, 4, 4, 20, 23, 67, 45, 847, 16, 0, 0, 8, 11, 9, 0, 0, 0, 24, 4, 23]
2026-09-09 20:29:50 - __main__ - INFO - sample_host priors: [6, 0, 32, 16, 11, 4, 4, 20, 23, 67, 45, 235, 16, 11, 16, 8, 11, 9, 0, 0, 0, 24, 4, 339]
2026-09-09 20:30:24 - __main__ - INFO - sample_host priors: [0, 0, 32, 16, 1, 0, 0, 0, 0, 0, 0, 866, 0, 11, 16, 0, 0, 0, 0, 0, 0, 0, 0, 316]
2026-09-09 20:31:31 - __main__ - INFO - sample_host priors: [6, 0, 0, 0, 12, 4, 4, 20, 23, 67, 45, 847, 16, 0, 0, 8, 11, 9, 0, 0, 0, 24, 4, 23]
2026-09-09 20:32:14 - __main__ - INFO - sample_host priors: [6, 0, 32, 16, 11, 4, 4, 20, 23, 67, 45, 235, 16, 11, 16, 8, 11, 9, 0, 0, 0, 24, 4, 339]
2026-09-09 20:32:58 - __main__ - INFO - sample_host priors: [0, 0, 32, 16, 1, 0, 0, 0, 0, 0, 0, 866, 0, 11, 16, 0, 0, 0, 0, 0, 0, 0, 0, 316]
2026-09-09 20:33:52 - __main__ - INFO - sample_host priors: [6, 0, 0, 0, 12, 4, 4, 20, 23, 67, 45, 847, 16, 0, 0, 8, 11, 9, 0, 0, 0, 24, 4, 23]
2026-09-09 20:34:27 - __main__ - INFO - sample_host priors: [6, 0, 32, 16, 11, 4, 4, 20, 23, 67, 45, 235, 16, 11, 16, 8, 11, 9, 0, 0, 0, 24, 4, 339]
2026-09-09 20:35:11 - __main__ - INFO - sample_host priors: [0, 0, 32, 16, 1, 0, 0, 0, 0, 0, 0, 866, 0, 11, 16, 0, 0, 0, 0, 0, 0, 0, 0, 316]
2026-09-09 20:36:02 - __main__ - INFO - sample_host priors: [6, 0, 0, 0, 12, 4, 4, 20, 23, 67, 45, 847, 16, 0, 0, 8, 11, 9, 0, 0, 0, 24, 4, 23]
2026-09-09 20:36:39 - __main__ - INFO - sample_host priors: [6, 0, 32, 16, 11, 4, 4, 20, 23, 67, 45, 235, 16, 11, 16, 8, 11, 9, 0, 0, 0, 24, 4, 339]
2026-09-09 20:37:26 - __main__ - INFO - sample_host priors: [0, 0, 32, 16, 1, 0, 0, 0, 0, 0, 0, 866, 0, 11, 16, 0, 0, 0, 0, 0, 0, 0, 0, 316]
2026-09-09 20:37:51 - __main__ - INFO - sample_host priors: [6, 0, 0, 0, 12, 4, 4, 20, 23, 67, 45, 847, 16, 0, 0, 8, 11, 9, 0, 0, 0, 24, 4, 23]
2026-09-09 20:38:42 - __main__ - INFO - sample_host priors: [6, 0, 32, 16, 11, 4, 4, 20, 23, 67, 45, 235, 16, 11, 16, 8, 11, 9, 0, 0, 0, 24, 4, 339]
2026-09-09 20:39:24 - __main__ - INFO - sample_host priors: [0, 0, 32, 16, 1, 0, 0, 0, 0, 0, 0, 866, 0, 11, 16, 0, 0, 0, 0, 0, 0, 0, 0, 316]
2026-09-09 20:39:53 - __main__ - INFO - sample_host priors: [6, 0, 0, 0, 12, 4, 4, 20, 23, 67, 45, 847, 16, 0, 0, 8, 11, 9, 0, 0, 0, 24, 4, 23]
2026-09-09 20:40:36 - __main__ - INFO - sample_host priors: [6, 0, 32, 16, 11, 4, 4, 20, 23, 67, 45, 235, 16, 11, 16, 8, 11, 9, 0, 0, 0, 24, 4, 339]
2026-09-09 20:41:18 - __main__ - INFO - sample_host priors: [0, 0, 32, 16, 1, 0, 0, 0, 0, 0, 0, 866, 0, 11, 16, 0, 0, 0, 0, 0, 0, 0, 0, 316]
2026-09-09 20:41:52 - __main__ - INFO - sample_host priors: [6, 0, 0, 0, 12, 4, 4, 20, 23, 67, 45, 847, 16, 0, 0, 8, 11, 9, 0, 0, 0, 24, 4, 23]
2026-09-09 20:42:32 - __main__ - INFO - sample_host priors: [6, 0, 32, 16, 11, 4, 4, 20, 23, 67, 45, 235, 16, 11, 16, 8, 11, 9, 0, 0, 0, 24, 4, 339]
2026-09-09 20:43:15 - __main__ - INFO - sample_host priors: [0, 0, 32, 16, 1, 0, 0, 0, 0, 0, 0, 866, 0, 11, 16, 0, 0, 0, 0, 0, 0, 0, 0, 316]
2026-09-09 20:43:47 - __main__ - INFO - sample_host priors: [6, 0, 0, 0, 12, 4, 4, 20, 23, 67, 45, 847, 16, 0, 0, 8, 11, 9, 0, 0, 0, 24, 4, 23]
2026-09-09 20:44:20 - __main__ - INFO - sample_host priors: [6, 0, 32, 16, 11, 4, 4, 20, 23, 67, 45, 235, 16, 11, 16, 8, 11, 9, 0, 0, 0, 24, 4, 339]
2026-09-09 20:44:52 - __main__ - INFO - sample_host priors: [0, 0, 32, 16, 1, 0, 0, 0, 0, 0, 0, 866, 0, 11, 16, 0, 0, 0, 0, 0, 0, 0, 0, 316]
2026-09-09 20:45:24 - __main__ - INFO - sample_host priors: [6, 0, 0, 0, 12, 4, 4, 20, 23, 67, 45, 847, 16, 0, 0, 8, 11, 9, 0, 0, 0, 24, 4, 23]
2026-09-09 20:46:05 - __main__ - INFO - sample_host priors: [6, 0, 32, 16, 11, 4, 4, 20, 23, 67, 45, 235, 16, 11, 16, 8, 11, 9, 0, 0, 0, 24, 4, 339]
2026-09-09 20:46:34 - __main__ - INFO - sample_host priors: [0, 0, 32, 16, 1, 0, 0, 0, 0, 0, 0, 866, 0, 11, 16, 0, 0, 0, 0, 0, 0, 0, 0, 316]
2026-09-09 20:47:19 - __main__ - INFO - sample_host priors: [6, 0, 0, 0, 12, 4, 4, 20, 23, 67, 45, 847, 16, 0, 0, 8, 11, 9, 0, 0, 0, 24, 4, 23]
2026-09-09 20:48:08 - __main__ - INFO - sample_host priors: [6, 0, 32, 16, 11, 4, 4, 20, 23, 67, 45, 235, 16, 11, 16, 8, 11, 9, 0, 0, 0, 24, 4, 339]
2026-09-09 20:48:48 - __main__ - INFO - sample_host priors: [0, 0, 32, 16, 1, 0, 0, 0, 0, 0, 0, 866, 0, 11, 16, 0, 0, 0, 0, 0, 0, 0, 0, 316]
2026-09-09 20:49:11 - __main__ - INFO - sample_host priors: [6, 0, 0, 0, 12, 4, 4, 20, 23, 67, 45, 847, 16, 0, 0, 8, 11, 9, 0, 0, 0, 24, 4, 23]
2026-09-09 20:49:44 - __main__ - INFO - sample_host priors: [6, 0, 32, 16, 11, 4, 4, 20, 23, 67, 45, 235, 16, 11, 16, 8, 11, 9, 0, 0, 0, 24, 4, 339]
2026-09-09 20:50:21 - __main__ - INFO - sample_host priors: [0, 0, 32, 16, 1, 0, 0, 0, 0, 0, 0, 866, 0, 11, 16, 0, 0, 0, 0, 0, 0, 0, 0, 316]
2026-09-09 20:51:01 - __main__ - INFO - sample_host priors: [6, 0, 0, 0, 12, 4, 4, 20, 23, 67, 45, 847, 16, 0, 0, 8, 11, 9, 0, 0, 0, 24, 4, 23]
2026-09-09 20:51:45 - __main__ - INFO - sample_host priors: [6, 0, 32, 16, 11, 4, 4, 20, 23, 67, 45, 235, 16, 11, 16, 8, 11, 9, 0, 0, 0, 24, 4, 339]
2026-09-09 20:52:10 - __main__ - INFO - sample_host priors: [0, 0, 32, 16, 1, 0, 0, 0, 0, 0, 0, 866, 0, 11, 16, 0, 0, 0, 0, 0, 0, 0, 0, 316]
2026-09-09 20:52:45 - __main__ - INFO - sample_host priors: [6, 0, 0, 0, 12, 4, 4, 20, 23, 67, 45, 847, 16, 0, 0, 8, 11, 9, 0, 0, 0, 24, 4, 23]
2026-09-09 20:53:22 - __main__ - INFO - sample_host priors: [6, 0, 32, 16, 11, 4, 4, 20, 23, 67, 45, 235, 16, 11, 16, 8, 11, 9, 0, 0, 0, 24, 4, 339]
2026-09-09 20:54:06 - __main__ - INFO - sample_host priors: [0, 0, 32, 16, 1, 0, 0, 0, 0, 0, 0, 866, 0, 11, 16, 0, 0, 0, 0, 0, 0, 0, 0, 316]
2026-09-09 20:54:41 - __main__ - INFO - sample_host priors: [6, 0, 0, 0, 12, 4, 4, 20, 23, 67, 45, 847, 16, 0, 0, 8, 11, 9, 0, 0, 0, 24, 4, 23]
2026-09-09 20:55:32 - __main__ - INFO - sample_host priors: [6, 0, 32, 16, 11, 4, 4, 20, 23, 67, 45, 235, 16, 11, 16, 8, 11, 9, 0, 0, 0, 24, 4, 339]
2026-09-09 20:56:03 - __main__ - INFO - sample_host priors: [0, 0, 32, 16, 1, 0, 0, 0, 0, 0, 0, 866, 0, 11, 16, 0, 0, 0, 0, 0, 0, 0, 0, 316]
2026-09-09 20:56:25 - __main__ - INFO - sample_host priors: [6, 0, 0, 0, 12, 4, 4, 20, 23, 67, 45, 847, 16, 0, 0, 8, 11, 9, 0, 0, 0, 24, 4, 23]
2026-09-09 20:56:57 - __main__ - INFO - sample_host priors: [6, 0, 32, 16, 11, 4, 4, 20, 23, 67, 45, 235, 16, 11, 16, 8, 11, 9, 0, 0, 0, 24, 4, 339]
2026-09-09 20:57:39 - __main__ - INFO - sample_host priors: [0, 0, 32, 16, 1, 0, 0, 0, 0, 0, 0, 866, 0, 11, 16, 0, 0, 0, 0, 0, 0, 0, 0, 316]
2026-09-09 20:58:19 - __main__ - INFO - sample_host priors: [6, 0, 0, 0, 12, 4, 4, 20, 23, 67, 45, 847, 16, 0, 0, 8, 11, 9, 0, 0, 0, 24, 4, 23]
2026-09-09 20:58:50 - __main__ - INFO - Best hyperparameters (averaged over 3 folds): {'n_layers': 3, 'hidden_dim_0': 192, 'hidden_dim_1': 320, 'hidden_dim_2': 128, 'dropout': 0.38739778775886774, 'learning_rate': 0.005008652301662026, 'weight_decay': 0.00027243110930951647, 'batch_size': 256, 'use_batch_norm': True, 'activation': 'leaky_relu', 'logit_adjust_tau': 0.1974057991129351, 'ls_sample_host': 0.03732133545147798, 'task_weight_sample_host': 1.0}
2026-09-09 20:58:50 - __main__ - INFO - Best CV score: 0.3705
2026-09-09 20:58:50 - __main__ - INFO - Training final model with proper train/val split...
2026-09-09 20:58:50 - __main__ - INFO - sample_host: 20/24 classes have training support in this fold
2026-09-09 20:58:50 - __main__ - INFO - Final training split: 2004 train, 223 validation, 489 test
2026-09-09 20:58:51 - __main__ - INFO - sample_host priors: [6, 0, 32, 16, 12, 4, 4, 20, 23, 67, 45, 974, 16, 11, 16, 8, 11, 9, 0, 0, 0, 24, 4, 339]
2026-09-09 20:58:51 - diana.utils.checkpointing - INFO - CheckpointManager initialized: results/search_v9_single_sample_host/cv_results/fold_4
2026-09-09 20:58:52 - diana.utils.checkpointing - INFO - Checkpoint saved: results/search_v9_single_sample_host/cv_results/fold_4/checkpoint_epoch_1_20260909_205851.pth
2026-09-09 20:58:52 - diana.utils.checkpointing - INFO - New best model saved: results/search_v9_single_sample_host/cv_results/fold_4/best_model.pth (val_loss: 1.5415)
2026-09-09 20:58:53 - diana.utils.checkpointing - INFO - Checkpoint saved: results/search_v9_single_sample_host/cv_results/fold_4/checkpoint_epoch_2_20260909_205853.pth
2026-09-09 20:58:54 - diana.utils.checkpointing - INFO - New best model saved: results/search_v9_single_sample_host/cv_results/fold_4/best_model.pth (val_loss: 1.3340)
2026-09-09 20:58:55 - diana.utils.checkpointing - INFO - Checkpoint saved: results/search_v9_single_sample_host/cv_results/fold_4/checkpoint_epoch_3_20260909_205854.pth
2026-09-09 20:58:55 - diana.utils.checkpointing - INFO - New best model saved: results/search_v9_single_sample_host/cv_results/fold_4/best_model.pth (val_loss: 1.1321)
2026-09-09 20:58:56 - diana.utils.checkpointing - INFO - Checkpoint saved: results/search_v9_single_sample_host/cv_results/fold_4/checkpoint_epoch_4_20260909_205855.pth
2026-09-09 20:58:57 - diana.utils.checkpointing - INFO - New best model saved: results/search_v9_single_sample_host/cv_results/fold_4/best_model.pth (val_loss: 1.0966)
2026-09-09 20:58:57 - diana.utils.checkpointing - INFO - Checkpoint saved: results/search_v9_single_sample_host/cv_results/fold_4/checkpoint_epoch_5_20260909_205857.pth
2026-09-09 20:58:58 - diana.utils.checkpointing - INFO - New best model saved: results/search_v9_single_sample_host/cv_results/fold_4/best_model.pth (val_loss: 0.9853)
2026-09-09 20:58:58 - diana.utils.checkpointing - INFO - Checkpoint saved: results/search_v9_single_sample_host/cv_results/fold_4/checkpoint_epoch_6_20260909_205858.pth
2026-09-09 20:58:59 - diana.utils.checkpointing - INFO - New best model saved: results/search_v9_single_sample_host/cv_results/fold_4/best_model.pth (val_loss: 0.9584)
2026-09-09 20:59:00 - diana.utils.checkpointing - INFO - Checkpoint saved: results/search_v9_single_sample_host/cv_results/fold_4/checkpoint_epoch_7_20260909_205859.pth
2026-09-09 20:59:00 - diana.utils.checkpointing - INFO - New best model saved: results/search_v9_single_sample_host/cv_results/fold_4/best_model.pth (val_loss: 0.9317)
2026-09-09 20:59:01 - diana.utils.checkpointing - INFO - Checkpoint saved: results/search_v9_single_sample_host/cv_results/fold_4/checkpoint_epoch_8_20260909_205901.pth
2026-09-09 20:59:02 - diana.utils.checkpointing - INFO - New best model saved: results/search_v9_single_sample_host/cv_results/fold_4/best_model.pth (val_loss: 0.9261)
2026-09-09 20:59:03 - diana.utils.checkpointing - INFO - Checkpoint saved: results/search_v9_single_sample_host/cv_results/fold_4/checkpoint_epoch_9_20260909_205902.pth
2026-09-09 20:59:03 - diana.utils.checkpointing - INFO - New best model saved: results/search_v9_single_sample_host/cv_results/fold_4/best_model.pth (val_loss: 0.8976)
2026-09-09 20:59:04 - diana.utils.checkpointing - INFO - Checkpoint saved: results/search_v9_single_sample_host/cv_results/fold_4/checkpoint_epoch_10_20260909_205904.pth
2026-09-09 20:59:05 - diana.utils.checkpointing - INFO - New best model saved: results/search_v9_single_sample_host/cv_results/fold_4/best_model.pth (val_loss: 0.8664)
2026-09-09 20:59:06 - diana.utils.checkpointing - INFO - Checkpoint saved: results/search_v9_single_sample_host/cv_results/fold_4/checkpoint_epoch_11_20260909_205905.pth
2026-09-09 20:59:07 - diana.utils.checkpointing - INFO - New best model saved: results/search_v9_single_sample_host/cv_results/fold_4/best_model.pth (val_loss: 0.8398)
2026-09-09 20:59:08 - diana.utils.checkpointing - INFO - Checkpoint saved: results/search_v9_single_sample_host/cv_results/fold_4/checkpoint_epoch_12_20260909_205907.pth
2026-09-09 20:59:08 - diana.utils.checkpointing - INFO - New best model saved: results/search_v9_single_sample_host/cv_results/fold_4/best_model.pth (val_loss: 0.8384)
2026-09-09 20:59:09 - diana.utils.checkpointing - INFO - Checkpoint saved: results/search_v9_single_sample_host/cv_results/fold_4/checkpoint_epoch_13_20260909_205908.pth
2026-09-09 20:59:10 - diana.utils.checkpointing - INFO - New best model saved: results/search_v9_single_sample_host/cv_results/fold_4/best_model.pth (val_loss: 0.8167)
2026-09-09 20:59:10 - diana.utils.checkpointing - INFO - Checkpoint saved: results/search_v9_single_sample_host/cv_results/fold_4/checkpoint_epoch_14_20260909_205910.pth
2026-09-09 20:59:11 - diana.utils.checkpointing - INFO - Checkpoint saved: results/search_v9_single_sample_host/cv_results/fold_4/checkpoint_epoch_15_20260909_205911.pth
2026-09-09 20:59:12 - diana.utils.checkpointing - INFO - New best model saved: results/search_v9_single_sample_host/cv_results/fold_4/best_model.pth (val_loss: 0.8109)
2026-09-09 20:59:13 - diana.utils.checkpointing - INFO - Checkpoint saved: results/search_v9_single_sample_host/cv_results/fold_4/checkpoint_epoch_16_20260909_205912.pth
2026-09-09 20:59:14 - diana.utils.checkpointing - INFO - Checkpoint saved: results/search_v9_single_sample_host/cv_results/fold_4/checkpoint_epoch_17_20260909_205913.pth
2026-09-09 20:59:14 - diana.utils.checkpointing - INFO - New best model saved: results/search_v9_single_sample_host/cv_results/fold_4/best_model.pth (val_loss: 0.8084)
2026-09-09 20:59:15 - diana.utils.checkpointing - INFO - Checkpoint saved: results/search_v9_single_sample_host/cv_results/fold_4/checkpoint_epoch_18_20260909_205915.pth
2026-09-09 20:59:16 - diana.utils.checkpointing - INFO - New best model saved: results/search_v9_single_sample_host/cv_results/fold_4/best_model.pth (val_loss: 0.7878)
2026-09-09 20:59:16 - diana.utils.checkpointing - INFO - Checkpoint saved: results/search_v9_single_sample_host/cv_results/fold_4/checkpoint_epoch_19_20260909_205916.pth
2026-09-09 20:59:17 - diana.utils.checkpointing - INFO - New best model saved: results/search_v9_single_sample_host/cv_results/fold_4/best_model.pth (val_loss: 0.7765)
2026-09-09 20:59:18 - diana.utils.checkpointing - INFO - Checkpoint saved: results/search_v9_single_sample_host/cv_results/fold_4/checkpoint_epoch_20_20260909_205917.pth
2026-09-09 20:59:19 - diana.utils.checkpointing - INFO - New best model saved: results/search_v9_single_sample_host/cv_results/fold_4/best_model.pth (val_loss: 0.7725)
2026-09-09 20:59:19 - __main__ - INFO - Epoch 20/200, Train Loss: 0.8785, Val Loss: 0.7725
2026-09-09 20:59:19 - diana.utils.checkpointing - INFO - Checkpoint saved: results/search_v9_single_sample_host/cv_results/fold_4/checkpoint_epoch_21_20260909_205919.pth
2026-09-09 20:59:20 - diana.utils.checkpointing - INFO - New best model saved: results/search_v9_single_sample_host/cv_results/fold_4/best_model.pth (val_loss: 0.7630)
2026-09-09 20:59:21 - diana.utils.checkpointing - INFO - Checkpoint saved: results/search_v9_single_sample_host/cv_results/fold_4/checkpoint_epoch_22_20260909_205920.pth
2026-09-09 20:59:21 - diana.utils.checkpointing - INFO - New best model saved: results/search_v9_single_sample_host/cv_results/fold_4/best_model.pth (val_loss: 0.7533)
2026-09-09 20:59:22 - diana.utils.checkpointing - INFO - Checkpoint saved: results/search_v9_single_sample_host/cv_results/fold_4/checkpoint_epoch_23_20260909_205921.pth
2026-09-09 20:59:23 - diana.utils.checkpointing - INFO - Checkpoint saved: results/search_v9_single_sample_host/cv_results/fold_4/checkpoint_epoch_24_20260909_205923.pth
2026-09-09 20:59:24 - diana.utils.checkpointing - INFO - Checkpoint saved: results/search_v9_single_sample_host/cv_results/fold_4/checkpoint_epoch_25_20260909_205924.pth
2026-09-09 20:59:25 - diana.utils.checkpointing - INFO - Checkpoint saved: results/search_v9_single_sample_host/cv_results/fold_4/checkpoint_epoch_26_20260909_205925.pth
2026-09-09 20:59:26 - diana.utils.checkpointing - INFO - Checkpoint saved: results/search_v9_single_sample_host/cv_results/fold_4/checkpoint_epoch_27_20260909_205926.pth
2026-09-09 20:59:27 - diana.utils.checkpointing - INFO - Checkpoint saved: results/search_v9_single_sample_host/cv_results/fold_4/checkpoint_epoch_28_20260909_205927.pth
2026-09-09 20:59:28 - diana.utils.checkpointing - INFO - Checkpoint saved: results/search_v9_single_sample_host/cv_results/fold_4/checkpoint_epoch_29_20260909_205927.pth
2026-09-09 20:59:29 - diana.utils.checkpointing - INFO - Checkpoint saved: results/search_v9_single_sample_host/cv_results/fold_4/checkpoint_epoch_30_20260909_205928.pth
2026-09-09 20:59:30 - diana.utils.checkpointing - INFO - Checkpoint saved: results/search_v9_single_sample_host/cv_results/fold_4/checkpoint_epoch_31_20260909_205929.pth
2026-09-09 20:59:30 - diana.utils.checkpointing - INFO - Checkpoint saved: results/search_v9_single_sample_host/cv_results/fold_4/checkpoint_epoch_32_20260909_205930.pth
2026-09-09 20:59:31 - diana.utils.checkpointing - INFO - Checkpoint saved: results/search_v9_single_sample_host/cv_results/fold_4/checkpoint_epoch_33_20260909_205931.pth
2026-09-09 20:59:32 - diana.utils.checkpointing - INFO - Checkpoint saved: results/search_v9_single_sample_host/cv_results/fold_4/checkpoint_epoch_34_20260909_205932.pth
2026-09-09 20:59:33 - diana.utils.checkpointing - INFO - Checkpoint saved: results/search_v9_single_sample_host/cv_results/fold_4/checkpoint_epoch_35_20260909_205932.pth
2026-09-09 20:59:33 - diana.utils.checkpointing - INFO - New best model saved: results/search_v9_single_sample_host/cv_results/fold_4/best_model.pth (val_loss: 0.7310)
2026-09-09 20:59:34 - diana.utils.checkpointing - INFO - Checkpoint saved: results/search_v9_single_sample_host/cv_results/fold_4/checkpoint_epoch_36_20260909_205934.pth
2026-09-09 20:59:35 - diana.utils.checkpointing - INFO - Checkpoint saved: results/search_v9_single_sample_host/cv_results/fold_4/checkpoint_epoch_37_20260909_205935.pth
2026-09-09 20:59:36 - diana.utils.checkpointing - INFO - Checkpoint saved: results/search_v9_single_sample_host/cv_results/fold_4/checkpoint_epoch_38_20260909_205935.pth
2026-09-09 20:59:37 - diana.utils.checkpointing - INFO - Checkpoint saved: results/search_v9_single_sample_host/cv_results/fold_4/checkpoint_epoch_39_20260909_205936.pth
2026-09-09 20:59:38 - diana.utils.checkpointing - INFO - Checkpoint saved: results/search_v9_single_sample_host/cv_results/fold_4/checkpoint_epoch_40_20260909_205937.pth
2026-09-09 20:59:38 - __main__ - INFO - Epoch 40/200, Train Loss: 0.7740, Val Loss: 0.7407
2026-09-09 20:59:39 - diana.utils.checkpointing - INFO - Checkpoint saved: results/search_v9_single_sample_host/cv_results/fold_4/checkpoint_epoch_41_20260909_205938.pth
2026-09-09 20:59:40 - diana.utils.checkpointing - INFO - Checkpoint saved: results/search_v9_single_sample_host/cv_results/fold_4/checkpoint_epoch_42_20260909_205939.pth
2026-09-09 20:59:41 - diana.utils.checkpointing - INFO - Checkpoint saved: results/search_v9_single_sample_host/cv_results/fold_4/checkpoint_epoch_43_20260909_205940.pth
2026-09-09 20:59:42 - diana.utils.checkpointing - INFO - Checkpoint saved: results/search_v9_single_sample_host/cv_results/fold_4/checkpoint_epoch_44_20260909_205941.pth
2026-09-09 20:59:42 - diana.utils.checkpointing - INFO - New best model saved: results/search_v9_single_sample_host/cv_results/fold_4/best_model.pth (val_loss: 0.7101)
2026-09-09 20:59:43 - diana.utils.checkpointing - INFO - Checkpoint saved: results/search_v9_single_sample_host/cv_results/fold_4/checkpoint_epoch_45_20260909_205943.pth
2026-09-09 20:59:44 - diana.utils.checkpointing - INFO - Checkpoint saved: results/search_v9_single_sample_host/cv_results/fold_4/checkpoint_epoch_46_20260909_205943.pth
2026-09-09 20:59:45 - diana.utils.checkpointing - INFO - New best model saved: results/search_v9_single_sample_host/cv_results/fold_4/best_model.pth (val_loss: 0.7009)
2026-09-09 20:59:46 - diana.utils.checkpointing - INFO - Checkpoint saved: results/search_v9_single_sample_host/cv_results/fold_4/checkpoint_epoch_47_20260909_205945.pth
2026-09-09 20:59:46 - diana.utils.checkpointing - INFO - New best model saved: results/search_v9_single_sample_host/cv_results/fold_4/best_model.pth (val_loss: 0.6907)
2026-09-09 20:59:47 - diana.utils.checkpointing - INFO - Checkpoint saved: results/search_v9_single_sample_host/cv_results/fold_4/checkpoint_epoch_48_20260909_205947.pth
2026-09-09 20:59:48 - diana.utils.checkpointing - INFO - Checkpoint saved: results/search_v9_single_sample_host/cv_results/fold_4/checkpoint_epoch_49_20260909_205948.pth
2026-09-09 20:59:49 - diana.utils.checkpointing - INFO - Checkpoint saved: results/search_v9_single_sample_host/cv_results/fold_4/checkpoint_epoch_50_20260909_205949.pth
2026-09-09 20:59:50 - diana.utils.checkpointing - INFO - Checkpoint saved: results/search_v9_single_sample_host/cv_results/fold_4/checkpoint_epoch_51_20260909_205950.pth
2026-09-09 20:59:51 - diana.utils.checkpointing - INFO - Checkpoint saved: results/search_v9_single_sample_host/cv_results/fold_4/checkpoint_epoch_52_20260909_205951.pth
2026-09-09 20:59:52 - diana.utils.checkpointing - INFO - Checkpoint saved: results/search_v9_single_sample_host/cv_results/fold_4/checkpoint_epoch_53_20260909_205952.pth
2026-09-09 20:59:54 - diana.utils.checkpointing - INFO - Checkpoint saved: results/search_v9_single_sample_host/cv_results/fold_4/checkpoint_epoch_54_20260909_205953.pth
2026-09-09 20:59:55 - diana.utils.checkpointing - INFO - Checkpoint saved: results/search_v9_single_sample_host/cv_results/fold_4/checkpoint_epoch_55_20260909_205954.pth
2026-09-09 20:59:56 - diana.utils.checkpointing - INFO - Checkpoint saved: results/search_v9_single_sample_host/cv_results/fold_4/checkpoint_epoch_56_20260909_205955.pth
2026-09-09 20:59:57 - diana.utils.checkpointing - INFO - Checkpoint saved: results/search_v9_single_sample_host/cv_results/fold_4/checkpoint_epoch_57_20260909_205956.pth
2026-09-09 20:59:58 - diana.utils.checkpointing - INFO - Checkpoint saved: results/search_v9_single_sample_host/cv_results/fold_4/checkpoint_epoch_58_20260909_205957.pth
2026-09-09 20:59:59 - diana.utils.checkpointing - INFO - Checkpoint saved: results/search_v9_single_sample_host/cv_results/fold_4/checkpoint_epoch_59_20260909_205958.pth
2026-09-09 21:00:00 - diana.utils.checkpointing - INFO - Checkpoint saved: results/search_v9_single_sample_host/cv_results/fold_4/checkpoint_epoch_60_20260909_205959.pth
2026-09-09 21:00:00 - __main__ - INFO - Epoch 60/200, Train Loss: 0.6997, Val Loss: 0.7202
2026-09-09 21:00:01 - diana.utils.checkpointing - INFO - Checkpoint saved: results/search_v9_single_sample_host/cv_results/fold_4/checkpoint_epoch_61_20260909_210000.pth
2026-09-09 21:00:01 - diana.utils.checkpointing - INFO - Checkpoint saved: results/search_v9_single_sample_host/cv_results/fold_4/checkpoint_epoch_62_20260909_210001.pth
2026-09-09 21:00:03 - diana.utils.checkpointing - INFO - Checkpoint saved: results/search_v9_single_sample_host/cv_results/fold_4/checkpoint_epoch_63_20260909_210002.pth
2026-09-09 21:00:04 - diana.utils.checkpointing - INFO - Checkpoint saved: results/search_v9_single_sample_host/cv_results/fold_4/checkpoint_epoch_64_20260909_210003.pth
2026-09-09 21:00:05 - diana.utils.checkpointing - INFO - Checkpoint saved: results/search_v9_single_sample_host/cv_results/fold_4/checkpoint_epoch_65_20260909_210004.pth
2026-09-09 21:00:06 - diana.utils.checkpointing - INFO - Checkpoint saved: results/search_v9_single_sample_host/cv_results/fold_4/checkpoint_epoch_66_20260909_210005.pth
2026-09-09 21:00:06 - diana.utils.checkpointing - INFO - Checkpoint saved: results/search_v9_single_sample_host/cv_results/fold_4/checkpoint_epoch_67_20260909_210006.pth
2026-09-09 21:00:06 - __main__ - INFO - Early stopping triggered after 67 epochs (patience=20)
2026-09-09 21:00:06 - diana.utils.checkpointing - INFO - Loading checkpoint: results/search_v9_single_sample_host/cv_results/fold_4/best_model.pth
2026-09-09 21:00:07 - __main__ - INFO - Loaded best model from epoch 47 (val_loss: 0.6907)
2026-09-09 21:00:07 - __main__ - INFO - Evaluating on held-out test set...
2026-09-09 21:00:07 - __main__ - INFO - sample_host test metrics: {'n_scored': 444, 'accuracy': 0.9527027027027027, 'f1_weighted': 0.942674253200569, 'f1_macro': 0.14135338345864662, 'balanced_accuracy': 0.2}
2026-09-09 21:00:07 - diana.utils.checkpointing - INFO - Final model saved: results/search_v9_single_sample_host/cv_results/fold_4/final_model_20260909_210007.pth
2026-09-09 21:00:07 - __main__ - INFO - Final model saved to results/search_v9_single_sample_host/cv_results/fold_4/final_model_20260909_210007.pth
2026-09-09 21:00:07 - __main__ - INFO - Results saved to results/search_v9_single_sample_host/cv_results/fold_4/multitask_fold_4_results_20260909_173527.json
2026-09-09 21:00:07 - __main__ - INFO - ================================================================================
2026-09-09 21:00:07 - __main__ - INFO - ================================================================================
2026-09-09 21:00:07 - __main__ - INFO - === FOLD COMPLETE ===
2026-09-09 21:00:07 - __main__ - INFO - ================================================================================
2026-09-09 21:00:07 - __main__ - INFO - Results: {'sample_host': {'n_scored': 444, 'accuracy': 0.9527027027027027, 'f1_weighted': 0.942674253200569, 'f1_macro': 0.14135338345864662, 'balanced_accuracy': 0.2}}
