2026-09-09 17:29:47 - root - INFO - Logging to file: results/search_v9_single_sample_host/cv_results/fold_1/fold_1_training.log
2026-09-09 17:29:47 - __main__ - INFO - ================================================================================
2026-09-09 17:29:47 - __main__ - INFO - DIANA Multi-Task Hyperparameter Optimization
2026-09-09 17:29:47 - __main__ - INFO - ================================================================================
2026-09-09 17:29:47 - __main__ - INFO - Run config:   configs/train_config_v9_search_single_sample_host.json
2026-09-09 17:29:47 - __main__ - INFO - Features:     data/matrices/matrix_v9_train/unitigs.frac.mat
2026-09-09 17:29:47 - __main__ - INFO - Metadata:     data/splits_v9/train_metadata.tsv
2026-09-09 17:29:47 - __main__ - INFO - Output dir:   results/search_v9_single_sample_host
2026-09-09 17:29:47 - __main__ - INFO - Tasks:        ['sample_host']
2026-09-09 17:29:47 - __main__ - INFO - Task types:   {'sample_host': 'classification'}
2026-09-09 17:29:47 - __main__ - INFO - Fold:         1 / 5
2026-09-09 17:29:47 - __main__ - INFO - Trials:       100  Max epochs: 200  Patience: 20
2026-09-09 17:29:47 - __main__ - INFO - GPU:          True  Seed: 42
2026-09-09 17:29:47 - __main__ - INFO - Loading data from data/matrices/matrix_v9_train/unitigs.frac.mat
2026-09-09 17:29:47 - diana.data.loader - INFO - Loading matrix from data/matrices/matrix_v9_train/unitigs.frac.mat
2026-09-09 17:30:46 - diana.data.loader - INFO - Loaded 110202 features × 2716 samples (before transpose)
2026-09-09 17:30:46 - diana.data.loader - INFO - Transposed to 2716 samples × 110202 features
2026-09-09 17:30:46 - diana.data.loader - INFO - Reading sample IDs from data/matrices/matrix_v9_train/kmer_matrix/kmtricks.fof
2026-09-09 17:30:46 - diana.data.loader - INFO - Sample IDs: ['ERR10114844', 'ERR10114845', 'ERR10114846']...
2026-09-09 17:30:47 - diana.data.loader - INFO - Loading metadata from data/splits_v9/train_metadata.tsv
2026-09-09 17:30:47 - diana.data.loader - INFO - Metadata: 2716 rows × 15 columns
2026-09-09 17:30:47 - diana.data.loader - INFO - Metadata aligned to matrix sample order
2026-09-09 17:30:47 - __main__ - INFO - Loaded 2716 samples with 110202 features
2026-09-09 17:30:47 - __main__ - INFO - Loaded 2716 samples × 110202 features
2026-09-09 17:30:47 - __main__ - INFO - === FOLD 1/4 ===
2026-09-09 17:30:47 - __main__ - INFO - Output directory: results/search_v9_single_sample_host/cv_results/fold_1
2026-09-09 17:30:47 - __main__ - INFO - Using device: cuda
2026-09-09 17:30:47 - __main__ - INFO - Class imbalance: logit adjustment, tau SEARCHED in [0.05, 0.8]
2026-09-09 17:30:47 - __main__ - INFO - sample_host: 24 classes, 2085 labelled, 631 masked - ['Alouatta palliata', 'Ambrosia artemisiifolia', 'Arabidopsis thaliana', 'Bison priscus', 'Canis lupus']...
2026-09-09 17:30:47 - __main__ - INFO - Grouping CV folds on 'archive_project': 68 groups over 2716 runs
2026-09-09 17:30:47 - __main__ - INFO - Outer fold 1 taken from data/splits_v9/dev_folds.tsv (5 dev folds)
2026-09-09 17:30:47 - __main__ - INFO - Train: 2417, Test: 299 (outer fold verified archive_project-disjoint)
2026-09-09 17:30:47 - __main__ - INFO - 3 inner folds verified archive_project-disjoint
2026-09-09 17:30:47 - __main__ - INFO - Starting Optuna optimization with 100 trials...
2026-09-09 17:30:47 - __main__ - INFO - Each trial will be evaluated on 3 inner CV folds
2026-09-09 17:30:48 - __main__ - INFO - sample_host priors: [6, 11, 32, 16, 10, 4, 4, 20, 17, 12, 11, 1002, 16, 0, 0, 8, 11, 9, 4, 5, 1, 24, 4, 339]
2026-09-09 17:33:14 - __main__ - INFO - sample_host priors: [6, 0, 32, 0, 11, 0, 0, 20, 17, 12, 11, 693, 16, 11, 0, 8, 11, 9, 4, 5, 1, 24, 0, 339]
2026-09-09 17:34:24 - __main__ - INFO - sample_host priors: [0, 11, 0, 16, 1, 4, 4, 0, 0, 0, 0, 943, 0, 11, 0, 0, 0, 0, 0, 0, 0, 0, 4, 0]
2026-09-09 17:35:37 - __main__ - INFO - sample_host priors: [6, 11, 32, 16, 10, 4, 4, 20, 17, 12, 11, 1002, 16, 0, 0, 8, 11, 9, 4, 5, 1, 24, 4, 339]
2026-09-09 17:36:31 - __main__ - INFO - sample_host priors: [6, 0, 32, 0, 11, 0, 0, 20, 17, 12, 11, 693, 16, 11, 0, 8, 11, 9, 4, 5, 1, 24, 0, 339]
2026-09-09 17:37:47 - __main__ - INFO - sample_host priors: [0, 11, 0, 16, 1, 4, 4, 0, 0, 0, 0, 943, 0, 11, 0, 0, 0, 0, 0, 0, 0, 0, 4, 0]
2026-09-09 17:38:32 - __main__ - INFO - sample_host priors: [6, 11, 32, 16, 10, 4, 4, 20, 17, 12, 11, 1002, 16, 0, 0, 8, 11, 9, 4, 5, 1, 24, 4, 339]
2026-09-09 17:39:44 - __main__ - INFO - sample_host priors: [6, 0, 32, 0, 11, 0, 0, 20, 17, 12, 11, 693, 16, 11, 0, 8, 11, 9, 4, 5, 1, 24, 0, 339]
2026-09-09 17:40:24 - __main__ - INFO - sample_host priors: [0, 11, 0, 16, 1, 4, 4, 0, 0, 0, 0, 943, 0, 11, 0, 0, 0, 0, 0, 0, 0, 0, 4, 0]
2026-09-09 17:41:21 - __main__ - INFO - sample_host priors: [6, 11, 32, 16, 10, 4, 4, 20, 17, 12, 11, 1002, 16, 0, 0, 8, 11, 9, 4, 5, 1, 24, 4, 339]
2026-09-09 17:42:17 - __main__ - INFO - sample_host priors: [6, 0, 32, 0, 11, 0, 0, 20, 17, 12, 11, 693, 16, 11, 0, 8, 11, 9, 4, 5, 1, 24, 0, 339]
2026-09-09 17:43:00 - __main__ - INFO - sample_host priors: [0, 11, 0, 16, 1, 4, 4, 0, 0, 0, 0, 943, 0, 11, 0, 0, 0, 0, 0, 0, 0, 0, 4, 0]
2026-09-09 17:43:30 - __main__ - INFO - sample_host priors: [6, 11, 32, 16, 10, 4, 4, 20, 17, 12, 11, 1002, 16, 0, 0, 8, 11, 9, 4, 5, 1, 24, 4, 339]
2026-09-09 17:44:22 - __main__ - INFO - sample_host priors: [6, 0, 32, 0, 11, 0, 0, 20, 17, 12, 11, 693, 16, 11, 0, 8, 11, 9, 4, 5, 1, 24, 0, 339]
2026-09-09 17:44:49 - __main__ - INFO - sample_host priors: [0, 11, 0, 16, 1, 4, 4, 0, 0, 0, 0, 943, 0, 11, 0, 0, 0, 0, 0, 0, 0, 0, 4, 0]
2026-09-09 17:45:15 - __main__ - INFO - sample_host priors: [6, 11, 32, 16, 10, 4, 4, 20, 17, 12, 11, 1002, 16, 0, 0, 8, 11, 9, 4, 5, 1, 24, 4, 339]
2026-09-09 17:45:59 - __main__ - INFO - sample_host priors: [6, 0, 32, 0, 11, 0, 0, 20, 17, 12, 11, 693, 16, 11, 0, 8, 11, 9, 4, 5, 1, 24, 0, 339]
2026-09-09 17:46:39 - __main__ - INFO - sample_host priors: [0, 11, 0, 16, 1, 4, 4, 0, 0, 0, 0, 943, 0, 11, 0, 0, 0, 0, 0, 0, 0, 0, 4, 0]
2026-09-09 17:47:33 - __main__ - INFO - sample_host priors: [6, 11, 32, 16, 10, 4, 4, 20, 17, 12, 11, 1002, 16, 0, 0, 8, 11, 9, 4, 5, 1, 24, 4, 339]
2026-09-09 17:48:14 - __main__ - INFO - sample_host priors: [6, 0, 32, 0, 11, 0, 0, 20, 17, 12, 11, 693, 16, 11, 0, 8, 11, 9, 4, 5, 1, 24, 0, 339]
2026-09-09 17:48:47 - __main__ - INFO - sample_host priors: [0, 11, 0, 16, 1, 4, 4, 0, 0, 0, 0, 943, 0, 11, 0, 0, 0, 0, 0, 0, 0, 0, 4, 0]
2026-09-09 17:49:43 - __main__ - INFO - sample_host priors: [6, 11, 32, 16, 10, 4, 4, 20, 17, 12, 11, 1002, 16, 0, 0, 8, 11, 9, 4, 5, 1, 24, 4, 339]
2026-09-09 17:51:59 - __main__ - INFO - sample_host priors: [6, 0, 32, 0, 11, 0, 0, 20, 17, 12, 11, 693, 16, 11, 0, 8, 11, 9, 4, 5, 1, 24, 0, 339]
2026-09-09 17:53:04 - __main__ - INFO - sample_host priors: [0, 11, 0, 16, 1, 4, 4, 0, 0, 0, 0, 943, 0, 11, 0, 0, 0, 0, 0, 0, 0, 0, 4, 0]
2026-09-09 17:54:48 - __main__ - INFO - sample_host priors: [6, 11, 32, 16, 10, 4, 4, 20, 17, 12, 11, 1002, 16, 0, 0, 8, 11, 9, 4, 5, 1, 24, 4, 339]
2026-09-09 17:55:32 - __main__ - INFO - sample_host priors: [6, 0, 32, 0, 11, 0, 0, 20, 17, 12, 11, 693, 16, 11, 0, 8, 11, 9, 4, 5, 1, 24, 0, 339]
2026-09-09 17:56:16 - __main__ - INFO - sample_host priors: [0, 11, 0, 16, 1, 4, 4, 0, 0, 0, 0, 943, 0, 11, 0, 0, 0, 0, 0, 0, 0, 0, 4, 0]
2026-09-09 17:57:24 - __main__ - INFO - sample_host priors: [6, 11, 32, 16, 10, 4, 4, 20, 17, 12, 11, 1002, 16, 0, 0, 8, 11, 9, 4, 5, 1, 24, 4, 339]
2026-09-09 17:58:41 - __main__ - INFO - sample_host priors: [6, 0, 32, 0, 11, 0, 0, 20, 17, 12, 11, 693, 16, 11, 0, 8, 11, 9, 4, 5, 1, 24, 0, 339]
2026-09-09 17:59:55 - __main__ - INFO - sample_host priors: [0, 11, 0, 16, 1, 4, 4, 0, 0, 0, 0, 943, 0, 11, 0, 0, 0, 0, 0, 0, 0, 0, 4, 0]
2026-09-09 18:00:58 - __main__ - INFO - sample_host priors: [6, 11, 32, 16, 10, 4, 4, 20, 17, 12, 11, 1002, 16, 0, 0, 8, 11, 9, 4, 5, 1, 24, 4, 339]
2026-09-09 18:01:35 - __main__ - INFO - sample_host priors: [6, 0, 32, 0, 11, 0, 0, 20, 17, 12, 11, 693, 16, 11, 0, 8, 11, 9, 4, 5, 1, 24, 0, 339]
2026-09-09 18:02:31 - __main__ - INFO - sample_host priors: [0, 11, 0, 16, 1, 4, 4, 0, 0, 0, 0, 943, 0, 11, 0, 0, 0, 0, 0, 0, 0, 0, 4, 0]
2026-09-09 18:03:15 - __main__ - INFO - sample_host priors: [6, 11, 32, 16, 10, 4, 4, 20, 17, 12, 11, 1002, 16, 0, 0, 8, 11, 9, 4, 5, 1, 24, 4, 339]
2026-09-09 18:05:41 - __main__ - INFO - sample_host priors: [6, 0, 32, 0, 11, 0, 0, 20, 17, 12, 11, 693, 16, 11, 0, 8, 11, 9, 4, 5, 1, 24, 0, 339]
2026-09-09 18:06:50 - __main__ - INFO - sample_host priors: [0, 11, 0, 16, 1, 4, 4, 0, 0, 0, 0, 943, 0, 11, 0, 0, 0, 0, 0, 0, 0, 0, 4, 0]
2026-09-09 18:08:07 - __main__ - INFO - sample_host priors: [6, 11, 32, 16, 10, 4, 4, 20, 17, 12, 11, 1002, 16, 0, 0, 8, 11, 9, 4, 5, 1, 24, 4, 339]
2026-09-09 18:10:45 - __main__ - INFO - sample_host priors: [6, 0, 32, 0, 11, 0, 0, 20, 17, 12, 11, 693, 16, 11, 0, 8, 11, 9, 4, 5, 1, 24, 0, 339]
2026-09-09 18:12:04 - __main__ - INFO - sample_host priors: [0, 11, 0, 16, 1, 4, 4, 0, 0, 0, 0, 943, 0, 11, 0, 0, 0, 0, 0, 0, 0, 0, 4, 0]
2026-09-09 18:13:23 - __main__ - INFO - sample_host priors: [6, 11, 32, 16, 10, 4, 4, 20, 17, 12, 11, 1002, 16, 0, 0, 8, 11, 9, 4, 5, 1, 24, 4, 339]
2026-09-09 18:15:33 - __main__ - INFO - sample_host priors: [6, 0, 32, 0, 11, 0, 0, 20, 17, 12, 11, 693, 16, 11, 0, 8, 11, 9, 4, 5, 1, 24, 0, 339]
2026-09-09 18:16:35 - __main__ - INFO - sample_host priors: [0, 11, 0, 16, 1, 4, 4, 0, 0, 0, 0, 943, 0, 11, 0, 0, 0, 0, 0, 0, 0, 0, 4, 0]
2026-09-09 18:17:51 - __main__ - INFO - sample_host priors: [6, 11, 32, 16, 10, 4, 4, 20, 17, 12, 11, 1002, 16, 0, 0, 8, 11, 9, 4, 5, 1, 24, 4, 339]
2026-09-09 18:19:00 - __main__ - INFO - sample_host priors: [6, 0, 32, 0, 11, 0, 0, 20, 17, 12, 11, 693, 16, 11, 0, 8, 11, 9, 4, 5, 1, 24, 0, 339]
2026-09-09 18:20:02 - __main__ - INFO - sample_host priors: [0, 11, 0, 16, 1, 4, 4, 0, 0, 0, 0, 943, 0, 11, 0, 0, 0, 0, 0, 0, 0, 0, 4, 0]
2026-09-09 18:20:56 - __main__ - INFO - sample_host priors: [6, 11, 32, 16, 10, 4, 4, 20, 17, 12, 11, 1002, 16, 0, 0, 8, 11, 9, 4, 5, 1, 24, 4, 339]
2026-09-09 18:22:51 - __main__ - INFO - sample_host priors: [6, 0, 32, 0, 11, 0, 0, 20, 17, 12, 11, 693, 16, 11, 0, 8, 11, 9, 4, 5, 1, 24, 0, 339]
2026-09-09 18:24:53 - __main__ - INFO - sample_host priors: [0, 11, 0, 16, 1, 4, 4, 0, 0, 0, 0, 943, 0, 11, 0, 0, 0, 0, 0, 0, 0, 0, 4, 0]
2026-09-09 18:25:51 - __main__ - INFO - sample_host priors: [6, 11, 32, 16, 10, 4, 4, 20, 17, 12, 11, 1002, 16, 0, 0, 8, 11, 9, 4, 5, 1, 24, 4, 339]
2026-09-09 18:26:54 - __main__ - INFO - sample_host priors: [6, 0, 32, 0, 11, 0, 0, 20, 17, 12, 11, 693, 16, 11, 0, 8, 11, 9, 4, 5, 1, 24, 0, 339]
2026-09-09 18:27:59 - __main__ - INFO - sample_host priors: [0, 11, 0, 16, 1, 4, 4, 0, 0, 0, 0, 943, 0, 11, 0, 0, 0, 0, 0, 0, 0, 0, 4, 0]
2026-09-09 18:28:48 - __main__ - INFO - sample_host priors: [6, 11, 32, 16, 10, 4, 4, 20, 17, 12, 11, 1002, 16, 0, 0, 8, 11, 9, 4, 5, 1, 24, 4, 339]
2026-09-09 18:30:15 - __main__ - INFO - sample_host priors: [6, 0, 32, 0, 11, 0, 0, 20, 17, 12, 11, 693, 16, 11, 0, 8, 11, 9, 4, 5, 1, 24, 0, 339]
2026-09-09 18:31:10 - __main__ - INFO - sample_host priors: [0, 11, 0, 16, 1, 4, 4, 0, 0, 0, 0, 943, 0, 11, 0, 0, 0, 0, 0, 0, 0, 0, 4, 0]
2026-09-09 18:31:59 - __main__ - INFO - sample_host priors: [6, 11, 32, 16, 10, 4, 4, 20, 17, 12, 11, 1002, 16, 0, 0, 8, 11, 9, 4, 5, 1, 24, 4, 339]
2026-09-09 18:33:17 - __main__ - INFO - sample_host priors: [6, 0, 32, 0, 11, 0, 0, 20, 17, 12, 11, 693, 16, 11, 0, 8, 11, 9, 4, 5, 1, 24, 0, 339]
2026-09-09 18:33:51 - __main__ - INFO - sample_host priors: [0, 11, 0, 16, 1, 4, 4, 0, 0, 0, 0, 943, 0, 11, 0, 0, 0, 0, 0, 0, 0, 0, 4, 0]
2026-09-09 18:34:29 - __main__ - INFO - sample_host priors: [6, 11, 32, 16, 10, 4, 4, 20, 17, 12, 11, 1002, 16, 0, 0, 8, 11, 9, 4, 5, 1, 24, 4, 339]
2026-09-09 18:35:42 - __main__ - INFO - sample_host priors: [6, 0, 32, 0, 11, 0, 0, 20, 17, 12, 11, 693, 16, 11, 0, 8, 11, 9, 4, 5, 1, 24, 0, 339]
2026-09-09 18:37:12 - __main__ - INFO - sample_host priors: [0, 11, 0, 16, 1, 4, 4, 0, 0, 0, 0, 943, 0, 11, 0, 0, 0, 0, 0, 0, 0, 0, 4, 0]
2026-09-09 18:38:08 - __main__ - INFO - sample_host priors: [6, 11, 32, 16, 10, 4, 4, 20, 17, 12, 11, 1002, 16, 0, 0, 8, 11, 9, 4, 5, 1, 24, 4, 339]
2026-09-09 18:39:34 - __main__ - INFO - sample_host priors: [6, 0, 32, 0, 11, 0, 0, 20, 17, 12, 11, 693, 16, 11, 0, 8, 11, 9, 4, 5, 1, 24, 0, 339]
2026-09-09 18:40:28 - __main__ - INFO - sample_host priors: [0, 11, 0, 16, 1, 4, 4, 0, 0, 0, 0, 943, 0, 11, 0, 0, 0, 0, 0, 0, 0, 0, 4, 0]
2026-09-09 18:41:15 - __main__ - INFO - sample_host priors: [6, 11, 32, 16, 10, 4, 4, 20, 17, 12, 11, 1002, 16, 0, 0, 8, 11, 9, 4, 5, 1, 24, 4, 339]
2026-09-09 18:42:25 - __main__ - INFO - sample_host priors: [6, 0, 32, 0, 11, 0, 0, 20, 17, 12, 11, 693, 16, 11, 0, 8, 11, 9, 4, 5, 1, 24, 0, 339]
2026-09-09 18:43:34 - __main__ - INFO - sample_host priors: [0, 11, 0, 16, 1, 4, 4, 0, 0, 0, 0, 943, 0, 11, 0, 0, 0, 0, 0, 0, 0, 0, 4, 0]
2026-09-09 18:44:12 - __main__ - INFO - sample_host priors: [6, 11, 32, 16, 10, 4, 4, 20, 17, 12, 11, 1002, 16, 0, 0, 8, 11, 9, 4, 5, 1, 24, 4, 339]
2026-09-09 18:45:18 - __main__ - INFO - sample_host priors: [6, 0, 32, 0, 11, 0, 0, 20, 17, 12, 11, 693, 16, 11, 0, 8, 11, 9, 4, 5, 1, 24, 0, 339]
2026-09-09 18:46:15 - __main__ - INFO - sample_host priors: [0, 11, 0, 16, 1, 4, 4, 0, 0, 0, 0, 943, 0, 11, 0, 0, 0, 0, 0, 0, 0, 0, 4, 0]
2026-09-09 18:46:54 - __main__ - INFO - sample_host priors: [6, 11, 32, 16, 10, 4, 4, 20, 17, 12, 11, 1002, 16, 0, 0, 8, 11, 9, 4, 5, 1, 24, 4, 339]
2026-09-09 18:48:14 - __main__ - INFO - sample_host priors: [6, 0, 32, 0, 11, 0, 0, 20, 17, 12, 11, 693, 16, 11, 0, 8, 11, 9, 4, 5, 1, 24, 0, 339]
2026-09-09 18:49:24 - __main__ - INFO - sample_host priors: [0, 11, 0, 16, 1, 4, 4, 0, 0, 0, 0, 943, 0, 11, 0, 0, 0, 0, 0, 0, 0, 0, 4, 0]
2026-09-09 18:50:02 - __main__ - INFO - sample_host priors: [6, 11, 32, 16, 10, 4, 4, 20, 17, 12, 11, 1002, 16, 0, 0, 8, 11, 9, 4, 5, 1, 24, 4, 339]
2026-09-09 18:51:26 - __main__ - INFO - sample_host priors: [6, 0, 32, 0, 11, 0, 0, 20, 17, 12, 11, 693, 16, 11, 0, 8, 11, 9, 4, 5, 1, 24, 0, 339]
2026-09-09 18:52:07 - __main__ - INFO - sample_host priors: [0, 11, 0, 16, 1, 4, 4, 0, 0, 0, 0, 943, 0, 11, 0, 0, 0, 0, 0, 0, 0, 0, 4, 0]
2026-09-09 18:52:45 - __main__ - INFO - sample_host priors: [6, 11, 32, 16, 10, 4, 4, 20, 17, 12, 11, 1002, 16, 0, 0, 8, 11, 9, 4, 5, 1, 24, 4, 339]
2026-09-09 18:53:58 - __main__ - INFO - sample_host priors: [6, 0, 32, 0, 11, 0, 0, 20, 17, 12, 11, 693, 16, 11, 0, 8, 11, 9, 4, 5, 1, 24, 0, 339]
2026-09-09 18:54:33 - __main__ - INFO - sample_host priors: [0, 11, 0, 16, 1, 4, 4, 0, 0, 0, 0, 943, 0, 11, 0, 0, 0, 0, 0, 0, 0, 0, 4, 0]
2026-09-09 18:55:10 - __main__ - INFO - sample_host priors: [6, 11, 32, 16, 10, 4, 4, 20, 17, 12, 11, 1002, 16, 0, 0, 8, 11, 9, 4, 5, 1, 24, 4, 339]
2026-09-09 18:56:04 - __main__ - INFO - sample_host priors: [6, 0, 32, 0, 11, 0, 0, 20, 17, 12, 11, 693, 16, 11, 0, 8, 11, 9, 4, 5, 1, 24, 0, 339]
2026-09-09 18:56:42 - __main__ - INFO - sample_host priors: [0, 11, 0, 16, 1, 4, 4, 0, 0, 0, 0, 943, 0, 11, 0, 0, 0, 0, 0, 0, 0, 0, 4, 0]
2026-09-09 18:57:21 - __main__ - INFO - sample_host priors: [6, 11, 32, 16, 10, 4, 4, 20, 17, 12, 11, 1002, 16, 0, 0, 8, 11, 9, 4, 5, 1, 24, 4, 339]
2026-09-09 18:58:36 - __main__ - INFO - sample_host priors: [6, 0, 32, 0, 11, 0, 0, 20, 17, 12, 11, 693, 16, 11, 0, 8, 11, 9, 4, 5, 1, 24, 0, 339]
2026-09-09 18:59:09 - __main__ - INFO - sample_host priors: [0, 11, 0, 16, 1, 4, 4, 0, 0, 0, 0, 943, 0, 11, 0, 0, 0, 0, 0, 0, 0, 0, 4, 0]
2026-09-09 18:59:42 - __main__ - INFO - sample_host priors: [6, 11, 32, 16, 10, 4, 4, 20, 17, 12, 11, 1002, 16, 0, 0, 8, 11, 9, 4, 5, 1, 24, 4, 339]
2026-09-09 19:00:44 - __main__ - INFO - sample_host priors: [6, 0, 32, 0, 11, 0, 0, 20, 17, 12, 11, 693, 16, 11, 0, 8, 11, 9, 4, 5, 1, 24, 0, 339]
2026-09-09 19:01:15 - __main__ - INFO - sample_host priors: [0, 11, 0, 16, 1, 4, 4, 0, 0, 0, 0, 943, 0, 11, 0, 0, 0, 0, 0, 0, 0, 0, 4, 0]
2026-09-09 19:01:46 - __main__ - INFO - sample_host priors: [6, 11, 32, 16, 10, 4, 4, 20, 17, 12, 11, 1002, 16, 0, 0, 8, 11, 9, 4, 5, 1, 24, 4, 339]
2026-09-09 19:02:54 - __main__ - INFO - sample_host priors: [6, 0, 32, 0, 11, 0, 0, 20, 17, 12, 11, 693, 16, 11, 0, 8, 11, 9, 4, 5, 1, 24, 0, 339]
2026-09-09 19:03:36 - __main__ - INFO - sample_host priors: [0, 11, 0, 16, 1, 4, 4, 0, 0, 0, 0, 943, 0, 11, 0, 0, 0, 0, 0, 0, 0, 0, 4, 0]
2026-09-09 19:04:19 - __main__ - INFO - sample_host priors: [6, 11, 32, 16, 10, 4, 4, 20, 17, 12, 11, 1002, 16, 0, 0, 8, 11, 9, 4, 5, 1, 24, 4, 339]
2026-09-09 19:05:46 - __main__ - INFO - sample_host priors: [6, 0, 32, 0, 11, 0, 0, 20, 17, 12, 11, 693, 16, 11, 0, 8, 11, 9, 4, 5, 1, 24, 0, 339]
2026-09-09 19:06:25 - __main__ - INFO - sample_host priors: [0, 11, 0, 16, 1, 4, 4, 0, 0, 0, 0, 943, 0, 11, 0, 0, 0, 0, 0, 0, 0, 0, 4, 0]
2026-09-09 19:07:08 - __main__ - INFO - sample_host priors: [6, 11, 32, 16, 10, 4, 4, 20, 17, 12, 11, 1002, 16, 0, 0, 8, 11, 9, 4, 5, 1, 24, 4, 339]
2026-09-09 19:07:59 - __main__ - INFO - sample_host priors: [6, 0, 32, 0, 11, 0, 0, 20, 17, 12, 11, 693, 16, 11, 0, 8, 11, 9, 4, 5, 1, 24, 0, 339]
2026-09-09 19:08:38 - __main__ - INFO - sample_host priors: [0, 11, 0, 16, 1, 4, 4, 0, 0, 0, 0, 943, 0, 11, 0, 0, 0, 0, 0, 0, 0, 0, 4, 0]
2026-09-09 19:09:23 - __main__ - INFO - sample_host priors: [6, 11, 32, 16, 10, 4, 4, 20, 17, 12, 11, 1002, 16, 0, 0, 8, 11, 9, 4, 5, 1, 24, 4, 339]
2026-09-09 19:09:57 - __main__ - INFO - sample_host priors: [6, 0, 32, 0, 11, 0, 0, 20, 17, 12, 11, 693, 16, 11, 0, 8, 11, 9, 4, 5, 1, 24, 0, 339]
2026-09-09 19:10:34 - __main__ - INFO - sample_host priors: [0, 11, 0, 16, 1, 4, 4, 0, 0, 0, 0, 943, 0, 11, 0, 0, 0, 0, 0, 0, 0, 0, 4, 0]
2026-09-09 19:11:10 - __main__ - INFO - sample_host priors: [6, 11, 32, 16, 10, 4, 4, 20, 17, 12, 11, 1002, 16, 0, 0, 8, 11, 9, 4, 5, 1, 24, 4, 339]
2026-09-09 19:12:22 - __main__ - INFO - sample_host priors: [6, 0, 32, 0, 11, 0, 0, 20, 17, 12, 11, 693, 16, 11, 0, 8, 11, 9, 4, 5, 1, 24, 0, 339]
2026-09-09 19:12:59 - __main__ - INFO - sample_host priors: [0, 11, 0, 16, 1, 4, 4, 0, 0, 0, 0, 943, 0, 11, 0, 0, 0, 0, 0, 0, 0, 0, 4, 0]
2026-09-09 19:13:31 - __main__ - INFO - sample_host priors: [6, 11, 32, 16, 10, 4, 4, 20, 17, 12, 11, 1002, 16, 0, 0, 8, 11, 9, 4, 5, 1, 24, 4, 339]
2026-09-09 19:14:36 - __main__ - INFO - sample_host priors: [6, 0, 32, 0, 11, 0, 0, 20, 17, 12, 11, 693, 16, 11, 0, 8, 11, 9, 4, 5, 1, 24, 0, 339]
2026-09-09 19:15:07 - __main__ - INFO - sample_host priors: [0, 11, 0, 16, 1, 4, 4, 0, 0, 0, 0, 943, 0, 11, 0, 0, 0, 0, 0, 0, 0, 0, 4, 0]
2026-09-09 19:15:36 - __main__ - INFO - sample_host priors: [6, 11, 32, 16, 10, 4, 4, 20, 17, 12, 11, 1002, 16, 0, 0, 8, 11, 9, 4, 5, 1, 24, 4, 339]
2026-09-09 19:16:49 - __main__ - INFO - sample_host priors: [6, 0, 32, 0, 11, 0, 0, 20, 17, 12, 11, 693, 16, 11, 0, 8, 11, 9, 4, 5, 1, 24, 0, 339]
2026-09-09 19:17:29 - __main__ - INFO - sample_host priors: [0, 11, 0, 16, 1, 4, 4, 0, 0, 0, 0, 943, 0, 11, 0, 0, 0, 0, 0, 0, 0, 0, 4, 0]
2026-09-09 19:18:09 - __main__ - INFO - sample_host priors: [6, 11, 32, 16, 10, 4, 4, 20, 17, 12, 11, 1002, 16, 0, 0, 8, 11, 9, 4, 5, 1, 24, 4, 339]
2026-09-09 19:19:22 - __main__ - INFO - sample_host priors: [6, 0, 32, 0, 11, 0, 0, 20, 17, 12, 11, 693, 16, 11, 0, 8, 11, 9, 4, 5, 1, 24, 0, 339]
2026-09-09 19:19:59 - __main__ - INFO - sample_host priors: [0, 11, 0, 16, 1, 4, 4, 0, 0, 0, 0, 943, 0, 11, 0, 0, 0, 0, 0, 0, 0, 0, 4, 0]
2026-09-09 19:20:31 - __main__ - INFO - sample_host priors: [6, 11, 32, 16, 10, 4, 4, 20, 17, 12, 11, 1002, 16, 0, 0, 8, 11, 9, 4, 5, 1, 24, 4, 339]
2026-09-09 19:21:43 - __main__ - INFO - sample_host priors: [6, 0, 32, 0, 11, 0, 0, 20, 17, 12, 11, 693, 16, 11, 0, 8, 11, 9, 4, 5, 1, 24, 0, 339]
2026-09-09 19:22:28 - __main__ - INFO - sample_host priors: [0, 11, 0, 16, 1, 4, 4, 0, 0, 0, 0, 943, 0, 11, 0, 0, 0, 0, 0, 0, 0, 0, 4, 0]
2026-09-09 19:23:23 - __main__ - INFO - sample_host priors: [6, 11, 32, 16, 10, 4, 4, 20, 17, 12, 11, 1002, 16, 0, 0, 8, 11, 9, 4, 5, 1, 24, 4, 339]
2026-09-09 19:24:07 - __main__ - INFO - sample_host priors: [6, 0, 32, 0, 11, 0, 0, 20, 17, 12, 11, 693, 16, 11, 0, 8, 11, 9, 4, 5, 1, 24, 0, 339]
2026-09-09 19:24:41 - __main__ - INFO - sample_host priors: [0, 11, 0, 16, 1, 4, 4, 0, 0, 0, 0, 943, 0, 11, 0, 0, 0, 0, 0, 0, 0, 0, 4, 0]
2026-09-09 19:25:09 - __main__ - INFO - sample_host priors: [6, 11, 32, 16, 10, 4, 4, 20, 17, 12, 11, 1002, 16, 0, 0, 8, 11, 9, 4, 5, 1, 24, 4, 339]
2026-09-09 19:25:57 - __main__ - INFO - sample_host priors: [6, 0, 32, 0, 11, 0, 0, 20, 17, 12, 11, 693, 16, 11, 0, 8, 11, 9, 4, 5, 1, 24, 0, 339]
2026-09-09 19:26:33 - __main__ - INFO - sample_host priors: [0, 11, 0, 16, 1, 4, 4, 0, 0, 0, 0, 943, 0, 11, 0, 0, 0, 0, 0, 0, 0, 0, 4, 0]
2026-09-09 19:27:34 - __main__ - INFO - sample_host priors: [6, 11, 32, 16, 10, 4, 4, 20, 17, 12, 11, 1002, 16, 0, 0, 8, 11, 9, 4, 5, 1, 24, 4, 339]
2026-09-09 19:28:29 - __main__ - INFO - sample_host priors: [6, 0, 32, 0, 11, 0, 0, 20, 17, 12, 11, 693, 16, 11, 0, 8, 11, 9, 4, 5, 1, 24, 0, 339]
2026-09-09 19:29:11 - __main__ - INFO - sample_host priors: [0, 11, 0, 16, 1, 4, 4, 0, 0, 0, 0, 943, 0, 11, 0, 0, 0, 0, 0, 0, 0, 0, 4, 0]
2026-09-09 19:30:10 - __main__ - INFO - sample_host priors: [6, 11, 32, 16, 10, 4, 4, 20, 17, 12, 11, 1002, 16, 0, 0, 8, 11, 9, 4, 5, 1, 24, 4, 339]
2026-09-09 19:30:56 - __main__ - INFO - sample_host priors: [6, 0, 32, 0, 11, 0, 0, 20, 17, 12, 11, 693, 16, 11, 0, 8, 11, 9, 4, 5, 1, 24, 0, 339]
2026-09-09 19:31:45 - __main__ - INFO - sample_host priors: [0, 11, 0, 16, 1, 4, 4, 0, 0, 0, 0, 943, 0, 11, 0, 0, 0, 0, 0, 0, 0, 0, 4, 0]
2026-09-09 19:32:13 - __main__ - INFO - sample_host priors: [6, 11, 32, 16, 10, 4, 4, 20, 17, 12, 11, 1002, 16, 0, 0, 8, 11, 9, 4, 5, 1, 24, 4, 339]
2026-09-09 19:33:01 - __main__ - INFO - sample_host priors: [6, 0, 32, 0, 11, 0, 0, 20, 17, 12, 11, 693, 16, 11, 0, 8, 11, 9, 4, 5, 1, 24, 0, 339]
2026-09-09 19:33:43 - __main__ - INFO - sample_host priors: [0, 11, 0, 16, 1, 4, 4, 0, 0, 0, 0, 943, 0, 11, 0, 0, 0, 0, 0, 0, 0, 0, 4, 0]
2026-09-09 19:34:34 - __main__ - INFO - sample_host priors: [6, 11, 32, 16, 10, 4, 4, 20, 17, 12, 11, 1002, 16, 0, 0, 8, 11, 9, 4, 5, 1, 24, 4, 339]
2026-09-09 19:35:31 - __main__ - INFO - sample_host priors: [6, 0, 32, 0, 11, 0, 0, 20, 17, 12, 11, 693, 16, 11, 0, 8, 11, 9, 4, 5, 1, 24, 0, 339]
2026-09-09 19:36:10 - __main__ - INFO - sample_host priors: [0, 11, 0, 16, 1, 4, 4, 0, 0, 0, 0, 943, 0, 11, 0, 0, 0, 0, 0, 0, 0, 0, 4, 0]
2026-09-09 19:37:09 - __main__ - INFO - sample_host priors: [6, 11, 32, 16, 10, 4, 4, 20, 17, 12, 11, 1002, 16, 0, 0, 8, 11, 9, 4, 5, 1, 24, 4, 339]
2026-09-09 19:38:27 - __main__ - INFO - sample_host priors: [6, 0, 32, 0, 11, 0, 0, 20, 17, 12, 11, 693, 16, 11, 0, 8, 11, 9, 4, 5, 1, 24, 0, 339]
2026-09-09 19:39:07 - __main__ - INFO - sample_host priors: [0, 11, 0, 16, 1, 4, 4, 0, 0, 0, 0, 943, 0, 11, 0, 0, 0, 0, 0, 0, 0, 0, 4, 0]
2026-09-09 19:40:07 - __main__ - INFO - sample_host priors: [6, 11, 32, 16, 10, 4, 4, 20, 17, 12, 11, 1002, 16, 0, 0, 8, 11, 9, 4, 5, 1, 24, 4, 339]
2026-09-09 19:40:51 - __main__ - INFO - sample_host priors: [6, 0, 32, 0, 11, 0, 0, 20, 17, 12, 11, 693, 16, 11, 0, 8, 11, 9, 4, 5, 1, 24, 0, 339]
2026-09-09 19:41:33 - __main__ - INFO - sample_host priors: [0, 11, 0, 16, 1, 4, 4, 0, 0, 0, 0, 943, 0, 11, 0, 0, 0, 0, 0, 0, 0, 0, 4, 0]
2026-09-09 19:42:32 - __main__ - INFO - sample_host priors: [6, 11, 32, 16, 10, 4, 4, 20, 17, 12, 11, 1002, 16, 0, 0, 8, 11, 9, 4, 5, 1, 24, 4, 339]
2026-09-09 19:43:24 - __main__ - INFO - sample_host priors: [6, 0, 32, 0, 11, 0, 0, 20, 17, 12, 11, 693, 16, 11, 0, 8, 11, 9, 4, 5, 1, 24, 0, 339]
2026-09-09 19:44:02 - __main__ - INFO - sample_host priors: [0, 11, 0, 16, 1, 4, 4, 0, 0, 0, 0, 943, 0, 11, 0, 0, 0, 0, 0, 0, 0, 0, 4, 0]
2026-09-09 19:45:07 - __main__ - INFO - sample_host priors: [6, 11, 32, 16, 10, 4, 4, 20, 17, 12, 11, 1002, 16, 0, 0, 8, 11, 9, 4, 5, 1, 24, 4, 339]
2026-09-09 19:46:06 - __main__ - INFO - sample_host priors: [6, 0, 32, 0, 11, 0, 0, 20, 17, 12, 11, 693, 16, 11, 0, 8, 11, 9, 4, 5, 1, 24, 0, 339]
2026-09-09 19:46:45 - __main__ - INFO - sample_host priors: [0, 11, 0, 16, 1, 4, 4, 0, 0, 0, 0, 943, 0, 11, 0, 0, 0, 0, 0, 0, 0, 0, 4, 0]
2026-09-09 19:47:12 - __main__ - INFO - sample_host priors: [6, 11, 32, 16, 10, 4, 4, 20, 17, 12, 11, 1002, 16, 0, 0, 8, 11, 9, 4, 5, 1, 24, 4, 339]
2026-09-09 19:48:32 - __main__ - INFO - sample_host priors: [6, 0, 32, 0, 11, 0, 0, 20, 17, 12, 11, 693, 16, 11, 0, 8, 11, 9, 4, 5, 1, 24, 0, 339]
2026-09-09 19:49:14 - __main__ - INFO - sample_host priors: [0, 11, 0, 16, 1, 4, 4, 0, 0, 0, 0, 943, 0, 11, 0, 0, 0, 0, 0, 0, 0, 0, 4, 0]
2026-09-09 19:49:46 - __main__ - INFO - sample_host priors: [6, 11, 32, 16, 10, 4, 4, 20, 17, 12, 11, 1002, 16, 0, 0, 8, 11, 9, 4, 5, 1, 24, 4, 339]
2026-09-09 19:50:42 - __main__ - INFO - sample_host priors: [6, 0, 32, 0, 11, 0, 0, 20, 17, 12, 11, 693, 16, 11, 0, 8, 11, 9, 4, 5, 1, 24, 0, 339]
2026-09-09 19:51:19 - __main__ - INFO - sample_host priors: [0, 11, 0, 16, 1, 4, 4, 0, 0, 0, 0, 943, 0, 11, 0, 0, 0, 0, 0, 0, 0, 0, 4, 0]
2026-09-09 19:52:19 - __main__ - INFO - sample_host priors: [6, 11, 32, 16, 10, 4, 4, 20, 17, 12, 11, 1002, 16, 0, 0, 8, 11, 9, 4, 5, 1, 24, 4, 339]
2026-09-09 19:52:57 - __main__ - INFO - sample_host priors: [6, 0, 32, 0, 11, 0, 0, 20, 17, 12, 11, 693, 16, 11, 0, 8, 11, 9, 4, 5, 1, 24, 0, 339]
2026-09-09 19:53:57 - __main__ - INFO - sample_host priors: [0, 11, 0, 16, 1, 4, 4, 0, 0, 0, 0, 943, 0, 11, 0, 0, 0, 0, 0, 0, 0, 0, 4, 0]
2026-09-09 19:54:51 - __main__ - INFO - sample_host priors: [6, 11, 32, 16, 10, 4, 4, 20, 17, 12, 11, 1002, 16, 0, 0, 8, 11, 9, 4, 5, 1, 24, 4, 339]
2026-09-09 19:55:32 - __main__ - INFO - sample_host priors: [6, 0, 32, 0, 11, 0, 0, 20, 17, 12, 11, 693, 16, 11, 0, 8, 11, 9, 4, 5, 1, 24, 0, 339]
2026-09-09 19:56:09 - __main__ - INFO - sample_host priors: [0, 11, 0, 16, 1, 4, 4, 0, 0, 0, 0, 943, 0, 11, 0, 0, 0, 0, 0, 0, 0, 0, 4, 0]
2026-09-09 19:57:04 - __main__ - INFO - sample_host priors: [6, 11, 32, 16, 10, 4, 4, 20, 17, 12, 11, 1002, 16, 0, 0, 8, 11, 9, 4, 5, 1, 24, 4, 339]
2026-09-09 19:58:05 - __main__ - INFO - sample_host priors: [6, 0, 32, 0, 11, 0, 0, 20, 17, 12, 11, 693, 16, 11, 0, 8, 11, 9, 4, 5, 1, 24, 0, 339]
2026-09-09 19:58:41 - __main__ - INFO - sample_host priors: [0, 11, 0, 16, 1, 4, 4, 0, 0, 0, 0, 943, 0, 11, 0, 0, 0, 0, 0, 0, 0, 0, 4, 0]
2026-09-09 19:59:16 - __main__ - INFO - sample_host priors: [6, 11, 32, 16, 10, 4, 4, 20, 17, 12, 11, 1002, 16, 0, 0, 8, 11, 9, 4, 5, 1, 24, 4, 339]
2026-09-09 20:00:29 - __main__ - INFO - sample_host priors: [6, 0, 32, 0, 11, 0, 0, 20, 17, 12, 11, 693, 16, 11, 0, 8, 11, 9, 4, 5, 1, 24, 0, 339]
2026-09-09 20:01:28 - __main__ - INFO - sample_host priors: [0, 11, 0, 16, 1, 4, 4, 0, 0, 0, 0, 943, 0, 11, 0, 0, 0, 0, 0, 0, 0, 0, 4, 0]
2026-09-09 20:02:38 - __main__ - INFO - sample_host priors: [6, 11, 32, 16, 10, 4, 4, 20, 17, 12, 11, 1002, 16, 0, 0, 8, 11, 9, 4, 5, 1, 24, 4, 339]
2026-09-09 20:03:26 - __main__ - INFO - sample_host priors: [6, 0, 32, 0, 11, 0, 0, 20, 17, 12, 11, 693, 16, 11, 0, 8, 11, 9, 4, 5, 1, 24, 0, 339]
2026-09-09 20:04:10 - __main__ - INFO - sample_host priors: [0, 11, 0, 16, 1, 4, 4, 0, 0, 0, 0, 943, 0, 11, 0, 0, 0, 0, 0, 0, 0, 0, 4, 0]
2026-09-09 20:04:50 - __main__ - INFO - sample_host priors: [6, 11, 32, 16, 10, 4, 4, 20, 17, 12, 11, 1002, 16, 0, 0, 8, 11, 9, 4, 5, 1, 24, 4, 339]
2026-09-09 20:05:40 - __main__ - INFO - sample_host priors: [6, 0, 32, 0, 11, 0, 0, 20, 17, 12, 11, 693, 16, 11, 0, 8, 11, 9, 4, 5, 1, 24, 0, 339]
2026-09-09 20:06:26 - __main__ - INFO - sample_host priors: [0, 11, 0, 16, 1, 4, 4, 0, 0, 0, 0, 943, 0, 11, 0, 0, 0, 0, 0, 0, 0, 0, 4, 0]
2026-09-09 20:07:19 - __main__ - INFO - sample_host priors: [6, 11, 32, 16, 10, 4, 4, 20, 17, 12, 11, 1002, 16, 0, 0, 8, 11, 9, 4, 5, 1, 24, 4, 339]
2026-09-09 20:08:46 - __main__ - INFO - sample_host priors: [6, 0, 32, 0, 11, 0, 0, 20, 17, 12, 11, 693, 16, 11, 0, 8, 11, 9, 4, 5, 1, 24, 0, 339]
2026-09-09 20:09:51 - __main__ - INFO - sample_host priors: [0, 11, 0, 16, 1, 4, 4, 0, 0, 0, 0, 943, 0, 11, 0, 0, 0, 0, 0, 0, 0, 0, 4, 0]
2026-09-09 20:10:25 - __main__ - INFO - sample_host priors: [6, 11, 32, 16, 10, 4, 4, 20, 17, 12, 11, 1002, 16, 0, 0, 8, 11, 9, 4, 5, 1, 24, 4, 339]
2026-09-09 20:11:29 - __main__ - INFO - sample_host priors: [6, 0, 32, 0, 11, 0, 0, 20, 17, 12, 11, 693, 16, 11, 0, 8, 11, 9, 4, 5, 1, 24, 0, 339]
2026-09-09 20:12:36 - __main__ - INFO - sample_host priors: [0, 11, 0, 16, 1, 4, 4, 0, 0, 0, 0, 943, 0, 11, 0, 0, 0, 0, 0, 0, 0, 0, 4, 0]
2026-09-09 20:13:10 - __main__ - INFO - sample_host priors: [6, 11, 32, 16, 10, 4, 4, 20, 17, 12, 11, 1002, 16, 0, 0, 8, 11, 9, 4, 5, 1, 24, 4, 339]
2026-09-09 20:14:11 - __main__ - INFO - sample_host priors: [6, 0, 32, 0, 11, 0, 0, 20, 17, 12, 11, 693, 16, 11, 0, 8, 11, 9, 4, 5, 1, 24, 0, 339]
2026-09-09 20:14:43 - __main__ - INFO - sample_host priors: [0, 11, 0, 16, 1, 4, 4, 0, 0, 0, 0, 943, 0, 11, 0, 0, 0, 0, 0, 0, 0, 0, 4, 0]
2026-09-09 20:15:42 - __main__ - INFO - sample_host priors: [6, 11, 32, 16, 10, 4, 4, 20, 17, 12, 11, 1002, 16, 0, 0, 8, 11, 9, 4, 5, 1, 24, 4, 339]
2026-09-09 20:16:34 - __main__ - INFO - sample_host priors: [6, 0, 32, 0, 11, 0, 0, 20, 17, 12, 11, 693, 16, 11, 0, 8, 11, 9, 4, 5, 1, 24, 0, 339]
2026-09-09 20:17:07 - __main__ - INFO - sample_host priors: [0, 11, 0, 16, 1, 4, 4, 0, 0, 0, 0, 943, 0, 11, 0, 0, 0, 0, 0, 0, 0, 0, 4, 0]
2026-09-09 20:17:41 - __main__ - INFO - sample_host priors: [6, 11, 32, 16, 10, 4, 4, 20, 17, 12, 11, 1002, 16, 0, 0, 8, 11, 9, 4, 5, 1, 24, 4, 339]
2026-09-09 20:19:02 - __main__ - INFO - sample_host priors: [6, 0, 32, 0, 11, 0, 0, 20, 17, 12, 11, 693, 16, 11, 0, 8, 11, 9, 4, 5, 1, 24, 0, 339]
2026-09-09 20:20:07 - __main__ - INFO - sample_host priors: [0, 11, 0, 16, 1, 4, 4, 0, 0, 0, 0, 943, 0, 11, 0, 0, 0, 0, 0, 0, 0, 0, 4, 0]
2026-09-09 20:20:46 - __main__ - INFO - sample_host priors: [6, 11, 32, 16, 10, 4, 4, 20, 17, 12, 11, 1002, 16, 0, 0, 8, 11, 9, 4, 5, 1, 24, 4, 339]
2026-09-09 20:21:44 - __main__ - INFO - sample_host priors: [6, 0, 32, 0, 11, 0, 0, 20, 17, 12, 11, 693, 16, 11, 0, 8, 11, 9, 4, 5, 1, 24, 0, 339]
2026-09-09 20:22:45 - __main__ - INFO - sample_host priors: [0, 11, 0, 16, 1, 4, 4, 0, 0, 0, 0, 943, 0, 11, 0, 0, 0, 0, 0, 0, 0, 0, 4, 0]
2026-09-09 20:23:14 - __main__ - INFO - sample_host priors: [6, 11, 32, 16, 10, 4, 4, 20, 17, 12, 11, 1002, 16, 0, 0, 8, 11, 9, 4, 5, 1, 24, 4, 339]
2026-09-09 20:24:20 - __main__ - INFO - sample_host priors: [6, 0, 32, 0, 11, 0, 0, 20, 17, 12, 11, 693, 16, 11, 0, 8, 11, 9, 4, 5, 1, 24, 0, 339]
2026-09-09 20:24:52 - __main__ - INFO - sample_host priors: [0, 11, 0, 16, 1, 4, 4, 0, 0, 0, 0, 943, 0, 11, 0, 0, 0, 0, 0, 0, 0, 0, 4, 0]
2026-09-09 20:25:23 - __main__ - INFO - sample_host priors: [6, 11, 32, 16, 10, 4, 4, 20, 17, 12, 11, 1002, 16, 0, 0, 8, 11, 9, 4, 5, 1, 24, 4, 339]
2026-09-09 20:26:28 - __main__ - INFO - sample_host priors: [6, 0, 32, 0, 11, 0, 0, 20, 17, 12, 11, 693, 16, 11, 0, 8, 11, 9, 4, 5, 1, 24, 0, 339]
2026-09-09 20:27:04 - __main__ - INFO - sample_host priors: [0, 11, 0, 16, 1, 4, 4, 0, 0, 0, 0, 943, 0, 11, 0, 0, 0, 0, 0, 0, 0, 0, 4, 0]
2026-09-09 20:27:37 - __main__ - INFO - sample_host priors: [6, 11, 32, 16, 10, 4, 4, 20, 17, 12, 11, 1002, 16, 0, 0, 8, 11, 9, 4, 5, 1, 24, 4, 339]
2026-09-09 20:28:45 - __main__ - INFO - sample_host priors: [6, 0, 32, 0, 11, 0, 0, 20, 17, 12, 11, 693, 16, 11, 0, 8, 11, 9, 4, 5, 1, 24, 0, 339]
2026-09-09 20:29:29 - __main__ - INFO - sample_host priors: [0, 11, 0, 16, 1, 4, 4, 0, 0, 0, 0, 943, 0, 11, 0, 0, 0, 0, 0, 0, 0, 0, 4, 0]
2026-09-09 20:30:02 - __main__ - INFO - sample_host priors: [6, 11, 32, 16, 10, 4, 4, 20, 17, 12, 11, 1002, 16, 0, 0, 8, 11, 9, 4, 5, 1, 24, 4, 339]
2026-09-09 20:30:56 - __main__ - INFO - sample_host priors: [6, 0, 32, 0, 11, 0, 0, 20, 17, 12, 11, 693, 16, 11, 0, 8, 11, 9, 4, 5, 1, 24, 0, 339]
2026-09-09 20:31:36 - __main__ - INFO - sample_host priors: [0, 11, 0, 16, 1, 4, 4, 0, 0, 0, 0, 943, 0, 11, 0, 0, 0, 0, 0, 0, 0, 0, 4, 0]
2026-09-09 20:32:14 - __main__ - INFO - sample_host priors: [6, 11, 32, 16, 10, 4, 4, 20, 17, 12, 11, 1002, 16, 0, 0, 8, 11, 9, 4, 5, 1, 24, 4, 339]
2026-09-09 20:33:34 - __main__ - INFO - sample_host priors: [6, 0, 32, 0, 11, 0, 0, 20, 17, 12, 11, 693, 16, 11, 0, 8, 11, 9, 4, 5, 1, 24, 0, 339]
2026-09-09 20:34:15 - __main__ - INFO - sample_host priors: [0, 11, 0, 16, 1, 4, 4, 0, 0, 0, 0, 943, 0, 11, 0, 0, 0, 0, 0, 0, 0, 0, 4, 0]
2026-09-09 20:35:14 - __main__ - INFO - sample_host priors: [6, 11, 32, 16, 10, 4, 4, 20, 17, 12, 11, 1002, 16, 0, 0, 8, 11, 9, 4, 5, 1, 24, 4, 339]
2026-09-09 20:36:31 - __main__ - INFO - sample_host priors: [6, 0, 32, 0, 11, 0, 0, 20, 17, 12, 11, 693, 16, 11, 0, 8, 11, 9, 4, 5, 1, 24, 0, 339]
2026-09-09 20:37:31 - __main__ - INFO - sample_host priors: [0, 11, 0, 16, 1, 4, 4, 0, 0, 0, 0, 943, 0, 11, 0, 0, 0, 0, 0, 0, 0, 0, 4, 0]
2026-09-09 20:38:27 - __main__ - INFO - sample_host priors: [6, 11, 32, 16, 10, 4, 4, 20, 17, 12, 11, 1002, 16, 0, 0, 8, 11, 9, 4, 5, 1, 24, 4, 339]
2026-09-09 20:39:58 - __main__ - INFO - sample_host priors: [6, 0, 32, 0, 11, 0, 0, 20, 17, 12, 11, 693, 16, 11, 0, 8, 11, 9, 4, 5, 1, 24, 0, 339]
2026-09-09 20:40:42 - __main__ - INFO - sample_host priors: [0, 11, 0, 16, 1, 4, 4, 0, 0, 0, 0, 943, 0, 11, 0, 0, 0, 0, 0, 0, 0, 0, 4, 0]
2026-09-09 20:41:26 - __main__ - INFO - sample_host priors: [6, 11, 32, 16, 10, 4, 4, 20, 17, 12, 11, 1002, 16, 0, 0, 8, 11, 9, 4, 5, 1, 24, 4, 339]
2026-09-09 20:42:18 - __main__ - INFO - sample_host priors: [6, 0, 32, 0, 11, 0, 0, 20, 17, 12, 11, 693, 16, 11, 0, 8, 11, 9, 4, 5, 1, 24, 0, 339]
2026-09-09 20:43:24 - __main__ - INFO - sample_host priors: [0, 11, 0, 16, 1, 4, 4, 0, 0, 0, 0, 943, 0, 11, 0, 0, 0, 0, 0, 0, 0, 0, 4, 0]
2026-09-09 20:43:57 - __main__ - INFO - sample_host priors: [6, 11, 32, 16, 10, 4, 4, 20, 17, 12, 11, 1002, 16, 0, 0, 8, 11, 9, 4, 5, 1, 24, 4, 339]
2026-09-09 20:45:14 - __main__ - INFO - sample_host priors: [6, 0, 32, 0, 11, 0, 0, 20, 17, 12, 11, 693, 16, 11, 0, 8, 11, 9, 4, 5, 1, 24, 0, 339]
2026-09-09 20:46:24 - __main__ - INFO - sample_host priors: [0, 11, 0, 16, 1, 4, 4, 0, 0, 0, 0, 943, 0, 11, 0, 0, 0, 0, 0, 0, 0, 0, 4, 0]
2026-09-09 20:47:00 - __main__ - INFO - sample_host priors: [6, 11, 32, 16, 10, 4, 4, 20, 17, 12, 11, 1002, 16, 0, 0, 8, 11, 9, 4, 5, 1, 24, 4, 339]
2026-09-09 20:48:12 - __main__ - INFO - sample_host priors: [6, 0, 32, 0, 11, 0, 0, 20, 17, 12, 11, 693, 16, 11, 0, 8, 11, 9, 4, 5, 1, 24, 0, 339]
2026-09-09 20:49:21 - __main__ - INFO - sample_host priors: [0, 11, 0, 16, 1, 4, 4, 0, 0, 0, 0, 943, 0, 11, 0, 0, 0, 0, 0, 0, 0, 0, 4, 0]
2026-09-09 20:50:03 - __main__ - INFO - sample_host priors: [6, 11, 32, 16, 10, 4, 4, 20, 17, 12, 11, 1002, 16, 0, 0, 8, 11, 9, 4, 5, 1, 24, 4, 339]
2026-09-09 20:50:53 - __main__ - INFO - sample_host priors: [6, 0, 32, 0, 11, 0, 0, 20, 17, 12, 11, 693, 16, 11, 0, 8, 11, 9, 4, 5, 1, 24, 0, 339]
2026-09-09 20:51:50 - __main__ - INFO - sample_host priors: [0, 11, 0, 16, 1, 4, 4, 0, 0, 0, 0, 943, 0, 11, 0, 0, 0, 0, 0, 0, 0, 0, 4, 0]
2026-09-09 20:52:18 - __main__ - INFO - sample_host priors: [6, 11, 32, 16, 10, 4, 4, 20, 17, 12, 11, 1002, 16, 0, 0, 8, 11, 9, 4, 5, 1, 24, 4, 339]
2026-09-09 20:53:15 - __main__ - INFO - sample_host priors: [6, 0, 32, 0, 11, 0, 0, 20, 17, 12, 11, 693, 16, 11, 0, 8, 11, 9, 4, 5, 1, 24, 0, 339]
2026-09-09 20:53:46 - __main__ - INFO - sample_host priors: [0, 11, 0, 16, 1, 4, 4, 0, 0, 0, 0, 943, 0, 11, 0, 0, 0, 0, 0, 0, 0, 0, 4, 0]
2026-09-09 20:54:19 - __main__ - INFO - sample_host priors: [6, 11, 32, 16, 10, 4, 4, 20, 17, 12, 11, 1002, 16, 0, 0, 8, 11, 9, 4, 5, 1, 24, 4, 339]
2026-09-09 20:55:24 - __main__ - INFO - sample_host priors: [6, 0, 32, 0, 11, 0, 0, 20, 17, 12, 11, 693, 16, 11, 0, 8, 11, 9, 4, 5, 1, 24, 0, 339]
2026-09-09 20:56:10 - __main__ - INFO - sample_host priors: [0, 11, 0, 16, 1, 4, 4, 0, 0, 0, 0, 943, 0, 11, 0, 0, 0, 0, 0, 0, 0, 0, 4, 0]
2026-09-09 20:56:56 - __main__ - INFO - sample_host priors: [6, 11, 32, 16, 10, 4, 4, 20, 17, 12, 11, 1002, 16, 0, 0, 8, 11, 9, 4, 5, 1, 24, 4, 339]
2026-09-09 20:57:56 - __main__ - INFO - sample_host priors: [6, 0, 32, 0, 11, 0, 0, 20, 17, 12, 11, 693, 16, 11, 0, 8, 11, 9, 4, 5, 1, 24, 0, 339]
2026-09-09 20:58:51 - __main__ - INFO - sample_host priors: [0, 11, 0, 16, 1, 4, 4, 0, 0, 0, 0, 943, 0, 11, 0, 0, 0, 0, 0, 0, 0, 0, 4, 0]
2026-09-09 20:59:34 - __main__ - INFO - sample_host priors: [6, 11, 32, 16, 10, 4, 4, 20, 17, 12, 11, 1002, 16, 0, 0, 8, 11, 9, 4, 5, 1, 24, 4, 339]
2026-09-09 21:00:30 - __main__ - INFO - sample_host priors: [6, 0, 32, 0, 11, 0, 0, 20, 17, 12, 11, 693, 16, 11, 0, 8, 11, 9, 4, 5, 1, 24, 0, 339]
2026-09-09 21:01:35 - __main__ - INFO - sample_host priors: [0, 11, 0, 16, 1, 4, 4, 0, 0, 0, 0, 943, 0, 11, 0, 0, 0, 0, 0, 0, 0, 0, 4, 0]
2026-09-09 21:02:27 - __main__ - INFO - sample_host priors: [6, 11, 32, 16, 10, 4, 4, 20, 17, 12, 11, 1002, 16, 0, 0, 8, 11, 9, 4, 5, 1, 24, 4, 339]
2026-09-09 21:03:35 - __main__ - INFO - sample_host priors: [6, 0, 32, 0, 11, 0, 0, 20, 17, 12, 11, 693, 16, 11, 0, 8, 11, 9, 4, 5, 1, 24, 0, 339]
2026-09-09 21:04:11 - __main__ - INFO - sample_host priors: [0, 11, 0, 16, 1, 4, 4, 0, 0, 0, 0, 943, 0, 11, 0, 0, 0, 0, 0, 0, 0, 0, 4, 0]
2026-09-09 21:04:36 - __main__ - INFO - sample_host priors: [6, 11, 32, 16, 10, 4, 4, 20, 17, 12, 11, 1002, 16, 0, 0, 8, 11, 9, 4, 5, 1, 24, 4, 339]
2026-09-09 21:05:36 - __main__ - INFO - sample_host priors: [6, 0, 32, 0, 11, 0, 0, 20, 17, 12, 11, 693, 16, 11, 0, 8, 11, 9, 4, 5, 1, 24, 0, 339]
2026-09-09 21:06:09 - __main__ - INFO - sample_host priors: [0, 11, 0, 16, 1, 4, 4, 0, 0, 0, 0, 943, 0, 11, 0, 0, 0, 0, 0, 0, 0, 0, 4, 0]
2026-09-09 21:06:37 - __main__ - INFO - sample_host priors: [6, 11, 32, 16, 10, 4, 4, 20, 17, 12, 11, 1002, 16, 0, 0, 8, 11, 9, 4, 5, 1, 24, 4, 339]
2026-09-09 21:07:48 - __main__ - INFO - sample_host priors: [6, 0, 32, 0, 11, 0, 0, 20, 17, 12, 11, 693, 16, 11, 0, 8, 11, 9, 4, 5, 1, 24, 0, 339]
2026-09-09 21:08:47 - __main__ - INFO - sample_host priors: [0, 11, 0, 16, 1, 4, 4, 0, 0, 0, 0, 943, 0, 11, 0, 0, 0, 0, 0, 0, 0, 0, 4, 0]
2026-09-09 21:09:14 - __main__ - INFO - sample_host priors: [6, 11, 32, 16, 10, 4, 4, 20, 17, 12, 11, 1002, 16, 0, 0, 8, 11, 9, 4, 5, 1, 24, 4, 339]
2026-09-09 21:10:18 - __main__ - INFO - sample_host priors: [6, 0, 32, 0, 11, 0, 0, 20, 17, 12, 11, 693, 16, 11, 0, 8, 11, 9, 4, 5, 1, 24, 0, 339]
2026-09-09 21:11:03 - __main__ - INFO - sample_host priors: [0, 11, 0, 16, 1, 4, 4, 0, 0, 0, 0, 943, 0, 11, 0, 0, 0, 0, 0, 0, 0, 0, 4, 0]
2026-09-09 21:11:32 - __main__ - INFO - sample_host priors: [6, 11, 32, 16, 10, 4, 4, 20, 17, 12, 11, 1002, 16, 0, 0, 8, 11, 9, 4, 5, 1, 24, 4, 339]
2026-09-09 21:12:39 - __main__ - INFO - sample_host priors: [6, 0, 32, 0, 11, 0, 0, 20, 17, 12, 11, 693, 16, 11, 0, 8, 11, 9, 4, 5, 1, 24, 0, 339]
2026-09-09 21:13:36 - __main__ - INFO - sample_host priors: [0, 11, 0, 16, 1, 4, 4, 0, 0, 0, 0, 943, 0, 11, 0, 0, 0, 0, 0, 0, 0, 0, 4, 0]
2026-09-09 21:14:29 - __main__ - INFO - sample_host priors: [6, 11, 32, 16, 10, 4, 4, 20, 17, 12, 11, 1002, 16, 0, 0, 8, 11, 9, 4, 5, 1, 24, 4, 339]
2026-09-09 21:15:30 - __main__ - INFO - sample_host priors: [6, 0, 32, 0, 11, 0, 0, 20, 17, 12, 11, 693, 16, 11, 0, 8, 11, 9, 4, 5, 1, 24, 0, 339]
2026-09-09 21:16:31 - __main__ - INFO - sample_host priors: [0, 11, 0, 16, 1, 4, 4, 0, 0, 0, 0, 943, 0, 11, 0, 0, 0, 0, 0, 0, 0, 0, 4, 0]
2026-09-09 21:17:01 - __main__ - INFO - sample_host priors: [6, 11, 32, 16, 10, 4, 4, 20, 17, 12, 11, 1002, 16, 0, 0, 8, 11, 9, 4, 5, 1, 24, 4, 339]
2026-09-09 21:18:10 - __main__ - INFO - sample_host priors: [6, 0, 32, 0, 11, 0, 0, 20, 17, 12, 11, 693, 16, 11, 0, 8, 11, 9, 4, 5, 1, 24, 0, 339]
2026-09-09 21:19:08 - __main__ - INFO - sample_host priors: [0, 11, 0, 16, 1, 4, 4, 0, 0, 0, 0, 943, 0, 11, 0, 0, 0, 0, 0, 0, 0, 0, 4, 0]
2026-09-09 21:19:51 - __main__ - INFO - sample_host priors: [6, 11, 32, 16, 10, 4, 4, 20, 17, 12, 11, 1002, 16, 0, 0, 8, 11, 9, 4, 5, 1, 24, 4, 339]
2026-09-09 21:20:54 - __main__ - INFO - sample_host priors: [6, 0, 32, 0, 11, 0, 0, 20, 17, 12, 11, 693, 16, 11, 0, 8, 11, 9, 4, 5, 1, 24, 0, 339]
2026-09-09 21:21:39 - __main__ - INFO - sample_host priors: [0, 11, 0, 16, 1, 4, 4, 0, 0, 0, 0, 943, 0, 11, 0, 0, 0, 0, 0, 0, 0, 0, 4, 0]
2026-09-09 21:22:14 - __main__ - INFO - sample_host priors: [6, 11, 32, 16, 10, 4, 4, 20, 17, 12, 11, 1002, 16, 0, 0, 8, 11, 9, 4, 5, 1, 24, 4, 339]
2026-09-09 21:23:14 - __main__ - INFO - sample_host priors: [6, 0, 32, 0, 11, 0, 0, 20, 17, 12, 11, 693, 16, 11, 0, 8, 11, 9, 4, 5, 1, 24, 0, 339]
2026-09-09 21:23:46 - __main__ - INFO - sample_host priors: [0, 11, 0, 16, 1, 4, 4, 0, 0, 0, 0, 943, 0, 11, 0, 0, 0, 0, 0, 0, 0, 0, 4, 0]
2026-09-09 21:24:22 - __main__ - INFO - sample_host priors: [6, 11, 32, 16, 10, 4, 4, 20, 17, 12, 11, 1002, 16, 0, 0, 8, 11, 9, 4, 5, 1, 24, 4, 339]
2026-09-09 21:25:15 - __main__ - INFO - sample_host priors: [6, 0, 32, 0, 11, 0, 0, 20, 17, 12, 11, 693, 16, 11, 0, 8, 11, 9, 4, 5, 1, 24, 0, 339]
2026-09-09 21:26:06 - __main__ - INFO - sample_host priors: [0, 11, 0, 16, 1, 4, 4, 0, 0, 0, 0, 943, 0, 11, 0, 0, 0, 0, 0, 0, 0, 0, 4, 0]
2026-09-09 21:26:41 - __main__ - INFO - sample_host priors: [6, 11, 32, 16, 10, 4, 4, 20, 17, 12, 11, 1002, 16, 0, 0, 8, 11, 9, 4, 5, 1, 24, 4, 339]
2026-09-09 21:27:46 - __main__ - INFO - sample_host priors: [6, 0, 32, 0, 11, 0, 0, 20, 17, 12, 11, 693, 16, 11, 0, 8, 11, 9, 4, 5, 1, 24, 0, 339]
2026-09-09 21:28:38 - __main__ - INFO - sample_host priors: [0, 11, 0, 16, 1, 4, 4, 0, 0, 0, 0, 943, 0, 11, 0, 0, 0, 0, 0, 0, 0, 0, 4, 0]
2026-09-09 21:29:03 - __main__ - INFO - sample_host priors: [6, 11, 32, 16, 10, 4, 4, 20, 17, 12, 11, 1002, 16, 0, 0, 8, 11, 9, 4, 5, 1, 24, 4, 339]
2026-09-09 21:31:25 - __main__ - INFO - sample_host priors: [6, 0, 32, 0, 11, 0, 0, 20, 17, 12, 11, 693, 16, 11, 0, 8, 11, 9, 4, 5, 1, 24, 0, 339]
2026-09-09 21:32:36 - __main__ - INFO - sample_host priors: [0, 11, 0, 16, 1, 4, 4, 0, 0, 0, 0, 943, 0, 11, 0, 0, 0, 0, 0, 0, 0, 0, 4, 0]
2026-09-09 21:33:45 - __main__ - INFO - sample_host priors: [6, 11, 32, 16, 10, 4, 4, 20, 17, 12, 11, 1002, 16, 0, 0, 8, 11, 9, 4, 5, 1, 24, 4, 339]
2026-09-09 21:36:03 - __main__ - INFO - sample_host priors: [6, 0, 32, 0, 11, 0, 0, 20, 17, 12, 11, 693, 16, 11, 0, 8, 11, 9, 4, 5, 1, 24, 0, 339]
2026-09-09 21:37:05 - __main__ - INFO - sample_host priors: [0, 11, 0, 16, 1, 4, 4, 0, 0, 0, 0, 943, 0, 11, 0, 0, 0, 0, 0, 0, 0, 0, 4, 0]
2026-09-09 21:38:50 - __main__ - INFO - sample_host priors: [6, 11, 32, 16, 10, 4, 4, 20, 17, 12, 11, 1002, 16, 0, 0, 8, 11, 9, 4, 5, 1, 24, 4, 339]
2026-09-09 21:41:07 - __main__ - INFO - sample_host priors: [6, 0, 32, 0, 11, 0, 0, 20, 17, 12, 11, 693, 16, 11, 0, 8, 11, 9, 4, 5, 1, 24, 0, 339]
2026-09-09 21:42:10 - __main__ - INFO - sample_host priors: [0, 11, 0, 16, 1, 4, 4, 0, 0, 0, 0, 943, 0, 11, 0, 0, 0, 0, 0, 0, 0, 0, 4, 0]
2026-09-09 21:43:19 - __main__ - INFO - sample_host priors: [6, 11, 32, 16, 10, 4, 4, 20, 17, 12, 11, 1002, 16, 0, 0, 8, 11, 9, 4, 5, 1, 24, 4, 339]
2026-09-09 21:45:15 - __main__ - INFO - sample_host priors: [6, 0, 32, 0, 11, 0, 0, 20, 17, 12, 11, 693, 16, 11, 0, 8, 11, 9, 4, 5, 1, 24, 0, 339]
2026-09-09 21:47:22 - __main__ - INFO - sample_host priors: [0, 11, 0, 16, 1, 4, 4, 0, 0, 0, 0, 943, 0, 11, 0, 0, 0, 0, 0, 0, 0, 0, 4, 0]
2026-09-09 21:49:07 - __main__ - INFO - sample_host priors: [6, 11, 32, 16, 10, 4, 4, 20, 17, 12, 11, 1002, 16, 0, 0, 8, 11, 9, 4, 5, 1, 24, 4, 339]
2026-09-09 21:51:25 - __main__ - INFO - sample_host priors: [6, 0, 32, 0, 11, 0, 0, 20, 17, 12, 11, 693, 16, 11, 0, 8, 11, 9, 4, 5, 1, 24, 0, 339]
2026-09-09 21:52:28 - __main__ - INFO - sample_host priors: [0, 11, 0, 16, 1, 4, 4, 0, 0, 0, 0, 943, 0, 11, 0, 0, 0, 0, 0, 0, 0, 0, 4, 0]
2026-09-09 21:54:06 - __main__ - INFO - sample_host priors: [6, 11, 32, 16, 10, 4, 4, 20, 17, 12, 11, 1002, 16, 0, 0, 8, 11, 9, 4, 5, 1, 24, 4, 339]
2026-09-09 21:54:49 - __main__ - INFO - sample_host priors: [6, 0, 32, 0, 11, 0, 0, 20, 17, 12, 11, 693, 16, 11, 0, 8, 11, 9, 4, 5, 1, 24, 0, 339]
2026-09-09 21:55:26 - __main__ - INFO - sample_host priors: [0, 11, 0, 16, 1, 4, 4, 0, 0, 0, 0, 943, 0, 11, 0, 0, 0, 0, 0, 0, 0, 0, 4, 0]
2026-09-09 21:55:49 - __main__ - INFO - sample_host priors: [6, 11, 32, 16, 10, 4, 4, 20, 17, 12, 11, 1002, 16, 0, 0, 8, 11, 9, 4, 5, 1, 24, 4, 339]
2026-09-09 21:56:44 - __main__ - INFO - sample_host priors: [6, 0, 32, 0, 11, 0, 0, 20, 17, 12, 11, 693, 16, 11, 0, 8, 11, 9, 4, 5, 1, 24, 0, 339]
2026-09-09 21:57:08 - __main__ - INFO - sample_host priors: [0, 11, 0, 16, 1, 4, 4, 0, 0, 0, 0, 943, 0, 11, 0, 0, 0, 0, 0, 0, 0, 0, 4, 0]
2026-09-09 21:57:32 - __main__ - INFO - sample_host priors: [6, 11, 32, 16, 10, 4, 4, 20, 17, 12, 11, 1002, 16, 0, 0, 8, 11, 9, 4, 5, 1, 24, 4, 339]
2026-09-09 21:58:05 - __main__ - INFO - sample_host priors: [6, 0, 32, 0, 11, 0, 0, 20, 17, 12, 11, 693, 16, 11, 0, 8, 11, 9, 4, 5, 1, 24, 0, 339]
2026-09-09 21:58:45 - __main__ - INFO - sample_host priors: [0, 11, 0, 16, 1, 4, 4, 0, 0, 0, 0, 943, 0, 11, 0, 0, 0, 0, 0, 0, 0, 0, 4, 0]
2026-09-09 21:59:08 - __main__ - INFO - sample_host priors: [6, 11, 32, 16, 10, 4, 4, 20, 17, 12, 11, 1002, 16, 0, 0, 8, 11, 9, 4, 5, 1, 24, 4, 339]
2026-09-09 21:59:40 - __main__ - INFO - sample_host priors: [6, 0, 32, 0, 11, 0, 0, 20, 17, 12, 11, 693, 16, 11, 0, 8, 11, 9, 4, 5, 1, 24, 0, 339]
2026-09-09 22:00:26 - __main__ - INFO - sample_host priors: [0, 11, 0, 16, 1, 4, 4, 0, 0, 0, 0, 943, 0, 11, 0, 0, 0, 0, 0, 0, 0, 0, 4, 0]
2026-09-09 22:00:44 - __main__ - INFO - sample_host priors: [6, 11, 32, 16, 10, 4, 4, 20, 17, 12, 11, 1002, 16, 0, 0, 8, 11, 9, 4, 5, 1, 24, 4, 339]
2026-09-09 22:02:04 - __main__ - INFO - sample_host priors: [6, 0, 32, 0, 11, 0, 0, 20, 17, 12, 11, 693, 16, 11, 0, 8, 11, 9, 4, 5, 1, 24, 0, 339]
2026-09-09 22:03:07 - __main__ - INFO - sample_host priors: [0, 11, 0, 16, 1, 4, 4, 0, 0, 0, 0, 943, 0, 11, 0, 0, 0, 0, 0, 0, 0, 0, 4, 0]
2026-09-09 22:04:23 - __main__ - INFO - sample_host priors: [6, 11, 32, 16, 10, 4, 4, 20, 17, 12, 11, 1002, 16, 0, 0, 8, 11, 9, 4, 5, 1, 24, 4, 339]
2026-09-09 22:04:57 - __main__ - INFO - sample_host priors: [6, 0, 32, 0, 11, 0, 0, 20, 17, 12, 11, 693, 16, 11, 0, 8, 11, 9, 4, 5, 1, 24, 0, 339]
2026-09-09 22:05:35 - __main__ - INFO - sample_host priors: [0, 11, 0, 16, 1, 4, 4, 0, 0, 0, 0, 943, 0, 11, 0, 0, 0, 0, 0, 0, 0, 0, 4, 0]
2026-09-09 22:05:53 - __main__ - INFO - sample_host priors: [6, 11, 32, 16, 10, 4, 4, 20, 17, 12, 11, 1002, 16, 0, 0, 8, 11, 9, 4, 5, 1, 24, 4, 339]
2026-09-09 22:06:26 - __main__ - INFO - sample_host priors: [6, 0, 32, 0, 11, 0, 0, 20, 17, 12, 11, 693, 16, 11, 0, 8, 11, 9, 4, 5, 1, 24, 0, 339]
2026-09-09 22:06:55 - __main__ - INFO - sample_host priors: [0, 11, 0, 16, 1, 4, 4, 0, 0, 0, 0, 943, 0, 11, 0, 0, 0, 0, 0, 0, 0, 0, 4, 0]
2026-09-09 22:07:21 - __main__ - INFO - Best hyperparameters (averaged over 3 folds): {'n_layers': 3, 'hidden_dim_0': 512, 'hidden_dim_1': 448, 'hidden_dim_2': 256, 'dropout': 0.14389363114949968, 'learning_rate': 0.0021085379074430974, 'weight_decay': 0.000974327293742504, 'batch_size': 128, 'use_batch_norm': True, 'activation': 'gelu', 'logit_adjust_tau': 0.1994404390023885, 'ls_sample_host': 0.006362147864411325, 'task_weight_sample_host': 1.0}
2026-09-09 22:07:21 - __main__ - INFO - Best CV score: 0.2894
2026-09-09 22:07:21 - __main__ - INFO - Training final model with proper train/val split...
2026-09-09 22:07:21 - __main__ - INFO - sample_host: 23/24 classes have training support in this fold
2026-09-09 22:07:21 - __main__ - INFO - Final training split: 2175 train, 242 validation, 299 test
2026-09-09 22:07:22 - __main__ - INFO - sample_host priors: [6, 11, 32, 16, 11, 4, 4, 20, 17, 12, 11, 1319, 16, 11, 0, 8, 11, 9, 4, 5, 1, 24, 4, 339]
2026-09-09 22:07:22 - diana.utils.checkpointing - INFO - CheckpointManager initialized: results/search_v9_single_sample_host/cv_results/fold_1
2026-09-09 22:07:23 - diana.utils.checkpointing - INFO - Checkpoint saved: results/search_v9_single_sample_host/cv_results/fold_1/checkpoint_epoch_1_20260909_220722.pth
2026-09-09 22:07:24 - diana.utils.checkpointing - INFO - New best model saved: results/search_v9_single_sample_host/cv_results/fold_1/best_model.pth (val_loss: 0.7808)
2026-09-09 22:07:26 - diana.utils.checkpointing - INFO - Checkpoint saved: results/search_v9_single_sample_host/cv_results/fold_1/checkpoint_epoch_2_20260909_220725.pth
2026-09-09 22:07:28 - diana.utils.checkpointing - INFO - New best model saved: results/search_v9_single_sample_host/cv_results/fold_1/best_model.pth (val_loss: 0.5365)
2026-09-09 22:07:29 - diana.utils.checkpointing - INFO - Checkpoint saved: results/search_v9_single_sample_host/cv_results/fold_1/checkpoint_epoch_3_20260909_220728.pth
2026-09-09 22:07:31 - diana.utils.checkpointing - INFO - New best model saved: results/search_v9_single_sample_host/cv_results/fold_1/best_model.pth (val_loss: 0.5088)
2026-09-09 22:07:32 - diana.utils.checkpointing - INFO - Checkpoint saved: results/search_v9_single_sample_host/cv_results/fold_1/checkpoint_epoch_4_20260909_220731.pth
2026-09-09 22:07:34 - diana.utils.checkpointing - INFO - New best model saved: results/search_v9_single_sample_host/cv_results/fold_1/best_model.pth (val_loss: 0.4616)
2026-09-09 22:07:35 - diana.utils.checkpointing - INFO - Checkpoint saved: results/search_v9_single_sample_host/cv_results/fold_1/checkpoint_epoch_5_20260909_220734.pth
2026-09-09 22:07:37 - diana.utils.checkpointing - INFO - Checkpoint saved: results/search_v9_single_sample_host/cv_results/fold_1/checkpoint_epoch_6_20260909_220736.pth
2026-09-09 22:07:39 - diana.utils.checkpointing - INFO - Checkpoint saved: results/search_v9_single_sample_host/cv_results/fold_1/checkpoint_epoch_7_20260909_220737.pth
2026-09-09 22:07:41 - diana.utils.checkpointing - INFO - Checkpoint saved: results/search_v9_single_sample_host/cv_results/fold_1/checkpoint_epoch_8_20260909_220739.pth
2026-09-09 22:07:42 - diana.utils.checkpointing - INFO - Checkpoint saved: results/search_v9_single_sample_host/cv_results/fold_1/checkpoint_epoch_9_20260909_220741.pth
2026-09-09 22:07:44 - diana.utils.checkpointing - INFO - Checkpoint saved: results/search_v9_single_sample_host/cv_results/fold_1/checkpoint_epoch_10_20260909_220743.pth
2026-09-09 22:07:45 - diana.utils.checkpointing - INFO - New best model saved: results/search_v9_single_sample_host/cv_results/fold_1/best_model.pth (val_loss: 0.4475)
2026-09-09 22:07:47 - diana.utils.checkpointing - INFO - Checkpoint saved: results/search_v9_single_sample_host/cv_results/fold_1/checkpoint_epoch_11_20260909_220746.pth
2026-09-09 22:07:49 - diana.utils.checkpointing - INFO - Checkpoint saved: results/search_v9_single_sample_host/cv_results/fold_1/checkpoint_epoch_12_20260909_220748.pth
2026-09-09 22:07:51 - diana.utils.checkpointing - INFO - Checkpoint saved: results/search_v9_single_sample_host/cv_results/fold_1/checkpoint_epoch_13_20260909_220750.pth
2026-09-09 22:07:52 - diana.utils.checkpointing - INFO - Checkpoint saved: results/search_v9_single_sample_host/cv_results/fold_1/checkpoint_epoch_14_20260909_220751.pth
2026-09-09 22:07:54 - diana.utils.checkpointing - INFO - Checkpoint saved: results/search_v9_single_sample_host/cv_results/fold_1/checkpoint_epoch_15_20260909_220753.pth
2026-09-09 22:07:55 - diana.utils.checkpointing - INFO - New best model saved: results/search_v9_single_sample_host/cv_results/fold_1/best_model.pth (val_loss: 0.3975)
2026-09-09 22:07:57 - diana.utils.checkpointing - INFO - Checkpoint saved: results/search_v9_single_sample_host/cv_results/fold_1/checkpoint_epoch_16_20260909_220756.pth
2026-09-09 22:07:59 - diana.utils.checkpointing - INFO - Checkpoint saved: results/search_v9_single_sample_host/cv_results/fold_1/checkpoint_epoch_17_20260909_220758.pth
2026-09-09 22:08:01 - diana.utils.checkpointing - INFO - Checkpoint saved: results/search_v9_single_sample_host/cv_results/fold_1/checkpoint_epoch_18_20260909_220800.pth
2026-09-09 22:08:02 - diana.utils.checkpointing - INFO - Checkpoint saved: results/search_v9_single_sample_host/cv_results/fold_1/checkpoint_epoch_19_20260909_220801.pth
2026-09-09 22:08:04 - diana.utils.checkpointing - INFO - Checkpoint saved: results/search_v9_single_sample_host/cv_results/fold_1/checkpoint_epoch_20_20260909_220803.pth
2026-09-09 22:08:04 - __main__ - INFO - Epoch 20/200, Train Loss: 0.4093, Val Loss: 3.5401
2026-09-09 22:08:06 - diana.utils.checkpointing - INFO - Checkpoint saved: results/search_v9_single_sample_host/cv_results/fold_1/checkpoint_epoch_21_20260909_220805.pth
2026-09-09 22:08:08 - diana.utils.checkpointing - INFO - Checkpoint saved: results/search_v9_single_sample_host/cv_results/fold_1/checkpoint_epoch_22_20260909_220806.pth
2026-09-09 22:08:09 - diana.utils.checkpointing - INFO - Checkpoint saved: results/search_v9_single_sample_host/cv_results/fold_1/checkpoint_epoch_23_20260909_220808.pth
2026-09-09 22:08:11 - diana.utils.checkpointing - INFO - Checkpoint saved: results/search_v9_single_sample_host/cv_results/fold_1/checkpoint_epoch_24_20260909_220810.pth
2026-09-09 22:08:13 - diana.utils.checkpointing - INFO - Checkpoint saved: results/search_v9_single_sample_host/cv_results/fold_1/checkpoint_epoch_25_20260909_220812.pth
2026-09-09 22:08:14 - diana.utils.checkpointing - INFO - Checkpoint saved: results/search_v9_single_sample_host/cv_results/fold_1/checkpoint_epoch_26_20260909_220813.pth
2026-09-09 22:08:16 - diana.utils.checkpointing - INFO - Checkpoint saved: results/search_v9_single_sample_host/cv_results/fold_1/checkpoint_epoch_27_20260909_220815.pth
2026-09-09 22:08:18 - diana.utils.checkpointing - INFO - Checkpoint saved: results/search_v9_single_sample_host/cv_results/fold_1/checkpoint_epoch_28_20260909_220817.pth
2026-09-09 22:08:20 - diana.utils.checkpointing - INFO - Checkpoint saved: results/search_v9_single_sample_host/cv_results/fold_1/checkpoint_epoch_29_20260909_220819.pth
2026-09-09 22:08:22 - diana.utils.checkpointing - INFO - New best model saved: results/search_v9_single_sample_host/cv_results/fold_1/best_model.pth (val_loss: 0.3747)
2026-09-09 22:08:24 - diana.utils.checkpointing - INFO - Checkpoint saved: results/search_v9_single_sample_host/cv_results/fold_1/checkpoint_epoch_30_20260909_220822.pth
2026-09-09 22:08:25 - diana.utils.checkpointing - INFO - Checkpoint saved: results/search_v9_single_sample_host/cv_results/fold_1/checkpoint_epoch_31_20260909_220824.pth
2026-09-09 22:08:27 - diana.utils.checkpointing - INFO - Checkpoint saved: results/search_v9_single_sample_host/cv_results/fold_1/checkpoint_epoch_32_20260909_220826.pth
2026-09-09 22:08:29 - diana.utils.checkpointing - INFO - Checkpoint saved: results/search_v9_single_sample_host/cv_results/fold_1/checkpoint_epoch_33_20260909_220828.pth
2026-09-09 22:08:31 - diana.utils.checkpointing - INFO - Checkpoint saved: results/search_v9_single_sample_host/cv_results/fold_1/checkpoint_epoch_34_20260909_220829.pth
2026-09-09 22:08:33 - diana.utils.checkpointing - INFO - Checkpoint saved: results/search_v9_single_sample_host/cv_results/fold_1/checkpoint_epoch_35_20260909_220831.pth
2026-09-09 22:08:34 - diana.utils.checkpointing - INFO - Checkpoint saved: results/search_v9_single_sample_host/cv_results/fold_1/checkpoint_epoch_36_20260909_220833.pth
2026-09-09 22:08:36 - diana.utils.checkpointing - INFO - Checkpoint saved: results/search_v9_single_sample_host/cv_results/fold_1/checkpoint_epoch_37_20260909_220835.pth
2026-09-09 22:08:37 - diana.utils.checkpointing - INFO - New best model saved: results/search_v9_single_sample_host/cv_results/fold_1/best_model.pth (val_loss: 0.3627)
2026-09-09 22:08:39 - diana.utils.checkpointing - INFO - Checkpoint saved: results/search_v9_single_sample_host/cv_results/fold_1/checkpoint_epoch_38_20260909_220838.pth
2026-09-09 22:08:41 - diana.utils.checkpointing - INFO - Checkpoint saved: results/search_v9_single_sample_host/cv_results/fold_1/checkpoint_epoch_39_20260909_220840.pth
2026-09-09 22:08:43 - diana.utils.checkpointing - INFO - Checkpoint saved: results/search_v9_single_sample_host/cv_results/fold_1/checkpoint_epoch_40_20260909_220842.pth
2026-09-09 22:08:43 - __main__ - INFO - Epoch 40/200, Train Loss: 0.3605, Val Loss: 0.3953
2026-09-09 22:08:45 - diana.utils.checkpointing - INFO - Checkpoint saved: results/search_v9_single_sample_host/cv_results/fold_1/checkpoint_epoch_41_20260909_220844.pth
2026-09-09 22:08:47 - diana.utils.checkpointing - INFO - Checkpoint saved: results/search_v9_single_sample_host/cv_results/fold_1/checkpoint_epoch_42_20260909_220846.pth
2026-09-09 22:08:49 - diana.utils.checkpointing - INFO - Checkpoint saved: results/search_v9_single_sample_host/cv_results/fold_1/checkpoint_epoch_43_20260909_220847.pth
2026-09-09 22:08:51 - diana.utils.checkpointing - INFO - Checkpoint saved: results/search_v9_single_sample_host/cv_results/fold_1/checkpoint_epoch_44_20260909_220849.pth
2026-09-09 22:08:52 - diana.utils.checkpointing - INFO - Checkpoint saved: results/search_v9_single_sample_host/cv_results/fold_1/checkpoint_epoch_45_20260909_220851.pth
2026-09-09 22:08:54 - diana.utils.checkpointing - INFO - Checkpoint saved: results/search_v9_single_sample_host/cv_results/fold_1/checkpoint_epoch_46_20260909_220853.pth
2026-09-09 22:08:56 - diana.utils.checkpointing - INFO - Checkpoint saved: results/search_v9_single_sample_host/cv_results/fold_1/checkpoint_epoch_47_20260909_220855.pth
2026-09-09 22:08:58 - diana.utils.checkpointing - INFO - Checkpoint saved: results/search_v9_single_sample_host/cv_results/fold_1/checkpoint_epoch_48_20260909_220857.pth
2026-09-09 22:09:00 - diana.utils.checkpointing - INFO - Checkpoint saved: results/search_v9_single_sample_host/cv_results/fold_1/checkpoint_epoch_49_20260909_220859.pth
2026-09-09 22:09:02 - diana.utils.checkpointing - INFO - Checkpoint saved: results/search_v9_single_sample_host/cv_results/fold_1/checkpoint_epoch_50_20260909_220900.pth
2026-09-09 22:09:04 - diana.utils.checkpointing - INFO - Checkpoint saved: results/search_v9_single_sample_host/cv_results/fold_1/checkpoint_epoch_51_20260909_220902.pth
2026-09-09 22:09:05 - diana.utils.checkpointing - INFO - Checkpoint saved: results/search_v9_single_sample_host/cv_results/fold_1/checkpoint_epoch_52_20260909_220904.pth
2026-09-09 22:09:07 - diana.utils.checkpointing - INFO - Checkpoint saved: results/search_v9_single_sample_host/cv_results/fold_1/checkpoint_epoch_53_20260909_220906.pth
2026-09-09 22:09:09 - diana.utils.checkpointing - INFO - Checkpoint saved: results/search_v9_single_sample_host/cv_results/fold_1/checkpoint_epoch_54_20260909_220908.pth
2026-09-09 22:09:11 - diana.utils.checkpointing - INFO - Checkpoint saved: results/search_v9_single_sample_host/cv_results/fold_1/checkpoint_epoch_55_20260909_220910.pth
2026-09-09 22:09:12 - diana.utils.checkpointing - INFO - Checkpoint saved: results/search_v9_single_sample_host/cv_results/fold_1/checkpoint_epoch_56_20260909_220911.pth
2026-09-09 22:09:14 - diana.utils.checkpointing - INFO - Checkpoint saved: results/search_v9_single_sample_host/cv_results/fold_1/checkpoint_epoch_57_20260909_220913.pth
2026-09-09 22:09:15 - diana.utils.checkpointing - INFO - New best model saved: results/search_v9_single_sample_host/cv_results/fold_1/best_model.pth (val_loss: 0.3493)
2026-09-09 22:09:17 - diana.utils.checkpointing - INFO - Checkpoint saved: results/search_v9_single_sample_host/cv_results/fold_1/checkpoint_epoch_58_20260909_220916.pth
2026-09-09 22:09:19 - diana.utils.checkpointing - INFO - Checkpoint saved: results/search_v9_single_sample_host/cv_results/fold_1/checkpoint_epoch_59_20260909_220918.pth
2026-09-09 22:09:21 - diana.utils.checkpointing - INFO - Checkpoint saved: results/search_v9_single_sample_host/cv_results/fold_1/checkpoint_epoch_60_20260909_220920.pth
2026-09-09 22:09:21 - __main__ - INFO - Epoch 60/200, Train Loss: 0.3316, Val Loss: 0.4356
2026-09-09 22:09:23 - diana.utils.checkpointing - INFO - Checkpoint saved: results/search_v9_single_sample_host/cv_results/fold_1/checkpoint_epoch_61_20260909_220922.pth
2026-09-09 22:09:25 - diana.utils.checkpointing - INFO - Checkpoint saved: results/search_v9_single_sample_host/cv_results/fold_1/checkpoint_epoch_62_20260909_220924.pth
2026-09-09 22:09:27 - diana.utils.checkpointing - INFO - Checkpoint saved: results/search_v9_single_sample_host/cv_results/fold_1/checkpoint_epoch_63_20260909_220925.pth
2026-09-09 22:09:28 - diana.utils.checkpointing - INFO - Checkpoint saved: results/search_v9_single_sample_host/cv_results/fold_1/checkpoint_epoch_64_20260909_220927.pth
2026-09-09 22:09:30 - diana.utils.checkpointing - INFO - Checkpoint saved: results/search_v9_single_sample_host/cv_results/fold_1/checkpoint_epoch_65_20260909_220929.pth
2026-09-09 22:09:32 - diana.utils.checkpointing - INFO - Checkpoint saved: results/search_v9_single_sample_host/cv_results/fold_1/checkpoint_epoch_66_20260909_220931.pth
2026-09-09 22:09:34 - diana.utils.checkpointing - INFO - Checkpoint saved: results/search_v9_single_sample_host/cv_results/fold_1/checkpoint_epoch_67_20260909_220933.pth
2026-09-09 22:09:36 - diana.utils.checkpointing - INFO - Checkpoint saved: results/search_v9_single_sample_host/cv_results/fold_1/checkpoint_epoch_68_20260909_220935.pth
2026-09-09 22:09:38 - diana.utils.checkpointing - INFO - Checkpoint saved: results/search_v9_single_sample_host/cv_results/fold_1/checkpoint_epoch_69_20260909_220937.pth
2026-09-09 22:09:40 - diana.utils.checkpointing - INFO - Checkpoint saved: results/search_v9_single_sample_host/cv_results/fold_1/checkpoint_epoch_70_20260909_220939.pth
2026-09-09 22:09:42 - diana.utils.checkpointing - INFO - Checkpoint saved: results/search_v9_single_sample_host/cv_results/fold_1/checkpoint_epoch_71_20260909_220940.pth
2026-09-09 22:09:44 - diana.utils.checkpointing - INFO - Checkpoint saved: results/search_v9_single_sample_host/cv_results/fold_1/checkpoint_epoch_72_20260909_220942.pth
2026-09-09 22:09:45 - diana.utils.checkpointing - INFO - Checkpoint saved: results/search_v9_single_sample_host/cv_results/fold_1/checkpoint_epoch_73_20260909_220944.pth
2026-09-09 22:09:47 - diana.utils.checkpointing - INFO - Checkpoint saved: results/search_v9_single_sample_host/cv_results/fold_1/checkpoint_epoch_74_20260909_220946.pth
2026-09-09 22:09:49 - diana.utils.checkpointing - INFO - Checkpoint saved: results/search_v9_single_sample_host/cv_results/fold_1/checkpoint_epoch_75_20260909_220948.pth
2026-09-09 22:09:51 - diana.utils.checkpointing - INFO - Checkpoint saved: results/search_v9_single_sample_host/cv_results/fold_1/checkpoint_epoch_76_20260909_220950.pth
2026-09-09 22:09:53 - diana.utils.checkpointing - INFO - Checkpoint saved: results/search_v9_single_sample_host/cv_results/fold_1/checkpoint_epoch_77_20260909_220951.pth
2026-09-09 22:09:53 - __main__ - INFO - Early stopping triggered after 77 epochs (patience=20)
2026-09-09 22:09:53 - diana.utils.checkpointing - INFO - Loading checkpoint: results/search_v9_single_sample_host/cv_results/fold_1/best_model.pth
2026-09-09 22:09:53 - __main__ - INFO - Loaded best model from epoch 57 (val_loss: 0.3493)
2026-09-09 22:09:53 - __main__ - INFO - Evaluating on held-out test set...
2026-09-09 22:09:53 - __main__ - INFO - sample_host test metrics: {'n_scored': 190, 'accuracy': 0.5631578947368421, 'f1_weighted': 0.48556756216918, 'f1_macro': 0.17506079134162628, 'balanced_accuracy': 0.3296814296814297}
2026-09-09 22:09:54 - diana.utils.checkpointing - INFO - Final model saved: results/search_v9_single_sample_host/cv_results/fold_1/final_model_20260909_220953.pth
2026-09-09 22:09:54 - __main__ - INFO - Final model saved to results/search_v9_single_sample_host/cv_results/fold_1/final_model_20260909_220953.pth
2026-09-09 22:09:54 - __main__ - INFO - Results saved to results/search_v9_single_sample_host/cv_results/fold_1/multitask_fold_1_results_20260909_173047.json
2026-09-09 22:09:54 - __main__ - INFO - ================================================================================
2026-09-09 22:09:54 - __main__ - INFO - ================================================================================
2026-09-09 22:09:54 - __main__ - INFO - === FOLD COMPLETE ===
2026-09-09 22:09:54 - __main__ - INFO - ================================================================================
2026-09-09 22:09:54 - __main__ - INFO - Results: {'sample_host': {'n_scored': 190, 'accuracy': 0.5631578947368421, 'f1_weighted': 0.48556756216918, 'f1_macro': 0.17506079134162628, 'balanced_accuracy': 0.3296814296814297}}
