2026-09-09 17:29:45 - root - INFO - Logging to file: results/search_v9_single_sample_host/cv_results/fold_0/fold_0_training.log
2026-09-09 17:29:45 - __main__ - INFO - ================================================================================
2026-09-09 17:29:45 - __main__ - INFO - DIANA Multi-Task Hyperparameter Optimization
2026-09-09 17:29:45 - __main__ - INFO - ================================================================================
2026-09-09 17:29:45 - __main__ - INFO - Run config:   configs/train_config_v9_search_single_sample_host.json
2026-09-09 17:29:45 - __main__ - INFO - Features:     data/matrices/matrix_v9_train/unitigs.frac.mat
2026-09-09 17:29:45 - __main__ - INFO - Metadata:     data/splits_v9/train_metadata.tsv
2026-09-09 17:29:45 - __main__ - INFO - Output dir:   results/search_v9_single_sample_host
2026-09-09 17:29:45 - __main__ - INFO - Tasks:        ['sample_host']
2026-09-09 17:29:45 - __main__ - INFO - Task types:   {'sample_host': 'classification'}
2026-09-09 17:29:45 - __main__ - INFO - Fold:         0 / 5
2026-09-09 17:29:45 - __main__ - INFO - Trials:       100  Max epochs: 200  Patience: 20
2026-09-09 17:29:45 - __main__ - INFO - GPU:          True  Seed: 42
2026-09-09 17:29:45 - __main__ - INFO - Loading data from data/matrices/matrix_v9_train/unitigs.frac.mat
2026-09-09 17:29:45 - diana.data.loader - INFO - Loading matrix from data/matrices/matrix_v9_train/unitigs.frac.mat
2026-09-09 17:30:44 - diana.data.loader - INFO - Loaded 110202 features × 2716 samples (before transpose)
2026-09-09 17:30:44 - diana.data.loader - INFO - Transposed to 2716 samples × 110202 features
2026-09-09 17:30:44 - diana.data.loader - INFO - Reading sample IDs from data/matrices/matrix_v9_train/kmer_matrix/kmtricks.fof
2026-09-09 17:30:44 - diana.data.loader - INFO - Sample IDs: ['ERR10114844', 'ERR10114845', 'ERR10114846']...
2026-09-09 17:30:44 - diana.data.loader - INFO - Loading metadata from data/splits_v9/train_metadata.tsv
2026-09-09 17:30:44 - diana.data.loader - INFO - Metadata: 2716 rows × 15 columns
2026-09-09 17:30:44 - diana.data.loader - INFO - Metadata aligned to matrix sample order
2026-09-09 17:30:44 - __main__ - INFO - Loaded 2716 samples with 110202 features
2026-09-09 17:30:44 - __main__ - INFO - Loaded 2716 samples × 110202 features
2026-09-09 17:30:44 - __main__ - INFO - === FOLD 0/4 ===
2026-09-09 17:30:44 - __main__ - INFO - Output directory: results/search_v9_single_sample_host/cv_results/fold_0
2026-09-09 17:30:44 - __main__ - INFO - Using device: cuda
2026-09-09 17:30:44 - __main__ - INFO - Class imbalance: logit adjustment, tau SEARCHED in [0.05, 0.8]
2026-09-09 17:30:44 - __main__ - INFO - sample_host: 24 classes, 2085 labelled, 631 masked - ['Alouatta palliata', 'Ambrosia artemisiifolia', 'Arabidopsis thaliana', 'Bison priscus', 'Canis lupus']...
2026-09-09 17:30:44 - __main__ - INFO - Grouping CV folds on 'archive_project': 68 groups over 2716 runs
2026-09-09 17:30:44 - __main__ - INFO - Outer fold 0 taken from data/splits_v9/dev_folds.tsv (5 dev folds)
2026-09-09 17:30:44 - __main__ - INFO - Train: 2045, Test: 671 (outer fold verified archive_project-disjoint)
2026-09-09 17:30:44 - __main__ - INFO - 3 inner folds verified archive_project-disjoint
2026-09-09 17:30:44 - __main__ - INFO - Starting Optuna optimization with 100 trials...
2026-09-09 17:30:44 - __main__ - INFO - Each trial will be evaluated on 3 inner CV folds
2026-09-09 17:30:45 - __main__ - INFO - sample_host priors: [0, 11, 32, 16, 1, 0, 0, 20, 0, 0, 0, 825, 0, 0, 16, 0, 0, 0, 4, 5, 1, 24, 0, 23]
2026-09-09 17:31:44 - __main__ - INFO - sample_host priors: [0, 11, 32, 16, 1, 0, 0, 0, 6, 55, 34, 495, 0, 11, 0, 0, 0, 0, 0, 0, 0, 0, 0, 0]
2026-09-09 17:32:27 - __main__ - INFO - sample_host priors: [0, 0, 0, 0, 0, 0, 0, 20, 6, 55, 34, 1178, 0, 11, 16, 0, 0, 0, 4, 5, 1, 24, 0, 23]
2026-09-09 17:33:41 - __main__ - INFO - sample_host priors: [0, 11, 32, 16, 1, 0, 0, 20, 0, 0, 0, 825, 0, 0, 16, 0, 0, 0, 4, 5, 1, 24, 0, 23]
2026-09-09 17:34:47 - __main__ - INFO - sample_host priors: [0, 11, 32, 16, 1, 0, 0, 0, 6, 55, 34, 495, 0, 11, 0, 0, 0, 0, 0, 0, 0, 0, 0, 0]
2026-09-09 17:35:20 - __main__ - INFO - sample_host priors: [0, 0, 0, 0, 0, 0, 0, 20, 6, 55, 34, 1178, 0, 11, 16, 0, 0, 0, 4, 5, 1, 24, 0, 23]
2026-09-09 17:36:09 - __main__ - INFO - sample_host priors: [0, 11, 32, 16, 1, 0, 0, 20, 0, 0, 0, 825, 0, 0, 16, 0, 0, 0, 4, 5, 1, 24, 0, 23]
2026-09-09 17:36:38 - __main__ - INFO - sample_host priors: [0, 11, 32, 16, 1, 0, 0, 0, 6, 55, 34, 495, 0, 11, 0, 0, 0, 0, 0, 0, 0, 0, 0, 0]
2026-09-09 17:36:59 - __main__ - INFO - sample_host priors: [0, 0, 0, 0, 0, 0, 0, 20, 6, 55, 34, 1178, 0, 11, 16, 0, 0, 0, 4, 5, 1, 24, 0, 23]
2026-09-09 17:37:30 - __main__ - INFO - sample_host priors: [0, 11, 32, 16, 1, 0, 0, 20, 0, 0, 0, 825, 0, 0, 16, 0, 0, 0, 4, 5, 1, 24, 0, 23]
2026-09-09 17:38:10 - __main__ - INFO - sample_host priors: [0, 11, 32, 16, 1, 0, 0, 0, 6, 55, 34, 495, 0, 11, 0, 0, 0, 0, 0, 0, 0, 0, 0, 0]
2026-09-09 17:38:35 - __main__ - INFO - sample_host priors: [0, 0, 0, 0, 0, 0, 0, 20, 6, 55, 34, 1178, 0, 11, 16, 0, 0, 0, 4, 5, 1, 24, 0, 23]
2026-09-09 17:39:17 - __main__ - INFO - sample_host priors: [0, 11, 32, 16, 1, 0, 0, 20, 0, 0, 0, 825, 0, 0, 16, 0, 0, 0, 4, 5, 1, 24, 0, 23]
2026-09-09 17:39:47 - __main__ - INFO - sample_host priors: [0, 11, 32, 16, 1, 0, 0, 0, 6, 55, 34, 495, 0, 11, 0, 0, 0, 0, 0, 0, 0, 0, 0, 0]
2026-09-09 17:40:10 - __main__ - INFO - sample_host priors: [0, 0, 0, 0, 0, 0, 0, 20, 6, 55, 34, 1178, 0, 11, 16, 0, 0, 0, 4, 5, 1, 24, 0, 23]
2026-09-09 17:40:45 - __main__ - INFO - sample_host priors: [0, 11, 32, 16, 1, 0, 0, 20, 0, 0, 0, 825, 0, 0, 16, 0, 0, 0, 4, 5, 1, 24, 0, 23]
2026-09-09 17:41:24 - __main__ - INFO - sample_host priors: [0, 11, 32, 16, 1, 0, 0, 0, 6, 55, 34, 495, 0, 11, 0, 0, 0, 0, 0, 0, 0, 0, 0, 0]
2026-09-09 17:41:58 - __main__ - INFO - sample_host priors: [0, 0, 0, 0, 0, 0, 0, 20, 6, 55, 34, 1178, 0, 11, 16, 0, 0, 0, 4, 5, 1, 24, 0, 23]
2026-09-09 17:42:39 - __main__ - INFO - sample_host priors: [0, 11, 32, 16, 1, 0, 0, 20, 0, 0, 0, 825, 0, 0, 16, 0, 0, 0, 4, 5, 1, 24, 0, 23]
2026-09-09 17:43:10 - __main__ - INFO - sample_host priors: [0, 11, 32, 16, 1, 0, 0, 0, 6, 55, 34, 495, 0, 11, 0, 0, 0, 0, 0, 0, 0, 0, 0, 0]
2026-09-09 17:43:29 - __main__ - INFO - sample_host priors: [0, 0, 0, 0, 0, 0, 0, 20, 6, 55, 34, 1178, 0, 11, 16, 0, 0, 0, 4, 5, 1, 24, 0, 23]
2026-09-09 17:44:18 - __main__ - INFO - sample_host priors: [0, 11, 32, 16, 1, 0, 0, 20, 0, 0, 0, 825, 0, 0, 16, 0, 0, 0, 4, 5, 1, 24, 0, 23]
2026-09-09 17:45:19 - __main__ - INFO - sample_host priors: [0, 11, 32, 16, 1, 0, 0, 0, 6, 55, 34, 495, 0, 11, 0, 0, 0, 0, 0, 0, 0, 0, 0, 0]
2026-09-09 17:46:02 - __main__ - INFO - sample_host priors: [0, 0, 0, 0, 0, 0, 0, 20, 6, 55, 34, 1178, 0, 11, 16, 0, 0, 0, 4, 5, 1, 24, 0, 23]
2026-09-09 17:47:03 - __main__ - INFO - sample_host priors: [0, 11, 32, 16, 1, 0, 0, 20, 0, 0, 0, 825, 0, 0, 16, 0, 0, 0, 4, 5, 1, 24, 0, 23]
2026-09-09 17:47:33 - __main__ - INFO - sample_host priors: [0, 11, 32, 16, 1, 0, 0, 0, 6, 55, 34, 495, 0, 11, 0, 0, 0, 0, 0, 0, 0, 0, 0, 0]
2026-09-09 17:47:54 - __main__ - INFO - sample_host priors: [0, 0, 0, 0, 0, 0, 0, 20, 6, 55, 34, 1178, 0, 11, 16, 0, 0, 0, 4, 5, 1, 24, 0, 23]
2026-09-09 17:48:35 - __main__ - INFO - sample_host priors: [0, 11, 32, 16, 1, 0, 0, 20, 0, 0, 0, 825, 0, 0, 16, 0, 0, 0, 4, 5, 1, 24, 0, 23]
2026-09-09 17:49:08 - __main__ - INFO - sample_host priors: [0, 11, 32, 16, 1, 0, 0, 0, 6, 55, 34, 495, 0, 11, 0, 0, 0, 0, 0, 0, 0, 0, 0, 0]
2026-09-09 17:49:47 - __main__ - INFO - sample_host priors: [0, 0, 0, 0, 0, 0, 0, 20, 6, 55, 34, 1178, 0, 11, 16, 0, 0, 0, 4, 5, 1, 24, 0, 23]
2026-09-09 17:50:20 - __main__ - INFO - sample_host priors: [0, 11, 32, 16, 1, 0, 0, 20, 0, 0, 0, 825, 0, 0, 16, 0, 0, 0, 4, 5, 1, 24, 0, 23]
2026-09-09 17:50:48 - __main__ - INFO - sample_host priors: [0, 11, 32, 16, 1, 0, 0, 0, 6, 55, 34, 495, 0, 11, 0, 0, 0, 0, 0, 0, 0, 0, 0, 0]
2026-09-09 17:51:07 - __main__ - INFO - sample_host priors: [0, 0, 0, 0, 0, 0, 0, 20, 6, 55, 34, 1178, 0, 11, 16, 0, 0, 0, 4, 5, 1, 24, 0, 23]
2026-09-09 17:51:36 - __main__ - INFO - sample_host priors: [0, 11, 32, 16, 1, 0, 0, 20, 0, 0, 0, 825, 0, 0, 16, 0, 0, 0, 4, 5, 1, 24, 0, 23]
2026-09-09 17:52:03 - __main__ - INFO - sample_host priors: [0, 11, 32, 16, 1, 0, 0, 0, 6, 55, 34, 495, 0, 11, 0, 0, 0, 0, 0, 0, 0, 0, 0, 0]
2026-09-09 17:52:26 - __main__ - INFO - sample_host priors: [0, 0, 0, 0, 0, 0, 0, 20, 6, 55, 34, 1178, 0, 11, 16, 0, 0, 0, 4, 5, 1, 24, 0, 23]
2026-09-09 17:53:15 - __main__ - INFO - sample_host priors: [0, 11, 32, 16, 1, 0, 0, 20, 0, 0, 0, 825, 0, 0, 16, 0, 0, 0, 4, 5, 1, 24, 0, 23]
2026-09-09 17:53:45 - __main__ - INFO - sample_host priors: [0, 11, 32, 16, 1, 0, 0, 0, 6, 55, 34, 495, 0, 11, 0, 0, 0, 0, 0, 0, 0, 0, 0, 0]
2026-09-09 17:54:06 - __main__ - INFO - sample_host priors: [0, 0, 0, 0, 0, 0, 0, 20, 6, 55, 34, 1178, 0, 11, 16, 0, 0, 0, 4, 5, 1, 24, 0, 23]
2026-09-09 17:55:03 - __main__ - INFO - sample_host priors: [0, 11, 32, 16, 1, 0, 0, 20, 0, 0, 0, 825, 0, 0, 16, 0, 0, 0, 4, 5, 1, 24, 0, 23]
2026-09-09 17:55:28 - __main__ - INFO - sample_host priors: [0, 11, 32, 16, 1, 0, 0, 0, 6, 55, 34, 495, 0, 11, 0, 0, 0, 0, 0, 0, 0, 0, 0, 0]
2026-09-09 17:55:49 - __main__ - INFO - sample_host priors: [0, 0, 0, 0, 0, 0, 0, 20, 6, 55, 34, 1178, 0, 11, 16, 0, 0, 0, 4, 5, 1, 24, 0, 23]
2026-09-09 17:56:40 - __main__ - INFO - sample_host priors: [0, 11, 32, 16, 1, 0, 0, 20, 0, 0, 0, 825, 0, 0, 16, 0, 0, 0, 4, 5, 1, 24, 0, 23]
2026-09-09 17:57:11 - __main__ - INFO - sample_host priors: [0, 11, 32, 16, 1, 0, 0, 0, 6, 55, 34, 495, 0, 11, 0, 0, 0, 0, 0, 0, 0, 0, 0, 0]
2026-09-09 17:57:33 - __main__ - INFO - sample_host priors: [0, 0, 0, 0, 0, 0, 0, 20, 6, 55, 34, 1178, 0, 11, 16, 0, 0, 0, 4, 5, 1, 24, 0, 23]
2026-09-09 17:58:26 - __main__ - INFO - sample_host priors: [0, 11, 32, 16, 1, 0, 0, 20, 0, 0, 0, 825, 0, 0, 16, 0, 0, 0, 4, 5, 1, 24, 0, 23]
2026-09-09 17:58:53 - __main__ - INFO - sample_host priors: [0, 11, 32, 16, 1, 0, 0, 0, 6, 55, 34, 495, 0, 11, 0, 0, 0, 0, 0, 0, 0, 0, 0, 0]
2026-09-09 17:59:16 - __main__ - INFO - sample_host priors: [0, 0, 0, 0, 0, 0, 0, 20, 6, 55, 34, 1178, 0, 11, 16, 0, 0, 0, 4, 5, 1, 24, 0, 23]
2026-09-09 17:59:59 - __main__ - INFO - sample_host priors: [0, 11, 32, 16, 1, 0, 0, 20, 0, 0, 0, 825, 0, 0, 16, 0, 0, 0, 4, 5, 1, 24, 0, 23]
2026-09-09 18:00:25 - __main__ - INFO - sample_host priors: [0, 11, 32, 16, 1, 0, 0, 0, 6, 55, 34, 495, 0, 11, 0, 0, 0, 0, 0, 0, 0, 0, 0, 0]
2026-09-09 18:00:45 - __main__ - INFO - sample_host priors: [0, 0, 0, 0, 0, 0, 0, 20, 6, 55, 34, 1178, 0, 11, 16, 0, 0, 0, 4, 5, 1, 24, 0, 23]
2026-09-09 18:01:34 - __main__ - INFO - sample_host priors: [0, 11, 32, 16, 1, 0, 0, 20, 0, 0, 0, 825, 0, 0, 16, 0, 0, 0, 4, 5, 1, 24, 0, 23]
2026-09-09 18:02:01 - __main__ - INFO - sample_host priors: [0, 11, 32, 16, 1, 0, 0, 0, 6, 55, 34, 495, 0, 11, 0, 0, 0, 0, 0, 0, 0, 0, 0, 0]
2026-09-09 18:02:30 - __main__ - INFO - sample_host priors: [0, 0, 0, 0, 0, 0, 0, 20, 6, 55, 34, 1178, 0, 11, 16, 0, 0, 0, 4, 5, 1, 24, 0, 23]
2026-09-09 18:03:06 - __main__ - INFO - sample_host priors: [0, 11, 32, 16, 1, 0, 0, 20, 0, 0, 0, 825, 0, 0, 16, 0, 0, 0, 4, 5, 1, 24, 0, 23]
2026-09-09 18:03:35 - __main__ - INFO - sample_host priors: [0, 11, 32, 16, 1, 0, 0, 0, 6, 55, 34, 495, 0, 11, 0, 0, 0, 0, 0, 0, 0, 0, 0, 0]
2026-09-09 18:03:55 - __main__ - INFO - sample_host priors: [0, 0, 0, 0, 0, 0, 0, 20, 6, 55, 34, 1178, 0, 11, 16, 0, 0, 0, 4, 5, 1, 24, 0, 23]
2026-09-09 18:04:36 - __main__ - INFO - sample_host priors: [0, 11, 32, 16, 1, 0, 0, 20, 0, 0, 0, 825, 0, 0, 16, 0, 0, 0, 4, 5, 1, 24, 0, 23]
2026-09-09 18:05:01 - __main__ - INFO - sample_host priors: [0, 11, 32, 16, 1, 0, 0, 0, 6, 55, 34, 495, 0, 11, 0, 0, 0, 0, 0, 0, 0, 0, 0, 0]
2026-09-09 18:05:20 - __main__ - INFO - sample_host priors: [0, 0, 0, 0, 0, 0, 0, 20, 6, 55, 34, 1178, 0, 11, 16, 0, 0, 0, 4, 5, 1, 24, 0, 23]
2026-09-09 18:06:33 - __main__ - INFO - sample_host priors: [0, 11, 32, 16, 1, 0, 0, 20, 0, 0, 0, 825, 0, 0, 16, 0, 0, 0, 4, 5, 1, 24, 0, 23]
2026-09-09 18:06:57 - __main__ - INFO - sample_host priors: [0, 11, 32, 16, 1, 0, 0, 0, 6, 55, 34, 495, 0, 11, 0, 0, 0, 0, 0, 0, 0, 0, 0, 0]
2026-09-09 18:07:18 - __main__ - INFO - sample_host priors: [0, 0, 0, 0, 0, 0, 0, 20, 6, 55, 34, 1178, 0, 11, 16, 0, 0, 0, 4, 5, 1, 24, 0, 23]
2026-09-09 18:07:56 - __main__ - INFO - sample_host priors: [0, 11, 32, 16, 1, 0, 0, 20, 0, 0, 0, 825, 0, 0, 16, 0, 0, 0, 4, 5, 1, 24, 0, 23]
2026-09-09 18:08:19 - __main__ - INFO - sample_host priors: [0, 11, 32, 16, 1, 0, 0, 0, 6, 55, 34, 495, 0, 11, 0, 0, 0, 0, 0, 0, 0, 0, 0, 0]
2026-09-09 18:08:37 - __main__ - INFO - sample_host priors: [0, 0, 0, 0, 0, 0, 0, 20, 6, 55, 34, 1178, 0, 11, 16, 0, 0, 0, 4, 5, 1, 24, 0, 23]
2026-09-09 18:09:22 - __main__ - INFO - sample_host priors: [0, 11, 32, 16, 1, 0, 0, 20, 0, 0, 0, 825, 0, 0, 16, 0, 0, 0, 4, 5, 1, 24, 0, 23]
2026-09-09 18:09:49 - __main__ - INFO - sample_host priors: [0, 11, 32, 16, 1, 0, 0, 0, 6, 55, 34, 495, 0, 11, 0, 0, 0, 0, 0, 0, 0, 0, 0, 0]
2026-09-09 18:10:06 - __main__ - INFO - sample_host priors: [0, 0, 0, 0, 0, 0, 0, 20, 6, 55, 34, 1178, 0, 11, 16, 0, 0, 0, 4, 5, 1, 24, 0, 23]
2026-09-09 18:10:53 - __main__ - INFO - sample_host priors: [0, 11, 32, 16, 1, 0, 0, 20, 0, 0, 0, 825, 0, 0, 16, 0, 0, 0, 4, 5, 1, 24, 0, 23]
2026-09-09 18:11:20 - __main__ - INFO - sample_host priors: [0, 11, 32, 16, 1, 0, 0, 0, 6, 55, 34, 495, 0, 11, 0, 0, 0, 0, 0, 0, 0, 0, 0, 0]
2026-09-09 18:11:40 - __main__ - INFO - sample_host priors: [0, 0, 0, 0, 0, 0, 0, 20, 6, 55, 34, 1178, 0, 11, 16, 0, 0, 0, 4, 5, 1, 24, 0, 23]
2026-09-09 18:12:10 - __main__ - INFO - sample_host priors: [0, 11, 32, 16, 1, 0, 0, 20, 0, 0, 0, 825, 0, 0, 16, 0, 0, 0, 4, 5, 1, 24, 0, 23]
2026-09-09 18:12:28 - __main__ - INFO - sample_host priors: [0, 11, 32, 16, 1, 0, 0, 0, 6, 55, 34, 495, 0, 11, 0, 0, 0, 0, 0, 0, 0, 0, 0, 0]
2026-09-09 18:12:42 - __main__ - INFO - sample_host priors: [0, 0, 0, 0, 0, 0, 0, 20, 6, 55, 34, 1178, 0, 11, 16, 0, 0, 0, 4, 5, 1, 24, 0, 23]
2026-09-09 18:13:19 - __main__ - INFO - sample_host priors: [0, 11, 32, 16, 1, 0, 0, 20, 0, 0, 0, 825, 0, 0, 16, 0, 0, 0, 4, 5, 1, 24, 0, 23]
2026-09-09 18:14:06 - __main__ - INFO - sample_host priors: [0, 11, 32, 16, 1, 0, 0, 0, 6, 55, 34, 495, 0, 11, 0, 0, 0, 0, 0, 0, 0, 0, 0, 0]
2026-09-09 18:14:23 - __main__ - INFO - sample_host priors: [0, 0, 0, 0, 0, 0, 0, 20, 6, 55, 34, 1178, 0, 11, 16, 0, 0, 0, 4, 5, 1, 24, 0, 23]
2026-09-09 18:15:13 - __main__ - INFO - sample_host priors: [0, 11, 32, 16, 1, 0, 0, 20, 0, 0, 0, 825, 0, 0, 16, 0, 0, 0, 4, 5, 1, 24, 0, 23]
2026-09-09 18:15:44 - __main__ - INFO - sample_host priors: [0, 11, 32, 16, 1, 0, 0, 0, 6, 55, 34, 495, 0, 11, 0, 0, 0, 0, 0, 0, 0, 0, 0, 0]
2026-09-09 18:16:07 - __main__ - INFO - sample_host priors: [0, 0, 0, 0, 0, 0, 0, 20, 6, 55, 34, 1178, 0, 11, 16, 0, 0, 0, 4, 5, 1, 24, 0, 23]
2026-09-09 18:17:13 - __main__ - INFO - sample_host priors: [0, 11, 32, 16, 1, 0, 0, 20, 0, 0, 0, 825, 0, 0, 16, 0, 0, 0, 4, 5, 1, 24, 0, 23]
2026-09-09 18:18:00 - __main__ - INFO - sample_host priors: [0, 11, 32, 16, 1, 0, 0, 0, 6, 55, 34, 495, 0, 11, 0, 0, 0, 0, 0, 0, 0, 0, 0, 0]
2026-09-09 18:18:34 - __main__ - INFO - sample_host priors: [0, 0, 0, 0, 0, 0, 0, 20, 6, 55, 34, 1178, 0, 11, 16, 0, 0, 0, 4, 5, 1, 24, 0, 23]
2026-09-09 18:19:17 - __main__ - INFO - sample_host priors: [0, 11, 32, 16, 1, 0, 0, 20, 0, 0, 0, 825, 0, 0, 16, 0, 0, 0, 4, 5, 1, 24, 0, 23]
2026-09-09 18:19:48 - __main__ - INFO - sample_host priors: [0, 11, 32, 16, 1, 0, 0, 0, 6, 55, 34, 495, 0, 11, 0, 0, 0, 0, 0, 0, 0, 0, 0, 0]
2026-09-09 18:20:06 - __main__ - INFO - sample_host priors: [0, 0, 0, 0, 0, 0, 0, 20, 6, 55, 34, 1178, 0, 11, 16, 0, 0, 0, 4, 5, 1, 24, 0, 23]
2026-09-09 18:20:40 - __main__ - INFO - sample_host priors: [0, 11, 32, 16, 1, 0, 0, 20, 0, 0, 0, 825, 0, 0, 16, 0, 0, 0, 4, 5, 1, 24, 0, 23]
2026-09-09 18:21:23 - __main__ - INFO - sample_host priors: [0, 11, 32, 16, 1, 0, 0, 0, 6, 55, 34, 495, 0, 11, 0, 0, 0, 0, 0, 0, 0, 0, 0, 0]
2026-09-09 18:21:59 - __main__ - INFO - sample_host priors: [0, 0, 0, 0, 0, 0, 0, 20, 6, 55, 34, 1178, 0, 11, 16, 0, 0, 0, 4, 5, 1, 24, 0, 23]
2026-09-09 18:22:55 - __main__ - INFO - sample_host priors: [0, 11, 32, 16, 1, 0, 0, 20, 0, 0, 0, 825, 0, 0, 16, 0, 0, 0, 4, 5, 1, 24, 0, 23]
2026-09-09 18:23:31 - __main__ - INFO - sample_host priors: [0, 11, 32, 16, 1, 0, 0, 0, 6, 55, 34, 495, 0, 11, 0, 0, 0, 0, 0, 0, 0, 0, 0, 0]
2026-09-09 18:23:52 - __main__ - INFO - sample_host priors: [0, 0, 0, 0, 0, 0, 0, 20, 6, 55, 34, 1178, 0, 11, 16, 0, 0, 0, 4, 5, 1, 24, 0, 23]
2026-09-09 18:24:23 - __main__ - INFO - sample_host priors: [0, 11, 32, 16, 1, 0, 0, 20, 0, 0, 0, 825, 0, 0, 16, 0, 0, 0, 4, 5, 1, 24, 0, 23]
2026-09-09 18:24:52 - __main__ - INFO - sample_host priors: [0, 11, 32, 16, 1, 0, 0, 0, 6, 55, 34, 495, 0, 11, 0, 0, 0, 0, 0, 0, 0, 0, 0, 0]
2026-09-09 18:25:11 - __main__ - INFO - sample_host priors: [0, 0, 0, 0, 0, 0, 0, 20, 6, 55, 34, 1178, 0, 11, 16, 0, 0, 0, 4, 5, 1, 24, 0, 23]
2026-09-09 18:26:00 - __main__ - INFO - sample_host priors: [0, 11, 32, 16, 1, 0, 0, 20, 0, 0, 0, 825, 0, 0, 16, 0, 0, 0, 4, 5, 1, 24, 0, 23]
2026-09-09 18:26:28 - __main__ - INFO - sample_host priors: [0, 11, 32, 16, 1, 0, 0, 0, 6, 55, 34, 495, 0, 11, 0, 0, 0, 0, 0, 0, 0, 0, 0, 0]
2026-09-09 18:26:50 - __main__ - INFO - sample_host priors: [0, 0, 0, 0, 0, 0, 0, 20, 6, 55, 34, 1178, 0, 11, 16, 0, 0, 0, 4, 5, 1, 24, 0, 23]
2026-09-09 18:27:58 - __main__ - INFO - sample_host priors: [0, 11, 32, 16, 1, 0, 0, 20, 0, 0, 0, 825, 0, 0, 16, 0, 0, 0, 4, 5, 1, 24, 0, 23]
2026-09-09 18:28:28 - __main__ - INFO - sample_host priors: [0, 11, 32, 16, 1, 0, 0, 0, 6, 55, 34, 495, 0, 11, 0, 0, 0, 0, 0, 0, 0, 0, 0, 0]
2026-09-09 18:28:48 - __main__ - INFO - sample_host priors: [0, 0, 0, 0, 0, 0, 0, 20, 6, 55, 34, 1178, 0, 11, 16, 0, 0, 0, 4, 5, 1, 24, 0, 23]
2026-09-09 18:29:58 - __main__ - INFO - sample_host priors: [0, 11, 32, 16, 1, 0, 0, 20, 0, 0, 0, 825, 0, 0, 16, 0, 0, 0, 4, 5, 1, 24, 0, 23]
2026-09-09 18:30:37 - __main__ - INFO - sample_host priors: [0, 11, 32, 16, 1, 0, 0, 0, 6, 55, 34, 495, 0, 11, 0, 0, 0, 0, 0, 0, 0, 0, 0, 0]
2026-09-09 18:31:05 - __main__ - INFO - sample_host priors: [0, 0, 0, 0, 0, 0, 0, 20, 6, 55, 34, 1178, 0, 11, 16, 0, 0, 0, 4, 5, 1, 24, 0, 23]
2026-09-09 18:32:17 - __main__ - INFO - sample_host priors: [0, 11, 32, 16, 1, 0, 0, 20, 0, 0, 0, 825, 0, 0, 16, 0, 0, 0, 4, 5, 1, 24, 0, 23]
2026-09-09 18:32:51 - __main__ - INFO - sample_host priors: [0, 11, 32, 16, 1, 0, 0, 0, 6, 55, 34, 495, 0, 11, 0, 0, 0, 0, 0, 0, 0, 0, 0, 0]
2026-09-09 18:33:17 - __main__ - INFO - sample_host priors: [0, 0, 0, 0, 0, 0, 0, 20, 6, 55, 34, 1178, 0, 11, 16, 0, 0, 0, 4, 5, 1, 24, 0, 23]
2026-09-09 18:34:00 - __main__ - INFO - sample_host priors: [0, 11, 32, 16, 1, 0, 0, 20, 0, 0, 0, 825, 0, 0, 16, 0, 0, 0, 4, 5, 1, 24, 0, 23]
2026-09-09 18:34:57 - __main__ - INFO - sample_host priors: [0, 11, 32, 16, 1, 0, 0, 0, 6, 55, 34, 495, 0, 11, 0, 0, 0, 0, 0, 0, 0, 0, 0, 0]
2026-09-09 18:35:50 - __main__ - INFO - sample_host priors: [0, 0, 0, 0, 0, 0, 0, 20, 6, 55, 34, 1178, 0, 11, 16, 0, 0, 0, 4, 5, 1, 24, 0, 23]
2026-09-09 18:37:05 - __main__ - INFO - sample_host priors: [0, 11, 32, 16, 1, 0, 0, 20, 0, 0, 0, 825, 0, 0, 16, 0, 0, 0, 4, 5, 1, 24, 0, 23]
2026-09-09 18:37:34 - __main__ - INFO - sample_host priors: [0, 11, 32, 16, 1, 0, 0, 0, 6, 55, 34, 495, 0, 11, 0, 0, 0, 0, 0, 0, 0, 0, 0, 0]
2026-09-09 18:37:54 - __main__ - INFO - sample_host priors: [0, 0, 0, 0, 0, 0, 0, 20, 6, 55, 34, 1178, 0, 11, 16, 0, 0, 0, 4, 5, 1, 24, 0, 23]
2026-09-09 18:38:44 - __main__ - INFO - sample_host priors: [0, 11, 32, 16, 1, 0, 0, 20, 0, 0, 0, 825, 0, 0, 16, 0, 0, 0, 4, 5, 1, 24, 0, 23]
2026-09-09 18:39:17 - __main__ - INFO - sample_host priors: [0, 11, 32, 16, 1, 0, 0, 0, 6, 55, 34, 495, 0, 11, 0, 0, 0, 0, 0, 0, 0, 0, 0, 0]
2026-09-09 18:39:43 - __main__ - INFO - sample_host priors: [0, 0, 0, 0, 0, 0, 0, 20, 6, 55, 34, 1178, 0, 11, 16, 0, 0, 0, 4, 5, 1, 24, 0, 23]
2026-09-09 18:40:22 - __main__ - INFO - sample_host priors: [0, 11, 32, 16, 1, 0, 0, 20, 0, 0, 0, 825, 0, 0, 16, 0, 0, 0, 4, 5, 1, 24, 0, 23]
2026-09-09 18:41:07 - __main__ - INFO - sample_host priors: [0, 11, 32, 16, 1, 0, 0, 0, 6, 55, 34, 495, 0, 11, 0, 0, 0, 0, 0, 0, 0, 0, 0, 0]
2026-09-09 18:41:46 - __main__ - INFO - sample_host priors: [0, 0, 0, 0, 0, 0, 0, 20, 6, 55, 34, 1178, 0, 11, 16, 0, 0, 0, 4, 5, 1, 24, 0, 23]
2026-09-09 18:42:54 - __main__ - INFO - sample_host priors: [0, 11, 32, 16, 1, 0, 0, 20, 0, 0, 0, 825, 0, 0, 16, 0, 0, 0, 4, 5, 1, 24, 0, 23]
2026-09-09 18:43:24 - __main__ - INFO - sample_host priors: [0, 11, 32, 16, 1, 0, 0, 0, 6, 55, 34, 495, 0, 11, 0, 0, 0, 0, 0, 0, 0, 0, 0, 0]
2026-09-09 18:43:47 - __main__ - INFO - sample_host priors: [0, 0, 0, 0, 0, 0, 0, 20, 6, 55, 34, 1178, 0, 11, 16, 0, 0, 0, 4, 5, 1, 24, 0, 23]
2026-09-09 18:44:21 - __main__ - INFO - sample_host priors: [0, 11, 32, 16, 1, 0, 0, 20, 0, 0, 0, 825, 0, 0, 16, 0, 0, 0, 4, 5, 1, 24, 0, 23]
2026-09-09 18:44:52 - __main__ - INFO - sample_host priors: [0, 11, 32, 16, 1, 0, 0, 0, 6, 55, 34, 495, 0, 11, 0, 0, 0, 0, 0, 0, 0, 0, 0, 0]
2026-09-09 18:45:15 - __main__ - INFO - sample_host priors: [0, 0, 0, 0, 0, 0, 0, 20, 6, 55, 34, 1178, 0, 11, 16, 0, 0, 0, 4, 5, 1, 24, 0, 23]
2026-09-09 18:46:14 - __main__ - INFO - sample_host priors: [0, 11, 32, 16, 1, 0, 0, 20, 0, 0, 0, 825, 0, 0, 16, 0, 0, 0, 4, 5, 1, 24, 0, 23]
2026-09-09 18:46:49 - __main__ - INFO - sample_host priors: [0, 11, 32, 16, 1, 0, 0, 0, 6, 55, 34, 495, 0, 11, 0, 0, 0, 0, 0, 0, 0, 0, 0, 0]
2026-09-09 18:47:15 - __main__ - INFO - sample_host priors: [0, 0, 0, 0, 0, 0, 0, 20, 6, 55, 34, 1178, 0, 11, 16, 0, 0, 0, 4, 5, 1, 24, 0, 23]
2026-09-09 18:48:09 - __main__ - INFO - sample_host priors: [0, 11, 32, 16, 1, 0, 0, 20, 0, 0, 0, 825, 0, 0, 16, 0, 0, 0, 4, 5, 1, 24, 0, 23]
2026-09-09 18:48:37 - __main__ - INFO - sample_host priors: [0, 11, 32, 16, 1, 0, 0, 0, 6, 55, 34, 495, 0, 11, 0, 0, 0, 0, 0, 0, 0, 0, 0, 0]
2026-09-09 18:48:59 - __main__ - INFO - sample_host priors: [0, 0, 0, 0, 0, 0, 0, 20, 6, 55, 34, 1178, 0, 11, 16, 0, 0, 0, 4, 5, 1, 24, 0, 23]
2026-09-09 18:49:47 - __main__ - INFO - sample_host priors: [0, 11, 32, 16, 1, 0, 0, 20, 0, 0, 0, 825, 0, 0, 16, 0, 0, 0, 4, 5, 1, 24, 0, 23]
2026-09-09 18:50:20 - __main__ - INFO - sample_host priors: [0, 11, 32, 16, 1, 0, 0, 0, 6, 55, 34, 495, 0, 11, 0, 0, 0, 0, 0, 0, 0, 0, 0, 0]
2026-09-09 18:50:42 - __main__ - INFO - sample_host priors: [0, 0, 0, 0, 0, 0, 0, 20, 6, 55, 34, 1178, 0, 11, 16, 0, 0, 0, 4, 5, 1, 24, 0, 23]
2026-09-09 18:51:16 - __main__ - INFO - sample_host priors: [0, 11, 32, 16, 1, 0, 0, 20, 0, 0, 0, 825, 0, 0, 16, 0, 0, 0, 4, 5, 1, 24, 0, 23]
2026-09-09 18:52:06 - __main__ - INFO - sample_host priors: [0, 11, 32, 16, 1, 0, 0, 0, 6, 55, 34, 495, 0, 11, 0, 0, 0, 0, 0, 0, 0, 0, 0, 0]
2026-09-09 18:52:27 - __main__ - INFO - sample_host priors: [0, 0, 0, 0, 0, 0, 0, 20, 6, 55, 34, 1178, 0, 11, 16, 0, 0, 0, 4, 5, 1, 24, 0, 23]
2026-09-09 18:53:06 - __main__ - INFO - sample_host priors: [0, 11, 32, 16, 1, 0, 0, 20, 0, 0, 0, 825, 0, 0, 16, 0, 0, 0, 4, 5, 1, 24, 0, 23]
2026-09-09 18:53:36 - __main__ - INFO - sample_host priors: [0, 11, 32, 16, 1, 0, 0, 0, 6, 55, 34, 495, 0, 11, 0, 0, 0, 0, 0, 0, 0, 0, 0, 0]
2026-09-09 18:53:57 - __main__ - INFO - sample_host priors: [0, 0, 0, 0, 0, 0, 0, 20, 6, 55, 34, 1178, 0, 11, 16, 0, 0, 0, 4, 5, 1, 24, 0, 23]
2026-09-09 18:54:38 - __main__ - INFO - sample_host priors: [0, 11, 32, 16, 1, 0, 0, 20, 0, 0, 0, 825, 0, 0, 16, 0, 0, 0, 4, 5, 1, 24, 0, 23]
2026-09-09 18:55:03 - __main__ - INFO - sample_host priors: [0, 11, 32, 16, 1, 0, 0, 0, 6, 55, 34, 495, 0, 11, 0, 0, 0, 0, 0, 0, 0, 0, 0, 0]
2026-09-09 18:55:24 - __main__ - INFO - sample_host priors: [0, 0, 0, 0, 0, 0, 0, 20, 6, 55, 34, 1178, 0, 11, 16, 0, 0, 0, 4, 5, 1, 24, 0, 23]
2026-09-09 18:55:55 - __main__ - INFO - sample_host priors: [0, 11, 32, 16, 1, 0, 0, 20, 0, 0, 0, 825, 0, 0, 16, 0, 0, 0, 4, 5, 1, 24, 0, 23]
2026-09-09 18:56:25 - __main__ - INFO - sample_host priors: [0, 11, 32, 16, 1, 0, 0, 0, 6, 55, 34, 495, 0, 11, 0, 0, 0, 0, 0, 0, 0, 0, 0, 0]
2026-09-09 18:56:50 - __main__ - INFO - sample_host priors: [0, 0, 0, 0, 0, 0, 0, 20, 6, 55, 34, 1178, 0, 11, 16, 0, 0, 0, 4, 5, 1, 24, 0, 23]
2026-09-09 18:57:28 - __main__ - INFO - sample_host priors: [0, 11, 32, 16, 1, 0, 0, 20, 0, 0, 0, 825, 0, 0, 16, 0, 0, 0, 4, 5, 1, 24, 0, 23]
2026-09-09 18:57:56 - __main__ - INFO - sample_host priors: [0, 11, 32, 16, 1, 0, 0, 0, 6, 55, 34, 495, 0, 11, 0, 0, 0, 0, 0, 0, 0, 0, 0, 0]
2026-09-09 18:58:19 - __main__ - INFO - sample_host priors: [0, 0, 0, 0, 0, 0, 0, 20, 6, 55, 34, 1178, 0, 11, 16, 0, 0, 0, 4, 5, 1, 24, 0, 23]
2026-09-09 18:58:50 - __main__ - INFO - sample_host priors: [0, 11, 32, 16, 1, 0, 0, 20, 0, 0, 0, 825, 0, 0, 16, 0, 0, 0, 4, 5, 1, 24, 0, 23]
2026-09-09 18:59:42 - __main__ - INFO - sample_host priors: [0, 11, 32, 16, 1, 0, 0, 0, 6, 55, 34, 495, 0, 11, 0, 0, 0, 0, 0, 0, 0, 0, 0, 0]
2026-09-09 19:00:23 - __main__ - INFO - sample_host priors: [0, 0, 0, 0, 0, 0, 0, 20, 6, 55, 34, 1178, 0, 11, 16, 0, 0, 0, 4, 5, 1, 24, 0, 23]
2026-09-09 19:01:44 - __main__ - INFO - sample_host priors: [0, 11, 32, 16, 1, 0, 0, 20, 0, 0, 0, 825, 0, 0, 16, 0, 0, 0, 4, 5, 1, 24, 0, 23]
2026-09-09 19:02:15 - __main__ - INFO - sample_host priors: [0, 11, 32, 16, 1, 0, 0, 0, 6, 55, 34, 495, 0, 11, 0, 0, 0, 0, 0, 0, 0, 0, 0, 0]
2026-09-09 19:02:38 - __main__ - INFO - sample_host priors: [0, 0, 0, 0, 0, 0, 0, 20, 6, 55, 34, 1178, 0, 11, 16, 0, 0, 0, 4, 5, 1, 24, 0, 23]
2026-09-09 19:03:31 - __main__ - INFO - sample_host priors: [0, 11, 32, 16, 1, 0, 0, 20, 0, 0, 0, 825, 0, 0, 16, 0, 0, 0, 4, 5, 1, 24, 0, 23]
2026-09-09 19:04:04 - __main__ - INFO - sample_host priors: [0, 11, 32, 16, 1, 0, 0, 0, 6, 55, 34, 495, 0, 11, 0, 0, 0, 0, 0, 0, 0, 0, 0, 0]
2026-09-09 19:04:30 - __main__ - INFO - sample_host priors: [0, 0, 0, 0, 0, 0, 0, 20, 6, 55, 34, 1178, 0, 11, 16, 0, 0, 0, 4, 5, 1, 24, 0, 23]
2026-09-09 19:05:08 - __main__ - INFO - sample_host priors: [0, 11, 32, 16, 1, 0, 0, 20, 0, 0, 0, 825, 0, 0, 16, 0, 0, 0, 4, 5, 1, 24, 0, 23]
2026-09-09 19:05:40 - __main__ - INFO - sample_host priors: [0, 11, 32, 16, 1, 0, 0, 0, 6, 55, 34, 495, 0, 11, 0, 0, 0, 0, 0, 0, 0, 0, 0, 0]
2026-09-09 19:06:05 - __main__ - INFO - sample_host priors: [0, 0, 0, 0, 0, 0, 0, 20, 6, 55, 34, 1178, 0, 11, 16, 0, 0, 0, 4, 5, 1, 24, 0, 23]
2026-09-09 19:06:57 - __main__ - INFO - sample_host priors: [0, 11, 32, 16, 1, 0, 0, 20, 0, 0, 0, 825, 0, 0, 16, 0, 0, 0, 4, 5, 1, 24, 0, 23]
2026-09-09 19:07:28 - __main__ - INFO - sample_host priors: [0, 11, 32, 16, 1, 0, 0, 0, 6, 55, 34, 495, 0, 11, 0, 0, 0, 0, 0, 0, 0, 0, 0, 0]
2026-09-09 19:07:51 - __main__ - INFO - sample_host priors: [0, 0, 0, 0, 0, 0, 0, 20, 6, 55, 34, 1178, 0, 11, 16, 0, 0, 0, 4, 5, 1, 24, 0, 23]
2026-09-09 19:08:34 - __main__ - INFO - sample_host priors: [0, 11, 32, 16, 1, 0, 0, 20, 0, 0, 0, 825, 0, 0, 16, 0, 0, 0, 4, 5, 1, 24, 0, 23]
2026-09-09 19:09:06 - __main__ - INFO - sample_host priors: [0, 11, 32, 16, 1, 0, 0, 0, 6, 55, 34, 495, 0, 11, 0, 0, 0, 0, 0, 0, 0, 0, 0, 0]
2026-09-09 19:09:31 - __main__ - INFO - sample_host priors: [0, 0, 0, 0, 0, 0, 0, 20, 6, 55, 34, 1178, 0, 11, 16, 0, 0, 0, 4, 5, 1, 24, 0, 23]
2026-09-09 19:10:16 - __main__ - INFO - sample_host priors: [0, 11, 32, 16, 1, 0, 0, 20, 0, 0, 0, 825, 0, 0, 16, 0, 0, 0, 4, 5, 1, 24, 0, 23]
2026-09-09 19:10:43 - __main__ - INFO - sample_host priors: [0, 11, 32, 16, 1, 0, 0, 0, 6, 55, 34, 495, 0, 11, 0, 0, 0, 0, 0, 0, 0, 0, 0, 0]
2026-09-09 19:11:03 - __main__ - INFO - sample_host priors: [0, 0, 0, 0, 0, 0, 0, 20, 6, 55, 34, 1178, 0, 11, 16, 0, 0, 0, 4, 5, 1, 24, 0, 23]
2026-09-09 19:11:39 - __main__ - INFO - sample_host priors: [0, 11, 32, 16, 1, 0, 0, 20, 0, 0, 0, 825, 0, 0, 16, 0, 0, 0, 4, 5, 1, 24, 0, 23]
2026-09-09 19:12:02 - __main__ - INFO - sample_host priors: [0, 11, 32, 16, 1, 0, 0, 0, 6, 55, 34, 495, 0, 11, 0, 0, 0, 0, 0, 0, 0, 0, 0, 0]
2026-09-09 19:12:18 - __main__ - INFO - sample_host priors: [0, 0, 0, 0, 0, 0, 0, 20, 6, 55, 34, 1178, 0, 11, 16, 0, 0, 0, 4, 5, 1, 24, 0, 23]
2026-09-09 19:13:02 - __main__ - INFO - sample_host priors: [0, 11, 32, 16, 1, 0, 0, 20, 0, 0, 0, 825, 0, 0, 16, 0, 0, 0, 4, 5, 1, 24, 0, 23]
2026-09-09 19:13:25 - __main__ - INFO - sample_host priors: [0, 11, 32, 16, 1, 0, 0, 0, 6, 55, 34, 495, 0, 11, 0, 0, 0, 0, 0, 0, 0, 0, 0, 0]
2026-09-09 19:13:46 - __main__ - INFO - sample_host priors: [0, 0, 0, 0, 0, 0, 0, 20, 6, 55, 34, 1178, 0, 11, 16, 0, 0, 0, 4, 5, 1, 24, 0, 23]
2026-09-09 19:14:17 - __main__ - INFO - sample_host priors: [0, 11, 32, 16, 1, 0, 0, 20, 0, 0, 0, 825, 0, 0, 16, 0, 0, 0, 4, 5, 1, 24, 0, 23]
2026-09-09 19:14:41 - __main__ - INFO - sample_host priors: [0, 11, 32, 16, 1, 0, 0, 0, 6, 55, 34, 495, 0, 11, 0, 0, 0, 0, 0, 0, 0, 0, 0, 0]
2026-09-09 19:14:58 - __main__ - INFO - sample_host priors: [0, 0, 0, 0, 0, 0, 0, 20, 6, 55, 34, 1178, 0, 11, 16, 0, 0, 0, 4, 5, 1, 24, 0, 23]
2026-09-09 19:15:31 - __main__ - INFO - sample_host priors: [0, 11, 32, 16, 1, 0, 0, 20, 0, 0, 0, 825, 0, 0, 16, 0, 0, 0, 4, 5, 1, 24, 0, 23]
2026-09-09 19:15:54 - __main__ - INFO - sample_host priors: [0, 11, 32, 16, 1, 0, 0, 0, 6, 55, 34, 495, 0, 11, 0, 0, 0, 0, 0, 0, 0, 0, 0, 0]
2026-09-09 19:16:12 - __main__ - INFO - sample_host priors: [0, 0, 0, 0, 0, 0, 0, 20, 6, 55, 34, 1178, 0, 11, 16, 0, 0, 0, 4, 5, 1, 24, 0, 23]
2026-09-09 19:17:03 - __main__ - INFO - sample_host priors: [0, 11, 32, 16, 1, 0, 0, 20, 0, 0, 0, 825, 0, 0, 16, 0, 0, 0, 4, 5, 1, 24, 0, 23]
2026-09-09 19:17:33 - __main__ - INFO - sample_host priors: [0, 11, 32, 16, 1, 0, 0, 0, 6, 55, 34, 495, 0, 11, 0, 0, 0, 0, 0, 0, 0, 0, 0, 0]
2026-09-09 19:17:55 - __main__ - INFO - sample_host priors: [0, 0, 0, 0, 0, 0, 0, 20, 6, 55, 34, 1178, 0, 11, 16, 0, 0, 0, 4, 5, 1, 24, 0, 23]
2026-09-09 19:18:43 - __main__ - INFO - sample_host priors: [0, 11, 32, 16, 1, 0, 0, 20, 0, 0, 0, 825, 0, 0, 16, 0, 0, 0, 4, 5, 1, 24, 0, 23]
2026-09-09 19:19:11 - __main__ - INFO - sample_host priors: [0, 11, 32, 16, 1, 0, 0, 0, 6, 55, 34, 495, 0, 11, 0, 0, 0, 0, 0, 0, 0, 0, 0, 0]
2026-09-09 19:19:32 - __main__ - INFO - sample_host priors: [0, 0, 0, 0, 0, 0, 0, 20, 6, 55, 34, 1178, 0, 11, 16, 0, 0, 0, 4, 5, 1, 24, 0, 23]
2026-09-09 19:20:17 - __main__ - INFO - sample_host priors: [0, 11, 32, 16, 1, 0, 0, 20, 0, 0, 0, 825, 0, 0, 16, 0, 0, 0, 4, 5, 1, 24, 0, 23]
2026-09-09 19:20:47 - __main__ - INFO - sample_host priors: [0, 11, 32, 16, 1, 0, 0, 0, 6, 55, 34, 495, 0, 11, 0, 0, 0, 0, 0, 0, 0, 0, 0, 0]
2026-09-09 19:21:13 - __main__ - INFO - sample_host priors: [0, 0, 0, 0, 0, 0, 0, 20, 6, 55, 34, 1178, 0, 11, 16, 0, 0, 0, 4, 5, 1, 24, 0, 23]
2026-09-09 19:22:13 - __main__ - INFO - sample_host priors: [0, 11, 32, 16, 1, 0, 0, 20, 0, 0, 0, 825, 0, 0, 16, 0, 0, 0, 4, 5, 1, 24, 0, 23]
2026-09-09 19:22:47 - __main__ - INFO - sample_host priors: [0, 11, 32, 16, 1, 0, 0, 0, 6, 55, 34, 495, 0, 11, 0, 0, 0, 0, 0, 0, 0, 0, 0, 0]
2026-09-09 19:23:11 - __main__ - INFO - sample_host priors: [0, 0, 0, 0, 0, 0, 0, 20, 6, 55, 34, 1178, 0, 11, 16, 0, 0, 0, 4, 5, 1, 24, 0, 23]
2026-09-09 19:23:46 - __main__ - INFO - sample_host priors: [0, 11, 32, 16, 1, 0, 0, 20, 0, 0, 0, 825, 0, 0, 16, 0, 0, 0, 4, 5, 1, 24, 0, 23]
2026-09-09 19:24:10 - __main__ - INFO - sample_host priors: [0, 11, 32, 16, 1, 0, 0, 0, 6, 55, 34, 495, 0, 11, 0, 0, 0, 0, 0, 0, 0, 0, 0, 0]
2026-09-09 19:24:28 - __main__ - INFO - sample_host priors: [0, 0, 0, 0, 0, 0, 0, 20, 6, 55, 34, 1178, 0, 11, 16, 0, 0, 0, 4, 5, 1, 24, 0, 23]
2026-09-09 19:25:11 - __main__ - INFO - sample_host priors: [0, 11, 32, 16, 1, 0, 0, 20, 0, 0, 0, 825, 0, 0, 16, 0, 0, 0, 4, 5, 1, 24, 0, 23]
2026-09-09 19:25:33 - __main__ - INFO - sample_host priors: [0, 11, 32, 16, 1, 0, 0, 0, 6, 55, 34, 495, 0, 11, 0, 0, 0, 0, 0, 0, 0, 0, 0, 0]
2026-09-09 19:25:49 - __main__ - INFO - sample_host priors: [0, 0, 0, 0, 0, 0, 0, 20, 6, 55, 34, 1178, 0, 11, 16, 0, 0, 0, 4, 5, 1, 24, 0, 23]
2026-09-09 19:26:13 - __main__ - INFO - sample_host priors: [0, 11, 32, 16, 1, 0, 0, 20, 0, 0, 0, 825, 0, 0, 16, 0, 0, 0, 4, 5, 1, 24, 0, 23]
2026-09-09 19:26:37 - __main__ - INFO - sample_host priors: [0, 11, 32, 16, 1, 0, 0, 0, 6, 55, 34, 495, 0, 11, 0, 0, 0, 0, 0, 0, 0, 0, 0, 0]
2026-09-09 19:26:57 - __main__ - INFO - sample_host priors: [0, 0, 0, 0, 0, 0, 0, 20, 6, 55, 34, 1178, 0, 11, 16, 0, 0, 0, 4, 5, 1, 24, 0, 23]
2026-09-09 19:27:21 - __main__ - INFO - sample_host priors: [0, 11, 32, 16, 1, 0, 0, 20, 0, 0, 0, 825, 0, 0, 16, 0, 0, 0, 4, 5, 1, 24, 0, 23]
2026-09-09 19:27:46 - __main__ - INFO - sample_host priors: [0, 11, 32, 16, 1, 0, 0, 0, 6, 55, 34, 495, 0, 11, 0, 0, 0, 0, 0, 0, 0, 0, 0, 0]
2026-09-09 19:28:01 - __main__ - INFO - sample_host priors: [0, 0, 0, 0, 0, 0, 0, 20, 6, 55, 34, 1178, 0, 11, 16, 0, 0, 0, 4, 5, 1, 24, 0, 23]
2026-09-09 19:28:33 - __main__ - INFO - sample_host priors: [0, 11, 32, 16, 1, 0, 0, 20, 0, 0, 0, 825, 0, 0, 16, 0, 0, 0, 4, 5, 1, 24, 0, 23]
2026-09-09 19:28:51 - __main__ - INFO - sample_host priors: [0, 11, 32, 16, 1, 0, 0, 0, 6, 55, 34, 495, 0, 11, 0, 0, 0, 0, 0, 0, 0, 0, 0, 0]
2026-09-09 19:29:05 - __main__ - INFO - sample_host priors: [0, 0, 0, 0, 0, 0, 0, 20, 6, 55, 34, 1178, 0, 11, 16, 0, 0, 0, 4, 5, 1, 24, 0, 23]
2026-09-09 19:29:28 - __main__ - INFO - sample_host priors: [0, 11, 32, 16, 1, 0, 0, 20, 0, 0, 0, 825, 0, 0, 16, 0, 0, 0, 4, 5, 1, 24, 0, 23]
2026-09-09 19:29:49 - __main__ - INFO - sample_host priors: [0, 11, 32, 16, 1, 0, 0, 0, 6, 55, 34, 495, 0, 11, 0, 0, 0, 0, 0, 0, 0, 0, 0, 0]
2026-09-09 19:30:10 - __main__ - INFO - sample_host priors: [0, 0, 0, 0, 0, 0, 0, 20, 6, 55, 34, 1178, 0, 11, 16, 0, 0, 0, 4, 5, 1, 24, 0, 23]
2026-09-09 19:30:47 - __main__ - INFO - sample_host priors: [0, 11, 32, 16, 1, 0, 0, 20, 0, 0, 0, 825, 0, 0, 16, 0, 0, 0, 4, 5, 1, 24, 0, 23]
2026-09-09 19:31:20 - __main__ - INFO - sample_host priors: [0, 11, 32, 16, 1, 0, 0, 0, 6, 55, 34, 495, 0, 11, 0, 0, 0, 0, 0, 0, 0, 0, 0, 0]
2026-09-09 19:31:58 - __main__ - INFO - sample_host priors: [0, 0, 0, 0, 0, 0, 0, 20, 6, 55, 34, 1178, 0, 11, 16, 0, 0, 0, 4, 5, 1, 24, 0, 23]
2026-09-09 19:32:56 - __main__ - INFO - sample_host priors: [0, 11, 32, 16, 1, 0, 0, 20, 0, 0, 0, 825, 0, 0, 16, 0, 0, 0, 4, 5, 1, 24, 0, 23]
2026-09-09 19:33:29 - __main__ - INFO - sample_host priors: [0, 11, 32, 16, 1, 0, 0, 0, 6, 55, 34, 495, 0, 11, 0, 0, 0, 0, 0, 0, 0, 0, 0, 0]
2026-09-09 19:33:54 - __main__ - INFO - sample_host priors: [0, 0, 0, 0, 0, 0, 0, 20, 6, 55, 34, 1178, 0, 11, 16, 0, 0, 0, 4, 5, 1, 24, 0, 23]
2026-09-09 19:34:45 - __main__ - INFO - sample_host priors: [0, 11, 32, 16, 1, 0, 0, 20, 0, 0, 0, 825, 0, 0, 16, 0, 0, 0, 4, 5, 1, 24, 0, 23]
2026-09-09 19:35:16 - __main__ - INFO - sample_host priors: [0, 11, 32, 16, 1, 0, 0, 0, 6, 55, 34, 495, 0, 11, 0, 0, 0, 0, 0, 0, 0, 0, 0, 0]
2026-09-09 19:35:48 - __main__ - INFO - sample_host priors: [0, 0, 0, 0, 0, 0, 0, 20, 6, 55, 34, 1178, 0, 11, 16, 0, 0, 0, 4, 5, 1, 24, 0, 23]
2026-09-09 19:36:46 - __main__ - INFO - sample_host priors: [0, 11, 32, 16, 1, 0, 0, 20, 0, 0, 0, 825, 0, 0, 16, 0, 0, 0, 4, 5, 1, 24, 0, 23]
2026-09-09 19:37:19 - __main__ - INFO - sample_host priors: [0, 11, 32, 16, 1, 0, 0, 0, 6, 55, 34, 495, 0, 11, 0, 0, 0, 0, 0, 0, 0, 0, 0, 0]
2026-09-09 19:37:45 - __main__ - INFO - sample_host priors: [0, 0, 0, 0, 0, 0, 0, 20, 6, 55, 34, 1178, 0, 11, 16, 0, 0, 0, 4, 5, 1, 24, 0, 23]
2026-09-09 19:39:03 - __main__ - INFO - sample_host priors: [0, 11, 32, 16, 1, 0, 0, 20, 0, 0, 0, 825, 0, 0, 16, 0, 0, 0, 4, 5, 1, 24, 0, 23]
2026-09-09 19:39:55 - __main__ - INFO - sample_host priors: [0, 11, 32, 16, 1, 0, 0, 0, 6, 55, 34, 495, 0, 11, 0, 0, 0, 0, 0, 0, 0, 0, 0, 0]
2026-09-09 19:40:51 - __main__ - INFO - sample_host priors: [0, 0, 0, 0, 0, 0, 0, 20, 6, 55, 34, 1178, 0, 11, 16, 0, 0, 0, 4, 5, 1, 24, 0, 23]
2026-09-09 19:42:32 - __main__ - INFO - sample_host priors: [0, 11, 32, 16, 1, 0, 0, 20, 0, 0, 0, 825, 0, 0, 16, 0, 0, 0, 4, 5, 1, 24, 0, 23]
2026-09-09 19:42:59 - __main__ - INFO - sample_host priors: [0, 11, 32, 16, 1, 0, 0, 0, 6, 55, 34, 495, 0, 11, 0, 0, 0, 0, 0, 0, 0, 0, 0, 0]
2026-09-09 19:43:20 - __main__ - INFO - sample_host priors: [0, 0, 0, 0, 0, 0, 0, 20, 6, 55, 34, 1178, 0, 11, 16, 0, 0, 0, 4, 5, 1, 24, 0, 23]
2026-09-09 19:44:15 - __main__ - INFO - sample_host priors: [0, 11, 32, 16, 1, 0, 0, 20, 0, 0, 0, 825, 0, 0, 16, 0, 0, 0, 4, 5, 1, 24, 0, 23]
2026-09-09 19:45:05 - __main__ - INFO - sample_host priors: [0, 11, 32, 16, 1, 0, 0, 0, 6, 55, 34, 495, 0, 11, 0, 0, 0, 0, 0, 0, 0, 0, 0, 0]
2026-09-09 19:45:34 - __main__ - INFO - sample_host priors: [0, 0, 0, 0, 0, 0, 0, 20, 6, 55, 34, 1178, 0, 11, 16, 0, 0, 0, 4, 5, 1, 24, 0, 23]
2026-09-09 19:46:31 - __main__ - INFO - sample_host priors: [0, 11, 32, 16, 1, 0, 0, 20, 0, 0, 0, 825, 0, 0, 16, 0, 0, 0, 4, 5, 1, 24, 0, 23]
2026-09-09 19:47:02 - __main__ - INFO - sample_host priors: [0, 11, 32, 16, 1, 0, 0, 0, 6, 55, 34, 495, 0, 11, 0, 0, 0, 0, 0, 0, 0, 0, 0, 0]
2026-09-09 19:47:26 - __main__ - INFO - sample_host priors: [0, 0, 0, 0, 0, 0, 0, 20, 6, 55, 34, 1178, 0, 11, 16, 0, 0, 0, 4, 5, 1, 24, 0, 23]
2026-09-09 19:48:15 - __main__ - INFO - sample_host priors: [0, 11, 32, 16, 1, 0, 0, 20, 0, 0, 0, 825, 0, 0, 16, 0, 0, 0, 4, 5, 1, 24, 0, 23]
2026-09-09 19:48:45 - __main__ - INFO - sample_host priors: [0, 11, 32, 16, 1, 0, 0, 0, 6, 55, 34, 495, 0, 11, 0, 0, 0, 0, 0, 0, 0, 0, 0, 0]
2026-09-09 19:49:06 - __main__ - INFO - sample_host priors: [0, 0, 0, 0, 0, 0, 0, 20, 6, 55, 34, 1178, 0, 11, 16, 0, 0, 0, 4, 5, 1, 24, 0, 23]
2026-09-09 19:49:48 - __main__ - INFO - sample_host priors: [0, 11, 32, 16, 1, 0, 0, 20, 0, 0, 0, 825, 0, 0, 16, 0, 0, 0, 4, 5, 1, 24, 0, 23]
2026-09-09 19:50:14 - __main__ - INFO - sample_host priors: [0, 11, 32, 16, 1, 0, 0, 0, 6, 55, 34, 495, 0, 11, 0, 0, 0, 0, 0, 0, 0, 0, 0, 0]
2026-09-09 19:50:35 - __main__ - INFO - sample_host priors: [0, 0, 0, 0, 0, 0, 0, 20, 6, 55, 34, 1178, 0, 11, 16, 0, 0, 0, 4, 5, 1, 24, 0, 23]
2026-09-09 19:51:06 - __main__ - INFO - sample_host priors: [0, 11, 32, 16, 1, 0, 0, 20, 0, 0, 0, 825, 0, 0, 16, 0, 0, 0, 4, 5, 1, 24, 0, 23]
2026-09-09 19:51:32 - __main__ - INFO - sample_host priors: [0, 11, 32, 16, 1, 0, 0, 0, 6, 55, 34, 495, 0, 11, 0, 0, 0, 0, 0, 0, 0, 0, 0, 0]
2026-09-09 19:51:50 - __main__ - INFO - sample_host priors: [0, 0, 0, 0, 0, 0, 0, 20, 6, 55, 34, 1178, 0, 11, 16, 0, 0, 0, 4, 5, 1, 24, 0, 23]
2026-09-09 19:52:22 - __main__ - INFO - sample_host priors: [0, 11, 32, 16, 1, 0, 0, 20, 0, 0, 0, 825, 0, 0, 16, 0, 0, 0, 4, 5, 1, 24, 0, 23]
2026-09-09 19:52:47 - __main__ - INFO - sample_host priors: [0, 11, 32, 16, 1, 0, 0, 0, 6, 55, 34, 495, 0, 11, 0, 0, 0, 0, 0, 0, 0, 0, 0, 0]
2026-09-09 19:53:07 - __main__ - INFO - sample_host priors: [0, 0, 0, 0, 0, 0, 0, 20, 6, 55, 34, 1178, 0, 11, 16, 0, 0, 0, 4, 5, 1, 24, 0, 23]
2026-09-09 19:53:54 - __main__ - INFO - sample_host priors: [0, 11, 32, 16, 1, 0, 0, 20, 0, 0, 0, 825, 0, 0, 16, 0, 0, 0, 4, 5, 1, 24, 0, 23]
2026-09-09 19:54:23 - __main__ - INFO - sample_host priors: [0, 11, 32, 16, 1, 0, 0, 0, 6, 55, 34, 495, 0, 11, 0, 0, 0, 0, 0, 0, 0, 0, 0, 0]
2026-09-09 19:54:44 - __main__ - INFO - sample_host priors: [0, 0, 0, 0, 0, 0, 0, 20, 6, 55, 34, 1178, 0, 11, 16, 0, 0, 0, 4, 5, 1, 24, 0, 23]
2026-09-09 19:55:35 - __main__ - INFO - sample_host priors: [0, 11, 32, 16, 1, 0, 0, 20, 0, 0, 0, 825, 0, 0, 16, 0, 0, 0, 4, 5, 1, 24, 0, 23]
2026-09-09 19:56:07 - __main__ - INFO - sample_host priors: [0, 11, 32, 16, 1, 0, 0, 0, 6, 55, 34, 495, 0, 11, 0, 0, 0, 0, 0, 0, 0, 0, 0, 0]
2026-09-09 19:56:30 - __main__ - INFO - sample_host priors: [0, 0, 0, 0, 0, 0, 0, 20, 6, 55, 34, 1178, 0, 11, 16, 0, 0, 0, 4, 5, 1, 24, 0, 23]
2026-09-09 19:57:31 - __main__ - INFO - sample_host priors: [0, 11, 32, 16, 1, 0, 0, 20, 0, 0, 0, 825, 0, 0, 16, 0, 0, 0, 4, 5, 1, 24, 0, 23]
2026-09-09 19:58:04 - __main__ - INFO - sample_host priors: [0, 11, 32, 16, 1, 0, 0, 0, 6, 55, 34, 495, 0, 11, 0, 0, 0, 0, 0, 0, 0, 0, 0, 0]
2026-09-09 19:58:27 - __main__ - INFO - sample_host priors: [0, 0, 0, 0, 0, 0, 0, 20, 6, 55, 34, 1178, 0, 11, 16, 0, 0, 0, 4, 5, 1, 24, 0, 23]
2026-09-09 19:59:12 - __main__ - INFO - sample_host priors: [0, 11, 32, 16, 1, 0, 0, 20, 0, 0, 0, 825, 0, 0, 16, 0, 0, 0, 4, 5, 1, 24, 0, 23]
2026-09-09 19:59:59 - __main__ - INFO - sample_host priors: [0, 11, 32, 16, 1, 0, 0, 0, 6, 55, 34, 495, 0, 11, 0, 0, 0, 0, 0, 0, 0, 0, 0, 0]
2026-09-09 20:00:33 - __main__ - INFO - sample_host priors: [0, 0, 0, 0, 0, 0, 0, 20, 6, 55, 34, 1178, 0, 11, 16, 0, 0, 0, 4, 5, 1, 24, 0, 23]
2026-09-09 20:01:11 - __main__ - INFO - sample_host priors: [0, 11, 32, 16, 1, 0, 0, 20, 0, 0, 0, 825, 0, 0, 16, 0, 0, 0, 4, 5, 1, 24, 0, 23]
2026-09-09 20:01:41 - __main__ - INFO - sample_host priors: [0, 11, 32, 16, 1, 0, 0, 0, 6, 55, 34, 495, 0, 11, 0, 0, 0, 0, 0, 0, 0, 0, 0, 0]
2026-09-09 20:02:05 - __main__ - INFO - sample_host priors: [0, 0, 0, 0, 0, 0, 0, 20, 6, 55, 34, 1178, 0, 11, 16, 0, 0, 0, 4, 5, 1, 24, 0, 23]
2026-09-09 20:02:45 - __main__ - INFO - sample_host priors: [0, 11, 32, 16, 1, 0, 0, 20, 0, 0, 0, 825, 0, 0, 16, 0, 0, 0, 4, 5, 1, 24, 0, 23]
2026-09-09 20:03:11 - __main__ - INFO - sample_host priors: [0, 11, 32, 16, 1, 0, 0, 0, 6, 55, 34, 495, 0, 11, 0, 0, 0, 0, 0, 0, 0, 0, 0, 0]
2026-09-09 20:03:28 - __main__ - INFO - sample_host priors: [0, 0, 0, 0, 0, 0, 0, 20, 6, 55, 34, 1178, 0, 11, 16, 0, 0, 0, 4, 5, 1, 24, 0, 23]
2026-09-09 20:04:01 - __main__ - INFO - sample_host priors: [0, 11, 32, 16, 1, 0, 0, 20, 0, 0, 0, 825, 0, 0, 16, 0, 0, 0, 4, 5, 1, 24, 0, 23]
2026-09-09 20:04:40 - __main__ - INFO - sample_host priors: [0, 11, 32, 16, 1, 0, 0, 0, 6, 55, 34, 495, 0, 11, 0, 0, 0, 0, 0, 0, 0, 0, 0, 0]
2026-09-09 20:05:07 - __main__ - INFO - sample_host priors: [0, 0, 0, 0, 0, 0, 0, 20, 6, 55, 34, 1178, 0, 11, 16, 0, 0, 0, 4, 5, 1, 24, 0, 23]
2026-09-09 20:05:54 - __main__ - INFO - sample_host priors: [0, 11, 32, 16, 1, 0, 0, 20, 0, 0, 0, 825, 0, 0, 16, 0, 0, 0, 4, 5, 1, 24, 0, 23]
2026-09-09 20:06:28 - __main__ - INFO - sample_host priors: [0, 11, 32, 16, 1, 0, 0, 0, 6, 55, 34, 495, 0, 11, 0, 0, 0, 0, 0, 0, 0, 0, 0, 0]
2026-09-09 20:07:14 - __main__ - INFO - sample_host priors: [0, 0, 0, 0, 0, 0, 0, 20, 6, 55, 34, 1178, 0, 11, 16, 0, 0, 0, 4, 5, 1, 24, 0, 23]
2026-09-09 20:07:51 - __main__ - INFO - sample_host priors: [0, 11, 32, 16, 1, 0, 0, 20, 0, 0, 0, 825, 0, 0, 16, 0, 0, 0, 4, 5, 1, 24, 0, 23]
2026-09-09 20:08:18 - __main__ - INFO - sample_host priors: [0, 11, 32, 16, 1, 0, 0, 0, 6, 55, 34, 495, 0, 11, 0, 0, 0, 0, 0, 0, 0, 0, 0, 0]
2026-09-09 20:08:36 - __main__ - INFO - sample_host priors: [0, 0, 0, 0, 0, 0, 0, 20, 6, 55, 34, 1178, 0, 11, 16, 0, 0, 0, 4, 5, 1, 24, 0, 23]
2026-09-09 20:09:22 - __main__ - INFO - sample_host priors: [0, 11, 32, 16, 1, 0, 0, 20, 0, 0, 0, 825, 0, 0, 16, 0, 0, 0, 4, 5, 1, 24, 0, 23]
2026-09-09 20:09:57 - __main__ - INFO - sample_host priors: [0, 11, 32, 16, 1, 0, 0, 0, 6, 55, 34, 495, 0, 11, 0, 0, 0, 0, 0, 0, 0, 0, 0, 0]
2026-09-09 20:10:29 - __main__ - INFO - sample_host priors: [0, 0, 0, 0, 0, 0, 0, 20, 6, 55, 34, 1178, 0, 11, 16, 0, 0, 0, 4, 5, 1, 24, 0, 23]
2026-09-09 20:11:12 - __main__ - INFO - sample_host priors: [0, 11, 32, 16, 1, 0, 0, 20, 0, 0, 0, 825, 0, 0, 16, 0, 0, 0, 4, 5, 1, 24, 0, 23]
2026-09-09 20:11:44 - __main__ - INFO - sample_host priors: [0, 11, 32, 16, 1, 0, 0, 0, 6, 55, 34, 495, 0, 11, 0, 0, 0, 0, 0, 0, 0, 0, 0, 0]
2026-09-09 20:12:07 - __main__ - INFO - sample_host priors: [0, 0, 0, 0, 0, 0, 0, 20, 6, 55, 34, 1178, 0, 11, 16, 0, 0, 0, 4, 5, 1, 24, 0, 23]
2026-09-09 20:12:57 - __main__ - INFO - sample_host priors: [0, 11, 32, 16, 1, 0, 0, 20, 0, 0, 0, 825, 0, 0, 16, 0, 0, 0, 4, 5, 1, 24, 0, 23]
2026-09-09 20:13:23 - __main__ - INFO - sample_host priors: [0, 11, 32, 16, 1, 0, 0, 0, 6, 55, 34, 495, 0, 11, 0, 0, 0, 0, 0, 0, 0, 0, 0, 0]
2026-09-09 20:13:43 - __main__ - INFO - sample_host priors: [0, 0, 0, 0, 0, 0, 0, 20, 6, 55, 34, 1178, 0, 11, 16, 0, 0, 0, 4, 5, 1, 24, 0, 23]
2026-09-09 20:14:18 - __main__ - INFO - sample_host priors: [0, 11, 32, 16, 1, 0, 0, 20, 0, 0, 0, 825, 0, 0, 16, 0, 0, 0, 4, 5, 1, 24, 0, 23]
2026-09-09 20:14:45 - __main__ - INFO - sample_host priors: [0, 11, 32, 16, 1, 0, 0, 0, 6, 55, 34, 495, 0, 11, 0, 0, 0, 0, 0, 0, 0, 0, 0, 0]
2026-09-09 20:15:08 - __main__ - INFO - sample_host priors: [0, 0, 0, 0, 0, 0, 0, 20, 6, 55, 34, 1178, 0, 11, 16, 0, 0, 0, 4, 5, 1, 24, 0, 23]
2026-09-09 20:15:43 - __main__ - INFO - sample_host priors: [0, 11, 32, 16, 1, 0, 0, 20, 0, 0, 0, 825, 0, 0, 16, 0, 0, 0, 4, 5, 1, 24, 0, 23]
2026-09-09 20:16:08 - __main__ - INFO - sample_host priors: [0, 11, 32, 16, 1, 0, 0, 0, 6, 55, 34, 495, 0, 11, 0, 0, 0, 0, 0, 0, 0, 0, 0, 0]
2026-09-09 20:16:25 - __main__ - INFO - sample_host priors: [0, 0, 0, 0, 0, 0, 0, 20, 6, 55, 34, 1178, 0, 11, 16, 0, 0, 0, 4, 5, 1, 24, 0, 23]
2026-09-09 20:17:06 - __main__ - INFO - sample_host priors: [0, 11, 32, 16, 1, 0, 0, 20, 0, 0, 0, 825, 0, 0, 16, 0, 0, 0, 4, 5, 1, 24, 0, 23]
2026-09-09 20:17:37 - __main__ - INFO - sample_host priors: [0, 11, 32, 16, 1, 0, 0, 0, 6, 55, 34, 495, 0, 11, 0, 0, 0, 0, 0, 0, 0, 0, 0, 0]
2026-09-09 20:18:01 - __main__ - INFO - sample_host priors: [0, 0, 0, 0, 0, 0, 0, 20, 6, 55, 34, 1178, 0, 11, 16, 0, 0, 0, 4, 5, 1, 24, 0, 23]
2026-09-09 20:18:44 - __main__ - INFO - sample_host priors: [0, 11, 32, 16, 1, 0, 0, 20, 0, 0, 0, 825, 0, 0, 16, 0, 0, 0, 4, 5, 1, 24, 0, 23]
2026-09-09 20:19:15 - __main__ - INFO - sample_host priors: [0, 11, 32, 16, 1, 0, 0, 0, 6, 55, 34, 495, 0, 11, 0, 0, 0, 0, 0, 0, 0, 0, 0, 0]
2026-09-09 20:19:40 - __main__ - INFO - sample_host priors: [0, 0, 0, 0, 0, 0, 0, 20, 6, 55, 34, 1178, 0, 11, 16, 0, 0, 0, 4, 5, 1, 24, 0, 23]
2026-09-09 20:20:34 - __main__ - INFO - sample_host priors: [0, 11, 32, 16, 1, 0, 0, 20, 0, 0, 0, 825, 0, 0, 16, 0, 0, 0, 4, 5, 1, 24, 0, 23]
2026-09-09 20:21:25 - __main__ - INFO - sample_host priors: [0, 11, 32, 16, 1, 0, 0, 0, 6, 55, 34, 495, 0, 11, 0, 0, 0, 0, 0, 0, 0, 0, 0, 0]
2026-09-09 20:21:58 - __main__ - INFO - sample_host priors: [0, 0, 0, 0, 0, 0, 0, 20, 6, 55, 34, 1178, 0, 11, 16, 0, 0, 0, 4, 5, 1, 24, 0, 23]
2026-09-09 20:22:51 - __main__ - INFO - Best hyperparameters (averaged over 3 folds): {'n_layers': 3, 'hidden_dim_0': 128, 'hidden_dim_1': 128, 'hidden_dim_2': 256, 'dropout': 0.47285472657745614, 'learning_rate': 0.00014322706802380328, 'weight_decay': 0.00023657809860898172, 'batch_size': 256, 'use_batch_norm': True, 'activation': 'relu', 'logit_adjust_tau': 0.17033509469002667, 'ls_sample_host': 0.0689534106519434, 'task_weight_sample_host': 1.0}
2026-09-09 20:22:51 - __main__ - INFO - Best CV score: 0.1636
2026-09-09 20:22:51 - __main__ - INFO - Training final model with proper train/val split...
2026-09-09 20:22:51 - __main__ - INFO - sample_host: 16/24 classes have training support in this fold
2026-09-09 20:22:51 - __main__ - INFO - Final training split: 1840 train, 205 validation, 671 test
2026-09-09 20:22:51 - __main__ - INFO - sample_host priors: [0, 11, 32, 16, 1, 0, 0, 20, 6, 55, 34, 1249, 0, 11, 16, 0, 0, 0, 4, 5, 1, 24, 0, 23]
2026-09-09 20:22:51 - diana.utils.checkpointing - INFO - CheckpointManager initialized: results/search_v9_single_sample_host/cv_results/fold_0
2026-09-09 20:22:52 - diana.utils.checkpointing - INFO - Checkpoint saved: results/search_v9_single_sample_host/cv_results/fold_0/checkpoint_epoch_1_20260909_202252.pth
2026-09-09 20:22:53 - diana.utils.checkpointing - INFO - New best model saved: results/search_v9_single_sample_host/cv_results/fold_0/best_model.pth (val_loss: 2.2370)
2026-09-09 20:22:54 - diana.utils.checkpointing - INFO - Checkpoint saved: results/search_v9_single_sample_host/cv_results/fold_0/checkpoint_epoch_2_20260909_202253.pth
2026-09-09 20:22:54 - diana.utils.checkpointing - INFO - New best model saved: results/search_v9_single_sample_host/cv_results/fold_0/best_model.pth (val_loss: 2.1622)
2026-09-09 20:22:55 - diana.utils.checkpointing - INFO - Checkpoint saved: results/search_v9_single_sample_host/cv_results/fold_0/checkpoint_epoch_3_20260909_202255.pth
2026-09-09 20:22:56 - diana.utils.checkpointing - INFO - New best model saved: results/search_v9_single_sample_host/cv_results/fold_0/best_model.pth (val_loss: 2.0715)
2026-09-09 20:22:57 - diana.utils.checkpointing - INFO - Checkpoint saved: results/search_v9_single_sample_host/cv_results/fold_0/checkpoint_epoch_4_20260909_202256.pth
2026-09-09 20:22:57 - diana.utils.checkpointing - INFO - New best model saved: results/search_v9_single_sample_host/cv_results/fold_0/best_model.pth (val_loss: 1.9869)
2026-09-09 20:22:58 - diana.utils.checkpointing - INFO - Checkpoint saved: results/search_v9_single_sample_host/cv_results/fold_0/checkpoint_epoch_5_20260909_202257.pth
2026-09-09 20:22:58 - diana.utils.checkpointing - INFO - New best model saved: results/search_v9_single_sample_host/cv_results/fold_0/best_model.pth (val_loss: 1.9397)
2026-09-09 20:22:59 - diana.utils.checkpointing - INFO - Checkpoint saved: results/search_v9_single_sample_host/cv_results/fold_0/checkpoint_epoch_6_20260909_202259.pth
2026-09-09 20:23:00 - diana.utils.checkpointing - INFO - New best model saved: results/search_v9_single_sample_host/cv_results/fold_0/best_model.pth (val_loss: 1.8955)
2026-09-09 20:23:01 - diana.utils.checkpointing - INFO - Checkpoint saved: results/search_v9_single_sample_host/cv_results/fold_0/checkpoint_epoch_7_20260909_202300.pth
2026-09-09 20:23:01 - diana.utils.checkpointing - INFO - New best model saved: results/search_v9_single_sample_host/cv_results/fold_0/best_model.pth (val_loss: 1.8473)
2026-09-09 20:23:02 - diana.utils.checkpointing - INFO - Checkpoint saved: results/search_v9_single_sample_host/cv_results/fold_0/checkpoint_epoch_8_20260909_202301.pth
2026-09-09 20:23:02 - diana.utils.checkpointing - INFO - New best model saved: results/search_v9_single_sample_host/cv_results/fold_0/best_model.pth (val_loss: 1.7847)
2026-09-09 20:23:03 - diana.utils.checkpointing - INFO - Checkpoint saved: results/search_v9_single_sample_host/cv_results/fold_0/checkpoint_epoch_9_20260909_202303.pth
2026-09-09 20:23:03 - diana.utils.checkpointing - INFO - New best model saved: results/search_v9_single_sample_host/cv_results/fold_0/best_model.pth (val_loss: 1.6975)
2026-09-09 20:23:04 - diana.utils.checkpointing - INFO - Checkpoint saved: results/search_v9_single_sample_host/cv_results/fold_0/checkpoint_epoch_10_20260909_202304.pth
2026-09-09 20:23:05 - diana.utils.checkpointing - INFO - New best model saved: results/search_v9_single_sample_host/cv_results/fold_0/best_model.pth (val_loss: 1.6227)
2026-09-09 20:23:05 - diana.utils.checkpointing - INFO - Checkpoint saved: results/search_v9_single_sample_host/cv_results/fold_0/checkpoint_epoch_11_20260909_202305.pth
2026-09-09 20:23:06 - diana.utils.checkpointing - INFO - New best model saved: results/search_v9_single_sample_host/cv_results/fold_0/best_model.pth (val_loss: 1.5772)
2026-09-09 20:23:06 - diana.utils.checkpointing - INFO - Checkpoint saved: results/search_v9_single_sample_host/cv_results/fold_0/checkpoint_epoch_12_20260909_202306.pth
2026-09-09 20:23:07 - diana.utils.checkpointing - INFO - New best model saved: results/search_v9_single_sample_host/cv_results/fold_0/best_model.pth (val_loss: 1.5163)
2026-09-09 20:23:08 - diana.utils.checkpointing - INFO - Checkpoint saved: results/search_v9_single_sample_host/cv_results/fold_0/checkpoint_epoch_13_20260909_202307.pth
2026-09-09 20:23:08 - diana.utils.checkpointing - INFO - New best model saved: results/search_v9_single_sample_host/cv_results/fold_0/best_model.pth (val_loss: 1.4564)
2026-09-09 20:23:09 - diana.utils.checkpointing - INFO - Checkpoint saved: results/search_v9_single_sample_host/cv_results/fold_0/checkpoint_epoch_14_20260909_202309.pth
2026-09-09 20:23:10 - diana.utils.checkpointing - INFO - New best model saved: results/search_v9_single_sample_host/cv_results/fold_0/best_model.pth (val_loss: 1.4225)
2026-09-09 20:23:11 - diana.utils.checkpointing - INFO - Checkpoint saved: results/search_v9_single_sample_host/cv_results/fold_0/checkpoint_epoch_15_20260909_202310.pth
2026-09-09 20:23:11 - diana.utils.checkpointing - INFO - New best model saved: results/search_v9_single_sample_host/cv_results/fold_0/best_model.pth (val_loss: 1.3998)
2026-09-09 20:23:12 - diana.utils.checkpointing - INFO - Checkpoint saved: results/search_v9_single_sample_host/cv_results/fold_0/checkpoint_epoch_16_20260909_202311.pth
2026-09-09 20:23:12 - diana.utils.checkpointing - INFO - New best model saved: results/search_v9_single_sample_host/cv_results/fold_0/best_model.pth (val_loss: 1.3986)
2026-09-09 20:23:13 - diana.utils.checkpointing - INFO - Checkpoint saved: results/search_v9_single_sample_host/cv_results/fold_0/checkpoint_epoch_17_20260909_202313.pth
2026-09-09 20:23:14 - diana.utils.checkpointing - INFO - New best model saved: results/search_v9_single_sample_host/cv_results/fold_0/best_model.pth (val_loss: 1.3932)
2026-09-09 20:23:15 - diana.utils.checkpointing - INFO - Checkpoint saved: results/search_v9_single_sample_host/cv_results/fold_0/checkpoint_epoch_18_20260909_202314.pth
2026-09-09 20:23:15 - diana.utils.checkpointing - INFO - New best model saved: results/search_v9_single_sample_host/cv_results/fold_0/best_model.pth (val_loss: 1.3476)
2026-09-09 20:23:16 - diana.utils.checkpointing - INFO - Checkpoint saved: results/search_v9_single_sample_host/cv_results/fold_0/checkpoint_epoch_19_20260909_202316.pth
2026-09-09 20:23:17 - diana.utils.checkpointing - INFO - Checkpoint saved: results/search_v9_single_sample_host/cv_results/fold_0/checkpoint_epoch_20_20260909_202317.pth
2026-09-09 20:23:17 - __main__ - INFO - Epoch 20/200, Train Loss: 1.0496, Val Loss: 1.3876
2026-09-09 20:23:18 - diana.utils.checkpointing - INFO - Checkpoint saved: results/search_v9_single_sample_host/cv_results/fold_0/checkpoint_epoch_21_20260909_202318.pth
2026-09-09 20:23:19 - diana.utils.checkpointing - INFO - New best model saved: results/search_v9_single_sample_host/cv_results/fold_0/best_model.pth (val_loss: 1.3372)
2026-09-09 20:23:19 - diana.utils.checkpointing - INFO - Checkpoint saved: results/search_v9_single_sample_host/cv_results/fold_0/checkpoint_epoch_22_20260909_202319.pth
2026-09-09 20:23:20 - diana.utils.checkpointing - INFO - Checkpoint saved: results/search_v9_single_sample_host/cv_results/fold_0/checkpoint_epoch_23_20260909_202320.pth
2026-09-09 20:23:21 - diana.utils.checkpointing - INFO - Checkpoint saved: results/search_v9_single_sample_host/cv_results/fold_0/checkpoint_epoch_24_20260909_202321.pth
2026-09-09 20:23:22 - diana.utils.checkpointing - INFO - New best model saved: results/search_v9_single_sample_host/cv_results/fold_0/best_model.pth (val_loss: 1.3324)
2026-09-09 20:23:23 - diana.utils.checkpointing - INFO - Checkpoint saved: results/search_v9_single_sample_host/cv_results/fold_0/checkpoint_epoch_25_20260909_202322.pth
2026-09-09 20:23:23 - diana.utils.checkpointing - INFO - New best model saved: results/search_v9_single_sample_host/cv_results/fold_0/best_model.pth (val_loss: 1.3316)
2026-09-09 20:23:24 - diana.utils.checkpointing - INFO - Checkpoint saved: results/search_v9_single_sample_host/cv_results/fold_0/checkpoint_epoch_26_20260909_202323.pth
2026-09-09 20:23:24 - diana.utils.checkpointing - INFO - New best model saved: results/search_v9_single_sample_host/cv_results/fold_0/best_model.pth (val_loss: 1.3164)
2026-09-09 20:23:25 - diana.utils.checkpointing - INFO - Checkpoint saved: results/search_v9_single_sample_host/cv_results/fold_0/checkpoint_epoch_27_20260909_202325.pth
2026-09-09 20:23:25 - diana.utils.checkpointing - INFO - New best model saved: results/search_v9_single_sample_host/cv_results/fold_0/best_model.pth (val_loss: 1.2930)
2026-09-09 20:23:26 - diana.utils.checkpointing - INFO - Checkpoint saved: results/search_v9_single_sample_host/cv_results/fold_0/checkpoint_epoch_28_20260909_202326.pth
2026-09-09 20:23:27 - diana.utils.checkpointing - INFO - New best model saved: results/search_v9_single_sample_host/cv_results/fold_0/best_model.pth (val_loss: 1.2679)
2026-09-09 20:23:27 - diana.utils.checkpointing - INFO - Checkpoint saved: results/search_v9_single_sample_host/cv_results/fold_0/checkpoint_epoch_29_20260909_202327.pth
2026-09-09 20:23:28 - diana.utils.checkpointing - INFO - New best model saved: results/search_v9_single_sample_host/cv_results/fold_0/best_model.pth (val_loss: 1.2564)
2026-09-09 20:23:29 - diana.utils.checkpointing - INFO - Checkpoint saved: results/search_v9_single_sample_host/cv_results/fold_0/checkpoint_epoch_30_20260909_202328.pth
2026-09-09 20:23:30 - diana.utils.checkpointing - INFO - Checkpoint saved: results/search_v9_single_sample_host/cv_results/fold_0/checkpoint_epoch_31_20260909_202329.pth
2026-09-09 20:23:31 - diana.utils.checkpointing - INFO - Checkpoint saved: results/search_v9_single_sample_host/cv_results/fold_0/checkpoint_epoch_32_20260909_202330.pth
2026-09-09 20:23:31 - diana.utils.checkpointing - INFO - New best model saved: results/search_v9_single_sample_host/cv_results/fold_0/best_model.pth (val_loss: 1.2450)
2026-09-09 20:23:32 - diana.utils.checkpointing - INFO - Checkpoint saved: results/search_v9_single_sample_host/cv_results/fold_0/checkpoint_epoch_33_20260909_202332.pth
2026-09-09 20:23:33 - diana.utils.checkpointing - INFO - Checkpoint saved: results/search_v9_single_sample_host/cv_results/fold_0/checkpoint_epoch_34_20260909_202333.pth
2026-09-09 20:23:34 - diana.utils.checkpointing - INFO - Checkpoint saved: results/search_v9_single_sample_host/cv_results/fold_0/checkpoint_epoch_35_20260909_202334.pth
2026-09-09 20:23:34 - diana.utils.checkpointing - INFO - New best model saved: results/search_v9_single_sample_host/cv_results/fold_0/best_model.pth (val_loss: 1.1849)
2026-09-09 20:23:35 - diana.utils.checkpointing - INFO - Checkpoint saved: results/search_v9_single_sample_host/cv_results/fold_0/checkpoint_epoch_36_20260909_202335.pth
2026-09-09 20:23:36 - diana.utils.checkpointing - INFO - Checkpoint saved: results/search_v9_single_sample_host/cv_results/fold_0/checkpoint_epoch_37_20260909_202336.pth
2026-09-09 20:23:37 - diana.utils.checkpointing - INFO - Checkpoint saved: results/search_v9_single_sample_host/cv_results/fold_0/checkpoint_epoch_38_20260909_202336.pth
2026-09-09 20:23:38 - diana.utils.checkpointing - INFO - Checkpoint saved: results/search_v9_single_sample_host/cv_results/fold_0/checkpoint_epoch_39_20260909_202337.pth
2026-09-09 20:23:39 - diana.utils.checkpointing - INFO - Checkpoint saved: results/search_v9_single_sample_host/cv_results/fold_0/checkpoint_epoch_40_20260909_202338.pth
2026-09-09 20:23:39 - __main__ - INFO - Epoch 40/200, Train Loss: 0.9720, Val Loss: 1.3316
2026-09-09 20:23:40 - diana.utils.checkpointing - INFO - Checkpoint saved: results/search_v9_single_sample_host/cv_results/fold_0/checkpoint_epoch_41_20260909_202339.pth
2026-09-09 20:23:41 - diana.utils.checkpointing - INFO - Checkpoint saved: results/search_v9_single_sample_host/cv_results/fold_0/checkpoint_epoch_42_20260909_202340.pth
2026-09-09 20:23:42 - diana.utils.checkpointing - INFO - Checkpoint saved: results/search_v9_single_sample_host/cv_results/fold_0/checkpoint_epoch_43_20260909_202341.pth
2026-09-09 20:23:43 - diana.utils.checkpointing - INFO - Checkpoint saved: results/search_v9_single_sample_host/cv_results/fold_0/checkpoint_epoch_44_20260909_202342.pth
2026-09-09 20:23:43 - diana.utils.checkpointing - INFO - Checkpoint saved: results/search_v9_single_sample_host/cv_results/fold_0/checkpoint_epoch_45_20260909_202343.pth
2026-09-09 20:23:44 - diana.utils.checkpointing - INFO - Checkpoint saved: results/search_v9_single_sample_host/cv_results/fold_0/checkpoint_epoch_46_20260909_202344.pth
2026-09-09 20:23:45 - diana.utils.checkpointing - INFO - Checkpoint saved: results/search_v9_single_sample_host/cv_results/fold_0/checkpoint_epoch_47_20260909_202345.pth
2026-09-09 20:23:46 - diana.utils.checkpointing - INFO - Checkpoint saved: results/search_v9_single_sample_host/cv_results/fold_0/checkpoint_epoch_48_20260909_202346.pth
2026-09-09 20:23:47 - diana.utils.checkpointing - INFO - Checkpoint saved: results/search_v9_single_sample_host/cv_results/fold_0/checkpoint_epoch_49_20260909_202347.pth
2026-09-09 20:23:48 - diana.utils.checkpointing - INFO - Checkpoint saved: results/search_v9_single_sample_host/cv_results/fold_0/checkpoint_epoch_50_20260909_202347.pth
2026-09-09 20:23:49 - diana.utils.checkpointing - INFO - Checkpoint saved: results/search_v9_single_sample_host/cv_results/fold_0/checkpoint_epoch_51_20260909_202348.pth
2026-09-09 20:23:50 - diana.utils.checkpointing - INFO - Checkpoint saved: results/search_v9_single_sample_host/cv_results/fold_0/checkpoint_epoch_52_20260909_202349.pth
2026-09-09 20:23:51 - diana.utils.checkpointing - INFO - Checkpoint saved: results/search_v9_single_sample_host/cv_results/fold_0/checkpoint_epoch_53_20260909_202350.pth
2026-09-09 20:23:52 - diana.utils.checkpointing - INFO - Checkpoint saved: results/search_v9_single_sample_host/cv_results/fold_0/checkpoint_epoch_54_20260909_202351.pth
2026-09-09 20:23:53 - diana.utils.checkpointing - INFO - Checkpoint saved: results/search_v9_single_sample_host/cv_results/fold_0/checkpoint_epoch_55_20260909_202352.pth
2026-09-09 20:23:53 - __main__ - INFO - Early stopping triggered after 55 epochs (patience=20)
2026-09-09 20:23:53 - diana.utils.checkpointing - INFO - Loading checkpoint: results/search_v9_single_sample_host/cv_results/fold_0/best_model.pth
2026-09-09 20:23:53 - __main__ - INFO - Loaded best model from epoch 35 (val_loss: 1.1849)
2026-09-09 20:23:53 - __main__ - INFO - Evaluating on held-out test set...
2026-09-09 20:23:53 - __main__ - INFO - sample_host test metrics: {'n_scored': 577, 'accuracy': 0.2564991334488735, 'f1_weighted': 0.10472240482878147, 'f1_macro': 0.029162561576354683, 'balanced_accuracy': 0.07142857142857142}
2026-09-09 20:23:53 - diana.utils.checkpointing - INFO - Final model saved: results/search_v9_single_sample_host/cv_results/fold_0/final_model_20260909_202353.pth
2026-09-09 20:23:53 - __main__ - INFO - Final model saved to results/search_v9_single_sample_host/cv_results/fold_0/final_model_20260909_202353.pth
2026-09-09 20:23:53 - __main__ - INFO - Results saved to results/search_v9_single_sample_host/cv_results/fold_0/multitask_fold_0_results_20260909_173044.json
2026-09-09 20:23:53 - __main__ - INFO - ================================================================================
2026-09-09 20:23:53 - __main__ - INFO - ================================================================================
2026-09-09 20:23:53 - __main__ - INFO - === FOLD COMPLETE ===
2026-09-09 20:23:53 - __main__ - INFO - ================================================================================
2026-09-09 20:23:53 - __main__ - INFO - Results: {'sample_host': {'n_scored': 577, 'accuracy': 0.2564991334488735, 'f1_weighted': 0.10472240482878147, 'f1_macro': 0.029162561576354683, 'balanced_accuracy': 0.07142857142857142}}
