2026-09-09 18:00:07 - root - INFO - Logging to file: results/search_v9_single_material/cv_results/fold_1/fold_1_training.log
2026-09-09 18:00:07 - __main__ - INFO - ================================================================================
2026-09-09 18:00:07 - __main__ - INFO - DIANA Multi-Task Hyperparameter Optimization
2026-09-09 18:00:07 - __main__ - INFO - ================================================================================
2026-09-09 18:00:07 - __main__ - INFO - Run config:   configs/train_config_v9_search_single_material.json
2026-09-09 18:00:07 - __main__ - INFO - Features:     data/matrices/matrix_v9_train/unitigs.frac.mat
2026-09-09 18:00:07 - __main__ - INFO - Metadata:     data/splits_v9/train_metadata.tsv
2026-09-09 18:00:07 - __main__ - INFO - Output dir:   results/search_v9_single_material
2026-09-09 18:00:07 - __main__ - INFO - Tasks:        ['material']
2026-09-09 18:00:07 - __main__ - INFO - Task types:   {'material': 'classification'}
2026-09-09 18:00:07 - __main__ - INFO - Fold:         1 / 5
2026-09-09 18:00:07 - __main__ - INFO - Trials:       100  Max epochs: 200  Patience: 20
2026-09-09 18:00:07 - __main__ - INFO - GPU:          True  Seed: 42
2026-09-09 18:00:07 - __main__ - INFO - Loading data from data/matrices/matrix_v9_train/unitigs.frac.mat
2026-09-09 18:00:07 - diana.data.loader - INFO - Loading matrix from data/matrices/matrix_v9_train/unitigs.frac.mat
2026-09-09 18:00:59 - diana.data.loader - INFO - Loaded 110202 features × 2716 samples (before transpose)
2026-09-09 18:00:59 - diana.data.loader - INFO - Transposed to 2716 samples × 110202 features
2026-09-09 18:00:59 - diana.data.loader - INFO - Reading sample IDs from data/matrices/matrix_v9_train/kmer_matrix/kmtricks.fof
2026-09-09 18:00:59 - diana.data.loader - INFO - Sample IDs: ['ERR10114844', 'ERR10114845', 'ERR10114846']...
2026-09-09 18:00:59 - diana.data.loader - INFO - Loading metadata from data/splits_v9/train_metadata.tsv
2026-09-09 18:00:59 - diana.data.loader - INFO - Metadata: 2716 rows × 15 columns
2026-09-09 18:00:59 - diana.data.loader - INFO - Metadata aligned to matrix sample order
2026-09-09 18:00:59 - __main__ - INFO - Loaded 2716 samples with 110202 features
2026-09-09 18:00:59 - __main__ - INFO - Loaded 2716 samples × 110202 features
2026-09-09 18:00:59 - __main__ - INFO - === FOLD 1/4 ===
2026-09-09 18:00:59 - __main__ - INFO - Output directory: results/search_v9_single_material/cv_results/fold_1
2026-09-09 18:01:00 - __main__ - INFO - Using device: cuda
2026-09-09 18:01:00 - __main__ - INFO - Class imbalance: logit adjustment, tau SEARCHED in [0.05, 0.8]
2026-09-09 18:01:00 - __main__ - INFO - material: 16 classes, 2639 labelled, 77 masked - ['bone', 'dental calculus', 'digestive tract contents', 'intestine', 'lake sediment']...
2026-09-09 18:01:00 - __main__ - INFO - Grouping CV folds on 'archive_project': 68 groups over 2716 runs
2026-09-09 18:01:00 - __main__ - INFO - Outer fold 1 taken from data/splits_v9/dev_folds.tsv (5 dev folds)
2026-09-09 18:01:00 - __main__ - INFO - Train: 2417, Test: 299 (outer fold verified archive_project-disjoint)
2026-09-09 18:01:00 - __main__ - INFO - 3 inner folds verified archive_project-disjoint
2026-09-09 18:01:00 - __main__ - INFO - Starting Optuna optimization with 100 trials...
2026-09-09 18:01:00 - __main__ - INFO - Each trial will be evaluated on 3 inner CV folds
2026-09-09 18:01:00 - __main__ - INFO - material priors: [63, 851, 16, 11, 114, 43, 5, 0, 0, 2, 62, 64, 24, 0, 155, 0]
2026-09-09 18:01:54 - __main__ - INFO - material priors: [114, 1034, 0, 0, 111, 43, 53, 11, 0, 50, 0, 42, 24, 0, 317, 11]
2026-09-09 18:03:06 - __main__ - INFO - material priors: [77, 585, 16, 11, 205, 0, 48, 11, 0, 50, 62, 94, 0, 0, 306, 11]
2026-09-09 18:04:25 - __main__ - INFO - material priors: [63, 851, 16, 11, 114, 43, 5, 0, 0, 2, 62, 64, 24, 0, 155, 0]
2026-09-09 18:04:59 - __main__ - INFO - material priors: [114, 1034, 0, 0, 111, 43, 53, 11, 0, 50, 0, 42, 24, 0, 317, 11]
2026-09-09 18:06:10 - __main__ - INFO - material priors: [77, 585, 16, 11, 205, 0, 48, 11, 0, 50, 62, 94, 0, 0, 306, 11]
2026-09-09 18:06:39 - __main__ - INFO - material priors: [63, 851, 16, 11, 114, 43, 5, 0, 0, 2, 62, 64, 24, 0, 155, 0]
2026-09-09 18:07:19 - __main__ - INFO - material priors: [114, 1034, 0, 0, 111, 43, 53, 11, 0, 50, 0, 42, 24, 0, 317, 11]
2026-09-09 18:07:48 - __main__ - INFO - material priors: [77, 585, 16, 11, 205, 0, 48, 11, 0, 50, 62, 94, 0, 0, 306, 11]
2026-09-09 18:08:13 - __main__ - INFO - material priors: [63, 851, 16, 11, 114, 43, 5, 0, 0, 2, 62, 64, 24, 0, 155, 0]
2026-09-09 18:08:40 - __main__ - INFO - material priors: [114, 1034, 0, 0, 111, 43, 53, 11, 0, 50, 0, 42, 24, 0, 317, 11]
2026-09-09 18:09:23 - __main__ - INFO - material priors: [77, 585, 16, 11, 205, 0, 48, 11, 0, 50, 62, 94, 0, 0, 306, 11]
2026-09-09 18:10:14 - __main__ - INFO - material priors: [63, 851, 16, 11, 114, 43, 5, 0, 0, 2, 62, 64, 24, 0, 155, 0]
2026-09-09 18:10:44 - __main__ - INFO - material priors: [114, 1034, 0, 0, 111, 43, 53, 11, 0, 50, 0, 42, 24, 0, 317, 11]
2026-09-09 18:11:48 - __main__ - INFO - material priors: [77, 585, 16, 11, 205, 0, 48, 11, 0, 50, 62, 94, 0, 0, 306, 11]
2026-09-09 18:12:17 - __main__ - INFO - material priors: [63, 851, 16, 11, 114, 43, 5, 0, 0, 2, 62, 64, 24, 0, 155, 0]
2026-09-09 18:12:48 - __main__ - INFO - material priors: [114, 1034, 0, 0, 111, 43, 53, 11, 0, 50, 0, 42, 24, 0, 317, 11]
2026-09-09 18:13:32 - __main__ - INFO - material priors: [77, 585, 16, 11, 205, 0, 48, 11, 0, 50, 62, 94, 0, 0, 306, 11]
2026-09-09 18:14:18 - __main__ - INFO - material priors: [63, 851, 16, 11, 114, 43, 5, 0, 0, 2, 62, 64, 24, 0, 155, 0]
2026-09-09 18:14:51 - __main__ - INFO - material priors: [114, 1034, 0, 0, 111, 43, 53, 11, 0, 50, 0, 42, 24, 0, 317, 11]
2026-09-09 18:15:34 - __main__ - INFO - material priors: [77, 585, 16, 11, 205, 0, 48, 11, 0, 50, 62, 94, 0, 0, 306, 11]
2026-09-09 18:16:09 - __main__ - INFO - material priors: [63, 851, 16, 11, 114, 43, 5, 0, 0, 2, 62, 64, 24, 0, 155, 0]
2026-09-09 18:16:47 - __main__ - INFO - material priors: [114, 1034, 0, 0, 111, 43, 53, 11, 0, 50, 0, 42, 24, 0, 317, 11]
2026-09-09 18:17:37 - __main__ - INFO - material priors: [77, 585, 16, 11, 205, 0, 48, 11, 0, 50, 62, 94, 0, 0, 306, 11]
2026-09-09 18:18:19 - __main__ - INFO - material priors: [63, 851, 16, 11, 114, 43, 5, 0, 0, 2, 62, 64, 24, 0, 155, 0]
2026-09-09 18:18:38 - __main__ - INFO - material priors: [114, 1034, 0, 0, 111, 43, 53, 11, 0, 50, 0, 42, 24, 0, 317, 11]
2026-09-09 18:19:03 - __main__ - INFO - material priors: [77, 585, 16, 11, 205, 0, 48, 11, 0, 50, 62, 94, 0, 0, 306, 11]
2026-09-09 18:19:25 - __main__ - INFO - material priors: [63, 851, 16, 11, 114, 43, 5, 0, 0, 2, 62, 64, 24, 0, 155, 0]
2026-09-09 18:19:54 - __main__ - INFO - material priors: [114, 1034, 0, 0, 111, 43, 53, 11, 0, 50, 0, 42, 24, 0, 317, 11]
2026-09-09 18:20:19 - __main__ - INFO - material priors: [77, 585, 16, 11, 205, 0, 48, 11, 0, 50, 62, 94, 0, 0, 306, 11]
2026-09-09 18:20:39 - __main__ - INFO - material priors: [63, 851, 16, 11, 114, 43, 5, 0, 0, 2, 62, 64, 24, 0, 155, 0]
2026-09-09 18:21:04 - __main__ - INFO - material priors: [114, 1034, 0, 0, 111, 43, 53, 11, 0, 50, 0, 42, 24, 0, 317, 11]
2026-09-09 18:21:55 - __main__ - INFO - material priors: [77, 585, 16, 11, 205, 0, 48, 11, 0, 50, 62, 94, 0, 0, 306, 11]
2026-09-09 18:22:29 - __main__ - INFO - material priors: [63, 851, 16, 11, 114, 43, 5, 0, 0, 2, 62, 64, 24, 0, 155, 0]
2026-09-09 18:22:53 - __main__ - INFO - material priors: [114, 1034, 0, 0, 111, 43, 53, 11, 0, 50, 0, 42, 24, 0, 317, 11]
2026-09-09 18:23:38 - __main__ - INFO - material priors: [77, 585, 16, 11, 205, 0, 48, 11, 0, 50, 62, 94, 0, 0, 306, 11]
2026-09-09 18:24:04 - __main__ - INFO - material priors: [63, 851, 16, 11, 114, 43, 5, 0, 0, 2, 62, 64, 24, 0, 155, 0]
2026-09-09 18:24:34 - __main__ - INFO - material priors: [114, 1034, 0, 0, 111, 43, 53, 11, 0, 50, 0, 42, 24, 0, 317, 11]
2026-09-09 18:25:27 - __main__ - INFO - material priors: [77, 585, 16, 11, 205, 0, 48, 11, 0, 50, 62, 94, 0, 0, 306, 11]
2026-09-09 18:25:55 - __main__ - INFO - material priors: [63, 851, 16, 11, 114, 43, 5, 0, 0, 2, 62, 64, 24, 0, 155, 0]
2026-09-09 18:26:31 - __main__ - INFO - material priors: [114, 1034, 0, 0, 111, 43, 53, 11, 0, 50, 0, 42, 24, 0, 317, 11]
2026-09-09 18:27:27 - __main__ - INFO - material priors: [77, 585, 16, 11, 205, 0, 48, 11, 0, 50, 62, 94, 0, 0, 306, 11]
2026-09-09 18:27:54 - __main__ - INFO - material priors: [63, 851, 16, 11, 114, 43, 5, 0, 0, 2, 62, 64, 24, 0, 155, 0]
2026-09-09 18:28:21 - __main__ - INFO - material priors: [114, 1034, 0, 0, 111, 43, 53, 11, 0, 50, 0, 42, 24, 0, 317, 11]
2026-09-09 18:29:09 - __main__ - INFO - material priors: [77, 585, 16, 11, 205, 0, 48, 11, 0, 50, 62, 94, 0, 0, 306, 11]
2026-09-09 18:29:47 - __main__ - INFO - material priors: [63, 851, 16, 11, 114, 43, 5, 0, 0, 2, 62, 64, 24, 0, 155, 0]
2026-09-09 18:30:25 - __main__ - INFO - material priors: [114, 1034, 0, 0, 111, 43, 53, 11, 0, 50, 0, 42, 24, 0, 317, 11]
2026-09-09 18:31:15 - __main__ - INFO - material priors: [77, 585, 16, 11, 205, 0, 48, 11, 0, 50, 62, 94, 0, 0, 306, 11]
2026-09-09 18:31:43 - __main__ - INFO - material priors: [63, 851, 16, 11, 114, 43, 5, 0, 0, 2, 62, 64, 24, 0, 155, 0]
2026-09-09 18:32:20 - __main__ - INFO - material priors: [114, 1034, 0, 0, 111, 43, 53, 11, 0, 50, 0, 42, 24, 0, 317, 11]
2026-09-09 18:32:55 - __main__ - INFO - material priors: [77, 585, 16, 11, 205, 0, 48, 11, 0, 50, 62, 94, 0, 0, 306, 11]
2026-09-09 18:33:16 - __main__ - INFO - material priors: [63, 851, 16, 11, 114, 43, 5, 0, 0, 2, 62, 64, 24, 0, 155, 0]
2026-09-09 18:33:38 - __main__ - INFO - material priors: [114, 1034, 0, 0, 111, 43, 53, 11, 0, 50, 0, 42, 24, 0, 317, 11]
2026-09-09 18:34:13 - __main__ - INFO - material priors: [77, 585, 16, 11, 205, 0, 48, 11, 0, 50, 62, 94, 0, 0, 306, 11]
2026-09-09 18:34:30 - __main__ - INFO - material priors: [63, 851, 16, 11, 114, 43, 5, 0, 0, 2, 62, 64, 24, 0, 155, 0]
2026-09-09 18:34:52 - __main__ - INFO - material priors: [114, 1034, 0, 0, 111, 43, 53, 11, 0, 50, 0, 42, 24, 0, 317, 11]
2026-09-09 18:35:31 - __main__ - INFO - material priors: [77, 585, 16, 11, 205, 0, 48, 11, 0, 50, 62, 94, 0, 0, 306, 11]
2026-09-09 18:35:52 - __main__ - INFO - material priors: [63, 851, 16, 11, 114, 43, 5, 0, 0, 2, 62, 64, 24, 0, 155, 0]
2026-09-09 18:36:13 - __main__ - INFO - material priors: [114, 1034, 0, 0, 111, 43, 53, 11, 0, 50, 0, 42, 24, 0, 317, 11]
2026-09-09 18:36:53 - __main__ - INFO - material priors: [77, 585, 16, 11, 205, 0, 48, 11, 0, 50, 62, 94, 0, 0, 306, 11]
2026-09-09 18:37:15 - __main__ - INFO - material priors: [63, 851, 16, 11, 114, 43, 5, 0, 0, 2, 62, 64, 24, 0, 155, 0]
2026-09-09 18:37:37 - __main__ - INFO - material priors: [114, 1034, 0, 0, 111, 43, 53, 11, 0, 50, 0, 42, 24, 0, 317, 11]
2026-09-09 18:38:20 - __main__ - INFO - material priors: [77, 585, 16, 11, 205, 0, 48, 11, 0, 50, 62, 94, 0, 0, 306, 11]
2026-09-09 18:38:43 - __main__ - INFO - material priors: [63, 851, 16, 11, 114, 43, 5, 0, 0, 2, 62, 64, 24, 0, 155, 0]
2026-09-09 18:39:07 - __main__ - INFO - material priors: [114, 1034, 0, 0, 111, 43, 53, 11, 0, 50, 0, 42, 24, 0, 317, 11]
2026-09-09 18:39:58 - __main__ - INFO - material priors: [77, 585, 16, 11, 205, 0, 48, 11, 0, 50, 62, 94, 0, 0, 306, 11]
2026-09-09 18:40:25 - __main__ - INFO - material priors: [63, 851, 16, 11, 114, 43, 5, 0, 0, 2, 62, 64, 24, 0, 155, 0]
2026-09-09 18:40:52 - __main__ - INFO - material priors: [114, 1034, 0, 0, 111, 43, 53, 11, 0, 50, 0, 42, 24, 0, 317, 11]
2026-09-09 18:41:33 - __main__ - INFO - material priors: [77, 585, 16, 11, 205, 0, 48, 11, 0, 50, 62, 94, 0, 0, 306, 11]
2026-09-09 18:42:02 - __main__ - INFO - material priors: [63, 851, 16, 11, 114, 43, 5, 0, 0, 2, 62, 64, 24, 0, 155, 0]
2026-09-09 18:42:29 - __main__ - INFO - material priors: [114, 1034, 0, 0, 111, 43, 53, 11, 0, 50, 0, 42, 24, 0, 317, 11]
2026-09-09 18:43:19 - __main__ - INFO - material priors: [77, 585, 16, 11, 205, 0, 48, 11, 0, 50, 62, 94, 0, 0, 306, 11]
2026-09-09 18:43:47 - __main__ - INFO - material priors: [63, 851, 16, 11, 114, 43, 5, 0, 0, 2, 62, 64, 24, 0, 155, 0]
2026-09-09 18:44:34 - __main__ - INFO - material priors: [114, 1034, 0, 0, 111, 43, 53, 11, 0, 50, 0, 42, 24, 0, 317, 11]
2026-09-09 18:45:25 - __main__ - INFO - material priors: [77, 585, 16, 11, 205, 0, 48, 11, 0, 50, 62, 94, 0, 0, 306, 11]
2026-09-09 18:45:50 - __main__ - INFO - material priors: [63, 851, 16, 11, 114, 43, 5, 0, 0, 2, 62, 64, 24, 0, 155, 0]
2026-09-09 18:46:20 - __main__ - INFO - material priors: [114, 1034, 0, 0, 111, 43, 53, 11, 0, 50, 0, 42, 24, 0, 317, 11]
2026-09-09 18:47:09 - __main__ - INFO - material priors: [77, 585, 16, 11, 205, 0, 48, 11, 0, 50, 62, 94, 0, 0, 306, 11]
2026-09-09 18:47:35 - __main__ - INFO - material priors: [63, 851, 16, 11, 114, 43, 5, 0, 0, 2, 62, 64, 24, 0, 155, 0]
2026-09-09 18:47:55 - __main__ - INFO - material priors: [114, 1034, 0, 0, 111, 43, 53, 11, 0, 50, 0, 42, 24, 0, 317, 11]
2026-09-09 18:48:43 - __main__ - INFO - material priors: [77, 585, 16, 11, 205, 0, 48, 11, 0, 50, 62, 94, 0, 0, 306, 11]
2026-09-09 18:49:22 - __main__ - INFO - material priors: [63, 851, 16, 11, 114, 43, 5, 0, 0, 2, 62, 64, 24, 0, 155, 0]
2026-09-09 18:50:04 - __main__ - INFO - material priors: [114, 1034, 0, 0, 111, 43, 53, 11, 0, 50, 0, 42, 24, 0, 317, 11]
2026-09-09 18:50:53 - __main__ - INFO - material priors: [77, 585, 16, 11, 205, 0, 48, 11, 0, 50, 62, 94, 0, 0, 306, 11]
2026-09-09 18:51:36 - __main__ - INFO - material priors: [63, 851, 16, 11, 114, 43, 5, 0, 0, 2, 62, 64, 24, 0, 155, 0]
2026-09-09 18:51:53 - __main__ - INFO - material priors: [114, 1034, 0, 0, 111, 43, 53, 11, 0, 50, 0, 42, 24, 0, 317, 11]
2026-09-09 18:52:21 - __main__ - INFO - material priors: [77, 585, 16, 11, 205, 0, 48, 11, 0, 50, 62, 94, 0, 0, 306, 11]
2026-09-09 18:52:43 - __main__ - INFO - material priors: [63, 851, 16, 11, 114, 43, 5, 0, 0, 2, 62, 64, 24, 0, 155, 0]
2026-09-09 18:53:32 - __main__ - INFO - material priors: [114, 1034, 0, 0, 111, 43, 53, 11, 0, 50, 0, 42, 24, 0, 317, 11]
2026-09-09 18:54:51 - __main__ - INFO - material priors: [77, 585, 16, 11, 205, 0, 48, 11, 0, 50, 62, 94, 0, 0, 306, 11]
2026-09-09 18:56:05 - __main__ - INFO - material priors: [63, 851, 16, 11, 114, 43, 5, 0, 0, 2, 62, 64, 24, 0, 155, 0]
2026-09-09 18:56:39 - __main__ - INFO - material priors: [114, 1034, 0, 0, 111, 43, 53, 11, 0, 50, 0, 42, 24, 0, 317, 11]
2026-09-09 18:57:16 - __main__ - INFO - material priors: [77, 585, 16, 11, 205, 0, 48, 11, 0, 50, 62, 94, 0, 0, 306, 11]
2026-09-09 18:57:44 - __main__ - INFO - material priors: [63, 851, 16, 11, 114, 43, 5, 0, 0, 2, 62, 64, 24, 0, 155, 0]
2026-09-09 18:58:24 - __main__ - INFO - material priors: [114, 1034, 0, 0, 111, 43, 53, 11, 0, 50, 0, 42, 24, 0, 317, 11]
2026-09-09 18:59:13 - __main__ - INFO - material priors: [77, 585, 16, 11, 205, 0, 48, 11, 0, 50, 62, 94, 0, 0, 306, 11]
2026-09-09 18:59:40 - __main__ - INFO - material priors: [63, 851, 16, 11, 114, 43, 5, 0, 0, 2, 62, 64, 24, 0, 155, 0]
2026-09-09 19:00:22 - __main__ - INFO - material priors: [114, 1034, 0, 0, 111, 43, 53, 11, 0, 50, 0, 42, 24, 0, 317, 11]
2026-09-09 19:01:04 - __main__ - INFO - material priors: [77, 585, 16, 11, 205, 0, 48, 11, 0, 50, 62, 94, 0, 0, 306, 11]
2026-09-09 19:01:35 - __main__ - INFO - material priors: [63, 851, 16, 11, 114, 43, 5, 0, 0, 2, 62, 64, 24, 0, 155, 0]
2026-09-09 19:02:03 - __main__ - INFO - material priors: [114, 1034, 0, 0, 111, 43, 53, 11, 0, 50, 0, 42, 24, 0, 317, 11]
2026-09-09 19:02:50 - __main__ - INFO - material priors: [77, 585, 16, 11, 205, 0, 48, 11, 0, 50, 62, 94, 0, 0, 306, 11]
2026-09-09 19:03:13 - __main__ - INFO - material priors: [63, 851, 16, 11, 114, 43, 5, 0, 0, 2, 62, 64, 24, 0, 155, 0]
2026-09-09 19:03:40 - __main__ - INFO - material priors: [114, 1034, 0, 0, 111, 43, 53, 11, 0, 50, 0, 42, 24, 0, 317, 11]
2026-09-09 19:04:19 - __main__ - INFO - material priors: [77, 585, 16, 11, 205, 0, 48, 11, 0, 50, 62, 94, 0, 0, 306, 11]
2026-09-09 19:04:56 - __main__ - INFO - material priors: [63, 851, 16, 11, 114, 43, 5, 0, 0, 2, 62, 64, 24, 0, 155, 0]
2026-09-09 19:05:46 - __main__ - INFO - material priors: [114, 1034, 0, 0, 111, 43, 53, 11, 0, 50, 0, 42, 24, 0, 317, 11]
2026-09-09 19:06:43 - __main__ - INFO - material priors: [77, 585, 16, 11, 205, 0, 48, 11, 0, 50, 62, 94, 0, 0, 306, 11]
2026-09-09 19:07:19 - __main__ - INFO - material priors: [63, 851, 16, 11, 114, 43, 5, 0, 0, 2, 62, 64, 24, 0, 155, 0]
2026-09-09 19:07:56 - __main__ - INFO - material priors: [114, 1034, 0, 0, 111, 43, 53, 11, 0, 50, 0, 42, 24, 0, 317, 11]
2026-09-09 19:08:31 - __main__ - INFO - material priors: [77, 585, 16, 11, 205, 0, 48, 11, 0, 50, 62, 94, 0, 0, 306, 11]
2026-09-09 19:09:29 - __main__ - INFO - material priors: [63, 851, 16, 11, 114, 43, 5, 0, 0, 2, 62, 64, 24, 0, 155, 0]
2026-09-09 19:09:54 - __main__ - INFO - material priors: [114, 1034, 0, 0, 111, 43, 53, 11, 0, 50, 0, 42, 24, 0, 317, 11]
2026-09-09 19:10:41 - __main__ - INFO - material priors: [77, 585, 16, 11, 205, 0, 48, 11, 0, 50, 62, 94, 0, 0, 306, 11]
2026-09-09 19:11:04 - __main__ - INFO - material priors: [63, 851, 16, 11, 114, 43, 5, 0, 0, 2, 62, 64, 24, 0, 155, 0]
2026-09-09 19:11:44 - __main__ - INFO - material priors: [114, 1034, 0, 0, 111, 43, 53, 11, 0, 50, 0, 42, 24, 0, 317, 11]
2026-09-09 19:12:17 - __main__ - INFO - material priors: [77, 585, 16, 11, 205, 0, 48, 11, 0, 50, 62, 94, 0, 0, 306, 11]
2026-09-09 19:13:04 - __main__ - INFO - material priors: [63, 851, 16, 11, 114, 43, 5, 0, 0, 2, 62, 64, 24, 0, 155, 0]
2026-09-09 19:13:40 - __main__ - INFO - material priors: [114, 1034, 0, 0, 111, 43, 53, 11, 0, 50, 0, 42, 24, 0, 317, 11]
2026-09-09 19:14:23 - __main__ - INFO - material priors: [77, 585, 16, 11, 205, 0, 48, 11, 0, 50, 62, 94, 0, 0, 306, 11]
2026-09-09 19:14:55 - __main__ - INFO - material priors: [63, 851, 16, 11, 114, 43, 5, 0, 0, 2, 62, 64, 24, 0, 155, 0]
2026-09-09 19:15:29 - __main__ - INFO - material priors: [114, 1034, 0, 0, 111, 43, 53, 11, 0, 50, 0, 42, 24, 0, 317, 11]
2026-09-09 19:16:23 - __main__ - INFO - material priors: [77, 585, 16, 11, 205, 0, 48, 11, 0, 50, 62, 94, 0, 0, 306, 11]
2026-09-09 19:17:03 - __main__ - INFO - material priors: [63, 851, 16, 11, 114, 43, 5, 0, 0, 2, 62, 64, 24, 0, 155, 0]
2026-09-09 19:17:37 - __main__ - INFO - material priors: [114, 1034, 0, 0, 111, 43, 53, 11, 0, 50, 0, 42, 24, 0, 317, 11]
2026-09-09 19:18:33 - __main__ - INFO - material priors: [77, 585, 16, 11, 205, 0, 48, 11, 0, 50, 62, 94, 0, 0, 306, 11]
2026-09-09 19:18:58 - __main__ - INFO - material priors: [63, 851, 16, 11, 114, 43, 5, 0, 0, 2, 62, 64, 24, 0, 155, 0]
2026-09-09 19:19:27 - __main__ - INFO - material priors: [114, 1034, 0, 0, 111, 43, 53, 11, 0, 50, 0, 42, 24, 0, 317, 11]
2026-09-09 19:20:23 - __main__ - INFO - material priors: [77, 585, 16, 11, 205, 0, 48, 11, 0, 50, 62, 94, 0, 0, 306, 11]
2026-09-09 19:20:54 - __main__ - INFO - material priors: [63, 851, 16, 11, 114, 43, 5, 0, 0, 2, 62, 64, 24, 0, 155, 0]
2026-09-09 19:21:21 - __main__ - INFO - material priors: [114, 1034, 0, 0, 111, 43, 53, 11, 0, 50, 0, 42, 24, 0, 317, 11]
2026-09-09 19:22:15 - __main__ - INFO - material priors: [77, 585, 16, 11, 205, 0, 48, 11, 0, 50, 62, 94, 0, 0, 306, 11]
2026-09-09 19:22:42 - __main__ - INFO - material priors: [63, 851, 16, 11, 114, 43, 5, 0, 0, 2, 62, 64, 24, 0, 155, 0]
2026-09-09 19:23:19 - __main__ - INFO - material priors: [114, 1034, 0, 0, 111, 43, 53, 11, 0, 50, 0, 42, 24, 0, 317, 11]
2026-09-09 19:24:10 - __main__ - INFO - material priors: [77, 585, 16, 11, 205, 0, 48, 11, 0, 50, 62, 94, 0, 0, 306, 11]
2026-09-09 19:24:41 - __main__ - INFO - material priors: [63, 851, 16, 11, 114, 43, 5, 0, 0, 2, 62, 64, 24, 0, 155, 0]
2026-09-09 19:25:13 - __main__ - INFO - material priors: [114, 1034, 0, 0, 111, 43, 53, 11, 0, 50, 0, 42, 24, 0, 317, 11]
2026-09-09 19:26:11 - __main__ - INFO - material priors: [77, 585, 16, 11, 205, 0, 48, 11, 0, 50, 62, 94, 0, 0, 306, 11]
2026-09-09 19:26:41 - __main__ - INFO - material priors: [63, 851, 16, 11, 114, 43, 5, 0, 0, 2, 62, 64, 24, 0, 155, 0]
2026-09-09 19:27:29 - __main__ - INFO - material priors: [114, 1034, 0, 0, 111, 43, 53, 11, 0, 50, 0, 42, 24, 0, 317, 11]
2026-09-09 19:28:17 - __main__ - INFO - material priors: [77, 585, 16, 11, 205, 0, 48, 11, 0, 50, 62, 94, 0, 0, 306, 11]
2026-09-09 19:28:52 - __main__ - INFO - material priors: [63, 851, 16, 11, 114, 43, 5, 0, 0, 2, 62, 64, 24, 0, 155, 0]
2026-09-09 19:29:21 - __main__ - INFO - material priors: [114, 1034, 0, 0, 111, 43, 53, 11, 0, 50, 0, 42, 24, 0, 317, 11]
2026-09-09 19:30:04 - __main__ - INFO - material priors: [77, 585, 16, 11, 205, 0, 48, 11, 0, 50, 62, 94, 0, 0, 306, 11]
2026-09-09 19:30:41 - __main__ - INFO - material priors: [63, 851, 16, 11, 114, 43, 5, 0, 0, 2, 62, 64, 24, 0, 155, 0]
2026-09-09 19:31:18 - __main__ - INFO - material priors: [114, 1034, 0, 0, 111, 43, 53, 11, 0, 50, 0, 42, 24, 0, 317, 11]
2026-09-09 19:32:12 - __main__ - INFO - material priors: [77, 585, 16, 11, 205, 0, 48, 11, 0, 50, 62, 94, 0, 0, 306, 11]
2026-09-09 19:32:44 - __main__ - INFO - material priors: [63, 851, 16, 11, 114, 43, 5, 0, 0, 2, 62, 64, 24, 0, 155, 0]
2026-09-09 19:33:37 - __main__ - INFO - material priors: [114, 1034, 0, 0, 111, 43, 53, 11, 0, 50, 0, 42, 24, 0, 317, 11]
2026-09-09 19:34:27 - __main__ - INFO - material priors: [77, 585, 16, 11, 205, 0, 48, 11, 0, 50, 62, 94, 0, 0, 306, 11]
2026-09-09 19:35:19 - __main__ - INFO - material priors: [63, 851, 16, 11, 114, 43, 5, 0, 0, 2, 62, 64, 24, 0, 155, 0]
2026-09-09 19:35:55 - __main__ - INFO - material priors: [114, 1034, 0, 0, 111, 43, 53, 11, 0, 50, 0, 42, 24, 0, 317, 11]
2026-09-09 19:36:59 - __main__ - INFO - material priors: [77, 585, 16, 11, 205, 0, 48, 11, 0, 50, 62, 94, 0, 0, 306, 11]
2026-09-09 19:37:32 - __main__ - INFO - material priors: [63, 851, 16, 11, 114, 43, 5, 0, 0, 2, 62, 64, 24, 0, 155, 0]
2026-09-09 19:38:09 - __main__ - INFO - material priors: [114, 1034, 0, 0, 111, 43, 53, 11, 0, 50, 0, 42, 24, 0, 317, 11]
2026-09-09 19:39:13 - __main__ - INFO - material priors: [77, 585, 16, 11, 205, 0, 48, 11, 0, 50, 62, 94, 0, 0, 306, 11]
2026-09-09 19:39:48 - __main__ - INFO - material priors: [63, 851, 16, 11, 114, 43, 5, 0, 0, 2, 62, 64, 24, 0, 155, 0]
2026-09-09 19:40:21 - __main__ - INFO - material priors: [114, 1034, 0, 0, 111, 43, 53, 11, 0, 50, 0, 42, 24, 0, 317, 11]
2026-09-09 19:41:25 - __main__ - INFO - material priors: [77, 585, 16, 11, 205, 0, 48, 11, 0, 50, 62, 94, 0, 0, 306, 11]
2026-09-09 19:41:54 - __main__ - INFO - material priors: [63, 851, 16, 11, 114, 43, 5, 0, 0, 2, 62, 64, 24, 0, 155, 0]
2026-09-09 19:42:49 - __main__ - INFO - material priors: [114, 1034, 0, 0, 111, 43, 53, 11, 0, 50, 0, 42, 24, 0, 317, 11]
2026-09-09 19:43:52 - __main__ - INFO - material priors: [77, 585, 16, 11, 205, 0, 48, 11, 0, 50, 62, 94, 0, 0, 306, 11]
2026-09-09 19:44:45 - __main__ - INFO - material priors: [63, 851, 16, 11, 114, 43, 5, 0, 0, 2, 62, 64, 24, 0, 155, 0]
2026-09-09 19:45:21 - __main__ - INFO - material priors: [114, 1034, 0, 0, 111, 43, 53, 11, 0, 50, 0, 42, 24, 0, 317, 11]
2026-09-09 19:46:24 - __main__ - INFO - material priors: [77, 585, 16, 11, 205, 0, 48, 11, 0, 50, 62, 94, 0, 0, 306, 11]
2026-09-09 19:47:03 - __main__ - INFO - material priors: [63, 851, 16, 11, 114, 43, 5, 0, 0, 2, 62, 64, 24, 0, 155, 0]
2026-09-09 19:47:32 - __main__ - INFO - material priors: [114, 1034, 0, 0, 111, 43, 53, 11, 0, 50, 0, 42, 24, 0, 317, 11]
2026-09-09 19:48:28 - __main__ - INFO - material priors: [77, 585, 16, 11, 205, 0, 48, 11, 0, 50, 62, 94, 0, 0, 306, 11]
2026-09-09 19:48:55 - __main__ - INFO - material priors: [63, 851, 16, 11, 114, 43, 5, 0, 0, 2, 62, 64, 24, 0, 155, 0]
2026-09-09 19:49:41 - __main__ - INFO - material priors: [114, 1034, 0, 0, 111, 43, 53, 11, 0, 50, 0, 42, 24, 0, 317, 11]
2026-09-09 19:50:14 - __main__ - INFO - material priors: [77, 585, 16, 11, 205, 0, 48, 11, 0, 50, 62, 94, 0, 0, 306, 11]
2026-09-09 19:50:39 - __main__ - INFO - material priors: [63, 851, 16, 11, 114, 43, 5, 0, 0, 2, 62, 64, 24, 0, 155, 0]
2026-09-09 19:51:09 - __main__ - INFO - material priors: [114, 1034, 0, 0, 111, 43, 53, 11, 0, 50, 0, 42, 24, 0, 317, 11]
2026-09-09 19:52:12 - __main__ - INFO - material priors: [77, 585, 16, 11, 205, 0, 48, 11, 0, 50, 62, 94, 0, 0, 306, 11]
2026-09-09 19:52:39 - __main__ - INFO - material priors: [63, 851, 16, 11, 114, 43, 5, 0, 0, 2, 62, 64, 24, 0, 155, 0]
2026-09-09 19:53:12 - __main__ - INFO - material priors: [114, 1034, 0, 0, 111, 43, 53, 11, 0, 50, 0, 42, 24, 0, 317, 11]
2026-09-09 19:53:46 - __main__ - INFO - material priors: [77, 585, 16, 11, 205, 0, 48, 11, 0, 50, 62, 94, 0, 0, 306, 11]
2026-09-09 19:54:27 - __main__ - INFO - material priors: [63, 851, 16, 11, 114, 43, 5, 0, 0, 2, 62, 64, 24, 0, 155, 0]
2026-09-09 19:55:02 - __main__ - INFO - material priors: [114, 1034, 0, 0, 111, 43, 53, 11, 0, 50, 0, 42, 24, 0, 317, 11]
2026-09-09 19:55:58 - __main__ - INFO - material priors: [77, 585, 16, 11, 205, 0, 48, 11, 0, 50, 62, 94, 0, 0, 306, 11]
2026-09-09 19:56:30 - __main__ - INFO - material priors: [63, 851, 16, 11, 114, 43, 5, 0, 0, 2, 62, 64, 24, 0, 155, 0]
2026-09-09 19:56:55 - __main__ - INFO - material priors: [114, 1034, 0, 0, 111, 43, 53, 11, 0, 50, 0, 42, 24, 0, 317, 11]
2026-09-09 19:57:31 - __main__ - INFO - material priors: [77, 585, 16, 11, 205, 0, 48, 11, 0, 50, 62, 94, 0, 0, 306, 11]
2026-09-09 19:58:15 - __main__ - INFO - material priors: [63, 851, 16, 11, 114, 43, 5, 0, 0, 2, 62, 64, 24, 0, 155, 0]
2026-09-09 19:58:55 - __main__ - INFO - material priors: [114, 1034, 0, 0, 111, 43, 53, 11, 0, 50, 0, 42, 24, 0, 317, 11]
2026-09-09 20:00:00 - __main__ - INFO - material priors: [77, 585, 16, 11, 205, 0, 48, 11, 0, 50, 62, 94, 0, 0, 306, 11]
2026-09-09 20:00:41 - __main__ - INFO - material priors: [63, 851, 16, 11, 114, 43, 5, 0, 0, 2, 62, 64, 24, 0, 155, 0]
2026-09-09 20:01:15 - __main__ - INFO - material priors: [114, 1034, 0, 0, 111, 43, 53, 11, 0, 50, 0, 42, 24, 0, 317, 11]
2026-09-09 20:02:11 - __main__ - INFO - material priors: [77, 585, 16, 11, 205, 0, 48, 11, 0, 50, 62, 94, 0, 0, 306, 11]
2026-09-09 20:02:49 - __main__ - INFO - material priors: [63, 851, 16, 11, 114, 43, 5, 0, 0, 2, 62, 64, 24, 0, 155, 0]
2026-09-09 20:03:44 - __main__ - INFO - material priors: [114, 1034, 0, 0, 111, 43, 53, 11, 0, 50, 0, 42, 24, 0, 317, 11]
2026-09-09 20:04:43 - __main__ - INFO - material priors: [77, 585, 16, 11, 205, 0, 48, 11, 0, 50, 62, 94, 0, 0, 306, 11]
2026-09-09 20:05:18 - __main__ - INFO - material priors: [63, 851, 16, 11, 114, 43, 5, 0, 0, 2, 62, 64, 24, 0, 155, 0]
2026-09-09 20:06:09 - __main__ - INFO - material priors: [114, 1034, 0, 0, 111, 43, 53, 11, 0, 50, 0, 42, 24, 0, 317, 11]
2026-09-09 20:06:54 - __main__ - INFO - material priors: [77, 585, 16, 11, 205, 0, 48, 11, 0, 50, 62, 94, 0, 0, 306, 11]
2026-09-09 20:07:36 - __main__ - INFO - material priors: [63, 851, 16, 11, 114, 43, 5, 0, 0, 2, 62, 64, 24, 0, 155, 0]
2026-09-09 20:08:13 - __main__ - INFO - material priors: [114, 1034, 0, 0, 111, 43, 53, 11, 0, 50, 0, 42, 24, 0, 317, 11]
2026-09-09 20:09:18 - __main__ - INFO - material priors: [77, 585, 16, 11, 205, 0, 48, 11, 0, 50, 62, 94, 0, 0, 306, 11]
2026-09-09 20:09:55 - __main__ - INFO - material priors: [63, 851, 16, 11, 114, 43, 5, 0, 0, 2, 62, 64, 24, 0, 155, 0]
2026-09-09 20:10:24 - __main__ - INFO - material priors: [114, 1034, 0, 0, 111, 43, 53, 11, 0, 50, 0, 42, 24, 0, 317, 11]
2026-09-09 20:11:25 - __main__ - INFO - material priors: [77, 585, 16, 11, 205, 0, 48, 11, 0, 50, 62, 94, 0, 0, 306, 11]
2026-09-09 20:11:55 - __main__ - INFO - material priors: [63, 851, 16, 11, 114, 43, 5, 0, 0, 2, 62, 64, 24, 0, 155, 0]
2026-09-09 20:12:38 - __main__ - INFO - material priors: [114, 1034, 0, 0, 111, 43, 53, 11, 0, 50, 0, 42, 24, 0, 317, 11]
2026-09-09 20:13:33 - __main__ - INFO - material priors: [77, 585, 16, 11, 205, 0, 48, 11, 0, 50, 62, 94, 0, 0, 306, 11]
2026-09-09 20:14:11 - __main__ - INFO - material priors: [63, 851, 16, 11, 114, 43, 5, 0, 0, 2, 62, 64, 24, 0, 155, 0]
2026-09-09 20:14:39 - __main__ - INFO - material priors: [114, 1034, 0, 0, 111, 43, 53, 11, 0, 50, 0, 42, 24, 0, 317, 11]
2026-09-09 20:15:21 - __main__ - INFO - material priors: [77, 585, 16, 11, 205, 0, 48, 11, 0, 50, 62, 94, 0, 0, 306, 11]
2026-09-09 20:16:04 - __main__ - INFO - material priors: [63, 851, 16, 11, 114, 43, 5, 0, 0, 2, 62, 64, 24, 0, 155, 0]
2026-09-09 20:16:34 - __main__ - INFO - material priors: [114, 1034, 0, 0, 111, 43, 53, 11, 0, 50, 0, 42, 24, 0, 317, 11]
2026-09-09 20:17:00 - __main__ - INFO - material priors: [77, 585, 16, 11, 205, 0, 48, 11, 0, 50, 62, 94, 0, 0, 306, 11]
2026-09-09 20:17:41 - __main__ - INFO - material priors: [63, 851, 16, 11, 114, 43, 5, 0, 0, 2, 62, 64, 24, 0, 155, 0]
2026-09-09 20:18:23 - __main__ - INFO - material priors: [114, 1034, 0, 0, 111, 43, 53, 11, 0, 50, 0, 42, 24, 0, 317, 11]
2026-09-09 20:19:15 - __main__ - INFO - material priors: [77, 585, 16, 11, 205, 0, 48, 11, 0, 50, 62, 94, 0, 0, 306, 11]
2026-09-09 20:19:50 - __main__ - INFO - material priors: [63, 851, 16, 11, 114, 43, 5, 0, 0, 2, 62, 64, 24, 0, 155, 0]
2026-09-09 20:20:12 - __main__ - INFO - material priors: [114, 1034, 0, 0, 111, 43, 53, 11, 0, 50, 0, 42, 24, 0, 317, 11]
2026-09-09 20:21:02 - __main__ - INFO - material priors: [77, 585, 16, 11, 205, 0, 48, 11, 0, 50, 62, 94, 0, 0, 306, 11]
2026-09-09 20:21:35 - __main__ - INFO - material priors: [63, 851, 16, 11, 114, 43, 5, 0, 0, 2, 62, 64, 24, 0, 155, 0]
2026-09-09 20:22:06 - __main__ - INFO - material priors: [114, 1034, 0, 0, 111, 43, 53, 11, 0, 50, 0, 42, 24, 0, 317, 11]
2026-09-09 20:22:45 - __main__ - INFO - material priors: [77, 585, 16, 11, 205, 0, 48, 11, 0, 50, 62, 94, 0, 0, 306, 11]
2026-09-09 20:23:19 - __main__ - INFO - material priors: [63, 851, 16, 11, 114, 43, 5, 0, 0, 2, 62, 64, 24, 0, 155, 0]
2026-09-09 20:24:00 - __main__ - INFO - material priors: [114, 1034, 0, 0, 111, 43, 53, 11, 0, 50, 0, 42, 24, 0, 317, 11]
2026-09-09 20:24:56 - __main__ - INFO - material priors: [77, 585, 16, 11, 205, 0, 48, 11, 0, 50, 62, 94, 0, 0, 306, 11]
2026-09-09 20:25:44 - __main__ - INFO - material priors: [63, 851, 16, 11, 114, 43, 5, 0, 0, 2, 62, 64, 24, 0, 155, 0]
2026-09-09 20:26:07 - __main__ - INFO - material priors: [114, 1034, 0, 0, 111, 43, 53, 11, 0, 50, 0, 42, 24, 0, 317, 11]
2026-09-09 20:26:36 - __main__ - INFO - material priors: [77, 585, 16, 11, 205, 0, 48, 11, 0, 50, 62, 94, 0, 0, 306, 11]
2026-09-09 20:27:19 - __main__ - INFO - material priors: [63, 851, 16, 11, 114, 43, 5, 0, 0, 2, 62, 64, 24, 0, 155, 0]
2026-09-09 20:27:59 - __main__ - INFO - material priors: [114, 1034, 0, 0, 111, 43, 53, 11, 0, 50, 0, 42, 24, 0, 317, 11]
2026-09-09 20:28:41 - __main__ - INFO - material priors: [77, 585, 16, 11, 205, 0, 48, 11, 0, 50, 62, 94, 0, 0, 306, 11]
2026-09-09 20:29:27 - __main__ - INFO - material priors: [63, 851, 16, 11, 114, 43, 5, 0, 0, 2, 62, 64, 24, 0, 155, 0]
2026-09-09 20:29:48 - __main__ - INFO - material priors: [114, 1034, 0, 0, 111, 43, 53, 11, 0, 50, 0, 42, 24, 0, 317, 11]
2026-09-09 20:30:16 - __main__ - INFO - material priors: [77, 585, 16, 11, 205, 0, 48, 11, 0, 50, 62, 94, 0, 0, 306, 11]
2026-09-09 20:31:04 - __main__ - INFO - material priors: [63, 851, 16, 11, 114, 43, 5, 0, 0, 2, 62, 64, 24, 0, 155, 0]
2026-09-09 20:31:29 - __main__ - INFO - material priors: [114, 1034, 0, 0, 111, 43, 53, 11, 0, 50, 0, 42, 24, 0, 317, 11]
2026-09-09 20:32:04 - __main__ - INFO - material priors: [77, 585, 16, 11, 205, 0, 48, 11, 0, 50, 62, 94, 0, 0, 306, 11]
2026-09-09 20:32:37 - __main__ - INFO - material priors: [63, 851, 16, 11, 114, 43, 5, 0, 0, 2, 62, 64, 24, 0, 155, 0]
2026-09-09 20:33:02 - __main__ - INFO - material priors: [114, 1034, 0, 0, 111, 43, 53, 11, 0, 50, 0, 42, 24, 0, 317, 11]
2026-09-09 20:33:42 - __main__ - INFO - material priors: [77, 585, 16, 11, 205, 0, 48, 11, 0, 50, 62, 94, 0, 0, 306, 11]
2026-09-09 20:34:10 - __main__ - INFO - material priors: [63, 851, 16, 11, 114, 43, 5, 0, 0, 2, 62, 64, 24, 0, 155, 0]
2026-09-09 20:34:38 - __main__ - INFO - material priors: [114, 1034, 0, 0, 111, 43, 53, 11, 0, 50, 0, 42, 24, 0, 317, 11]
2026-09-09 20:35:33 - __main__ - INFO - material priors: [77, 585, 16, 11, 205, 0, 48, 11, 0, 50, 62, 94, 0, 0, 306, 11]
2026-09-09 20:36:20 - __main__ - INFO - material priors: [63, 851, 16, 11, 114, 43, 5, 0, 0, 2, 62, 64, 24, 0, 155, 0]
2026-09-09 20:36:43 - __main__ - INFO - material priors: [114, 1034, 0, 0, 111, 43, 53, 11, 0, 50, 0, 42, 24, 0, 317, 11]
2026-09-09 20:37:18 - __main__ - INFO - material priors: [77, 585, 16, 11, 205, 0, 48, 11, 0, 50, 62, 94, 0, 0, 306, 11]
2026-09-09 20:37:55 - __main__ - INFO - material priors: [63, 851, 16, 11, 114, 43, 5, 0, 0, 2, 62, 64, 24, 0, 155, 0]
2026-09-09 20:38:37 - __main__ - INFO - material priors: [114, 1034, 0, 0, 111, 43, 53, 11, 0, 50, 0, 42, 24, 0, 317, 11]
2026-09-09 20:40:01 - __main__ - INFO - material priors: [77, 585, 16, 11, 205, 0, 48, 11, 0, 50, 62, 94, 0, 0, 306, 11]
2026-09-09 20:41:08 - __main__ - INFO - material priors: [63, 851, 16, 11, 114, 43, 5, 0, 0, 2, 62, 64, 24, 0, 155, 0]
2026-09-09 20:41:34 - __main__ - INFO - material priors: [114, 1034, 0, 0, 111, 43, 53, 11, 0, 50, 0, 42, 24, 0, 317, 11]
2026-09-09 20:42:09 - __main__ - INFO - material priors: [77, 585, 16, 11, 205, 0, 48, 11, 0, 50, 62, 94, 0, 0, 306, 11]
2026-09-09 20:42:53 - __main__ - INFO - material priors: [63, 851, 16, 11, 114, 43, 5, 0, 0, 2, 62, 64, 24, 0, 155, 0]
2026-09-09 20:43:26 - __main__ - INFO - material priors: [114, 1034, 0, 0, 111, 43, 53, 11, 0, 50, 0, 42, 24, 0, 317, 11]
2026-09-09 20:43:56 - __main__ - INFO - material priors: [77, 585, 16, 11, 205, 0, 48, 11, 0, 50, 62, 94, 0, 0, 306, 11]
2026-09-09 20:44:49 - __main__ - INFO - material priors: [63, 851, 16, 11, 114, 43, 5, 0, 0, 2, 62, 64, 24, 0, 155, 0]
2026-09-09 20:45:19 - __main__ - INFO - material priors: [114, 1034, 0, 0, 111, 43, 53, 11, 0, 50, 0, 42, 24, 0, 317, 11]
2026-09-09 20:45:51 - __main__ - INFO - material priors: [77, 585, 16, 11, 205, 0, 48, 11, 0, 50, 62, 94, 0, 0, 306, 11]
2026-09-09 20:46:39 - __main__ - INFO - material priors: [63, 851, 16, 11, 114, 43, 5, 0, 0, 2, 62, 64, 24, 0, 155, 0]
2026-09-09 20:47:03 - __main__ - INFO - material priors: [114, 1034, 0, 0, 111, 43, 53, 11, 0, 50, 0, 42, 24, 0, 317, 11]
2026-09-09 20:47:33 - __main__ - INFO - material priors: [77, 585, 16, 11, 205, 0, 48, 11, 0, 50, 62, 94, 0, 0, 306, 11]
2026-09-09 20:48:15 - __main__ - INFO - material priors: [63, 851, 16, 11, 114, 43, 5, 0, 0, 2, 62, 64, 24, 0, 155, 0]
2026-09-09 20:49:01 - __main__ - INFO - material priors: [114, 1034, 0, 0, 111, 43, 53, 11, 0, 50, 0, 42, 24, 0, 317, 11]
2026-09-09 20:49:44 - __main__ - INFO - material priors: [77, 585, 16, 11, 205, 0, 48, 11, 0, 50, 62, 94, 0, 0, 306, 11]
2026-09-09 20:50:17 - __main__ - INFO - material priors: [63, 851, 16, 11, 114, 43, 5, 0, 0, 2, 62, 64, 24, 0, 155, 0]
2026-09-09 20:50:45 - __main__ - INFO - material priors: [114, 1034, 0, 0, 111, 43, 53, 11, 0, 50, 0, 42, 24, 0, 317, 11]
2026-09-09 20:51:15 - __main__ - INFO - material priors: [77, 585, 16, 11, 205, 0, 48, 11, 0, 50, 62, 94, 0, 0, 306, 11]
2026-09-09 20:52:01 - __main__ - INFO - material priors: [63, 851, 16, 11, 114, 43, 5, 0, 0, 2, 62, 64, 24, 0, 155, 0]
2026-09-09 20:52:22 - __main__ - INFO - material priors: [114, 1034, 0, 0, 111, 43, 53, 11, 0, 50, 0, 42, 24, 0, 317, 11]
2026-09-09 20:52:51 - __main__ - INFO - material priors: [77, 585, 16, 11, 205, 0, 48, 11, 0, 50, 62, 94, 0, 0, 306, 11]
2026-09-09 20:53:25 - __main__ - INFO - material priors: [63, 851, 16, 11, 114, 43, 5, 0, 0, 2, 62, 64, 24, 0, 155, 0]
2026-09-09 20:53:46 - __main__ - INFO - material priors: [114, 1034, 0, 0, 111, 43, 53, 11, 0, 50, 0, 42, 24, 0, 317, 11]
2026-09-09 20:54:27 - __main__ - INFO - material priors: [77, 585, 16, 11, 205, 0, 48, 11, 0, 50, 62, 94, 0, 0, 306, 11]
2026-09-09 20:55:07 - __main__ - INFO - material priors: [63, 851, 16, 11, 114, 43, 5, 0, 0, 2, 62, 64, 24, 0, 155, 0]
2026-09-09 20:55:44 - __main__ - INFO - material priors: [114, 1034, 0, 0, 111, 43, 53, 11, 0, 50, 0, 42, 24, 0, 317, 11]
2026-09-09 20:56:33 - __main__ - INFO - material priors: [77, 585, 16, 11, 205, 0, 48, 11, 0, 50, 62, 94, 0, 0, 306, 11]
2026-09-09 20:57:42 - __main__ - INFO - material priors: [63, 851, 16, 11, 114, 43, 5, 0, 0, 2, 62, 64, 24, 0, 155, 0]
2026-09-09 20:58:18 - __main__ - INFO - material priors: [114, 1034, 0, 0, 111, 43, 53, 11, 0, 50, 0, 42, 24, 0, 317, 11]
2026-09-09 20:59:35 - __main__ - INFO - material priors: [77, 585, 16, 11, 205, 0, 48, 11, 0, 50, 62, 94, 0, 0, 306, 11]
2026-09-09 21:00:44 - __main__ - INFO - material priors: [63, 851, 16, 11, 114, 43, 5, 0, 0, 2, 62, 64, 24, 0, 155, 0]
2026-09-09 21:01:23 - __main__ - INFO - material priors: [114, 1034, 0, 0, 111, 43, 53, 11, 0, 50, 0, 42, 24, 0, 317, 11]
2026-09-09 21:02:06 - __main__ - INFO - material priors: [77, 585, 16, 11, 205, 0, 48, 11, 0, 50, 62, 94, 0, 0, 306, 11]
2026-09-09 21:02:45 - __main__ - INFO - material priors: [63, 851, 16, 11, 114, 43, 5, 0, 0, 2, 62, 64, 24, 0, 155, 0]
2026-09-09 21:03:52 - __main__ - INFO - material priors: [114, 1034, 0, 0, 111, 43, 53, 11, 0, 50, 0, 42, 24, 0, 317, 11]
2026-09-09 21:04:49 - __main__ - INFO - material priors: [77, 585, 16, 11, 205, 0, 48, 11, 0, 50, 62, 94, 0, 0, 306, 11]
2026-09-09 21:05:35 - __main__ - INFO - material priors: [63, 851, 16, 11, 114, 43, 5, 0, 0, 2, 62, 64, 24, 0, 155, 0]
2026-09-09 21:06:11 - __main__ - INFO - material priors: [114, 1034, 0, 0, 111, 43, 53, 11, 0, 50, 0, 42, 24, 0, 317, 11]
2026-09-09 21:06:59 - __main__ - INFO - material priors: [77, 585, 16, 11, 205, 0, 48, 11, 0, 50, 62, 94, 0, 0, 306, 11]
2026-09-09 21:08:11 - __main__ - INFO - material priors: [63, 851, 16, 11, 114, 43, 5, 0, 0, 2, 62, 64, 24, 0, 155, 0]
2026-09-09 21:08:39 - __main__ - INFO - material priors: [114, 1034, 0, 0, 111, 43, 53, 11, 0, 50, 0, 42, 24, 0, 317, 11]
2026-09-09 21:09:16 - __main__ - INFO - material priors: [77, 585, 16, 11, 205, 0, 48, 11, 0, 50, 62, 94, 0, 0, 306, 11]
2026-09-09 21:09:36 - __main__ - INFO - material priors: [63, 851, 16, 11, 114, 43, 5, 0, 0, 2, 62, 64, 24, 0, 155, 0]
2026-09-09 21:10:02 - __main__ - INFO - material priors: [114, 1034, 0, 0, 111, 43, 53, 11, 0, 50, 0, 42, 24, 0, 317, 11]
2026-09-09 21:10:49 - __main__ - INFO - material priors: [77, 585, 16, 11, 205, 0, 48, 11, 0, 50, 62, 94, 0, 0, 306, 11]
2026-09-09 21:11:16 - __main__ - INFO - material priors: [63, 851, 16, 11, 114, 43, 5, 0, 0, 2, 62, 64, 24, 0, 155, 0]
2026-09-09 21:11:56 - __main__ - INFO - material priors: [114, 1034, 0, 0, 111, 43, 53, 11, 0, 50, 0, 42, 24, 0, 317, 11]
2026-09-09 21:12:43 - __main__ - INFO - material priors: [77, 585, 16, 11, 205, 0, 48, 11, 0, 50, 62, 94, 0, 0, 306, 11]
2026-09-09 21:13:34 - __main__ - INFO - material priors: [63, 851, 16, 11, 114, 43, 5, 0, 0, 2, 62, 64, 24, 0, 155, 0]
2026-09-09 21:14:02 - __main__ - INFO - material priors: [114, 1034, 0, 0, 111, 43, 53, 11, 0, 50, 0, 42, 24, 0, 317, 11]
2026-09-09 21:14:31 - __main__ - INFO - material priors: [77, 585, 16, 11, 205, 0, 48, 11, 0, 50, 62, 94, 0, 0, 306, 11]
2026-09-09 21:15:17 - __main__ - INFO - material priors: [63, 851, 16, 11, 114, 43, 5, 0, 0, 2, 62, 64, 24, 0, 155, 0]
2026-09-09 21:15:54 - __main__ - INFO - material priors: [114, 1034, 0, 0, 111, 43, 53, 11, 0, 50, 0, 42, 24, 0, 317, 11]
2026-09-09 21:16:44 - __main__ - INFO - material priors: [77, 585, 16, 11, 205, 0, 48, 11, 0, 50, 62, 94, 0, 0, 306, 11]
2026-09-09 21:17:21 - __main__ - INFO - Best hyperparameters (averaged over 3 folds): {'n_layers': 3, 'hidden_dim_0': 448, 'hidden_dim_1': 64, 'hidden_dim_2': 320, 'dropout': 0.40325045144561794, 'learning_rate': 0.005447821067941039, 'weight_decay': 1.248181643208142e-06, 'batch_size': 64, 'use_batch_norm': False, 'activation': 'relu', 'logit_adjust_tau': 0.08569386842533437, 'ls_material': 0.0569939757423311, 'task_weight_material': 1.0}
2026-09-09 21:17:21 - __main__ - INFO - Best CV score: 0.3290
2026-09-09 21:17:21 - __main__ - INFO - Training final model with proper train/val split...
2026-09-09 21:17:21 - __main__ - INFO - material: 14/16 classes have training support in this fold
2026-09-09 21:17:21 - __main__ - INFO - Final training split: 2175 train, 242 validation, 299 test
2026-09-09 21:17:22 - __main__ - INFO - material priors: [127, 1235, 16, 11, 215, 43, 53, 11, 0, 51, 62, 100, 24, 0, 389, 11]
2026-09-09 21:17:22 - diana.utils.checkpointing - INFO - CheckpointManager initialized: results/search_v9_single_material/cv_results/fold_1
2026-09-09 21:17:23 - diana.utils.checkpointing - INFO - Checkpoint saved: results/search_v9_single_material/cv_results/fold_1/checkpoint_epoch_1_20260909_211722.pth
2026-09-09 21:17:25 - diana.utils.checkpointing - INFO - New best model saved: results/search_v9_single_material/cv_results/fold_1/best_model.pth (val_loss: 1.5445)
2026-09-09 21:17:26 - diana.utils.checkpointing - INFO - Checkpoint saved: results/search_v9_single_material/cv_results/fold_1/checkpoint_epoch_2_20260909_211725.pth
2026-09-09 21:17:28 - diana.utils.checkpointing - INFO - New best model saved: results/search_v9_single_material/cv_results/fold_1/best_model.pth (val_loss: 1.4835)
2026-09-09 21:17:29 - diana.utils.checkpointing - INFO - Checkpoint saved: results/search_v9_single_material/cv_results/fold_1/checkpoint_epoch_3_20260909_211728.pth
2026-09-09 21:17:30 - diana.utils.checkpointing - INFO - New best model saved: results/search_v9_single_material/cv_results/fold_1/best_model.pth (val_loss: 1.1042)
2026-09-09 21:17:32 - diana.utils.checkpointing - INFO - Checkpoint saved: results/search_v9_single_material/cv_results/fold_1/checkpoint_epoch_4_20260909_211731.pth
2026-09-09 21:17:33 - diana.utils.checkpointing - INFO - New best model saved: results/search_v9_single_material/cv_results/fold_1/best_model.pth (val_loss: 0.9980)
2026-09-09 21:17:34 - diana.utils.checkpointing - INFO - Checkpoint saved: results/search_v9_single_material/cv_results/fold_1/checkpoint_epoch_5_20260909_211733.pth
2026-09-09 21:17:36 - diana.utils.checkpointing - INFO - New best model saved: results/search_v9_single_material/cv_results/fold_1/best_model.pth (val_loss: 0.9486)
2026-09-09 21:17:37 - diana.utils.checkpointing - INFO - Checkpoint saved: results/search_v9_single_material/cv_results/fold_1/checkpoint_epoch_6_20260909_211736.pth
2026-09-09 21:17:39 - diana.utils.checkpointing - INFO - New best model saved: results/search_v9_single_material/cv_results/fold_1/best_model.pth (val_loss: 0.8957)
2026-09-09 21:17:41 - diana.utils.checkpointing - INFO - Checkpoint saved: results/search_v9_single_material/cv_results/fold_1/checkpoint_epoch_7_20260909_211739.pth
2026-09-09 21:17:42 - diana.utils.checkpointing - INFO - New best model saved: results/search_v9_single_material/cv_results/fold_1/best_model.pth (val_loss: 0.8917)
2026-09-09 21:17:44 - diana.utils.checkpointing - INFO - Checkpoint saved: results/search_v9_single_material/cv_results/fold_1/checkpoint_epoch_8_20260909_211742.pth
2026-09-09 21:17:45 - diana.utils.checkpointing - INFO - Checkpoint saved: results/search_v9_single_material/cv_results/fold_1/checkpoint_epoch_9_20260909_211744.pth
2026-09-09 21:17:47 - diana.utils.checkpointing - INFO - New best model saved: results/search_v9_single_material/cv_results/fold_1/best_model.pth (val_loss: 0.8211)
2026-09-09 21:17:48 - diana.utils.checkpointing - INFO - Checkpoint saved: results/search_v9_single_material/cv_results/fold_1/checkpoint_epoch_10_20260909_211747.pth
2026-09-09 21:17:50 - diana.utils.checkpointing - INFO - Checkpoint saved: results/search_v9_single_material/cv_results/fold_1/checkpoint_epoch_11_20260909_211749.pth
2026-09-09 21:17:52 - diana.utils.checkpointing - INFO - Checkpoint saved: results/search_v9_single_material/cv_results/fold_1/checkpoint_epoch_12_20260909_211751.pth
2026-09-09 21:17:53 - diana.utils.checkpointing - INFO - New best model saved: results/search_v9_single_material/cv_results/fold_1/best_model.pth (val_loss: 0.8204)
2026-09-09 21:17:55 - diana.utils.checkpointing - INFO - Checkpoint saved: results/search_v9_single_material/cv_results/fold_1/checkpoint_epoch_13_20260909_211753.pth
2026-09-09 21:17:56 - diana.utils.checkpointing - INFO - New best model saved: results/search_v9_single_material/cv_results/fold_1/best_model.pth (val_loss: 0.7786)
2026-09-09 21:17:58 - diana.utils.checkpointing - INFO - Checkpoint saved: results/search_v9_single_material/cv_results/fold_1/checkpoint_epoch_14_20260909_211756.pth
2026-09-09 21:17:59 - diana.utils.checkpointing - INFO - New best model saved: results/search_v9_single_material/cv_results/fold_1/best_model.pth (val_loss: 0.7743)
2026-09-09 21:18:00 - diana.utils.checkpointing - INFO - Checkpoint saved: results/search_v9_single_material/cv_results/fold_1/checkpoint_epoch_15_20260909_211759.pth
2026-09-09 21:18:02 - diana.utils.checkpointing - INFO - Checkpoint saved: results/search_v9_single_material/cv_results/fold_1/checkpoint_epoch_16_20260909_211801.pth
2026-09-09 21:18:03 - diana.utils.checkpointing - INFO - New best model saved: results/search_v9_single_material/cv_results/fold_1/best_model.pth (val_loss: 0.7520)
2026-09-09 21:18:05 - diana.utils.checkpointing - INFO - Checkpoint saved: results/search_v9_single_material/cv_results/fold_1/checkpoint_epoch_17_20260909_211804.pth
2026-09-09 21:18:06 - diana.utils.checkpointing - INFO - New best model saved: results/search_v9_single_material/cv_results/fold_1/best_model.pth (val_loss: 0.7324)
2026-09-09 21:18:08 - diana.utils.checkpointing - INFO - Checkpoint saved: results/search_v9_single_material/cv_results/fold_1/checkpoint_epoch_18_20260909_211807.pth
2026-09-09 21:18:10 - diana.utils.checkpointing - INFO - Checkpoint saved: results/search_v9_single_material/cv_results/fold_1/checkpoint_epoch_19_20260909_211808.pth
2026-09-09 21:18:11 - diana.utils.checkpointing - INFO - New best model saved: results/search_v9_single_material/cv_results/fold_1/best_model.pth (val_loss: 0.7100)
2026-09-09 21:18:13 - diana.utils.checkpointing - INFO - Checkpoint saved: results/search_v9_single_material/cv_results/fold_1/checkpoint_epoch_20_20260909_211811.pth
2026-09-09 21:18:13 - __main__ - INFO - Epoch 20/200, Train Loss: 0.8553, Val Loss: 0.7228
2026-09-09 21:18:14 - diana.utils.checkpointing - INFO - Checkpoint saved: results/search_v9_single_material/cv_results/fold_1/checkpoint_epoch_21_20260909_211813.pth
2026-09-09 21:18:16 - diana.utils.checkpointing - INFO - Checkpoint saved: results/search_v9_single_material/cv_results/fold_1/checkpoint_epoch_22_20260909_211815.pth
2026-09-09 21:18:17 - diana.utils.checkpointing - INFO - Checkpoint saved: results/search_v9_single_material/cv_results/fold_1/checkpoint_epoch_23_20260909_211816.pth
2026-09-09 21:18:19 - diana.utils.checkpointing - INFO - Checkpoint saved: results/search_v9_single_material/cv_results/fold_1/checkpoint_epoch_24_20260909_211818.pth
2026-09-09 21:18:20 - diana.utils.checkpointing - INFO - Checkpoint saved: results/search_v9_single_material/cv_results/fold_1/checkpoint_epoch_25_20260909_211819.pth
2026-09-09 21:18:22 - diana.utils.checkpointing - INFO - Checkpoint saved: results/search_v9_single_material/cv_results/fold_1/checkpoint_epoch_26_20260909_211821.pth
2026-09-09 21:18:24 - diana.utils.checkpointing - INFO - Checkpoint saved: results/search_v9_single_material/cv_results/fold_1/checkpoint_epoch_27_20260909_211823.pth
2026-09-09 21:18:25 - diana.utils.checkpointing - INFO - New best model saved: results/search_v9_single_material/cv_results/fold_1/best_model.pth (val_loss: 0.7069)
2026-09-09 21:18:27 - diana.utils.checkpointing - INFO - Checkpoint saved: results/search_v9_single_material/cv_results/fold_1/checkpoint_epoch_28_20260909_211825.pth
2026-09-09 21:18:28 - diana.utils.checkpointing - INFO - New best model saved: results/search_v9_single_material/cv_results/fold_1/best_model.pth (val_loss: 0.6839)
2026-09-09 21:18:29 - diana.utils.checkpointing - INFO - Checkpoint saved: results/search_v9_single_material/cv_results/fold_1/checkpoint_epoch_29_20260909_211828.pth
2026-09-09 21:18:31 - diana.utils.checkpointing - INFO - Checkpoint saved: results/search_v9_single_material/cv_results/fold_1/checkpoint_epoch_30_20260909_211830.pth
2026-09-09 21:18:33 - diana.utils.checkpointing - INFO - Checkpoint saved: results/search_v9_single_material/cv_results/fold_1/checkpoint_epoch_31_20260909_211832.pth
2026-09-09 21:18:35 - diana.utils.checkpointing - INFO - Checkpoint saved: results/search_v9_single_material/cv_results/fold_1/checkpoint_epoch_32_20260909_211833.pth
2026-09-09 21:18:36 - diana.utils.checkpointing - INFO - Checkpoint saved: results/search_v9_single_material/cv_results/fold_1/checkpoint_epoch_33_20260909_211835.pth
2026-09-09 21:18:38 - diana.utils.checkpointing - INFO - New best model saved: results/search_v9_single_material/cv_results/fold_1/best_model.pth (val_loss: 0.6592)
2026-09-09 21:18:39 - diana.utils.checkpointing - INFO - Checkpoint saved: results/search_v9_single_material/cv_results/fold_1/checkpoint_epoch_34_20260909_211838.pth
2026-09-09 21:18:41 - diana.utils.checkpointing - INFO - Checkpoint saved: results/search_v9_single_material/cv_results/fold_1/checkpoint_epoch_35_20260909_211840.pth
2026-09-09 21:18:43 - diana.utils.checkpointing - INFO - Checkpoint saved: results/search_v9_single_material/cv_results/fold_1/checkpoint_epoch_36_20260909_211841.pth
2026-09-09 21:18:44 - diana.utils.checkpointing - INFO - Checkpoint saved: results/search_v9_single_material/cv_results/fold_1/checkpoint_epoch_37_20260909_211843.pth
2026-09-09 21:18:46 - diana.utils.checkpointing - INFO - Checkpoint saved: results/search_v9_single_material/cv_results/fold_1/checkpoint_epoch_38_20260909_211845.pth
2026-09-09 21:18:48 - diana.utils.checkpointing - INFO - Checkpoint saved: results/search_v9_single_material/cv_results/fold_1/checkpoint_epoch_39_20260909_211846.pth
2026-09-09 21:18:49 - diana.utils.checkpointing - INFO - New best model saved: results/search_v9_single_material/cv_results/fold_1/best_model.pth (val_loss: 0.6284)
2026-09-09 21:18:51 - diana.utils.checkpointing - INFO - Checkpoint saved: results/search_v9_single_material/cv_results/fold_1/checkpoint_epoch_40_20260909_211850.pth
2026-09-09 21:18:51 - __main__ - INFO - Epoch 40/200, Train Loss: 0.7814, Val Loss: 0.6513
2026-09-09 21:18:52 - diana.utils.checkpointing - INFO - Checkpoint saved: results/search_v9_single_material/cv_results/fold_1/checkpoint_epoch_41_20260909_211851.pth
2026-09-09 21:18:54 - diana.utils.checkpointing - INFO - Checkpoint saved: results/search_v9_single_material/cv_results/fold_1/checkpoint_epoch_42_20260909_211853.pth
2026-09-09 21:18:55 - diana.utils.checkpointing - INFO - Checkpoint saved: results/search_v9_single_material/cv_results/fold_1/checkpoint_epoch_43_20260909_211854.pth
2026-09-09 21:18:57 - diana.utils.checkpointing - INFO - Checkpoint saved: results/search_v9_single_material/cv_results/fold_1/checkpoint_epoch_44_20260909_211856.pth
2026-09-09 21:18:59 - diana.utils.checkpointing - INFO - Checkpoint saved: results/search_v9_single_material/cv_results/fold_1/checkpoint_epoch_45_20260909_211858.pth
2026-09-09 21:19:01 - diana.utils.checkpointing - INFO - Checkpoint saved: results/search_v9_single_material/cv_results/fold_1/checkpoint_epoch_46_20260909_211900.pth
2026-09-09 21:19:06 - diana.utils.checkpointing - INFO - Checkpoint saved: results/search_v9_single_material/cv_results/fold_1/checkpoint_epoch_47_20260909_211901.pth
2026-09-09 21:19:08 - diana.utils.checkpointing - INFO - Checkpoint saved: results/search_v9_single_material/cv_results/fold_1/checkpoint_epoch_48_20260909_211907.pth
2026-09-09 21:19:10 - diana.utils.checkpointing - INFO - Checkpoint saved: results/search_v9_single_material/cv_results/fold_1/checkpoint_epoch_49_20260909_211908.pth
2026-09-09 21:19:11 - diana.utils.checkpointing - INFO - Checkpoint saved: results/search_v9_single_material/cv_results/fold_1/checkpoint_epoch_50_20260909_211910.pth
2026-09-09 21:19:13 - diana.utils.checkpointing - INFO - Checkpoint saved: results/search_v9_single_material/cv_results/fold_1/checkpoint_epoch_51_20260909_211912.pth
2026-09-09 21:19:15 - diana.utils.checkpointing - INFO - Checkpoint saved: results/search_v9_single_material/cv_results/fold_1/checkpoint_epoch_52_20260909_211914.pth
2026-09-09 21:19:17 - diana.utils.checkpointing - INFO - Checkpoint saved: results/search_v9_single_material/cv_results/fold_1/checkpoint_epoch_53_20260909_211915.pth
2026-09-09 21:19:18 - diana.utils.checkpointing - INFO - Checkpoint saved: results/search_v9_single_material/cv_results/fold_1/checkpoint_epoch_54_20260909_211917.pth
2026-09-09 21:19:20 - diana.utils.checkpointing - INFO - Checkpoint saved: results/search_v9_single_material/cv_results/fold_1/checkpoint_epoch_55_20260909_211919.pth
2026-09-09 21:19:21 - diana.utils.checkpointing - INFO - Checkpoint saved: results/search_v9_single_material/cv_results/fold_1/checkpoint_epoch_56_20260909_211920.pth
2026-09-09 21:19:23 - diana.utils.checkpointing - INFO - Checkpoint saved: results/search_v9_single_material/cv_results/fold_1/checkpoint_epoch_57_20260909_211922.pth
2026-09-09 21:19:25 - diana.utils.checkpointing - INFO - Checkpoint saved: results/search_v9_single_material/cv_results/fold_1/checkpoint_epoch_58_20260909_211924.pth
2026-09-09 21:19:26 - diana.utils.checkpointing - INFO - Checkpoint saved: results/search_v9_single_material/cv_results/fold_1/checkpoint_epoch_59_20260909_211925.pth
2026-09-09 21:19:27 - __main__ - INFO - Early stopping triggered after 59 epochs (patience=20)
2026-09-09 21:19:27 - diana.utils.checkpointing - INFO - Loading checkpoint: results/search_v9_single_material/cv_results/fold_1/best_model.pth
2026-09-09 21:19:27 - __main__ - INFO - Loaded best model from epoch 39 (val_loss: 0.6284)
2026-09-09 21:19:27 - __main__ - INFO - Evaluating on held-out test set...
2026-09-09 21:19:27 - __main__ - INFO - material test metrics: {'n_scored': 291, 'accuracy': 0.563573883161512, 'f1_weighted': 0.5794978780731267, 'f1_macro': 0.19695417565303153, 'balanced_accuracy': 0.23054834054834053}
2026-09-09 21:19:28 - diana.utils.checkpointing - INFO - Final model saved: results/search_v9_single_material/cv_results/fold_1/final_model_20260909_211927.pth
2026-09-09 21:19:28 - __main__ - INFO - Final model saved to results/search_v9_single_material/cv_results/fold_1/final_model_20260909_211927.pth
2026-09-09 21:19:28 - __main__ - INFO - Results saved to results/search_v9_single_material/cv_results/fold_1/multitask_fold_1_results_20260909_180059.json
2026-09-09 21:19:28 - __main__ - INFO - ================================================================================
2026-09-09 21:19:28 - __main__ - INFO - ================================================================================
2026-09-09 21:19:28 - __main__ - INFO - === FOLD COMPLETE ===
2026-09-09 21:19:28 - __main__ - INFO - ================================================================================
2026-09-09 21:19:28 - __main__ - INFO - Results: {'material': {'n_scored': 291, 'accuracy': 0.563573883161512, 'f1_weighted': 0.5794978780731267, 'f1_macro': 0.19695417565303153, 'balanced_accuracy': 0.23054834054834053}}
