2026-09-10 09:38:04 - root - INFO - Logging to file: results/search_v9_final/cv_results/fold_0/fold_0_training.log
2026-09-10 09:38:04 - __main__ - INFO - ================================================================================
2026-09-10 09:38:04 - __main__ - INFO - DIANA Multi-Task Hyperparameter Optimization
2026-09-10 09:38:04 - __main__ - INFO - ================================================================================
2026-09-10 09:38:04 - __main__ - INFO - Run config:   configs/train_config_v9_final_search.json
2026-09-10 09:38:04 - __main__ - INFO - Features:     data/matrices/matrix_v9_train/unitigs.frac.mat
2026-09-10 09:38:04 - __main__ - INFO - Metadata:     data/splits_v9/train_metadata.tsv
2026-09-10 09:38:04 - __main__ - INFO - Output dir:   results/search_v9_final
2026-09-10 09:38:04 - __main__ - INFO - Tasks:        ['community_type', 'feature', 'sample_host', 'material']
2026-09-10 09:38:04 - __main__ - INFO - Task types:   {'community_type': 'classification', 'feature': 'classification', 'sample_host': 'classification', 'material': 'classification'}
2026-09-10 09:38:04 - __main__ - INFO - Fold:         0 / 5
2026-09-10 09:38:04 - __main__ - INFO - Trials:       100  Max epochs: 200  Patience: 20
2026-09-10 09:38:04 - __main__ - INFO - GPU:          True  Seed: 42
2026-09-10 09:38:04 - __main__ - INFO - Loading data from data/matrices/matrix_v9_train/unitigs.frac.mat
2026-09-10 09:38:04 - diana.data.loader - INFO - Loading matrix from data/matrices/matrix_v9_train/unitigs.frac.mat
2026-09-10 09:38:57 - diana.data.loader - INFO - Loaded 110202 features × 2716 samples (before transpose)
2026-09-10 09:38:57 - diana.data.loader - INFO - Transposed to 2716 samples × 110202 features
2026-09-10 09:38:57 - diana.data.loader - INFO - Reading sample IDs from data/matrices/matrix_v9_train/kmer_matrix/kmtricks.fof
2026-09-10 09:38:57 - diana.data.loader - INFO - Sample IDs: ['ERR10114844', 'ERR10114845', 'ERR10114846']...
2026-09-10 09:38:57 - diana.data.loader - INFO - Loading metadata from data/splits_v9/train_metadata.tsv
2026-09-10 09:38:57 - diana.data.loader - INFO - Metadata: 2716 rows × 15 columns
2026-09-10 09:38:57 - diana.data.loader - INFO - Metadata aligned to matrix sample order
2026-09-10 09:38:57 - __main__ - INFO - Loaded 2716 samples with 110202 features
2026-09-10 09:38:57 - __main__ - INFO - Loaded 2716 samples × 110202 features
2026-09-10 09:38:57 - __main__ - INFO - === FOLD 0/4 ===
2026-09-10 09:38:57 - __main__ - INFO - Output directory: results/search_v9_final/cv_results/fold_0
2026-09-10 09:38:57 - __main__ - INFO - Using device: cuda
2026-09-10 09:38:57 - __main__ - INFO - Class imbalance: logit adjustment, tau SEARCHED in [0.05, 0.8]
2026-09-10 09:38:57 - __main__ - INFO - community_type: 5 classes, 2073 labelled, 643 masked - ['gut', 'oral', 'plant tissue', 'skeletal tissue', 'soft tissue']...
2026-09-10 09:38:57 - __main__ - INFO - feature: 10 classes, 608 labelled, 2108 masked - ['archeological site', 'cave', 'lake', 'midden', 'ocean']...
2026-09-10 09:38:57 - __main__ - INFO - sample_host: 24 classes, 2085 labelled, 631 masked - ['Alouatta palliata', 'Ambrosia artemisiifolia', 'Arabidopsis thaliana', 'Bison priscus', 'Canis lupus']...
2026-09-10 09:38:57 - __main__ - INFO - material: 16 classes, 2639 labelled, 77 masked - ['bone', 'dental calculus', 'digestive tract contents', 'intestine', 'lake sediment']...
2026-09-10 09:38:57 - __main__ - INFO - Grouping CV folds on 'archive_project': 68 groups over 2716 runs
2026-09-10 09:38:57 - __main__ - INFO - search-only: 2716 training runs, no outer fold held back
2026-09-10 09:38:58 - __main__ - INFO - inner CV = the 5 dev folds from data/splits_v9/dev_folds.tsv
2026-09-10 09:38:58 - __main__ - INFO - 5 inner folds verified archive_project-disjoint
2026-09-10 09:38:58 - __main__ - INFO - Starting Optuna optimization with 100 trials...
2026-09-10 09:38:58 - __main__ - INFO - Each trial will be evaluated on 5 inner CV folds
2026-09-10 09:38:59 - __main__ - INFO - community_type priors: [56, 1170, 43, 212, 27]
2026-09-10 09:38:59 - __main__ - INFO - feature priors: [17, 0, 155, 46, 179, 2, 52, 24, 29, 10]
2026-09-10 09:38:59 - __main__ - INFO - sample_host priors: [0, 11, 32, 16, 1, 0, 0, 20, 6, 55, 34, 1249, 0, 11, 16, 0, 0, 0, 4, 5, 1, 24, 0, 23]
2026-09-10 09:38:59 - __main__ - INFO - material priors: [127, 858, 16, 15, 155, 43, 143, 15, 4, 29, 70, 71, 24, 2, 397, 11]
2026-09-10 09:41:57 - __main__ - INFO - community_type priors: [78, 1537, 43, 214, 11]
2026-09-10 09:41:57 - __main__ - INFO - feature priors: [6, 34, 215, 40, 89, 0, 52, 24, 29, 10]
2026-09-10 09:41:57 - __main__ - INFO - sample_host priors: [6, 11, 32, 16, 11, 4, 4, 20, 17, 12, 11, 1319, 16, 11, 0, 8, 11, 9, 4, 5, 1, 24, 4, 339]
2026-09-10 09:41:57 - __main__ - INFO - material priors: [127, 1235, 16, 11, 215, 43, 53, 11, 0, 51, 62, 100, 24, 0, 389, 11]
2026-09-10 09:45:50 - __main__ - INFO - community_type priors: [72, 1417, 11, 90, 16]
2026-09-10 09:45:50 - __main__ - INFO - feature priors: [11, 34, 135, 35, 129, 2, 0, 0, 29, 10]
2026-09-10 09:45:50 - __main__ - INFO - sample_host priors: [6, 11, 0, 0, 12, 4, 4, 20, 23, 67, 45, 978, 16, 11, 16, 8, 11, 9, 4, 5, 1, 24, 4, 339]
2026-09-10 09:45:50 - __main__ - INFO - material priors: [63, 1242, 0, 15, 135, 11, 95, 4, 4, 61, 18, 97, 0, 2, 202, 0]
2026-09-10 09:48:42 - __main__ - INFO - community_type priors: [77, 1329, 43, 190, 27]
2026-09-10 09:48:42 - __main__ - INFO - feature priors: [17, 34, 180, 17, 145, 2, 52, 24, 0, 0]
2026-09-10 09:48:42 - __main__ - INFO - sample_host priors: [6, 11, 32, 16, 12, 4, 4, 0, 23, 67, 45, 1068, 16, 0, 16, 8, 11, 9, 4, 5, 1, 0, 4, 316]
2026-09-10 09:48:42 - __main__ - INFO - material priors: [107, 1017, 16, 4, 180, 43, 143, 15, 4, 61, 60, 47, 24, 2, 395, 11]
2026-09-10 09:51:05 - __main__ - INFO - community_type priors: [69, 1351, 32, 150, 27]
2026-09-10 09:51:05 - __main__ - INFO - feature priors: [17, 34, 175, 46, 174, 2, 52, 24, 29, 10]
2026-09-10 09:51:05 - __main__ - INFO - sample_host priors: [6, 0, 32, 16, 12, 4, 4, 20, 23, 67, 45, 974, 16, 11, 16, 8, 11, 9, 0, 0, 0, 24, 4, 339]
2026-09-10 09:51:05 - __main__ - INFO - material priors: [84, 1204, 16, 15, 175, 32, 138, 15, 4, 42, 70, 105, 24, 2, 213, 11]
2026-09-10 09:54:40 - __main__ - INFO - community_type priors: [56, 1170, 43, 212, 27]
2026-09-10 09:54:40 - __main__ - INFO - feature priors: [17, 0, 155, 46, 179, 2, 52, 24, 29, 10]
2026-09-10 09:54:40 - __main__ - INFO - sample_host priors: [0, 11, 32, 16, 1, 0, 0, 20, 6, 55, 34, 1249, 0, 11, 16, 0, 0, 0, 4, 5, 1, 24, 0, 23]
2026-09-10 09:54:40 - __main__ - INFO - material priors: [127, 858, 16, 15, 155, 43, 143, 15, 4, 29, 70, 71, 24, 2, 397, 11]
2026-09-10 09:55:51 - __main__ - INFO - community_type priors: [78, 1537, 43, 214, 11]
2026-09-10 09:55:51 - __main__ - INFO - feature priors: [6, 34, 215, 40, 89, 0, 52, 24, 29, 10]
2026-09-10 09:55:51 - __main__ - INFO - sample_host priors: [6, 11, 32, 16, 11, 4, 4, 20, 17, 12, 11, 1319, 16, 11, 0, 8, 11, 9, 4, 5, 1, 24, 4, 339]
2026-09-10 09:55:51 - __main__ - INFO - material priors: [127, 1235, 16, 11, 215, 43, 53, 11, 0, 51, 62, 100, 24, 0, 389, 11]
2026-09-10 09:57:16 - __main__ - INFO - community_type priors: [72, 1417, 11, 90, 16]
2026-09-10 09:57:16 - __main__ - INFO - feature priors: [11, 34, 135, 35, 129, 2, 0, 0, 29, 10]
2026-09-10 09:57:16 - __main__ - INFO - sample_host priors: [6, 11, 0, 0, 12, 4, 4, 20, 23, 67, 45, 978, 16, 11, 16, 8, 11, 9, 4, 5, 1, 24, 4, 339]
2026-09-10 09:57:16 - __main__ - INFO - material priors: [63, 1242, 0, 15, 135, 11, 95, 4, 4, 61, 18, 97, 0, 2, 202, 0]
2026-09-10 09:58:15 - __main__ - INFO - community_type priors: [77, 1329, 43, 190, 27]
2026-09-10 09:58:15 - __main__ - INFO - feature priors: [17, 34, 180, 17, 145, 2, 52, 24, 0, 0]
2026-09-10 09:58:15 - __main__ - INFO - sample_host priors: [6, 11, 32, 16, 12, 4, 4, 0, 23, 67, 45, 1068, 16, 0, 16, 8, 11, 9, 4, 5, 1, 0, 4, 316]
2026-09-10 09:58:15 - __main__ - INFO - material priors: [107, 1017, 16, 4, 180, 43, 143, 15, 4, 61, 60, 47, 24, 2, 395, 11]
2026-09-10 09:58:56 - __main__ - INFO - community_type priors: [69, 1351, 32, 150, 27]
2026-09-10 09:58:56 - __main__ - INFO - feature priors: [17, 34, 175, 46, 174, 2, 52, 24, 29, 10]
2026-09-10 09:58:56 - __main__ - INFO - sample_host priors: [6, 0, 32, 16, 12, 4, 4, 20, 23, 67, 45, 974, 16, 11, 16, 8, 11, 9, 0, 0, 0, 24, 4, 339]
2026-09-10 09:58:56 - __main__ - INFO - material priors: [84, 1204, 16, 15, 175, 32, 138, 15, 4, 42, 70, 105, 24, 2, 213, 11]
2026-09-10 10:00:13 - __main__ - INFO - community_type priors: [56, 1170, 43, 212, 27]
2026-09-10 10:00:13 - __main__ - INFO - feature priors: [17, 0, 155, 46, 179, 2, 52, 24, 29, 10]
2026-09-10 10:00:13 - __main__ - INFO - sample_host priors: [0, 11, 32, 16, 1, 0, 0, 20, 6, 55, 34, 1249, 0, 11, 16, 0, 0, 0, 4, 5, 1, 24, 0, 23]
2026-09-10 10:00:13 - __main__ - INFO - material priors: [127, 858, 16, 15, 155, 43, 143, 15, 4, 29, 70, 71, 24, 2, 397, 11]
2026-09-10 10:01:11 - __main__ - INFO - community_type priors: [78, 1537, 43, 214, 11]
2026-09-10 10:01:11 - __main__ - INFO - feature priors: [6, 34, 215, 40, 89, 0, 52, 24, 29, 10]
2026-09-10 10:01:11 - __main__ - INFO - sample_host priors: [6, 11, 32, 16, 11, 4, 4, 20, 17, 12, 11, 1319, 16, 11, 0, 8, 11, 9, 4, 5, 1, 24, 4, 339]
2026-09-10 10:01:11 - __main__ - INFO - material priors: [127, 1235, 16, 11, 215, 43, 53, 11, 0, 51, 62, 100, 24, 0, 389, 11]
2026-09-10 10:02:22 - __main__ - INFO - community_type priors: [72, 1417, 11, 90, 16]
2026-09-10 10:02:22 - __main__ - INFO - feature priors: [11, 34, 135, 35, 129, 2, 0, 0, 29, 10]
2026-09-10 10:02:22 - __main__ - INFO - sample_host priors: [6, 11, 0, 0, 12, 4, 4, 20, 23, 67, 45, 978, 16, 11, 16, 8, 11, 9, 4, 5, 1, 24, 4, 339]
2026-09-10 10:02:22 - __main__ - INFO - material priors: [63, 1242, 0, 15, 135, 11, 95, 4, 4, 61, 18, 97, 0, 2, 202, 0]
2026-09-10 10:03:19 - __main__ - INFO - community_type priors: [77, 1329, 43, 190, 27]
2026-09-10 10:03:19 - __main__ - INFO - feature priors: [17, 34, 180, 17, 145, 2, 52, 24, 0, 0]
2026-09-10 10:03:19 - __main__ - INFO - sample_host priors: [6, 11, 32, 16, 12, 4, 4, 0, 23, 67, 45, 1068, 16, 0, 16, 8, 11, 9, 4, 5, 1, 0, 4, 316]
2026-09-10 10:03:19 - __main__ - INFO - material priors: [107, 1017, 16, 4, 180, 43, 143, 15, 4, 61, 60, 47, 24, 2, 395, 11]
2026-09-10 10:03:53 - __main__ - INFO - community_type priors: [69, 1351, 32, 150, 27]
2026-09-10 10:03:53 - __main__ - INFO - feature priors: [17, 34, 175, 46, 174, 2, 52, 24, 29, 10]
2026-09-10 10:03:53 - __main__ - INFO - sample_host priors: [6, 0, 32, 16, 12, 4, 4, 20, 23, 67, 45, 974, 16, 11, 16, 8, 11, 9, 0, 0, 0, 24, 4, 339]
2026-09-10 10:03:53 - __main__ - INFO - material priors: [84, 1204, 16, 15, 175, 32, 138, 15, 4, 42, 70, 105, 24, 2, 213, 11]
2026-09-10 10:04:53 - __main__ - INFO - community_type priors: [56, 1170, 43, 212, 27]
2026-09-10 10:04:53 - __main__ - INFO - feature priors: [17, 0, 155, 46, 179, 2, 52, 24, 29, 10]
2026-09-10 10:04:53 - __main__ - INFO - sample_host priors: [0, 11, 32, 16, 1, 0, 0, 20, 6, 55, 34, 1249, 0, 11, 16, 0, 0, 0, 4, 5, 1, 24, 0, 23]
2026-09-10 10:04:53 - __main__ - INFO - material priors: [127, 858, 16, 15, 155, 43, 143, 15, 4, 29, 70, 71, 24, 2, 397, 11]
2026-09-10 10:05:25 - __main__ - INFO - community_type priors: [78, 1537, 43, 214, 11]
2026-09-10 10:05:25 - __main__ - INFO - feature priors: [6, 34, 215, 40, 89, 0, 52, 24, 29, 10]
2026-09-10 10:05:25 - __main__ - INFO - sample_host priors: [6, 11, 32, 16, 11, 4, 4, 20, 17, 12, 11, 1319, 16, 11, 0, 8, 11, 9, 4, 5, 1, 24, 4, 339]
2026-09-10 10:05:25 - __main__ - INFO - material priors: [127, 1235, 16, 11, 215, 43, 53, 11, 0, 51, 62, 100, 24, 0, 389, 11]
2026-09-10 10:06:31 - __main__ - INFO - community_type priors: [72, 1417, 11, 90, 16]
2026-09-10 10:06:31 - __main__ - INFO - feature priors: [11, 34, 135, 35, 129, 2, 0, 0, 29, 10]
2026-09-10 10:06:31 - __main__ - INFO - sample_host priors: [6, 11, 0, 0, 12, 4, 4, 20, 23, 67, 45, 978, 16, 11, 16, 8, 11, 9, 4, 5, 1, 24, 4, 339]
2026-09-10 10:06:31 - __main__ - INFO - material priors: [63, 1242, 0, 15, 135, 11, 95, 4, 4, 61, 18, 97, 0, 2, 202, 0]
2026-09-10 10:07:16 - __main__ - INFO - community_type priors: [77, 1329, 43, 190, 27]
2026-09-10 10:07:16 - __main__ - INFO - feature priors: [17, 34, 180, 17, 145, 2, 52, 24, 0, 0]
2026-09-10 10:07:16 - __main__ - INFO - sample_host priors: [6, 11, 32, 16, 12, 4, 4, 0, 23, 67, 45, 1068, 16, 0, 16, 8, 11, 9, 4, 5, 1, 0, 4, 316]
2026-09-10 10:07:16 - __main__ - INFO - material priors: [107, 1017, 16, 4, 180, 43, 143, 15, 4, 61, 60, 47, 24, 2, 395, 11]
2026-09-10 10:07:50 - __main__ - INFO - community_type priors: [69, 1351, 32, 150, 27]
2026-09-10 10:07:50 - __main__ - INFO - feature priors: [17, 34, 175, 46, 174, 2, 52, 24, 29, 10]
2026-09-10 10:07:50 - __main__ - INFO - sample_host priors: [6, 0, 32, 16, 12, 4, 4, 20, 23, 67, 45, 974, 16, 11, 16, 8, 11, 9, 0, 0, 0, 24, 4, 339]
2026-09-10 10:07:50 - __main__ - INFO - material priors: [84, 1204, 16, 15, 175, 32, 138, 15, 4, 42, 70, 105, 24, 2, 213, 11]
2026-09-10 10:08:47 - __main__ - INFO - community_type priors: [56, 1170, 43, 212, 27]
2026-09-10 10:08:47 - __main__ - INFO - feature priors: [17, 0, 155, 46, 179, 2, 52, 24, 29, 10]
2026-09-10 10:08:47 - __main__ - INFO - sample_host priors: [0, 11, 32, 16, 1, 0, 0, 20, 6, 55, 34, 1249, 0, 11, 16, 0, 0, 0, 4, 5, 1, 24, 0, 23]
2026-09-10 10:08:47 - __main__ - INFO - material priors: [127, 858, 16, 15, 155, 43, 143, 15, 4, 29, 70, 71, 24, 2, 397, 11]
2026-09-10 10:09:41 - __main__ - INFO - community_type priors: [78, 1537, 43, 214, 11]
2026-09-10 10:09:41 - __main__ - INFO - feature priors: [6, 34, 215, 40, 89, 0, 52, 24, 29, 10]
2026-09-10 10:09:41 - __main__ - INFO - sample_host priors: [6, 11, 32, 16, 11, 4, 4, 20, 17, 12, 11, 1319, 16, 11, 0, 8, 11, 9, 4, 5, 1, 24, 4, 339]
2026-09-10 10:09:41 - __main__ - INFO - material priors: [127, 1235, 16, 11, 215, 43, 53, 11, 0, 51, 62, 100, 24, 0, 389, 11]
2026-09-10 10:10:47 - __main__ - INFO - community_type priors: [72, 1417, 11, 90, 16]
2026-09-10 10:10:47 - __main__ - INFO - feature priors: [11, 34, 135, 35, 129, 2, 0, 0, 29, 10]
2026-09-10 10:10:47 - __main__ - INFO - sample_host priors: [6, 11, 0, 0, 12, 4, 4, 20, 23, 67, 45, 978, 16, 11, 16, 8, 11, 9, 4, 5, 1, 24, 4, 339]
2026-09-10 10:10:47 - __main__ - INFO - material priors: [63, 1242, 0, 15, 135, 11, 95, 4, 4, 61, 18, 97, 0, 2, 202, 0]
2026-09-10 10:11:36 - __main__ - INFO - community_type priors: [77, 1329, 43, 190, 27]
2026-09-10 10:11:36 - __main__ - INFO - feature priors: [17, 34, 180, 17, 145, 2, 52, 24, 0, 0]
2026-09-10 10:11:36 - __main__ - INFO - sample_host priors: [6, 11, 32, 16, 12, 4, 4, 0, 23, 67, 45, 1068, 16, 0, 16, 8, 11, 9, 4, 5, 1, 0, 4, 316]
2026-09-10 10:11:36 - __main__ - INFO - material priors: [107, 1017, 16, 4, 180, 43, 143, 15, 4, 61, 60, 47, 24, 2, 395, 11]
2026-09-10 10:12:07 - __main__ - INFO - community_type priors: [69, 1351, 32, 150, 27]
2026-09-10 10:12:07 - __main__ - INFO - feature priors: [17, 34, 175, 46, 174, 2, 52, 24, 29, 10]
2026-09-10 10:12:07 - __main__ - INFO - sample_host priors: [6, 0, 32, 16, 12, 4, 4, 20, 23, 67, 45, 974, 16, 11, 16, 8, 11, 9, 0, 0, 0, 24, 4, 339]
2026-09-10 10:12:07 - __main__ - INFO - material priors: [84, 1204, 16, 15, 175, 32, 138, 15, 4, 42, 70, 105, 24, 2, 213, 11]
2026-09-10 10:13:14 - __main__ - INFO - community_type priors: [56, 1170, 43, 212, 27]
2026-09-10 10:13:14 - __main__ - INFO - feature priors: [17, 0, 155, 46, 179, 2, 52, 24, 29, 10]
2026-09-10 10:13:14 - __main__ - INFO - sample_host priors: [0, 11, 32, 16, 1, 0, 0, 20, 6, 55, 34, 1249, 0, 11, 16, 0, 0, 0, 4, 5, 1, 24, 0, 23]
2026-09-10 10:13:14 - __main__ - INFO - material priors: [127, 858, 16, 15, 155, 43, 143, 15, 4, 29, 70, 71, 24, 2, 397, 11]
2026-09-10 10:15:07 - __main__ - INFO - community_type priors: [78, 1537, 43, 214, 11]
2026-09-10 10:15:07 - __main__ - INFO - feature priors: [6, 34, 215, 40, 89, 0, 52, 24, 29, 10]
2026-09-10 10:15:07 - __main__ - INFO - sample_host priors: [6, 11, 32, 16, 11, 4, 4, 20, 17, 12, 11, 1319, 16, 11, 0, 8, 11, 9, 4, 5, 1, 24, 4, 339]
2026-09-10 10:15:07 - __main__ - INFO - material priors: [127, 1235, 16, 11, 215, 43, 53, 11, 0, 51, 62, 100, 24, 0, 389, 11]
2026-09-10 10:18:38 - __main__ - INFO - community_type priors: [72, 1417, 11, 90, 16]
2026-09-10 10:18:38 - __main__ - INFO - feature priors: [11, 34, 135, 35, 129, 2, 0, 0, 29, 10]
2026-09-10 10:18:38 - __main__ - INFO - sample_host priors: [6, 11, 0, 0, 12, 4, 4, 20, 23, 67, 45, 978, 16, 11, 16, 8, 11, 9, 4, 5, 1, 24, 4, 339]
2026-09-10 10:18:38 - __main__ - INFO - material priors: [63, 1242, 0, 15, 135, 11, 95, 4, 4, 61, 18, 97, 0, 2, 202, 0]
2026-09-10 10:21:14 - __main__ - INFO - community_type priors: [77, 1329, 43, 190, 27]
2026-09-10 10:21:14 - __main__ - INFO - feature priors: [17, 34, 180, 17, 145, 2, 52, 24, 0, 0]
2026-09-10 10:21:14 - __main__ - INFO - sample_host priors: [6, 11, 32, 16, 12, 4, 4, 0, 23, 67, 45, 1068, 16, 0, 16, 8, 11, 9, 4, 5, 1, 0, 4, 316]
2026-09-10 10:21:14 - __main__ - INFO - material priors: [107, 1017, 16, 4, 180, 43, 143, 15, 4, 61, 60, 47, 24, 2, 395, 11]
2026-09-10 10:23:00 - __main__ - INFO - community_type priors: [69, 1351, 32, 150, 27]
2026-09-10 10:23:00 - __main__ - INFO - feature priors: [17, 34, 175, 46, 174, 2, 52, 24, 29, 10]
2026-09-10 10:23:00 - __main__ - INFO - sample_host priors: [6, 0, 32, 16, 12, 4, 4, 20, 23, 67, 45, 974, 16, 11, 16, 8, 11, 9, 0, 0, 0, 24, 4, 339]
2026-09-10 10:23:00 - __main__ - INFO - material priors: [84, 1204, 16, 15, 175, 32, 138, 15, 4, 42, 70, 105, 24, 2, 213, 11]
2026-09-10 10:25:04 - __main__ - INFO - community_type priors: [56, 1170, 43, 212, 27]
2026-09-10 10:25:04 - __main__ - INFO - feature priors: [17, 0, 155, 46, 179, 2, 52, 24, 29, 10]
2026-09-10 10:25:04 - __main__ - INFO - sample_host priors: [0, 11, 32, 16, 1, 0, 0, 20, 6, 55, 34, 1249, 0, 11, 16, 0, 0, 0, 4, 5, 1, 24, 0, 23]
2026-09-10 10:25:04 - __main__ - INFO - material priors: [127, 858, 16, 15, 155, 43, 143, 15, 4, 29, 70, 71, 24, 2, 397, 11]
2026-09-10 10:26:23 - __main__ - INFO - community_type priors: [78, 1537, 43, 214, 11]
2026-09-10 10:26:23 - __main__ - INFO - feature priors: [6, 34, 215, 40, 89, 0, 52, 24, 29, 10]
2026-09-10 10:26:23 - __main__ - INFO - sample_host priors: [6, 11, 32, 16, 11, 4, 4, 20, 17, 12, 11, 1319, 16, 11, 0, 8, 11, 9, 4, 5, 1, 24, 4, 339]
2026-09-10 10:26:23 - __main__ - INFO - material priors: [127, 1235, 16, 11, 215, 43, 53, 11, 0, 51, 62, 100, 24, 0, 389, 11]
2026-09-10 10:27:27 - __main__ - INFO - community_type priors: [72, 1417, 11, 90, 16]
2026-09-10 10:27:27 - __main__ - INFO - feature priors: [11, 34, 135, 35, 129, 2, 0, 0, 29, 10]
2026-09-10 10:27:27 - __main__ - INFO - sample_host priors: [6, 11, 0, 0, 12, 4, 4, 20, 23, 67, 45, 978, 16, 11, 16, 8, 11, 9, 4, 5, 1, 24, 4, 339]
2026-09-10 10:27:27 - __main__ - INFO - material priors: [63, 1242, 0, 15, 135, 11, 95, 4, 4, 61, 18, 97, 0, 2, 202, 0]
2026-09-10 10:28:25 - __main__ - INFO - community_type priors: [77, 1329, 43, 190, 27]
2026-09-10 10:28:25 - __main__ - INFO - feature priors: [17, 34, 180, 17, 145, 2, 52, 24, 0, 0]
2026-09-10 10:28:25 - __main__ - INFO - sample_host priors: [6, 11, 32, 16, 12, 4, 4, 0, 23, 67, 45, 1068, 16, 0, 16, 8, 11, 9, 4, 5, 1, 0, 4, 316]
2026-09-10 10:28:25 - __main__ - INFO - material priors: [107, 1017, 16, 4, 180, 43, 143, 15, 4, 61, 60, 47, 24, 2, 395, 11]
2026-09-10 10:29:09 - __main__ - INFO - community_type priors: [69, 1351, 32, 150, 27]
2026-09-10 10:29:09 - __main__ - INFO - feature priors: [17, 34, 175, 46, 174, 2, 52, 24, 29, 10]
2026-09-10 10:29:09 - __main__ - INFO - sample_host priors: [6, 0, 32, 16, 12, 4, 4, 20, 23, 67, 45, 974, 16, 11, 16, 8, 11, 9, 0, 0, 0, 24, 4, 339]
2026-09-10 10:29:09 - __main__ - INFO - material priors: [84, 1204, 16, 15, 175, 32, 138, 15, 4, 42, 70, 105, 24, 2, 213, 11]
2026-09-10 10:30:27 - __main__ - INFO - community_type priors: [56, 1170, 43, 212, 27]
2026-09-10 10:30:27 - __main__ - INFO - feature priors: [17, 0, 155, 46, 179, 2, 52, 24, 29, 10]
2026-09-10 10:30:27 - __main__ - INFO - sample_host priors: [0, 11, 32, 16, 1, 0, 0, 20, 6, 55, 34, 1249, 0, 11, 16, 0, 0, 0, 4, 5, 1, 24, 0, 23]
2026-09-10 10:30:27 - __main__ - INFO - material priors: [127, 858, 16, 15, 155, 43, 143, 15, 4, 29, 70, 71, 24, 2, 397, 11]
2026-09-10 10:31:12 - __main__ - INFO - community_type priors: [78, 1537, 43, 214, 11]
2026-09-10 10:31:12 - __main__ - INFO - feature priors: [6, 34, 215, 40, 89, 0, 52, 24, 29, 10]
2026-09-10 10:31:12 - __main__ - INFO - sample_host priors: [6, 11, 32, 16, 11, 4, 4, 20, 17, 12, 11, 1319, 16, 11, 0, 8, 11, 9, 4, 5, 1, 24, 4, 339]
2026-09-10 10:31:12 - __main__ - INFO - material priors: [127, 1235, 16, 11, 215, 43, 53, 11, 0, 51, 62, 100, 24, 0, 389, 11]
2026-09-10 10:32:11 - __main__ - INFO - community_type priors: [72, 1417, 11, 90, 16]
2026-09-10 10:32:11 - __main__ - INFO - feature priors: [11, 34, 135, 35, 129, 2, 0, 0, 29, 10]
2026-09-10 10:32:11 - __main__ - INFO - sample_host priors: [6, 11, 0, 0, 12, 4, 4, 20, 23, 67, 45, 978, 16, 11, 16, 8, 11, 9, 4, 5, 1, 24, 4, 339]
2026-09-10 10:32:11 - __main__ - INFO - material priors: [63, 1242, 0, 15, 135, 11, 95, 4, 4, 61, 18, 97, 0, 2, 202, 0]
2026-09-10 10:32:45 - __main__ - INFO - community_type priors: [77, 1329, 43, 190, 27]
2026-09-10 10:32:45 - __main__ - INFO - feature priors: [17, 34, 180, 17, 145, 2, 52, 24, 0, 0]
2026-09-10 10:32:45 - __main__ - INFO - sample_host priors: [6, 11, 32, 16, 12, 4, 4, 0, 23, 67, 45, 1068, 16, 0, 16, 8, 11, 9, 4, 5, 1, 0, 4, 316]
2026-09-10 10:32:45 - __main__ - INFO - material priors: [107, 1017, 16, 4, 180, 43, 143, 15, 4, 61, 60, 47, 24, 2, 395, 11]
2026-09-10 10:33:16 - __main__ - INFO - community_type priors: [69, 1351, 32, 150, 27]
2026-09-10 10:33:16 - __main__ - INFO - feature priors: [17, 34, 175, 46, 174, 2, 52, 24, 29, 10]
2026-09-10 10:33:16 - __main__ - INFO - sample_host priors: [6, 0, 32, 16, 12, 4, 4, 20, 23, 67, 45, 974, 16, 11, 16, 8, 11, 9, 0, 0, 0, 24, 4, 339]
2026-09-10 10:33:16 - __main__ - INFO - material priors: [84, 1204, 16, 15, 175, 32, 138, 15, 4, 42, 70, 105, 24, 2, 213, 11]
2026-09-10 10:34:20 - __main__ - INFO - community_type priors: [56, 1170, 43, 212, 27]
2026-09-10 10:34:20 - __main__ - INFO - feature priors: [17, 0, 155, 46, 179, 2, 52, 24, 29, 10]
2026-09-10 10:34:20 - __main__ - INFO - sample_host priors: [0, 11, 32, 16, 1, 0, 0, 20, 6, 55, 34, 1249, 0, 11, 16, 0, 0, 0, 4, 5, 1, 24, 0, 23]
2026-09-10 10:34:20 - __main__ - INFO - material priors: [127, 858, 16, 15, 155, 43, 143, 15, 4, 29, 70, 71, 24, 2, 397, 11]
2026-09-10 10:35:01 - __main__ - INFO - community_type priors: [78, 1537, 43, 214, 11]
2026-09-10 10:35:01 - __main__ - INFO - feature priors: [6, 34, 215, 40, 89, 0, 52, 24, 29, 10]
2026-09-10 10:35:01 - __main__ - INFO - sample_host priors: [6, 11, 32, 16, 11, 4, 4, 20, 17, 12, 11, 1319, 16, 11, 0, 8, 11, 9, 4, 5, 1, 24, 4, 339]
2026-09-10 10:35:01 - __main__ - INFO - material priors: [127, 1235, 16, 11, 215, 43, 53, 11, 0, 51, 62, 100, 24, 0, 389, 11]
2026-09-10 10:36:03 - __main__ - INFO - community_type priors: [72, 1417, 11, 90, 16]
2026-09-10 10:36:03 - __main__ - INFO - feature priors: [11, 34, 135, 35, 129, 2, 0, 0, 29, 10]
2026-09-10 10:36:03 - __main__ - INFO - sample_host priors: [6, 11, 0, 0, 12, 4, 4, 20, 23, 67, 45, 978, 16, 11, 16, 8, 11, 9, 4, 5, 1, 24, 4, 339]
2026-09-10 10:36:03 - __main__ - INFO - material priors: [63, 1242, 0, 15, 135, 11, 95, 4, 4, 61, 18, 97, 0, 2, 202, 0]
2026-09-10 10:36:52 - __main__ - INFO - community_type priors: [77, 1329, 43, 190, 27]
2026-09-10 10:36:52 - __main__ - INFO - feature priors: [17, 34, 180, 17, 145, 2, 52, 24, 0, 0]
2026-09-10 10:36:52 - __main__ - INFO - sample_host priors: [6, 11, 32, 16, 12, 4, 4, 0, 23, 67, 45, 1068, 16, 0, 16, 8, 11, 9, 4, 5, 1, 0, 4, 316]
2026-09-10 10:36:52 - __main__ - INFO - material priors: [107, 1017, 16, 4, 180, 43, 143, 15, 4, 61, 60, 47, 24, 2, 395, 11]
2026-09-10 10:37:34 - __main__ - INFO - community_type priors: [69, 1351, 32, 150, 27]
2026-09-10 10:37:34 - __main__ - INFO - feature priors: [17, 34, 175, 46, 174, 2, 52, 24, 29, 10]
2026-09-10 10:37:34 - __main__ - INFO - sample_host priors: [6, 0, 32, 16, 12, 4, 4, 20, 23, 67, 45, 974, 16, 11, 16, 8, 11, 9, 0, 0, 0, 24, 4, 339]
2026-09-10 10:37:34 - __main__ - INFO - material priors: [84, 1204, 16, 15, 175, 32, 138, 15, 4, 42, 70, 105, 24, 2, 213, 11]
2026-09-10 10:38:31 - __main__ - INFO - community_type priors: [56, 1170, 43, 212, 27]
2026-09-10 10:38:31 - __main__ - INFO - feature priors: [17, 0, 155, 46, 179, 2, 52, 24, 29, 10]
2026-09-10 10:38:31 - __main__ - INFO - sample_host priors: [0, 11, 32, 16, 1, 0, 0, 20, 6, 55, 34, 1249, 0, 11, 16, 0, 0, 0, 4, 5, 1, 24, 0, 23]
2026-09-10 10:38:31 - __main__ - INFO - material priors: [127, 858, 16, 15, 155, 43, 143, 15, 4, 29, 70, 71, 24, 2, 397, 11]
2026-09-10 10:39:45 - __main__ - INFO - community_type priors: [78, 1537, 43, 214, 11]
2026-09-10 10:39:45 - __main__ - INFO - feature priors: [6, 34, 215, 40, 89, 0, 52, 24, 29, 10]
2026-09-10 10:39:45 - __main__ - INFO - sample_host priors: [6, 11, 32, 16, 11, 4, 4, 20, 17, 12, 11, 1319, 16, 11, 0, 8, 11, 9, 4, 5, 1, 24, 4, 339]
2026-09-10 10:39:45 - __main__ - INFO - material priors: [127, 1235, 16, 11, 215, 43, 53, 11, 0, 51, 62, 100, 24, 0, 389, 11]
2026-09-10 10:41:16 - __main__ - INFO - community_type priors: [72, 1417, 11, 90, 16]
2026-09-10 10:41:16 - __main__ - INFO - feature priors: [11, 34, 135, 35, 129, 2, 0, 0, 29, 10]
2026-09-10 10:41:16 - __main__ - INFO - sample_host priors: [6, 11, 0, 0, 12, 4, 4, 20, 23, 67, 45, 978, 16, 11, 16, 8, 11, 9, 4, 5, 1, 24, 4, 339]
2026-09-10 10:41:16 - __main__ - INFO - material priors: [63, 1242, 0, 15, 135, 11, 95, 4, 4, 61, 18, 97, 0, 2, 202, 0]
2026-09-10 10:42:40 - __main__ - INFO - community_type priors: [77, 1329, 43, 190, 27]
2026-09-10 10:42:40 - __main__ - INFO - feature priors: [17, 34, 180, 17, 145, 2, 52, 24, 0, 0]
2026-09-10 10:42:40 - __main__ - INFO - sample_host priors: [6, 11, 32, 16, 12, 4, 4, 0, 23, 67, 45, 1068, 16, 0, 16, 8, 11, 9, 4, 5, 1, 0, 4, 316]
2026-09-10 10:42:40 - __main__ - INFO - material priors: [107, 1017, 16, 4, 180, 43, 143, 15, 4, 61, 60, 47, 24, 2, 395, 11]
2026-09-10 10:43:29 - __main__ - INFO - community_type priors: [69, 1351, 32, 150, 27]
2026-09-10 10:43:29 - __main__ - INFO - feature priors: [17, 34, 175, 46, 174, 2, 52, 24, 29, 10]
2026-09-10 10:43:29 - __main__ - INFO - sample_host priors: [6, 0, 32, 16, 12, 4, 4, 20, 23, 67, 45, 974, 16, 11, 16, 8, 11, 9, 0, 0, 0, 24, 4, 339]
2026-09-10 10:43:29 - __main__ - INFO - material priors: [84, 1204, 16, 15, 175, 32, 138, 15, 4, 42, 70, 105, 24, 2, 213, 11]
2026-09-10 10:45:00 - __main__ - INFO - community_type priors: [56, 1170, 43, 212, 27]
2026-09-10 10:45:00 - __main__ - INFO - feature priors: [17, 0, 155, 46, 179, 2, 52, 24, 29, 10]
2026-09-10 10:45:00 - __main__ - INFO - sample_host priors: [0, 11, 32, 16, 1, 0, 0, 20, 6, 55, 34, 1249, 0, 11, 16, 0, 0, 0, 4, 5, 1, 24, 0, 23]
2026-09-10 10:45:00 - __main__ - INFO - material priors: [127, 858, 16, 15, 155, 43, 143, 15, 4, 29, 70, 71, 24, 2, 397, 11]
2026-09-10 10:45:50 - __main__ - INFO - community_type priors: [78, 1537, 43, 214, 11]
2026-09-10 10:45:50 - __main__ - INFO - feature priors: [6, 34, 215, 40, 89, 0, 52, 24, 29, 10]
2026-09-10 10:45:50 - __main__ - INFO - sample_host priors: [6, 11, 32, 16, 11, 4, 4, 20, 17, 12, 11, 1319, 16, 11, 0, 8, 11, 9, 4, 5, 1, 24, 4, 339]
2026-09-10 10:45:50 - __main__ - INFO - material priors: [127, 1235, 16, 11, 215, 43, 53, 11, 0, 51, 62, 100, 24, 0, 389, 11]
2026-09-10 10:46:50 - __main__ - INFO - community_type priors: [72, 1417, 11, 90, 16]
2026-09-10 10:46:50 - __main__ - INFO - feature priors: [11, 34, 135, 35, 129, 2, 0, 0, 29, 10]
2026-09-10 10:46:50 - __main__ - INFO - sample_host priors: [6, 11, 0, 0, 12, 4, 4, 20, 23, 67, 45, 978, 16, 11, 16, 8, 11, 9, 4, 5, 1, 24, 4, 339]
2026-09-10 10:46:50 - __main__ - INFO - material priors: [63, 1242, 0, 15, 135, 11, 95, 4, 4, 61, 18, 97, 0, 2, 202, 0]
2026-09-10 10:47:27 - __main__ - INFO - community_type priors: [77, 1329, 43, 190, 27]
2026-09-10 10:47:27 - __main__ - INFO - feature priors: [17, 34, 180, 17, 145, 2, 52, 24, 0, 0]
2026-09-10 10:47:27 - __main__ - INFO - sample_host priors: [6, 11, 32, 16, 12, 4, 4, 0, 23, 67, 45, 1068, 16, 0, 16, 8, 11, 9, 4, 5, 1, 0, 4, 316]
2026-09-10 10:47:27 - __main__ - INFO - material priors: [107, 1017, 16, 4, 180, 43, 143, 15, 4, 61, 60, 47, 24, 2, 395, 11]
2026-09-10 10:48:08 - __main__ - INFO - community_type priors: [69, 1351, 32, 150, 27]
2026-09-10 10:48:08 - __main__ - INFO - feature priors: [17, 34, 175, 46, 174, 2, 52, 24, 29, 10]
2026-09-10 10:48:08 - __main__ - INFO - sample_host priors: [6, 0, 32, 16, 12, 4, 4, 20, 23, 67, 45, 974, 16, 11, 16, 8, 11, 9, 0, 0, 0, 24, 4, 339]
2026-09-10 10:48:08 - __main__ - INFO - material priors: [84, 1204, 16, 15, 175, 32, 138, 15, 4, 42, 70, 105, 24, 2, 213, 11]
2026-09-10 10:49:00 - __main__ - INFO - community_type priors: [56, 1170, 43, 212, 27]
2026-09-10 10:49:00 - __main__ - INFO - feature priors: [17, 0, 155, 46, 179, 2, 52, 24, 29, 10]
2026-09-10 10:49:00 - __main__ - INFO - sample_host priors: [0, 11, 32, 16, 1, 0, 0, 20, 6, 55, 34, 1249, 0, 11, 16, 0, 0, 0, 4, 5, 1, 24, 0, 23]
2026-09-10 10:49:00 - __main__ - INFO - material priors: [127, 858, 16, 15, 155, 43, 143, 15, 4, 29, 70, 71, 24, 2, 397, 11]
2026-09-10 10:50:39 - __main__ - INFO - community_type priors: [78, 1537, 43, 214, 11]
2026-09-10 10:50:39 - __main__ - INFO - feature priors: [6, 34, 215, 40, 89, 0, 52, 24, 29, 10]
2026-09-10 10:50:39 - __main__ - INFO - sample_host priors: [6, 11, 32, 16, 11, 4, 4, 20, 17, 12, 11, 1319, 16, 11, 0, 8, 11, 9, 4, 5, 1, 24, 4, 339]
2026-09-10 10:50:39 - __main__ - INFO - material priors: [127, 1235, 16, 11, 215, 43, 53, 11, 0, 51, 62, 100, 24, 0, 389, 11]
2026-09-10 10:53:52 - __main__ - INFO - community_type priors: [72, 1417, 11, 90, 16]
2026-09-10 10:53:52 - __main__ - INFO - feature priors: [11, 34, 135, 35, 129, 2, 0, 0, 29, 10]
2026-09-10 10:53:52 - __main__ - INFO - sample_host priors: [6, 11, 0, 0, 12, 4, 4, 20, 23, 67, 45, 978, 16, 11, 16, 8, 11, 9, 4, 5, 1, 24, 4, 339]
2026-09-10 10:53:52 - __main__ - INFO - material priors: [63, 1242, 0, 15, 135, 11, 95, 4, 4, 61, 18, 97, 0, 2, 202, 0]
2026-09-10 10:55:25 - __main__ - INFO - community_type priors: [77, 1329, 43, 190, 27]
2026-09-10 10:55:25 - __main__ - INFO - feature priors: [17, 34, 180, 17, 145, 2, 52, 24, 0, 0]
2026-09-10 10:55:25 - __main__ - INFO - sample_host priors: [6, 11, 32, 16, 12, 4, 4, 0, 23, 67, 45, 1068, 16, 0, 16, 8, 11, 9, 4, 5, 1, 0, 4, 316]
2026-09-10 10:55:25 - __main__ - INFO - material priors: [107, 1017, 16, 4, 180, 43, 143, 15, 4, 61, 60, 47, 24, 2, 395, 11]
2026-09-10 10:57:06 - __main__ - INFO - community_type priors: [69, 1351, 32, 150, 27]
2026-09-10 10:57:06 - __main__ - INFO - feature priors: [17, 34, 175, 46, 174, 2, 52, 24, 29, 10]
2026-09-10 10:57:06 - __main__ - INFO - sample_host priors: [6, 0, 32, 16, 12, 4, 4, 20, 23, 67, 45, 974, 16, 11, 16, 8, 11, 9, 0, 0, 0, 24, 4, 339]
2026-09-10 10:57:06 - __main__ - INFO - material priors: [84, 1204, 16, 15, 175, 32, 138, 15, 4, 42, 70, 105, 24, 2, 213, 11]
2026-09-10 11:00:03 - __main__ - INFO - community_type priors: [56, 1170, 43, 212, 27]
2026-09-10 11:00:03 - __main__ - INFO - feature priors: [17, 0, 155, 46, 179, 2, 52, 24, 29, 10]
2026-09-10 11:00:03 - __main__ - INFO - sample_host priors: [0, 11, 32, 16, 1, 0, 0, 20, 6, 55, 34, 1249, 0, 11, 16, 0, 0, 0, 4, 5, 1, 24, 0, 23]
2026-09-10 11:00:03 - __main__ - INFO - material priors: [127, 858, 16, 15, 155, 43, 143, 15, 4, 29, 70, 71, 24, 2, 397, 11]
2026-09-10 11:01:33 - __main__ - INFO - community_type priors: [78, 1537, 43, 214, 11]
2026-09-10 11:01:33 - __main__ - INFO - feature priors: [6, 34, 215, 40, 89, 0, 52, 24, 29, 10]
2026-09-10 11:01:33 - __main__ - INFO - sample_host priors: [6, 11, 32, 16, 11, 4, 4, 20, 17, 12, 11, 1319, 16, 11, 0, 8, 11, 9, 4, 5, 1, 24, 4, 339]
2026-09-10 11:01:33 - __main__ - INFO - material priors: [127, 1235, 16, 11, 215, 43, 53, 11, 0, 51, 62, 100, 24, 0, 389, 11]
2026-09-10 11:04:41 - __main__ - INFO - community_type priors: [72, 1417, 11, 90, 16]
2026-09-10 11:04:41 - __main__ - INFO - feature priors: [11, 34, 135, 35, 129, 2, 0, 0, 29, 10]
2026-09-10 11:04:41 - __main__ - INFO - sample_host priors: [6, 11, 0, 0, 12, 4, 4, 20, 23, 67, 45, 978, 16, 11, 16, 8, 11, 9, 4, 5, 1, 24, 4, 339]
2026-09-10 11:04:41 - __main__ - INFO - material priors: [63, 1242, 0, 15, 135, 11, 95, 4, 4, 61, 18, 97, 0, 2, 202, 0]
2026-09-10 11:06:17 - __main__ - INFO - community_type priors: [77, 1329, 43, 190, 27]
2026-09-10 11:06:17 - __main__ - INFO - feature priors: [17, 34, 180, 17, 145, 2, 52, 24, 0, 0]
2026-09-10 11:06:17 - __main__ - INFO - sample_host priors: [6, 11, 32, 16, 12, 4, 4, 0, 23, 67, 45, 1068, 16, 0, 16, 8, 11, 9, 4, 5, 1, 0, 4, 316]
2026-09-10 11:06:17 - __main__ - INFO - material priors: [107, 1017, 16, 4, 180, 43, 143, 15, 4, 61, 60, 47, 24, 2, 395, 11]
2026-09-10 11:07:52 - __main__ - INFO - community_type priors: [69, 1351, 32, 150, 27]
2026-09-10 11:07:52 - __main__ - INFO - feature priors: [17, 34, 175, 46, 174, 2, 52, 24, 29, 10]
2026-09-10 11:07:52 - __main__ - INFO - sample_host priors: [6, 0, 32, 16, 12, 4, 4, 20, 23, 67, 45, 974, 16, 11, 16, 8, 11, 9, 0, 0, 0, 24, 4, 339]
2026-09-10 11:07:52 - __main__ - INFO - material priors: [84, 1204, 16, 15, 175, 32, 138, 15, 4, 42, 70, 105, 24, 2, 213, 11]
2026-09-10 11:10:32 - __main__ - INFO - community_type priors: [56, 1170, 43, 212, 27]
2026-09-10 11:10:32 - __main__ - INFO - feature priors: [17, 0, 155, 46, 179, 2, 52, 24, 29, 10]
2026-09-10 11:10:32 - __main__ - INFO - sample_host priors: [0, 11, 32, 16, 1, 0, 0, 20, 6, 55, 34, 1249, 0, 11, 16, 0, 0, 0, 4, 5, 1, 24, 0, 23]
2026-09-10 11:10:32 - __main__ - INFO - material priors: [127, 858, 16, 15, 155, 43, 143, 15, 4, 29, 70, 71, 24, 2, 397, 11]
2026-09-10 11:13:16 - __main__ - INFO - community_type priors: [78, 1537, 43, 214, 11]
2026-09-10 11:13:16 - __main__ - INFO - feature priors: [6, 34, 215, 40, 89, 0, 52, 24, 29, 10]
2026-09-10 11:13:16 - __main__ - INFO - sample_host priors: [6, 11, 32, 16, 11, 4, 4, 20, 17, 12, 11, 1319, 16, 11, 0, 8, 11, 9, 4, 5, 1, 24, 4, 339]
2026-09-10 11:13:16 - __main__ - INFO - material priors: [127, 1235, 16, 11, 215, 43, 53, 11, 0, 51, 62, 100, 24, 0, 389, 11]
2026-09-10 11:16:30 - __main__ - INFO - community_type priors: [72, 1417, 11, 90, 16]
2026-09-10 11:16:30 - __main__ - INFO - feature priors: [11, 34, 135, 35, 129, 2, 0, 0, 29, 10]
2026-09-10 11:16:30 - __main__ - INFO - sample_host priors: [6, 11, 0, 0, 12, 4, 4, 20, 23, 67, 45, 978, 16, 11, 16, 8, 11, 9, 4, 5, 1, 24, 4, 339]
2026-09-10 11:16:30 - __main__ - INFO - material priors: [63, 1242, 0, 15, 135, 11, 95, 4, 4, 61, 18, 97, 0, 2, 202, 0]
2026-09-10 11:18:20 - __main__ - INFO - community_type priors: [77, 1329, 43, 190, 27]
2026-09-10 11:18:20 - __main__ - INFO - feature priors: [17, 34, 180, 17, 145, 2, 52, 24, 0, 0]
2026-09-10 11:18:20 - __main__ - INFO - sample_host priors: [6, 11, 32, 16, 12, 4, 4, 0, 23, 67, 45, 1068, 16, 0, 16, 8, 11, 9, 4, 5, 1, 0, 4, 316]
2026-09-10 11:18:20 - __main__ - INFO - material priors: [107, 1017, 16, 4, 180, 43, 143, 15, 4, 61, 60, 47, 24, 2, 395, 11]
2026-09-10 11:19:52 - __main__ - INFO - community_type priors: [69, 1351, 32, 150, 27]
2026-09-10 11:19:52 - __main__ - INFO - feature priors: [17, 34, 175, 46, 174, 2, 52, 24, 29, 10]
2026-09-10 11:19:52 - __main__ - INFO - sample_host priors: [6, 0, 32, 16, 12, 4, 4, 20, 23, 67, 45, 974, 16, 11, 16, 8, 11, 9, 0, 0, 0, 24, 4, 339]
2026-09-10 11:19:52 - __main__ - INFO - material priors: [84, 1204, 16, 15, 175, 32, 138, 15, 4, 42, 70, 105, 24, 2, 213, 11]
2026-09-10 11:21:41 - __main__ - INFO - community_type priors: [56, 1170, 43, 212, 27]
2026-09-10 11:21:41 - __main__ - INFO - feature priors: [17, 0, 155, 46, 179, 2, 52, 24, 29, 10]
2026-09-10 11:21:41 - __main__ - INFO - sample_host priors: [0, 11, 32, 16, 1, 0, 0, 20, 6, 55, 34, 1249, 0, 11, 16, 0, 0, 0, 4, 5, 1, 24, 0, 23]
2026-09-10 11:21:41 - __main__ - INFO - material priors: [127, 858, 16, 15, 155, 43, 143, 15, 4, 29, 70, 71, 24, 2, 397, 11]
2026-09-10 11:23:32 - __main__ - INFO - community_type priors: [78, 1537, 43, 214, 11]
2026-09-10 11:23:32 - __main__ - INFO - feature priors: [6, 34, 215, 40, 89, 0, 52, 24, 29, 10]
2026-09-10 11:23:32 - __main__ - INFO - sample_host priors: [6, 11, 32, 16, 11, 4, 4, 20, 17, 12, 11, 1319, 16, 11, 0, 8, 11, 9, 4, 5, 1, 24, 4, 339]
2026-09-10 11:23:32 - __main__ - INFO - material priors: [127, 1235, 16, 11, 215, 43, 53, 11, 0, 51, 62, 100, 24, 0, 389, 11]
2026-09-10 11:26:43 - __main__ - INFO - community_type priors: [72, 1417, 11, 90, 16]
2026-09-10 11:26:43 - __main__ - INFO - feature priors: [11, 34, 135, 35, 129, 2, 0, 0, 29, 10]
2026-09-10 11:26:43 - __main__ - INFO - sample_host priors: [6, 11, 0, 0, 12, 4, 4, 20, 23, 67, 45, 978, 16, 11, 16, 8, 11, 9, 4, 5, 1, 24, 4, 339]
2026-09-10 11:26:43 - __main__ - INFO - material priors: [63, 1242, 0, 15, 135, 11, 95, 4, 4, 61, 18, 97, 0, 2, 202, 0]
2026-09-10 11:28:57 - __main__ - INFO - community_type priors: [77, 1329, 43, 190, 27]
2026-09-10 11:28:57 - __main__ - INFO - feature priors: [17, 34, 180, 17, 145, 2, 52, 24, 0, 0]
2026-09-10 11:28:57 - __main__ - INFO - sample_host priors: [6, 11, 32, 16, 12, 4, 4, 0, 23, 67, 45, 1068, 16, 0, 16, 8, 11, 9, 4, 5, 1, 0, 4, 316]
2026-09-10 11:28:57 - __main__ - INFO - material priors: [107, 1017, 16, 4, 180, 43, 143, 15, 4, 61, 60, 47, 24, 2, 395, 11]
2026-09-10 11:30:28 - __main__ - INFO - community_type priors: [69, 1351, 32, 150, 27]
2026-09-10 11:30:28 - __main__ - INFO - feature priors: [17, 34, 175, 46, 174, 2, 52, 24, 29, 10]
2026-09-10 11:30:28 - __main__ - INFO - sample_host priors: [6, 0, 32, 16, 12, 4, 4, 20, 23, 67, 45, 974, 16, 11, 16, 8, 11, 9, 0, 0, 0, 24, 4, 339]
2026-09-10 11:30:28 - __main__ - INFO - material priors: [84, 1204, 16, 15, 175, 32, 138, 15, 4, 42, 70, 105, 24, 2, 213, 11]
2026-09-10 11:33:23 - __main__ - INFO - community_type priors: [56, 1170, 43, 212, 27]
2026-09-10 11:33:23 - __main__ - INFO - feature priors: [17, 0, 155, 46, 179, 2, 52, 24, 29, 10]
2026-09-10 11:33:23 - __main__ - INFO - sample_host priors: [0, 11, 32, 16, 1, 0, 0, 20, 6, 55, 34, 1249, 0, 11, 16, 0, 0, 0, 4, 5, 1, 24, 0, 23]
2026-09-10 11:33:23 - __main__ - INFO - material priors: [127, 858, 16, 15, 155, 43, 143, 15, 4, 29, 70, 71, 24, 2, 397, 11]
2026-09-10 11:35:08 - __main__ - INFO - community_type priors: [78, 1537, 43, 214, 11]
2026-09-10 11:35:08 - __main__ - INFO - feature priors: [6, 34, 215, 40, 89, 0, 52, 24, 29, 10]
2026-09-10 11:35:08 - __main__ - INFO - sample_host priors: [6, 11, 32, 16, 11, 4, 4, 20, 17, 12, 11, 1319, 16, 11, 0, 8, 11, 9, 4, 5, 1, 24, 4, 339]
2026-09-10 11:35:08 - __main__ - INFO - material priors: [127, 1235, 16, 11, 215, 43, 53, 11, 0, 51, 62, 100, 24, 0, 389, 11]
2026-09-10 11:38:14 - __main__ - INFO - community_type priors: [72, 1417, 11, 90, 16]
2026-09-10 11:38:14 - __main__ - INFO - feature priors: [11, 34, 135, 35, 129, 2, 0, 0, 29, 10]
2026-09-10 11:38:14 - __main__ - INFO - sample_host priors: [6, 11, 0, 0, 12, 4, 4, 20, 23, 67, 45, 978, 16, 11, 16, 8, 11, 9, 4, 5, 1, 24, 4, 339]
2026-09-10 11:38:14 - __main__ - INFO - material priors: [63, 1242, 0, 15, 135, 11, 95, 4, 4, 61, 18, 97, 0, 2, 202, 0]
2026-09-10 11:39:45 - __main__ - INFO - community_type priors: [77, 1329, 43, 190, 27]
2026-09-10 11:39:45 - __main__ - INFO - feature priors: [17, 34, 180, 17, 145, 2, 52, 24, 0, 0]
2026-09-10 11:39:45 - __main__ - INFO - sample_host priors: [6, 11, 32, 16, 12, 4, 4, 0, 23, 67, 45, 1068, 16, 0, 16, 8, 11, 9, 4, 5, 1, 0, 4, 316]
2026-09-10 11:39:45 - __main__ - INFO - material priors: [107, 1017, 16, 4, 180, 43, 143, 15, 4, 61, 60, 47, 24, 2, 395, 11]
2026-09-10 11:41:18 - __main__ - INFO - community_type priors: [69, 1351, 32, 150, 27]
2026-09-10 11:41:18 - __main__ - INFO - feature priors: [17, 34, 175, 46, 174, 2, 52, 24, 29, 10]
2026-09-10 11:41:18 - __main__ - INFO - sample_host priors: [6, 0, 32, 16, 12, 4, 4, 20, 23, 67, 45, 974, 16, 11, 16, 8, 11, 9, 0, 0, 0, 24, 4, 339]
2026-09-10 11:41:18 - __main__ - INFO - material priors: [84, 1204, 16, 15, 175, 32, 138, 15, 4, 42, 70, 105, 24, 2, 213, 11]
2026-09-10 11:43:48 - __main__ - INFO - community_type priors: [56, 1170, 43, 212, 27]
2026-09-10 11:43:48 - __main__ - INFO - feature priors: [17, 0, 155, 46, 179, 2, 52, 24, 29, 10]
2026-09-10 11:43:48 - __main__ - INFO - sample_host priors: [0, 11, 32, 16, 1, 0, 0, 20, 6, 55, 34, 1249, 0, 11, 16, 0, 0, 0, 4, 5, 1, 24, 0, 23]
2026-09-10 11:43:48 - __main__ - INFO - material priors: [127, 858, 16, 15, 155, 43, 143, 15, 4, 29, 70, 71, 24, 2, 397, 11]
2026-09-10 11:45:17 - __main__ - INFO - community_type priors: [78, 1537, 43, 214, 11]
2026-09-10 11:45:17 - __main__ - INFO - feature priors: [6, 34, 215, 40, 89, 0, 52, 24, 29, 10]
2026-09-10 11:45:17 - __main__ - INFO - sample_host priors: [6, 11, 32, 16, 11, 4, 4, 20, 17, 12, 11, 1319, 16, 11, 0, 8, 11, 9, 4, 5, 1, 24, 4, 339]
2026-09-10 11:45:17 - __main__ - INFO - material priors: [127, 1235, 16, 11, 215, 43, 53, 11, 0, 51, 62, 100, 24, 0, 389, 11]
2026-09-10 11:48:08 - __main__ - INFO - community_type priors: [72, 1417, 11, 90, 16]
2026-09-10 11:48:08 - __main__ - INFO - feature priors: [11, 34, 135, 35, 129, 2, 0, 0, 29, 10]
2026-09-10 11:48:08 - __main__ - INFO - sample_host priors: [6, 11, 0, 0, 12, 4, 4, 20, 23, 67, 45, 978, 16, 11, 16, 8, 11, 9, 4, 5, 1, 24, 4, 339]
2026-09-10 11:48:08 - __main__ - INFO - material priors: [63, 1242, 0, 15, 135, 11, 95, 4, 4, 61, 18, 97, 0, 2, 202, 0]
2026-09-10 11:49:56 - __main__ - INFO - community_type priors: [77, 1329, 43, 190, 27]
2026-09-10 11:49:56 - __main__ - INFO - feature priors: [17, 34, 180, 17, 145, 2, 52, 24, 0, 0]
2026-09-10 11:49:56 - __main__ - INFO - sample_host priors: [6, 11, 32, 16, 12, 4, 4, 0, 23, 67, 45, 1068, 16, 0, 16, 8, 11, 9, 4, 5, 1, 0, 4, 316]
2026-09-10 11:49:56 - __main__ - INFO - material priors: [107, 1017, 16, 4, 180, 43, 143, 15, 4, 61, 60, 47, 24, 2, 395, 11]
2026-09-10 11:51:22 - __main__ - INFO - community_type priors: [69, 1351, 32, 150, 27]
2026-09-10 11:51:22 - __main__ - INFO - feature priors: [17, 34, 175, 46, 174, 2, 52, 24, 29, 10]
2026-09-10 11:51:22 - __main__ - INFO - sample_host priors: [6, 0, 32, 16, 12, 4, 4, 20, 23, 67, 45, 974, 16, 11, 16, 8, 11, 9, 0, 0, 0, 24, 4, 339]
2026-09-10 11:51:22 - __main__ - INFO - material priors: [84, 1204, 16, 15, 175, 32, 138, 15, 4, 42, 70, 105, 24, 2, 213, 11]
2026-09-10 11:53:10 - __main__ - INFO - community_type priors: [56, 1170, 43, 212, 27]
2026-09-10 11:53:10 - __main__ - INFO - feature priors: [17, 0, 155, 46, 179, 2, 52, 24, 29, 10]
2026-09-10 11:53:10 - __main__ - INFO - sample_host priors: [0, 11, 32, 16, 1, 0, 0, 20, 6, 55, 34, 1249, 0, 11, 16, 0, 0, 0, 4, 5, 1, 24, 0, 23]
2026-09-10 11:53:10 - __main__ - INFO - material priors: [127, 858, 16, 15, 155, 43, 143, 15, 4, 29, 70, 71, 24, 2, 397, 11]
2026-09-10 11:54:45 - __main__ - INFO - community_type priors: [78, 1537, 43, 214, 11]
2026-09-10 11:54:45 - __main__ - INFO - feature priors: [6, 34, 215, 40, 89, 0, 52, 24, 29, 10]
2026-09-10 11:54:45 - __main__ - INFO - sample_host priors: [6, 11, 32, 16, 11, 4, 4, 20, 17, 12, 11, 1319, 16, 11, 0, 8, 11, 9, 4, 5, 1, 24, 4, 339]
2026-09-10 11:54:45 - __main__ - INFO - material priors: [127, 1235, 16, 11, 215, 43, 53, 11, 0, 51, 62, 100, 24, 0, 389, 11]
2026-09-10 11:58:14 - __main__ - INFO - community_type priors: [72, 1417, 11, 90, 16]
2026-09-10 11:58:14 - __main__ - INFO - feature priors: [11, 34, 135, 35, 129, 2, 0, 0, 29, 10]
2026-09-10 11:58:14 - __main__ - INFO - sample_host priors: [6, 11, 0, 0, 12, 4, 4, 20, 23, 67, 45, 978, 16, 11, 16, 8, 11, 9, 4, 5, 1, 24, 4, 339]
2026-09-10 11:58:14 - __main__ - INFO - material priors: [63, 1242, 0, 15, 135, 11, 95, 4, 4, 61, 18, 97, 0, 2, 202, 0]
2026-09-10 11:59:56 - __main__ - INFO - community_type priors: [77, 1329, 43, 190, 27]
2026-09-10 11:59:56 - __main__ - INFO - feature priors: [17, 34, 180, 17, 145, 2, 52, 24, 0, 0]
2026-09-10 11:59:56 - __main__ - INFO - sample_host priors: [6, 11, 32, 16, 12, 4, 4, 0, 23, 67, 45, 1068, 16, 0, 16, 8, 11, 9, 4, 5, 1, 0, 4, 316]
2026-09-10 11:59:56 - __main__ - INFO - material priors: [107, 1017, 16, 4, 180, 43, 143, 15, 4, 61, 60, 47, 24, 2, 395, 11]
2026-09-10 12:01:32 - __main__ - INFO - community_type priors: [69, 1351, 32, 150, 27]
2026-09-10 12:01:32 - __main__ - INFO - feature priors: [17, 34, 175, 46, 174, 2, 52, 24, 29, 10]
2026-09-10 12:01:32 - __main__ - INFO - sample_host priors: [6, 0, 32, 16, 12, 4, 4, 20, 23, 67, 45, 974, 16, 11, 16, 8, 11, 9, 0, 0, 0, 24, 4, 339]
2026-09-10 12:01:32 - __main__ - INFO - material priors: [84, 1204, 16, 15, 175, 32, 138, 15, 4, 42, 70, 105, 24, 2, 213, 11]
2026-09-10 12:03:44 - __main__ - INFO - community_type priors: [56, 1170, 43, 212, 27]
2026-09-10 12:03:44 - __main__ - INFO - feature priors: [17, 0, 155, 46, 179, 2, 52, 24, 29, 10]
2026-09-10 12:03:44 - __main__ - INFO - sample_host priors: [0, 11, 32, 16, 1, 0, 0, 20, 6, 55, 34, 1249, 0, 11, 16, 0, 0, 0, 4, 5, 1, 24, 0, 23]
2026-09-10 12:03:44 - __main__ - INFO - material priors: [127, 858, 16, 15, 155, 43, 143, 15, 4, 29, 70, 71, 24, 2, 397, 11]
2026-09-10 12:06:10 - __main__ - INFO - community_type priors: [78, 1537, 43, 214, 11]
2026-09-10 12:06:10 - __main__ - INFO - feature priors: [6, 34, 215, 40, 89, 0, 52, 24, 29, 10]
2026-09-10 12:06:10 - __main__ - INFO - sample_host priors: [6, 11, 32, 16, 11, 4, 4, 20, 17, 12, 11, 1319, 16, 11, 0, 8, 11, 9, 4, 5, 1, 24, 4, 339]
2026-09-10 12:06:10 - __main__ - INFO - material priors: [127, 1235, 16, 11, 215, 43, 53, 11, 0, 51, 62, 100, 24, 0, 389, 11]
2026-09-10 12:08:45 - __main__ - INFO - community_type priors: [72, 1417, 11, 90, 16]
2026-09-10 12:08:45 - __main__ - INFO - feature priors: [11, 34, 135, 35, 129, 2, 0, 0, 29, 10]
2026-09-10 12:08:45 - __main__ - INFO - sample_host priors: [6, 11, 0, 0, 12, 4, 4, 20, 23, 67, 45, 978, 16, 11, 16, 8, 11, 9, 4, 5, 1, 24, 4, 339]
2026-09-10 12:08:45 - __main__ - INFO - material priors: [63, 1242, 0, 15, 135, 11, 95, 4, 4, 61, 18, 97, 0, 2, 202, 0]
2026-09-10 12:10:02 - __main__ - INFO - community_type priors: [77, 1329, 43, 190, 27]
2026-09-10 12:10:02 - __main__ - INFO - feature priors: [17, 34, 180, 17, 145, 2, 52, 24, 0, 0]
2026-09-10 12:10:02 - __main__ - INFO - sample_host priors: [6, 11, 32, 16, 12, 4, 4, 0, 23, 67, 45, 1068, 16, 0, 16, 8, 11, 9, 4, 5, 1, 0, 4, 316]
2026-09-10 12:10:02 - __main__ - INFO - material priors: [107, 1017, 16, 4, 180, 43, 143, 15, 4, 61, 60, 47, 24, 2, 395, 11]
2026-09-10 12:11:20 - __main__ - INFO - community_type priors: [69, 1351, 32, 150, 27]
2026-09-10 12:11:20 - __main__ - INFO - feature priors: [17, 34, 175, 46, 174, 2, 52, 24, 29, 10]
2026-09-10 12:11:20 - __main__ - INFO - sample_host priors: [6, 0, 32, 16, 12, 4, 4, 20, 23, 67, 45, 974, 16, 11, 16, 8, 11, 9, 0, 0, 0, 24, 4, 339]
2026-09-10 12:11:20 - __main__ - INFO - material priors: [84, 1204, 16, 15, 175, 32, 138, 15, 4, 42, 70, 105, 24, 2, 213, 11]
2026-09-10 12:13:28 - __main__ - INFO - community_type priors: [56, 1170, 43, 212, 27]
2026-09-10 12:13:28 - __main__ - INFO - feature priors: [17, 0, 155, 46, 179, 2, 52, 24, 29, 10]
2026-09-10 12:13:28 - __main__ - INFO - sample_host priors: [0, 11, 32, 16, 1, 0, 0, 20, 6, 55, 34, 1249, 0, 11, 16, 0, 0, 0, 4, 5, 1, 24, 0, 23]
2026-09-10 12:13:28 - __main__ - INFO - material priors: [127, 858, 16, 15, 155, 43, 143, 15, 4, 29, 70, 71, 24, 2, 397, 11]
2026-09-10 12:14:22 - __main__ - INFO - community_type priors: [78, 1537, 43, 214, 11]
2026-09-10 12:14:22 - __main__ - INFO - feature priors: [6, 34, 215, 40, 89, 0, 52, 24, 29, 10]
2026-09-10 12:14:22 - __main__ - INFO - sample_host priors: [6, 11, 32, 16, 11, 4, 4, 20, 17, 12, 11, 1319, 16, 11, 0, 8, 11, 9, 4, 5, 1, 24, 4, 339]
2026-09-10 12:14:22 - __main__ - INFO - material priors: [127, 1235, 16, 11, 215, 43, 53, 11, 0, 51, 62, 100, 24, 0, 389, 11]
2026-09-10 12:15:18 - __main__ - INFO - community_type priors: [72, 1417, 11, 90, 16]
2026-09-10 12:15:18 - __main__ - INFO - feature priors: [11, 34, 135, 35, 129, 2, 0, 0, 29, 10]
2026-09-10 12:15:18 - __main__ - INFO - sample_host priors: [6, 11, 0, 0, 12, 4, 4, 20, 23, 67, 45, 978, 16, 11, 16, 8, 11, 9, 4, 5, 1, 24, 4, 339]
2026-09-10 12:15:18 - __main__ - INFO - material priors: [63, 1242, 0, 15, 135, 11, 95, 4, 4, 61, 18, 97, 0, 2, 202, 0]
2026-09-10 12:16:04 - __main__ - INFO - community_type priors: [77, 1329, 43, 190, 27]
2026-09-10 12:16:04 - __main__ - INFO - feature priors: [17, 34, 180, 17, 145, 2, 52, 24, 0, 0]
2026-09-10 12:16:04 - __main__ - INFO - sample_host priors: [6, 11, 32, 16, 12, 4, 4, 0, 23, 67, 45, 1068, 16, 0, 16, 8, 11, 9, 4, 5, 1, 0, 4, 316]
2026-09-10 12:16:04 - __main__ - INFO - material priors: [107, 1017, 16, 4, 180, 43, 143, 15, 4, 61, 60, 47, 24, 2, 395, 11]
2026-09-10 12:16:32 - __main__ - INFO - community_type priors: [69, 1351, 32, 150, 27]
2026-09-10 12:16:32 - __main__ - INFO - feature priors: [17, 34, 175, 46, 174, 2, 52, 24, 29, 10]
2026-09-10 12:16:32 - __main__ - INFO - sample_host priors: [6, 0, 32, 16, 12, 4, 4, 20, 23, 67, 45, 974, 16, 11, 16, 8, 11, 9, 0, 0, 0, 24, 4, 339]
2026-09-10 12:16:32 - __main__ - INFO - material priors: [84, 1204, 16, 15, 175, 32, 138, 15, 4, 42, 70, 105, 24, 2, 213, 11]
2026-09-10 12:17:32 - __main__ - INFO - community_type priors: [56, 1170, 43, 212, 27]
2026-09-10 12:17:32 - __main__ - INFO - feature priors: [17, 0, 155, 46, 179, 2, 52, 24, 29, 10]
2026-09-10 12:17:32 - __main__ - INFO - sample_host priors: [0, 11, 32, 16, 1, 0, 0, 20, 6, 55, 34, 1249, 0, 11, 16, 0, 0, 0, 4, 5, 1, 24, 0, 23]
2026-09-10 12:17:32 - __main__ - INFO - material priors: [127, 858, 16, 15, 155, 43, 143, 15, 4, 29, 70, 71, 24, 2, 397, 11]
2026-09-10 12:18:50 - __main__ - INFO - community_type priors: [78, 1537, 43, 214, 11]
2026-09-10 12:18:50 - __main__ - INFO - feature priors: [6, 34, 215, 40, 89, 0, 52, 24, 29, 10]
2026-09-10 12:18:50 - __main__ - INFO - sample_host priors: [6, 11, 32, 16, 11, 4, 4, 20, 17, 12, 11, 1319, 16, 11, 0, 8, 11, 9, 4, 5, 1, 24, 4, 339]
2026-09-10 12:18:50 - __main__ - INFO - material priors: [127, 1235, 16, 11, 215, 43, 53, 11, 0, 51, 62, 100, 24, 0, 389, 11]
2026-09-10 12:20:55 - __main__ - INFO - community_type priors: [72, 1417, 11, 90, 16]
2026-09-10 12:20:55 - __main__ - INFO - feature priors: [11, 34, 135, 35, 129, 2, 0, 0, 29, 10]
2026-09-10 12:20:55 - __main__ - INFO - sample_host priors: [6, 11, 0, 0, 12, 4, 4, 20, 23, 67, 45, 978, 16, 11, 16, 8, 11, 9, 4, 5, 1, 24, 4, 339]
2026-09-10 12:20:55 - __main__ - INFO - material priors: [63, 1242, 0, 15, 135, 11, 95, 4, 4, 61, 18, 97, 0, 2, 202, 0]
