2026-09-09 18:00:55 - root - INFO - Logging to file: results/search_v9_single_material/cv_results/fold_3/fold_3_training.log
2026-09-09 18:00:55 - __main__ - INFO - ================================================================================
2026-09-09 18:00:55 - __main__ - INFO - DIANA Multi-Task Hyperparameter Optimization
2026-09-09 18:00:55 - __main__ - INFO - ================================================================================
2026-09-09 18:00:55 - __main__ - INFO - Run config:   configs/train_config_v9_search_single_material.json
2026-09-09 18:00:55 - __main__ - INFO - Features:     data/matrices/matrix_v9_train/unitigs.frac.mat
2026-09-09 18:00:55 - __main__ - INFO - Metadata:     data/splits_v9/train_metadata.tsv
2026-09-09 18:00:55 - __main__ - INFO - Output dir:   results/search_v9_single_material
2026-09-09 18:00:55 - __main__ - INFO - Tasks:        ['material']
2026-09-09 18:00:55 - __main__ - INFO - Task types:   {'material': 'classification'}
2026-09-09 18:00:55 - __main__ - INFO - Fold:         3 / 5
2026-09-09 18:00:55 - __main__ - INFO - Trials:       100  Max epochs: 200  Patience: 20
2026-09-09 18:00:55 - __main__ - INFO - GPU:          True  Seed: 42
2026-09-09 18:00:55 - __main__ - INFO - Loading data from data/matrices/matrix_v9_train/unitigs.frac.mat
2026-09-09 18:00:55 - diana.data.loader - INFO - Loading matrix from data/matrices/matrix_v9_train/unitigs.frac.mat
2026-09-09 18:01:50 - diana.data.loader - INFO - Loaded 110202 features × 2716 samples (before transpose)
2026-09-09 18:01:50 - diana.data.loader - INFO - Transposed to 2716 samples × 110202 features
2026-09-09 18:01:50 - diana.data.loader - INFO - Reading sample IDs from data/matrices/matrix_v9_train/kmer_matrix/kmtricks.fof
2026-09-09 18:01:50 - diana.data.loader - INFO - Sample IDs: ['ERR10114844', 'ERR10114845', 'ERR10114846']...
2026-09-09 18:01:50 - diana.data.loader - INFO - Loading metadata from data/splits_v9/train_metadata.tsv
2026-09-09 18:01:51 - diana.data.loader - INFO - Metadata: 2716 rows × 15 columns
2026-09-09 18:01:51 - diana.data.loader - INFO - Metadata aligned to matrix sample order
2026-09-09 18:01:51 - __main__ - INFO - Loaded 2716 samples with 110202 features
2026-09-09 18:01:51 - __main__ - INFO - Loaded 2716 samples × 110202 features
2026-09-09 18:01:51 - __main__ - INFO - === FOLD 3/4 ===
2026-09-09 18:01:51 - __main__ - INFO - Output directory: results/search_v9_single_material/cv_results/fold_3
2026-09-09 18:01:51 - __main__ - INFO - Using device: cuda
2026-09-09 18:01:51 - __main__ - INFO - Class imbalance: logit adjustment, tau SEARCHED in [0.05, 0.8]
2026-09-09 18:01:51 - __main__ - INFO - material: 16 classes, 2639 labelled, 77 masked - ['bone', 'dental calculus', 'digestive tract contents', 'intestine', 'lake sediment']...
2026-09-09 18:01:51 - __main__ - INFO - Grouping CV folds on 'archive_project': 68 groups over 2716 runs
2026-09-09 18:01:51 - __main__ - INFO - Outer fold 3 taken from data/splits_v9/dev_folds.tsv (5 dev folds)
2026-09-09 18:01:51 - __main__ - INFO - Train: 2172, Test: 544 (outer fold verified archive_project-disjoint)
2026-09-09 18:01:51 - __main__ - INFO - 3 inner folds verified archive_project-disjoint
2026-09-09 18:01:51 - __main__ - INFO - Starting Optuna optimization with 100 trials...
2026-09-09 18:01:51 - __main__ - INFO - Each trial will be evaluated on 3 inner CV folds
2026-09-09 18:01:52 - __main__ - INFO - material priors: [43, 749, 0, 4, 123, 43, 118, 4, 4, 58, 8, 45, 24, 2, 326, 0]
2026-09-09 18:04:05 - __main__ - INFO - material priors: [77, 520, 16, 0, 79, 11, 95, 11, 0, 35, 60, 44, 24, 2, 207, 11]
2026-09-09 18:06:03 - __main__ - INFO - material priors: [94, 765, 16, 4, 158, 32, 73, 15, 4, 29, 52, 5, 0, 0, 257, 11]
2026-09-09 18:08:15 - __main__ - INFO - material priors: [43, 749, 0, 4, 123, 43, 118, 4, 4, 58, 8, 45, 24, 2, 326, 0]
2026-09-09 18:09:08 - __main__ - INFO - material priors: [77, 520, 16, 0, 79, 11, 95, 11, 0, 35, 60, 44, 24, 2, 207, 11]
2026-09-09 18:09:49 - __main__ - INFO - material priors: [94, 765, 16, 4, 158, 32, 73, 15, 4, 29, 52, 5, 0, 0, 257, 11]
2026-09-09 18:11:03 - __main__ - INFO - material priors: [43, 749, 0, 4, 123, 43, 118, 4, 4, 58, 8, 45, 24, 2, 326, 0]
2026-09-09 18:11:42 - __main__ - INFO - material priors: [77, 520, 16, 0, 79, 11, 95, 11, 0, 35, 60, 44, 24, 2, 207, 11]
2026-09-09 18:12:17 - __main__ - INFO - material priors: [94, 765, 16, 4, 158, 32, 73, 15, 4, 29, 52, 5, 0, 0, 257, 11]
2026-09-09 18:12:57 - __main__ - INFO - material priors: [43, 749, 0, 4, 123, 43, 118, 4, 4, 58, 8, 45, 24, 2, 326, 0]
2026-09-09 18:13:40 - __main__ - INFO - material priors: [77, 520, 16, 0, 79, 11, 95, 11, 0, 35, 60, 44, 24, 2, 207, 11]
2026-09-09 18:14:29 - __main__ - INFO - material priors: [94, 765, 16, 4, 158, 32, 73, 15, 4, 29, 52, 5, 0, 0, 257, 11]
2026-09-09 18:15:27 - __main__ - INFO - material priors: [43, 749, 0, 4, 123, 43, 118, 4, 4, 58, 8, 45, 24, 2, 326, 0]
2026-09-09 18:16:08 - __main__ - INFO - material priors: [77, 520, 16, 0, 79, 11, 95, 11, 0, 35, 60, 44, 24, 2, 207, 11]
2026-09-09 18:16:42 - __main__ - INFO - material priors: [94, 765, 16, 4, 158, 32, 73, 15, 4, 29, 52, 5, 0, 0, 257, 11]
2026-09-09 18:17:22 - __main__ - INFO - material priors: [43, 749, 0, 4, 123, 43, 118, 4, 4, 58, 8, 45, 24, 2, 326, 0]
2026-09-09 18:18:15 - __main__ - INFO - material priors: [77, 520, 16, 0, 79, 11, 95, 11, 0, 35, 60, 44, 24, 2, 207, 11]
2026-09-09 18:18:49 - __main__ - INFO - material priors: [94, 765, 16, 4, 158, 32, 73, 15, 4, 29, 52, 5, 0, 0, 257, 11]
2026-09-09 18:19:41 - __main__ - INFO - material priors: [43, 749, 0, 4, 123, 43, 118, 4, 4, 58, 8, 45, 24, 2, 326, 0]
2026-09-09 18:20:16 - __main__ - INFO - material priors: [77, 520, 16, 0, 79, 11, 95, 11, 0, 35, 60, 44, 24, 2, 207, 11]
2026-09-09 18:20:45 - __main__ - INFO - material priors: [94, 765, 16, 4, 158, 32, 73, 15, 4, 29, 52, 5, 0, 0, 257, 11]
2026-09-09 18:21:24 - __main__ - INFO - material priors: [43, 749, 0, 4, 123, 43, 118, 4, 4, 58, 8, 45, 24, 2, 326, 0]
2026-09-09 18:23:11 - __main__ - INFO - material priors: [77, 520, 16, 0, 79, 11, 95, 11, 0, 35, 60, 44, 24, 2, 207, 11]
2026-09-09 18:24:27 - __main__ - INFO - material priors: [94, 765, 16, 4, 158, 32, 73, 15, 4, 29, 52, 5, 0, 0, 257, 11]
2026-09-09 18:26:25 - __main__ - INFO - material priors: [43, 749, 0, 4, 123, 43, 118, 4, 4, 58, 8, 45, 24, 2, 326, 0]
2026-09-09 18:27:02 - __main__ - INFO - material priors: [77, 520, 16, 0, 79, 11, 95, 11, 0, 35, 60, 44, 24, 2, 207, 11]
2026-09-09 18:27:36 - __main__ - INFO - material priors: [94, 765, 16, 4, 158, 32, 73, 15, 4, 29, 52, 5, 0, 0, 257, 11]
2026-09-09 18:28:16 - __main__ - INFO - material priors: [43, 749, 0, 4, 123, 43, 118, 4, 4, 58, 8, 45, 24, 2, 326, 0]
2026-09-09 18:29:13 - __main__ - INFO - material priors: [77, 520, 16, 0, 79, 11, 95, 11, 0, 35, 60, 44, 24, 2, 207, 11]
2026-09-09 18:29:52 - __main__ - INFO - material priors: [94, 765, 16, 4, 158, 32, 73, 15, 4, 29, 52, 5, 0, 0, 257, 11]
2026-09-09 18:30:46 - __main__ - INFO - material priors: [43, 749, 0, 4, 123, 43, 118, 4, 4, 58, 8, 45, 24, 2, 326, 0]
2026-09-09 18:31:20 - __main__ - INFO - material priors: [77, 520, 16, 0, 79, 11, 95, 11, 0, 35, 60, 44, 24, 2, 207, 11]
2026-09-09 18:31:48 - __main__ - INFO - material priors: [94, 765, 16, 4, 158, 32, 73, 15, 4, 29, 52, 5, 0, 0, 257, 11]
2026-09-09 18:32:22 - __main__ - INFO - material priors: [43, 749, 0, 4, 123, 43, 118, 4, 4, 58, 8, 45, 24, 2, 326, 0]
2026-09-09 18:33:23 - __main__ - INFO - material priors: [77, 520, 16, 0, 79, 11, 95, 11, 0, 35, 60, 44, 24, 2, 207, 11]
2026-09-09 18:33:54 - __main__ - INFO - material priors: [94, 765, 16, 4, 158, 32, 73, 15, 4, 29, 52, 5, 0, 0, 257, 11]
2026-09-09 18:34:53 - __main__ - INFO - material priors: [43, 749, 0, 4, 123, 43, 118, 4, 4, 58, 8, 45, 24, 2, 326, 0]
2026-09-09 18:35:48 - __main__ - INFO - material priors: [77, 520, 16, 0, 79, 11, 95, 11, 0, 35, 60, 44, 24, 2, 207, 11]
2026-09-09 18:36:32 - __main__ - INFO - material priors: [94, 765, 16, 4, 158, 32, 73, 15, 4, 29, 52, 5, 0, 0, 257, 11]
2026-09-09 18:37:38 - __main__ - INFO - material priors: [43, 749, 0, 4, 123, 43, 118, 4, 4, 58, 8, 45, 24, 2, 326, 0]
2026-09-09 18:38:31 - __main__ - INFO - material priors: [77, 520, 16, 0, 79, 11, 95, 11, 0, 35, 60, 44, 24, 2, 207, 11]
2026-09-09 18:39:17 - __main__ - INFO - material priors: [94, 765, 16, 4, 158, 32, 73, 15, 4, 29, 52, 5, 0, 0, 257, 11]
2026-09-09 18:40:11 - __main__ - INFO - material priors: [43, 749, 0, 4, 123, 43, 118, 4, 4, 58, 8, 45, 24, 2, 326, 0]
2026-09-09 18:41:18 - __main__ - INFO - material priors: [77, 520, 16, 0, 79, 11, 95, 11, 0, 35, 60, 44, 24, 2, 207, 11]
2026-09-09 18:42:13 - __main__ - INFO - material priors: [94, 765, 16, 4, 158, 32, 73, 15, 4, 29, 52, 5, 0, 0, 257, 11]
2026-09-09 18:42:57 - __main__ - INFO - material priors: [43, 749, 0, 4, 123, 43, 118, 4, 4, 58, 8, 45, 24, 2, 326, 0]
2026-09-09 18:43:39 - __main__ - INFO - material priors: [77, 520, 16, 0, 79, 11, 95, 11, 0, 35, 60, 44, 24, 2, 207, 11]
2026-09-09 18:44:44 - __main__ - INFO - material priors: [94, 765, 16, 4, 158, 32, 73, 15, 4, 29, 52, 5, 0, 0, 257, 11]
2026-09-09 18:45:54 - __main__ - INFO - material priors: [43, 749, 0, 4, 123, 43, 118, 4, 4, 58, 8, 45, 24, 2, 326, 0]
2026-09-09 18:46:33 - __main__ - INFO - material priors: [77, 520, 16, 0, 79, 11, 95, 11, 0, 35, 60, 44, 24, 2, 207, 11]
2026-09-09 18:46:59 - __main__ - INFO - material priors: [94, 765, 16, 4, 158, 32, 73, 15, 4, 29, 52, 5, 0, 0, 257, 11]
2026-09-09 18:47:44 - __main__ - INFO - material priors: [43, 749, 0, 4, 123, 43, 118, 4, 4, 58, 8, 45, 24, 2, 326, 0]
2026-09-09 18:48:27 - __main__ - INFO - material priors: [77, 520, 16, 0, 79, 11, 95, 11, 0, 35, 60, 44, 24, 2, 207, 11]
2026-09-09 18:48:58 - __main__ - INFO - material priors: [94, 765, 16, 4, 158, 32, 73, 15, 4, 29, 52, 5, 0, 0, 257, 11]
2026-09-09 18:49:36 - __main__ - INFO - material priors: [43, 749, 0, 4, 123, 43, 118, 4, 4, 58, 8, 45, 24, 2, 326, 0]
2026-09-09 18:50:32 - __main__ - INFO - material priors: [77, 520, 16, 0, 79, 11, 95, 11, 0, 35, 60, 44, 24, 2, 207, 11]
2026-09-09 18:50:56 - __main__ - INFO - material priors: [94, 765, 16, 4, 158, 32, 73, 15, 4, 29, 52, 5, 0, 0, 257, 11]
2026-09-09 18:51:28 - __main__ - INFO - material priors: [43, 749, 0, 4, 123, 43, 118, 4, 4, 58, 8, 45, 24, 2, 326, 0]
2026-09-09 18:52:24 - __main__ - INFO - material priors: [77, 520, 16, 0, 79, 11, 95, 11, 0, 35, 60, 44, 24, 2, 207, 11]
2026-09-09 18:53:20 - __main__ - INFO - material priors: [94, 765, 16, 4, 158, 32, 73, 15, 4, 29, 52, 5, 0, 0, 257, 11]
2026-09-09 18:54:31 - __main__ - INFO - material priors: [43, 749, 0, 4, 123, 43, 118, 4, 4, 58, 8, 45, 24, 2, 326, 0]
2026-09-09 18:56:28 - __main__ - INFO - material priors: [77, 520, 16, 0, 79, 11, 95, 11, 0, 35, 60, 44, 24, 2, 207, 11]
2026-09-09 18:58:02 - __main__ - INFO - material priors: [94, 765, 16, 4, 158, 32, 73, 15, 4, 29, 52, 5, 0, 0, 257, 11]
2026-09-09 18:59:55 - __main__ - INFO - material priors: [43, 749, 0, 4, 123, 43, 118, 4, 4, 58, 8, 45, 24, 2, 326, 0]
2026-09-09 19:00:54 - __main__ - INFO - material priors: [77, 520, 16, 0, 79, 11, 95, 11, 0, 35, 60, 44, 24, 2, 207, 11]
2026-09-09 19:01:28 - __main__ - INFO - material priors: [94, 765, 16, 4, 158, 32, 73, 15, 4, 29, 52, 5, 0, 0, 257, 11]
2026-09-09 19:02:25 - __main__ - INFO - material priors: [43, 749, 0, 4, 123, 43, 118, 4, 4, 58, 8, 45, 24, 2, 326, 0]
2026-09-09 19:03:10 - __main__ - INFO - material priors: [77, 520, 16, 0, 79, 11, 95, 11, 0, 35, 60, 44, 24, 2, 207, 11]
2026-09-09 19:03:54 - __main__ - INFO - material priors: [94, 765, 16, 4, 158, 32, 73, 15, 4, 29, 52, 5, 0, 0, 257, 11]
2026-09-09 19:04:45 - __main__ - INFO - material priors: [43, 749, 0, 4, 123, 43, 118, 4, 4, 58, 8, 45, 24, 2, 326, 0]
2026-09-09 19:05:47 - __main__ - INFO - material priors: [77, 520, 16, 0, 79, 11, 95, 11, 0, 35, 60, 44, 24, 2, 207, 11]
2026-09-09 19:06:28 - __main__ - INFO - material priors: [94, 765, 16, 4, 158, 32, 73, 15, 4, 29, 52, 5, 0, 0, 257, 11]
2026-09-09 19:07:27 - __main__ - INFO - material priors: [43, 749, 0, 4, 123, 43, 118, 4, 4, 58, 8, 45, 24, 2, 326, 0]
2026-09-09 19:08:28 - __main__ - INFO - material priors: [77, 520, 16, 0, 79, 11, 95, 11, 0, 35, 60, 44, 24, 2, 207, 11]
2026-09-09 19:09:01 - __main__ - INFO - material priors: [94, 765, 16, 4, 158, 32, 73, 15, 4, 29, 52, 5, 0, 0, 257, 11]
2026-09-09 19:09:57 - __main__ - INFO - material priors: [43, 749, 0, 4, 123, 43, 118, 4, 4, 58, 8, 45, 24, 2, 326, 0]
2026-09-09 19:11:05 - __main__ - INFO - material priors: [77, 520, 16, 0, 79, 11, 95, 11, 0, 35, 60, 44, 24, 2, 207, 11]
2026-09-09 19:11:38 - __main__ - INFO - material priors: [94, 765, 16, 4, 158, 32, 73, 15, 4, 29, 52, 5, 0, 0, 257, 11]
2026-09-09 19:12:46 - __main__ - INFO - material priors: [43, 749, 0, 4, 123, 43, 118, 4, 4, 58, 8, 45, 24, 2, 326, 0]
2026-09-09 19:13:31 - __main__ - INFO - material priors: [77, 520, 16, 0, 79, 11, 95, 11, 0, 35, 60, 44, 24, 2, 207, 11]
2026-09-09 19:13:56 - __main__ - INFO - material priors: [94, 765, 16, 4, 158, 32, 73, 15, 4, 29, 52, 5, 0, 0, 257, 11]
2026-09-09 19:14:27 - __main__ - INFO - material priors: [43, 749, 0, 4, 123, 43, 118, 4, 4, 58, 8, 45, 24, 2, 326, 0]
2026-09-09 19:15:19 - __main__ - INFO - material priors: [77, 520, 16, 0, 79, 11, 95, 11, 0, 35, 60, 44, 24, 2, 207, 11]
2026-09-09 19:16:00 - __main__ - INFO - material priors: [94, 765, 16, 4, 158, 32, 73, 15, 4, 29, 52, 5, 0, 0, 257, 11]
2026-09-09 19:16:33 - __main__ - INFO - material priors: [43, 749, 0, 4, 123, 43, 118, 4, 4, 58, 8, 45, 24, 2, 326, 0]
2026-09-09 19:17:23 - __main__ - INFO - material priors: [77, 520, 16, 0, 79, 11, 95, 11, 0, 35, 60, 44, 24, 2, 207, 11]
2026-09-09 19:17:47 - __main__ - INFO - material priors: [94, 765, 16, 4, 158, 32, 73, 15, 4, 29, 52, 5, 0, 0, 257, 11]
2026-09-09 19:18:32 - __main__ - INFO - material priors: [43, 749, 0, 4, 123, 43, 118, 4, 4, 58, 8, 45, 24, 2, 326, 0]
2026-09-09 19:19:14 - __main__ - INFO - material priors: [77, 520, 16, 0, 79, 11, 95, 11, 0, 35, 60, 44, 24, 2, 207, 11]
2026-09-09 19:19:55 - __main__ - INFO - material priors: [94, 765, 16, 4, 158, 32, 73, 15, 4, 29, 52, 5, 0, 0, 257, 11]
2026-09-09 19:20:28 - __main__ - INFO - material priors: [43, 749, 0, 4, 123, 43, 118, 4, 4, 58, 8, 45, 24, 2, 326, 0]
2026-09-09 19:21:18 - __main__ - INFO - material priors: [77, 520, 16, 0, 79, 11, 95, 11, 0, 35, 60, 44, 24, 2, 207, 11]
2026-09-09 19:21:54 - __main__ - INFO - material priors: [94, 765, 16, 4, 158, 32, 73, 15, 4, 29, 52, 5, 0, 0, 257, 11]
2026-09-09 19:22:27 - __main__ - INFO - material priors: [43, 749, 0, 4, 123, 43, 118, 4, 4, 58, 8, 45, 24, 2, 326, 0]
2026-09-09 19:23:16 - __main__ - INFO - material priors: [77, 520, 16, 0, 79, 11, 95, 11, 0, 35, 60, 44, 24, 2, 207, 11]
2026-09-09 19:23:56 - __main__ - INFO - material priors: [94, 765, 16, 4, 158, 32, 73, 15, 4, 29, 52, 5, 0, 0, 257, 11]
2026-09-09 19:24:24 - __main__ - INFO - material priors: [43, 749, 0, 4, 123, 43, 118, 4, 4, 58, 8, 45, 24, 2, 326, 0]
2026-09-09 19:25:03 - __main__ - INFO - material priors: [77, 520, 16, 0, 79, 11, 95, 11, 0, 35, 60, 44, 24, 2, 207, 11]
2026-09-09 19:25:43 - __main__ - INFO - material priors: [94, 765, 16, 4, 158, 32, 73, 15, 4, 29, 52, 5, 0, 0, 257, 11]
2026-09-09 19:26:15 - __main__ - INFO - material priors: [43, 749, 0, 4, 123, 43, 118, 4, 4, 58, 8, 45, 24, 2, 326, 0]
2026-09-09 19:27:02 - __main__ - INFO - material priors: [77, 520, 16, 0, 79, 11, 95, 11, 0, 35, 60, 44, 24, 2, 207, 11]
2026-09-09 19:27:43 - __main__ - INFO - material priors: [94, 765, 16, 4, 158, 32, 73, 15, 4, 29, 52, 5, 0, 0, 257, 11]
2026-09-09 19:28:23 - __main__ - INFO - material priors: [43, 749, 0, 4, 123, 43, 118, 4, 4, 58, 8, 45, 24, 2, 326, 0]
2026-09-09 19:29:09 - __main__ - INFO - material priors: [77, 520, 16, 0, 79, 11, 95, 11, 0, 35, 60, 44, 24, 2, 207, 11]
2026-09-09 19:29:46 - __main__ - INFO - material priors: [94, 765, 16, 4, 158, 32, 73, 15, 4, 29, 52, 5, 0, 0, 257, 11]
2026-09-09 19:30:20 - __main__ - INFO - material priors: [43, 749, 0, 4, 123, 43, 118, 4, 4, 58, 8, 45, 24, 2, 326, 0]
2026-09-09 19:31:00 - __main__ - INFO - material priors: [77, 520, 16, 0, 79, 11, 95, 11, 0, 35, 60, 44, 24, 2, 207, 11]
2026-09-09 19:31:43 - __main__ - INFO - material priors: [94, 765, 16, 4, 158, 32, 73, 15, 4, 29, 52, 5, 0, 0, 257, 11]
2026-09-09 19:32:08 - __main__ - INFO - material priors: [43, 749, 0, 4, 123, 43, 118, 4, 4, 58, 8, 45, 24, 2, 326, 0]
2026-09-09 19:32:34 - __main__ - INFO - material priors: [77, 520, 16, 0, 79, 11, 95, 11, 0, 35, 60, 44, 24, 2, 207, 11]
2026-09-09 19:33:12 - __main__ - INFO - material priors: [94, 765, 16, 4, 158, 32, 73, 15, 4, 29, 52, 5, 0, 0, 257, 11]
2026-09-09 19:33:50 - __main__ - INFO - material priors: [43, 749, 0, 4, 123, 43, 118, 4, 4, 58, 8, 45, 24, 2, 326, 0]
2026-09-09 19:34:35 - __main__ - INFO - material priors: [77, 520, 16, 0, 79, 11, 95, 11, 0, 35, 60, 44, 24, 2, 207, 11]
2026-09-09 19:34:53 - __main__ - INFO - material priors: [94, 765, 16, 4, 158, 32, 73, 15, 4, 29, 52, 5, 0, 0, 257, 11]
2026-09-09 19:35:30 - __main__ - INFO - material priors: [43, 749, 0, 4, 123, 43, 118, 4, 4, 58, 8, 45, 24, 2, 326, 0]
2026-09-09 19:37:26 - __main__ - INFO - material priors: [77, 520, 16, 0, 79, 11, 95, 11, 0, 35, 60, 44, 24, 2, 207, 11]
2026-09-09 19:39:03 - __main__ - INFO - material priors: [94, 765, 16, 4, 158, 32, 73, 15, 4, 29, 52, 5, 0, 0, 257, 11]
2026-09-09 19:40:17 - __main__ - INFO - material priors: [43, 749, 0, 4, 123, 43, 118, 4, 4, 58, 8, 45, 24, 2, 326, 0]
2026-09-09 19:41:07 - __main__ - INFO - material priors: [77, 520, 16, 0, 79, 11, 95, 11, 0, 35, 60, 44, 24, 2, 207, 11]
2026-09-09 19:41:47 - __main__ - INFO - material priors: [94, 765, 16, 4, 158, 32, 73, 15, 4, 29, 52, 5, 0, 0, 257, 11]
2026-09-09 19:42:26 - __main__ - INFO - material priors: [43, 749, 0, 4, 123, 43, 118, 4, 4, 58, 8, 45, 24, 2, 326, 0]
2026-09-09 19:43:16 - __main__ - INFO - material priors: [77, 520, 16, 0, 79, 11, 95, 11, 0, 35, 60, 44, 24, 2, 207, 11]
2026-09-09 19:43:55 - __main__ - INFO - material priors: [94, 765, 16, 4, 158, 32, 73, 15, 4, 29, 52, 5, 0, 0, 257, 11]
2026-09-09 19:44:23 - __main__ - INFO - material priors: [43, 749, 0, 4, 123, 43, 118, 4, 4, 58, 8, 45, 24, 2, 326, 0]
2026-09-09 19:44:56 - __main__ - INFO - material priors: [77, 520, 16, 0, 79, 11, 95, 11, 0, 35, 60, 44, 24, 2, 207, 11]
2026-09-09 19:45:33 - __main__ - INFO - material priors: [94, 765, 16, 4, 158, 32, 73, 15, 4, 29, 52, 5, 0, 0, 257, 11]
2026-09-09 19:46:03 - __main__ - INFO - material priors: [43, 749, 0, 4, 123, 43, 118, 4, 4, 58, 8, 45, 24, 2, 326, 0]
2026-09-09 19:46:53 - __main__ - INFO - material priors: [77, 520, 16, 0, 79, 11, 95, 11, 0, 35, 60, 44, 24, 2, 207, 11]
2026-09-09 19:47:30 - __main__ - INFO - material priors: [94, 765, 16, 4, 158, 32, 73, 15, 4, 29, 52, 5, 0, 0, 257, 11]
2026-09-09 19:48:11 - __main__ - INFO - material priors: [43, 749, 0, 4, 123, 43, 118, 4, 4, 58, 8, 45, 24, 2, 326, 0]
2026-09-09 19:48:57 - __main__ - INFO - material priors: [77, 520, 16, 0, 79, 11, 95, 11, 0, 35, 60, 44, 24, 2, 207, 11]
2026-09-09 19:49:26 - __main__ - INFO - material priors: [94, 765, 16, 4, 158, 32, 73, 15, 4, 29, 52, 5, 0, 0, 257, 11]
2026-09-09 19:49:53 - __main__ - INFO - material priors: [43, 749, 0, 4, 123, 43, 118, 4, 4, 58, 8, 45, 24, 2, 326, 0]
2026-09-09 19:50:40 - __main__ - INFO - material priors: [77, 520, 16, 0, 79, 11, 95, 11, 0, 35, 60, 44, 24, 2, 207, 11]
2026-09-09 19:51:02 - __main__ - INFO - material priors: [94, 765, 16, 4, 158, 32, 73, 15, 4, 29, 52, 5, 0, 0, 257, 11]
2026-09-09 19:51:48 - __main__ - INFO - material priors: [43, 749, 0, 4, 123, 43, 118, 4, 4, 58, 8, 45, 24, 2, 326, 0]
2026-09-09 19:53:13 - __main__ - INFO - material priors: [77, 520, 16, 0, 79, 11, 95, 11, 0, 35, 60, 44, 24, 2, 207, 11]
2026-09-09 19:54:15 - __main__ - INFO - material priors: [94, 765, 16, 4, 158, 32, 73, 15, 4, 29, 52, 5, 0, 0, 257, 11]
2026-09-09 19:55:45 - __main__ - INFO - material priors: [43, 749, 0, 4, 123, 43, 118, 4, 4, 58, 8, 45, 24, 2, 326, 0]
2026-09-09 19:56:26 - __main__ - INFO - material priors: [77, 520, 16, 0, 79, 11, 95, 11, 0, 35, 60, 44, 24, 2, 207, 11]
2026-09-09 19:56:54 - __main__ - INFO - material priors: [94, 765, 16, 4, 158, 32, 73, 15, 4, 29, 52, 5, 0, 0, 257, 11]
2026-09-09 19:57:23 - __main__ - INFO - material priors: [43, 749, 0, 4, 123, 43, 118, 4, 4, 58, 8, 45, 24, 2, 326, 0]
2026-09-09 19:58:10 - __main__ - INFO - material priors: [77, 520, 16, 0, 79, 11, 95, 11, 0, 35, 60, 44, 24, 2, 207, 11]
2026-09-09 19:58:50 - __main__ - INFO - material priors: [94, 765, 16, 4, 158, 32, 73, 15, 4, 29, 52, 5, 0, 0, 257, 11]
2026-09-09 19:59:16 - __main__ - INFO - material priors: [43, 749, 0, 4, 123, 43, 118, 4, 4, 58, 8, 45, 24, 2, 326, 0]
2026-09-09 20:00:05 - __main__ - INFO - material priors: [77, 520, 16, 0, 79, 11, 95, 11, 0, 35, 60, 44, 24, 2, 207, 11]
2026-09-09 20:00:26 - __main__ - INFO - material priors: [94, 765, 16, 4, 158, 32, 73, 15, 4, 29, 52, 5, 0, 0, 257, 11]
2026-09-09 20:00:51 - __main__ - INFO - material priors: [43, 749, 0, 4, 123, 43, 118, 4, 4, 58, 8, 45, 24, 2, 326, 0]
2026-09-09 20:01:36 - __main__ - INFO - material priors: [77, 520, 16, 0, 79, 11, 95, 11, 0, 35, 60, 44, 24, 2, 207, 11]
2026-09-09 20:02:06 - __main__ - INFO - material priors: [94, 765, 16, 4, 158, 32, 73, 15, 4, 29, 52, 5, 0, 0, 257, 11]
2026-09-09 20:02:40 - __main__ - INFO - material priors: [43, 749, 0, 4, 123, 43, 118, 4, 4, 58, 8, 45, 24, 2, 326, 0]
2026-09-09 20:03:24 - __main__ - INFO - material priors: [77, 520, 16, 0, 79, 11, 95, 11, 0, 35, 60, 44, 24, 2, 207, 11]
2026-09-09 20:03:53 - __main__ - INFO - material priors: [94, 765, 16, 4, 158, 32, 73, 15, 4, 29, 52, 5, 0, 0, 257, 11]
2026-09-09 20:04:22 - __main__ - INFO - material priors: [43, 749, 0, 4, 123, 43, 118, 4, 4, 58, 8, 45, 24, 2, 326, 0]
2026-09-09 20:05:08 - __main__ - INFO - material priors: [77, 520, 16, 0, 79, 11, 95, 11, 0, 35, 60, 44, 24, 2, 207, 11]
2026-09-09 20:05:36 - __main__ - INFO - material priors: [94, 765, 16, 4, 158, 32, 73, 15, 4, 29, 52, 5, 0, 0, 257, 11]
2026-09-09 20:06:05 - __main__ - INFO - material priors: [43, 749, 0, 4, 123, 43, 118, 4, 4, 58, 8, 45, 24, 2, 326, 0]
2026-09-09 20:06:53 - __main__ - INFO - material priors: [77, 520, 16, 0, 79, 11, 95, 11, 0, 35, 60, 44, 24, 2, 207, 11]
2026-09-09 20:07:31 - __main__ - INFO - material priors: [94, 765, 16, 4, 158, 32, 73, 15, 4, 29, 52, 5, 0, 0, 257, 11]
2026-09-09 20:07:55 - __main__ - INFO - material priors: [43, 749, 0, 4, 123, 43, 118, 4, 4, 58, 8, 45, 24, 2, 326, 0]
2026-09-09 20:08:41 - __main__ - INFO - material priors: [77, 520, 16, 0, 79, 11, 95, 11, 0, 35, 60, 44, 24, 2, 207, 11]
2026-09-09 20:09:19 - __main__ - INFO - material priors: [94, 765, 16, 4, 158, 32, 73, 15, 4, 29, 52, 5, 0, 0, 257, 11]
2026-09-09 20:09:49 - __main__ - INFO - material priors: [43, 749, 0, 4, 123, 43, 118, 4, 4, 58, 8, 45, 24, 2, 326, 0]
2026-09-09 20:10:35 - __main__ - INFO - material priors: [77, 520, 16, 0, 79, 11, 95, 11, 0, 35, 60, 44, 24, 2, 207, 11]
2026-09-09 20:11:10 - __main__ - INFO - material priors: [94, 765, 16, 4, 158, 32, 73, 15, 4, 29, 52, 5, 0, 0, 257, 11]
2026-09-09 20:11:33 - __main__ - INFO - material priors: [43, 749, 0, 4, 123, 43, 118, 4, 4, 58, 8, 45, 24, 2, 326, 0]
2026-09-09 20:12:20 - __main__ - INFO - material priors: [77, 520, 16, 0, 79, 11, 95, 11, 0, 35, 60, 44, 24, 2, 207, 11]
2026-09-09 20:12:57 - __main__ - INFO - material priors: [94, 765, 16, 4, 158, 32, 73, 15, 4, 29, 52, 5, 0, 0, 257, 11]
2026-09-09 20:13:25 - __main__ - INFO - material priors: [43, 749, 0, 4, 123, 43, 118, 4, 4, 58, 8, 45, 24, 2, 326, 0]
2026-09-09 20:14:10 - __main__ - INFO - material priors: [77, 520, 16, 0, 79, 11, 95, 11, 0, 35, 60, 44, 24, 2, 207, 11]
2026-09-09 20:14:47 - __main__ - INFO - material priors: [94, 765, 16, 4, 158, 32, 73, 15, 4, 29, 52, 5, 0, 0, 257, 11]
2026-09-09 20:15:29 - __main__ - INFO - material priors: [43, 749, 0, 4, 123, 43, 118, 4, 4, 58, 8, 45, 24, 2, 326, 0]
2026-09-09 20:16:15 - __main__ - INFO - material priors: [77, 520, 16, 0, 79, 11, 95, 11, 0, 35, 60, 44, 24, 2, 207, 11]
2026-09-09 20:16:54 - __main__ - INFO - material priors: [94, 765, 16, 4, 158, 32, 73, 15, 4, 29, 52, 5, 0, 0, 257, 11]
2026-09-09 20:17:27 - __main__ - INFO - material priors: [43, 749, 0, 4, 123, 43, 118, 4, 4, 58, 8, 45, 24, 2, 326, 0]
2026-09-09 20:18:10 - __main__ - INFO - material priors: [77, 520, 16, 0, 79, 11, 95, 11, 0, 35, 60, 44, 24, 2, 207, 11]
2026-09-09 20:18:45 - __main__ - INFO - material priors: [94, 765, 16, 4, 158, 32, 73, 15, 4, 29, 52, 5, 0, 0, 257, 11]
2026-09-09 20:19:28 - __main__ - INFO - material priors: [43, 749, 0, 4, 123, 43, 118, 4, 4, 58, 8, 45, 24, 2, 326, 0]
2026-09-09 20:20:06 - __main__ - INFO - material priors: [77, 520, 16, 0, 79, 11, 95, 11, 0, 35, 60, 44, 24, 2, 207, 11]
2026-09-09 20:20:34 - __main__ - INFO - material priors: [94, 765, 16, 4, 158, 32, 73, 15, 4, 29, 52, 5, 0, 0, 257, 11]
2026-09-09 20:21:09 - __main__ - INFO - material priors: [43, 749, 0, 4, 123, 43, 118, 4, 4, 58, 8, 45, 24, 2, 326, 0]
2026-09-09 20:21:55 - __main__ - INFO - material priors: [77, 520, 16, 0, 79, 11, 95, 11, 0, 35, 60, 44, 24, 2, 207, 11]
2026-09-09 20:22:23 - __main__ - INFO - material priors: [94, 765, 16, 4, 158, 32, 73, 15, 4, 29, 52, 5, 0, 0, 257, 11]
2026-09-09 20:22:59 - __main__ - INFO - material priors: [43, 749, 0, 4, 123, 43, 118, 4, 4, 58, 8, 45, 24, 2, 326, 0]
2026-09-09 20:23:42 - __main__ - INFO - material priors: [77, 520, 16, 0, 79, 11, 95, 11, 0, 35, 60, 44, 24, 2, 207, 11]
2026-09-09 20:24:14 - __main__ - INFO - material priors: [94, 765, 16, 4, 158, 32, 73, 15, 4, 29, 52, 5, 0, 0, 257, 11]
2026-09-09 20:24:44 - __main__ - INFO - material priors: [43, 749, 0, 4, 123, 43, 118, 4, 4, 58, 8, 45, 24, 2, 326, 0]
2026-09-09 20:25:12 - __main__ - INFO - material priors: [77, 520, 16, 0, 79, 11, 95, 11, 0, 35, 60, 44, 24, 2, 207, 11]
2026-09-09 20:25:43 - __main__ - INFO - material priors: [94, 765, 16, 4, 158, 32, 73, 15, 4, 29, 52, 5, 0, 0, 257, 11]
2026-09-09 20:26:26 - __main__ - INFO - material priors: [43, 749, 0, 4, 123, 43, 118, 4, 4, 58, 8, 45, 24, 2, 326, 0]
2026-09-09 20:27:14 - __main__ - INFO - material priors: [77, 520, 16, 0, 79, 11, 95, 11, 0, 35, 60, 44, 24, 2, 207, 11]
2026-09-09 20:27:52 - __main__ - INFO - material priors: [94, 765, 16, 4, 158, 32, 73, 15, 4, 29, 52, 5, 0, 0, 257, 11]
2026-09-09 20:28:25 - __main__ - INFO - material priors: [43, 749, 0, 4, 123, 43, 118, 4, 4, 58, 8, 45, 24, 2, 326, 0]
2026-09-09 20:29:10 - __main__ - INFO - material priors: [77, 520, 16, 0, 79, 11, 95, 11, 0, 35, 60, 44, 24, 2, 207, 11]
2026-09-09 20:29:48 - __main__ - INFO - material priors: [94, 765, 16, 4, 158, 32, 73, 15, 4, 29, 52, 5, 0, 0, 257, 11]
2026-09-09 20:30:16 - __main__ - INFO - material priors: [43, 749, 0, 4, 123, 43, 118, 4, 4, 58, 8, 45, 24, 2, 326, 0]
2026-09-09 20:31:02 - __main__ - INFO - material priors: [77, 520, 16, 0, 79, 11, 95, 11, 0, 35, 60, 44, 24, 2, 207, 11]
2026-09-09 20:31:40 - __main__ - INFO - material priors: [94, 765, 16, 4, 158, 32, 73, 15, 4, 29, 52, 5, 0, 0, 257, 11]
2026-09-09 20:32:28 - __main__ - INFO - material priors: [43, 749, 0, 4, 123, 43, 118, 4, 4, 58, 8, 45, 24, 2, 326, 0]
2026-09-09 20:33:07 - __main__ - INFO - material priors: [77, 520, 16, 0, 79, 11, 95, 11, 0, 35, 60, 44, 24, 2, 207, 11]
2026-09-09 20:33:43 - __main__ - INFO - material priors: [94, 765, 16, 4, 158, 32, 73, 15, 4, 29, 52, 5, 0, 0, 257, 11]
2026-09-09 20:34:08 - __main__ - INFO - material priors: [43, 749, 0, 4, 123, 43, 118, 4, 4, 58, 8, 45, 24, 2, 326, 0]
2026-09-09 20:34:37 - __main__ - INFO - material priors: [77, 520, 16, 0, 79, 11, 95, 11, 0, 35, 60, 44, 24, 2, 207, 11]
2026-09-09 20:35:14 - __main__ - INFO - material priors: [94, 765, 16, 4, 158, 32, 73, 15, 4, 29, 52, 5, 0, 0, 257, 11]
2026-09-09 20:35:41 - __main__ - INFO - material priors: [43, 749, 0, 4, 123, 43, 118, 4, 4, 58, 8, 45, 24, 2, 326, 0]
2026-09-09 20:36:13 - __main__ - INFO - material priors: [77, 520, 16, 0, 79, 11, 95, 11, 0, 35, 60, 44, 24, 2, 207, 11]
2026-09-09 20:36:37 - __main__ - INFO - material priors: [94, 765, 16, 4, 158, 32, 73, 15, 4, 29, 52, 5, 0, 0, 257, 11]
2026-09-09 20:37:07 - __main__ - INFO - material priors: [43, 749, 0, 4, 123, 43, 118, 4, 4, 58, 8, 45, 24, 2, 326, 0]
2026-09-09 20:37:51 - __main__ - INFO - material priors: [77, 520, 16, 0, 79, 11, 95, 11, 0, 35, 60, 44, 24, 2, 207, 11]
2026-09-09 20:38:24 - __main__ - INFO - material priors: [94, 765, 16, 4, 158, 32, 73, 15, 4, 29, 52, 5, 0, 0, 257, 11]
2026-09-09 20:39:00 - __main__ - INFO - material priors: [43, 749, 0, 4, 123, 43, 118, 4, 4, 58, 8, 45, 24, 2, 326, 0]
2026-09-09 20:39:46 - __main__ - INFO - material priors: [77, 520, 16, 0, 79, 11, 95, 11, 0, 35, 60, 44, 24, 2, 207, 11]
2026-09-09 20:40:06 - __main__ - INFO - material priors: [94, 765, 16, 4, 158, 32, 73, 15, 4, 29, 52, 5, 0, 0, 257, 11]
2026-09-09 20:40:38 - __main__ - INFO - material priors: [43, 749, 0, 4, 123, 43, 118, 4, 4, 58, 8, 45, 24, 2, 326, 0]
2026-09-09 20:41:19 - __main__ - INFO - material priors: [77, 520, 16, 0, 79, 11, 95, 11, 0, 35, 60, 44, 24, 2, 207, 11]
2026-09-09 20:41:56 - __main__ - INFO - material priors: [94, 765, 16, 4, 158, 32, 73, 15, 4, 29, 52, 5, 0, 0, 257, 11]
2026-09-09 20:42:22 - __main__ - INFO - material priors: [43, 749, 0, 4, 123, 43, 118, 4, 4, 58, 8, 45, 24, 2, 326, 0]
2026-09-09 20:43:12 - __main__ - INFO - material priors: [77, 520, 16, 0, 79, 11, 95, 11, 0, 35, 60, 44, 24, 2, 207, 11]
2026-09-09 20:43:53 - __main__ - INFO - material priors: [94, 765, 16, 4, 158, 32, 73, 15, 4, 29, 52, 5, 0, 0, 257, 11]
2026-09-09 20:44:25 - __main__ - INFO - material priors: [43, 749, 0, 4, 123, 43, 118, 4, 4, 58, 8, 45, 24, 2, 326, 0]
2026-09-09 20:44:56 - __main__ - INFO - material priors: [77, 520, 16, 0, 79, 11, 95, 11, 0, 35, 60, 44, 24, 2, 207, 11]
2026-09-09 20:45:31 - __main__ - INFO - material priors: [94, 765, 16, 4, 158, 32, 73, 15, 4, 29, 52, 5, 0, 0, 257, 11]
2026-09-09 20:46:05 - __main__ - INFO - material priors: [43, 749, 0, 4, 123, 43, 118, 4, 4, 58, 8, 45, 24, 2, 326, 0]
2026-09-09 20:46:55 - __main__ - INFO - material priors: [77, 520, 16, 0, 79, 11, 95, 11, 0, 35, 60, 44, 24, 2, 207, 11]
2026-09-09 20:47:35 - __main__ - INFO - material priors: [94, 765, 16, 4, 158, 32, 73, 15, 4, 29, 52, 5, 0, 0, 257, 11]
2026-09-09 20:48:21 - __main__ - INFO - material priors: [43, 749, 0, 4, 123, 43, 118, 4, 4, 58, 8, 45, 24, 2, 326, 0]
2026-09-09 20:49:04 - __main__ - INFO - material priors: [77, 520, 16, 0, 79, 11, 95, 11, 0, 35, 60, 44, 24, 2, 207, 11]
2026-09-09 20:49:32 - __main__ - INFO - material priors: [94, 765, 16, 4, 158, 32, 73, 15, 4, 29, 52, 5, 0, 0, 257, 11]
2026-09-09 20:50:00 - __main__ - INFO - material priors: [43, 749, 0, 4, 123, 43, 118, 4, 4, 58, 8, 45, 24, 2, 326, 0]
2026-09-09 20:50:47 - __main__ - INFO - material priors: [77, 520, 16, 0, 79, 11, 95, 11, 0, 35, 60, 44, 24, 2, 207, 11]
2026-09-09 20:51:17 - __main__ - INFO - material priors: [94, 765, 16, 4, 158, 32, 73, 15, 4, 29, 52, 5, 0, 0, 257, 11]
2026-09-09 20:51:44 - __main__ - INFO - material priors: [43, 749, 0, 4, 123, 43, 118, 4, 4, 58, 8, 45, 24, 2, 326, 0]
2026-09-09 20:53:37 - __main__ - INFO - material priors: [77, 520, 16, 0, 79, 11, 95, 11, 0, 35, 60, 44, 24, 2, 207, 11]
2026-09-09 20:54:36 - __main__ - INFO - material priors: [94, 765, 16, 4, 158, 32, 73, 15, 4, 29, 52, 5, 0, 0, 257, 11]
2026-09-09 20:55:46 - __main__ - INFO - material priors: [43, 749, 0, 4, 123, 43, 118, 4, 4, 58, 8, 45, 24, 2, 326, 0]
2026-09-09 20:56:35 - __main__ - INFO - material priors: [77, 520, 16, 0, 79, 11, 95, 11, 0, 35, 60, 44, 24, 2, 207, 11]
2026-09-09 20:57:16 - __main__ - INFO - material priors: [94, 765, 16, 4, 158, 32, 73, 15, 4, 29, 52, 5, 0, 0, 257, 11]
2026-09-09 20:57:45 - __main__ - INFO - material priors: [43, 749, 0, 4, 123, 43, 118, 4, 4, 58, 8, 45, 24, 2, 326, 0]
2026-09-09 20:58:35 - __main__ - INFO - material priors: [77, 520, 16, 0, 79, 11, 95, 11, 0, 35, 60, 44, 24, 2, 207, 11]
2026-09-09 20:59:15 - __main__ - INFO - material priors: [94, 765, 16, 4, 158, 32, 73, 15, 4, 29, 52, 5, 0, 0, 257, 11]
2026-09-09 20:59:42 - __main__ - INFO - material priors: [43, 749, 0, 4, 123, 43, 118, 4, 4, 58, 8, 45, 24, 2, 326, 0]
2026-09-09 21:00:25 - __main__ - INFO - material priors: [77, 520, 16, 0, 79, 11, 95, 11, 0, 35, 60, 44, 24, 2, 207, 11]
2026-09-09 21:00:56 - __main__ - INFO - material priors: [94, 765, 16, 4, 158, 32, 73, 15, 4, 29, 52, 5, 0, 0, 257, 11]
2026-09-09 21:01:36 - __main__ - INFO - material priors: [43, 749, 0, 4, 123, 43, 118, 4, 4, 58, 8, 45, 24, 2, 326, 0]
2026-09-09 21:02:22 - __main__ - INFO - material priors: [77, 520, 16, 0, 79, 11, 95, 11, 0, 35, 60, 44, 24, 2, 207, 11]
2026-09-09 21:03:00 - __main__ - INFO - material priors: [94, 765, 16, 4, 158, 32, 73, 15, 4, 29, 52, 5, 0, 0, 257, 11]
2026-09-09 21:03:32 - __main__ - INFO - material priors: [43, 749, 0, 4, 123, 43, 118, 4, 4, 58, 8, 45, 24, 2, 326, 0]
2026-09-09 21:03:56 - __main__ - INFO - material priors: [77, 520, 16, 0, 79, 11, 95, 11, 0, 35, 60, 44, 24, 2, 207, 11]
2026-09-09 21:04:30 - __main__ - INFO - material priors: [94, 765, 16, 4, 158, 32, 73, 15, 4, 29, 52, 5, 0, 0, 257, 11]
2026-09-09 21:04:59 - __main__ - INFO - material priors: [43, 749, 0, 4, 123, 43, 118, 4, 4, 58, 8, 45, 24, 2, 326, 0]
2026-09-09 21:05:46 - __main__ - INFO - material priors: [77, 520, 16, 0, 79, 11, 95, 11, 0, 35, 60, 44, 24, 2, 207, 11]
2026-09-09 21:06:07 - __main__ - INFO - material priors: [94, 765, 16, 4, 158, 32, 73, 15, 4, 29, 52, 5, 0, 0, 257, 11]
2026-09-09 21:06:40 - __main__ - INFO - material priors: [43, 749, 0, 4, 123, 43, 118, 4, 4, 58, 8, 45, 24, 2, 326, 0]
2026-09-09 21:07:25 - __main__ - INFO - material priors: [77, 520, 16, 0, 79, 11, 95, 11, 0, 35, 60, 44, 24, 2, 207, 11]
2026-09-09 21:07:48 - __main__ - INFO - material priors: [94, 765, 16, 4, 158, 32, 73, 15, 4, 29, 52, 5, 0, 0, 257, 11]
2026-09-09 21:08:28 - __main__ - INFO - material priors: [43, 749, 0, 4, 123, 43, 118, 4, 4, 58, 8, 45, 24, 2, 326, 0]
2026-09-09 21:09:15 - __main__ - INFO - material priors: [77, 520, 16, 0, 79, 11, 95, 11, 0, 35, 60, 44, 24, 2, 207, 11]
2026-09-09 21:09:53 - __main__ - INFO - material priors: [94, 765, 16, 4, 158, 32, 73, 15, 4, 29, 52, 5, 0, 0, 257, 11]
2026-09-09 21:10:21 - __main__ - INFO - material priors: [43, 749, 0, 4, 123, 43, 118, 4, 4, 58, 8, 45, 24, 2, 326, 0]
2026-09-09 21:11:27 - __main__ - INFO - material priors: [77, 520, 16, 0, 79, 11, 95, 11, 0, 35, 60, 44, 24, 2, 207, 11]
2026-09-09 21:12:26 - __main__ - INFO - material priors: [94, 765, 16, 4, 158, 32, 73, 15, 4, 29, 52, 5, 0, 0, 257, 11]
2026-09-09 21:13:34 - __main__ - INFO - material priors: [43, 749, 0, 4, 123, 43, 118, 4, 4, 58, 8, 45, 24, 2, 326, 0]
2026-09-09 21:14:18 - __main__ - INFO - material priors: [77, 520, 16, 0, 79, 11, 95, 11, 0, 35, 60, 44, 24, 2, 207, 11]
2026-09-09 21:14:54 - __main__ - INFO - material priors: [94, 765, 16, 4, 158, 32, 73, 15, 4, 29, 52, 5, 0, 0, 257, 11]
2026-09-09 21:15:35 - __main__ - INFO - material priors: [43, 749, 0, 4, 123, 43, 118, 4, 4, 58, 8, 45, 24, 2, 326, 0]
2026-09-09 21:16:19 - __main__ - INFO - material priors: [77, 520, 16, 0, 79, 11, 95, 11, 0, 35, 60, 44, 24, 2, 207, 11]
2026-09-09 21:16:52 - __main__ - INFO - material priors: [94, 765, 16, 4, 158, 32, 73, 15, 4, 29, 52, 5, 0, 0, 257, 11]
2026-09-09 21:17:24 - __main__ - INFO - material priors: [43, 749, 0, 4, 123, 43, 118, 4, 4, 58, 8, 45, 24, 2, 326, 0]
2026-09-09 21:19:03 - __main__ - INFO - material priors: [77, 520, 16, 0, 79, 11, 95, 11, 0, 35, 60, 44, 24, 2, 207, 11]
2026-09-09 21:20:27 - __main__ - INFO - material priors: [94, 765, 16, 4, 158, 32, 73, 15, 4, 29, 52, 5, 0, 0, 257, 11]
2026-09-09 21:21:53 - __main__ - INFO - material priors: [43, 749, 0, 4, 123, 43, 118, 4, 4, 58, 8, 45, 24, 2, 326, 0]
2026-09-09 21:22:35 - __main__ - INFO - material priors: [77, 520, 16, 0, 79, 11, 95, 11, 0, 35, 60, 44, 24, 2, 207, 11]
2026-09-09 21:22:57 - __main__ - INFO - material priors: [94, 765, 16, 4, 158, 32, 73, 15, 4, 29, 52, 5, 0, 0, 257, 11]
2026-09-09 21:23:21 - __main__ - INFO - material priors: [43, 749, 0, 4, 123, 43, 118, 4, 4, 58, 8, 45, 24, 2, 326, 0]
2026-09-09 21:24:04 - __main__ - INFO - material priors: [77, 520, 16, 0, 79, 11, 95, 11, 0, 35, 60, 44, 24, 2, 207, 11]
2026-09-09 21:24:42 - __main__ - INFO - material priors: [94, 765, 16, 4, 158, 32, 73, 15, 4, 29, 52, 5, 0, 0, 257, 11]
2026-09-09 21:25:06 - __main__ - INFO - material priors: [43, 749, 0, 4, 123, 43, 118, 4, 4, 58, 8, 45, 24, 2, 326, 0]
2026-09-09 21:25:37 - __main__ - INFO - material priors: [77, 520, 16, 0, 79, 11, 95, 11, 0, 35, 60, 44, 24, 2, 207, 11]
2026-09-09 21:26:03 - __main__ - INFO - material priors: [94, 765, 16, 4, 158, 32, 73, 15, 4, 29, 52, 5, 0, 0, 257, 11]
2026-09-09 21:26:30 - __main__ - INFO - material priors: [43, 749, 0, 4, 123, 43, 118, 4, 4, 58, 8, 45, 24, 2, 326, 0]
2026-09-09 21:27:20 - __main__ - INFO - material priors: [77, 520, 16, 0, 79, 11, 95, 11, 0, 35, 60, 44, 24, 2, 207, 11]
2026-09-09 21:27:59 - __main__ - INFO - material priors: [94, 765, 16, 4, 158, 32, 73, 15, 4, 29, 52, 5, 0, 0, 257, 11]
2026-09-09 21:28:31 - __main__ - INFO - material priors: [43, 749, 0, 4, 123, 43, 118, 4, 4, 58, 8, 45, 24, 2, 326, 0]
2026-09-09 21:29:15 - __main__ - INFO - material priors: [77, 520, 16, 0, 79, 11, 95, 11, 0, 35, 60, 44, 24, 2, 207, 11]
2026-09-09 21:29:49 - __main__ - INFO - material priors: [94, 765, 16, 4, 158, 32, 73, 15, 4, 29, 52, 5, 0, 0, 257, 11]
2026-09-09 21:30:11 - __main__ - INFO - material priors: [43, 749, 0, 4, 123, 43, 118, 4, 4, 58, 8, 45, 24, 2, 326, 0]
2026-09-09 21:31:01 - __main__ - INFO - material priors: [77, 520, 16, 0, 79, 11, 95, 11, 0, 35, 60, 44, 24, 2, 207, 11]
2026-09-09 21:31:42 - __main__ - INFO - material priors: [94, 765, 16, 4, 158, 32, 73, 15, 4, 29, 52, 5, 0, 0, 257, 11]
2026-09-09 21:32:15 - __main__ - INFO - material priors: [43, 749, 0, 4, 123, 43, 118, 4, 4, 58, 8, 45, 24, 2, 326, 0]
2026-09-09 21:33:00 - __main__ - INFO - material priors: [77, 520, 16, 0, 79, 11, 95, 11, 0, 35, 60, 44, 24, 2, 207, 11]
2026-09-09 21:33:40 - __main__ - INFO - material priors: [94, 765, 16, 4, 158, 32, 73, 15, 4, 29, 52, 5, 0, 0, 257, 11]
2026-09-09 21:34:22 - __main__ - INFO - material priors: [43, 749, 0, 4, 123, 43, 118, 4, 4, 58, 8, 45, 24, 2, 326, 0]
2026-09-09 21:35:05 - __main__ - INFO - material priors: [77, 520, 16, 0, 79, 11, 95, 11, 0, 35, 60, 44, 24, 2, 207, 11]
2026-09-09 21:35:40 - __main__ - INFO - material priors: [94, 765, 16, 4, 158, 32, 73, 15, 4, 29, 52, 5, 0, 0, 257, 11]
2026-09-09 21:36:03 - __main__ - INFO - material priors: [43, 749, 0, 4, 123, 43, 118, 4, 4, 58, 8, 45, 24, 2, 326, 0]
2026-09-09 21:36:52 - __main__ - INFO - material priors: [77, 520, 16, 0, 79, 11, 95, 11, 0, 35, 60, 44, 24, 2, 207, 11]
2026-09-09 21:37:33 - __main__ - INFO - material priors: [94, 765, 16, 4, 158, 32, 73, 15, 4, 29, 52, 5, 0, 0, 257, 11]
2026-09-09 21:38:08 - __main__ - INFO - material priors: [43, 749, 0, 4, 123, 43, 118, 4, 4, 58, 8, 45, 24, 2, 326, 0]
2026-09-09 21:39:00 - __main__ - INFO - material priors: [77, 520, 16, 0, 79, 11, 95, 11, 0, 35, 60, 44, 24, 2, 207, 11]
2026-09-09 21:40:03 - __main__ - INFO - material priors: [94, 765, 16, 4, 158, 32, 73, 15, 4, 29, 52, 5, 0, 0, 257, 11]
2026-09-09 21:40:50 - __main__ - INFO - Best hyperparameters (averaged over 3 folds): {'n_layers': 2, 'hidden_dim_0': 512, 'hidden_dim_1': 384, 'dropout': 0.3193080396426667, 'learning_rate': 0.0038509035432280846, 'weight_decay': 1.166730982062773e-05, 'batch_size': 128, 'use_batch_norm': False, 'activation': 'relu', 'logit_adjust_tau': 0.3892441508580924, 'ls_material': 0.015613895286363293, 'task_weight_material': 1.0}
2026-09-09 21:40:50 - __main__ - INFO - Best CV score: 0.4287
2026-09-09 21:40:50 - __main__ - INFO - Training final model with proper train/val split...
2026-09-09 21:40:50 - __main__ - INFO - Final training split: 1954 train, 218 validation, 544 test
2026-09-09 21:40:51 - __main__ - INFO - material priors: [107, 1017, 16, 4, 180, 43, 143, 15, 4, 61, 60, 47, 24, 2, 395, 11]
2026-09-09 21:40:51 - diana.utils.checkpointing - INFO - CheckpointManager initialized: results/search_v9_single_material/cv_results/fold_3
2026-09-09 21:40:53 - diana.utils.checkpointing - INFO - Checkpoint saved: results/search_v9_single_material/cv_results/fold_3/checkpoint_epoch_1_20260909_214051.pth
2026-09-09 21:40:54 - diana.utils.checkpointing - INFO - New best model saved: results/search_v9_single_material/cv_results/fold_3/best_model.pth (val_loss: 1.5405)
2026-09-09 21:40:56 - diana.utils.checkpointing - INFO - Checkpoint saved: results/search_v9_single_material/cv_results/fold_3/checkpoint_epoch_2_20260909_214055.pth
2026-09-09 21:40:58 - diana.utils.checkpointing - INFO - New best model saved: results/search_v9_single_material/cv_results/fold_3/best_model.pth (val_loss: 1.0589)
2026-09-09 21:41:00 - diana.utils.checkpointing - INFO - Checkpoint saved: results/search_v9_single_material/cv_results/fold_3/checkpoint_epoch_3_20260909_214058.pth
2026-09-09 21:41:01 - diana.utils.checkpointing - INFO - New best model saved: results/search_v9_single_material/cv_results/fold_3/best_model.pth (val_loss: 0.7689)
2026-09-09 21:41:03 - diana.utils.checkpointing - INFO - Checkpoint saved: results/search_v9_single_material/cv_results/fold_3/checkpoint_epoch_4_20260909_214101.pth
2026-09-09 21:41:04 - diana.utils.checkpointing - INFO - New best model saved: results/search_v9_single_material/cv_results/fold_3/best_model.pth (val_loss: 0.6761)
2026-09-09 21:41:06 - diana.utils.checkpointing - INFO - Checkpoint saved: results/search_v9_single_material/cv_results/fold_3/checkpoint_epoch_5_20260909_214105.pth
2026-09-09 21:41:08 - diana.utils.checkpointing - INFO - New best model saved: results/search_v9_single_material/cv_results/fold_3/best_model.pth (val_loss: 0.6298)
2026-09-09 21:41:10 - diana.utils.checkpointing - INFO - Checkpoint saved: results/search_v9_single_material/cv_results/fold_3/checkpoint_epoch_6_20260909_214108.pth
2026-09-09 21:41:11 - diana.utils.checkpointing - INFO - Checkpoint saved: results/search_v9_single_material/cv_results/fold_3/checkpoint_epoch_7_20260909_214110.pth
2026-09-09 21:41:13 - diana.utils.checkpointing - INFO - New best model saved: results/search_v9_single_material/cv_results/fold_3/best_model.pth (val_loss: 0.5770)
2026-09-09 21:41:15 - diana.utils.checkpointing - INFO - Checkpoint saved: results/search_v9_single_material/cv_results/fold_3/checkpoint_epoch_8_20260909_214113.pth
2026-09-09 21:41:16 - diana.utils.checkpointing - INFO - New best model saved: results/search_v9_single_material/cv_results/fold_3/best_model.pth (val_loss: 0.5362)
2026-09-09 21:41:18 - diana.utils.checkpointing - INFO - Checkpoint saved: results/search_v9_single_material/cv_results/fold_3/checkpoint_epoch_9_20260909_214117.pth
2026-09-09 21:41:20 - diana.utils.checkpointing - INFO - New best model saved: results/search_v9_single_material/cv_results/fold_3/best_model.pth (val_loss: 0.4947)
2026-09-09 21:41:22 - diana.utils.checkpointing - INFO - Checkpoint saved: results/search_v9_single_material/cv_results/fold_3/checkpoint_epoch_10_20260909_214120.pth
2026-09-09 21:41:24 - diana.utils.checkpointing - INFO - Checkpoint saved: results/search_v9_single_material/cv_results/fold_3/checkpoint_epoch_11_20260909_214122.pth
2026-09-09 21:41:25 - diana.utils.checkpointing - INFO - New best model saved: results/search_v9_single_material/cv_results/fold_3/best_model.pth (val_loss: 0.4242)
2026-09-09 21:41:27 - diana.utils.checkpointing - INFO - Checkpoint saved: results/search_v9_single_material/cv_results/fold_3/checkpoint_epoch_12_20260909_214126.pth
2026-09-09 21:41:29 - diana.utils.checkpointing - INFO - Checkpoint saved: results/search_v9_single_material/cv_results/fold_3/checkpoint_epoch_13_20260909_214128.pth
2026-09-09 21:41:31 - diana.utils.checkpointing - INFO - Checkpoint saved: results/search_v9_single_material/cv_results/fold_3/checkpoint_epoch_14_20260909_214130.pth
2026-09-09 21:41:33 - diana.utils.checkpointing - INFO - Checkpoint saved: results/search_v9_single_material/cv_results/fold_3/checkpoint_epoch_15_20260909_214132.pth
2026-09-09 21:41:35 - diana.utils.checkpointing - INFO - New best model saved: results/search_v9_single_material/cv_results/fold_3/best_model.pth (val_loss: 0.4178)
2026-09-09 21:41:36 - diana.utils.checkpointing - INFO - Checkpoint saved: results/search_v9_single_material/cv_results/fold_3/checkpoint_epoch_16_20260909_214135.pth
2026-09-09 21:41:38 - diana.utils.checkpointing - INFO - New best model saved: results/search_v9_single_material/cv_results/fold_3/best_model.pth (val_loss: 0.3995)
2026-09-09 21:41:40 - diana.utils.checkpointing - INFO - Checkpoint saved: results/search_v9_single_material/cv_results/fold_3/checkpoint_epoch_17_20260909_214138.pth
2026-09-09 21:41:42 - diana.utils.checkpointing - INFO - Checkpoint saved: results/search_v9_single_material/cv_results/fold_3/checkpoint_epoch_18_20260909_214140.pth
2026-09-09 21:41:44 - diana.utils.checkpointing - INFO - Checkpoint saved: results/search_v9_single_material/cv_results/fold_3/checkpoint_epoch_19_20260909_214142.pth
2026-09-09 21:41:46 - diana.utils.checkpointing - INFO - Checkpoint saved: results/search_v9_single_material/cv_results/fold_3/checkpoint_epoch_20_20260909_214144.pth
2026-09-09 21:41:46 - __main__ - INFO - Epoch 20/200, Train Loss: 0.2279, Val Loss: 0.4310
2026-09-09 21:41:48 - diana.utils.checkpointing - INFO - Checkpoint saved: results/search_v9_single_material/cv_results/fold_3/checkpoint_epoch_21_20260909_214146.pth
2026-09-09 21:41:50 - diana.utils.checkpointing - INFO - Checkpoint saved: results/search_v9_single_material/cv_results/fold_3/checkpoint_epoch_22_20260909_214148.pth
2026-09-09 21:41:51 - diana.utils.checkpointing - INFO - Checkpoint saved: results/search_v9_single_material/cv_results/fold_3/checkpoint_epoch_23_20260909_214150.pth
2026-09-09 21:41:53 - diana.utils.checkpointing - INFO - Checkpoint saved: results/search_v9_single_material/cv_results/fold_3/checkpoint_epoch_24_20260909_214152.pth
2026-09-09 21:41:55 - diana.utils.checkpointing - INFO - Checkpoint saved: results/search_v9_single_material/cv_results/fold_3/checkpoint_epoch_25_20260909_214154.pth
2026-09-09 21:41:57 - diana.utils.checkpointing - INFO - Checkpoint saved: results/search_v9_single_material/cv_results/fold_3/checkpoint_epoch_26_20260909_214156.pth
2026-09-09 21:41:59 - diana.utils.checkpointing - INFO - Checkpoint saved: results/search_v9_single_material/cv_results/fold_3/checkpoint_epoch_27_20260909_214158.pth
2026-09-09 21:42:01 - diana.utils.checkpointing - INFO - Checkpoint saved: results/search_v9_single_material/cv_results/fold_3/checkpoint_epoch_28_20260909_214200.pth
2026-09-09 21:42:03 - diana.utils.checkpointing - INFO - Checkpoint saved: results/search_v9_single_material/cv_results/fold_3/checkpoint_epoch_29_20260909_214202.pth
2026-09-09 21:42:05 - diana.utils.checkpointing - INFO - Checkpoint saved: results/search_v9_single_material/cv_results/fold_3/checkpoint_epoch_30_20260909_214204.pth
2026-09-09 21:42:07 - diana.utils.checkpointing - INFO - Checkpoint saved: results/search_v9_single_material/cv_results/fold_3/checkpoint_epoch_31_20260909_214206.pth
2026-09-09 21:42:09 - diana.utils.checkpointing - INFO - Checkpoint saved: results/search_v9_single_material/cv_results/fold_3/checkpoint_epoch_32_20260909_214208.pth
2026-09-09 21:42:11 - diana.utils.checkpointing - INFO - Checkpoint saved: results/search_v9_single_material/cv_results/fold_3/checkpoint_epoch_33_20260909_214209.pth
2026-09-09 21:42:13 - diana.utils.checkpointing - INFO - Checkpoint saved: results/search_v9_single_material/cv_results/fold_3/checkpoint_epoch_34_20260909_214212.pth
2026-09-09 21:42:15 - diana.utils.checkpointing - INFO - Checkpoint saved: results/search_v9_single_material/cv_results/fold_3/checkpoint_epoch_35_20260909_214214.pth
2026-09-09 21:42:17 - diana.utils.checkpointing - INFO - Checkpoint saved: results/search_v9_single_material/cv_results/fold_3/checkpoint_epoch_36_20260909_214216.pth
2026-09-09 21:42:17 - __main__ - INFO - Early stopping triggered after 36 epochs (patience=20)
2026-09-09 21:42:17 - diana.utils.checkpointing - INFO - Loading checkpoint: results/search_v9_single_material/cv_results/fold_3/best_model.pth
2026-09-09 21:42:18 - __main__ - INFO - Loaded best model from epoch 16 (val_loss: 0.3995)
2026-09-09 21:42:18 - __main__ - INFO - Evaluating on held-out test set...
2026-09-09 21:42:18 - __main__ - INFO - material test metrics: {'n_scored': 510, 'accuracy': 0.7490196078431373, 'f1_weighted': 0.7529125733742773, 'f1_macro': 0.16299862116595046, 'balanced_accuracy': 0.3235128979289157}
2026-09-09 21:42:18 - diana.utils.checkpointing - INFO - Final model saved: results/search_v9_single_material/cv_results/fold_3/final_model_20260909_214218.pth
2026-09-09 21:42:18 - __main__ - INFO - Final model saved to results/search_v9_single_material/cv_results/fold_3/final_model_20260909_214218.pth
2026-09-09 21:42:18 - __main__ - INFO - Results saved to results/search_v9_single_material/cv_results/fold_3/multitask_fold_3_results_20260909_180151.json
2026-09-09 21:42:18 - __main__ - INFO - ================================================================================
2026-09-09 21:42:18 - __main__ - INFO - ================================================================================
2026-09-09 21:42:18 - __main__ - INFO - === FOLD COMPLETE ===
2026-09-09 21:42:18 - __main__ - INFO - ================================================================================
2026-09-09 21:42:18 - __main__ - INFO - Results: {'material': {'n_scored': 510, 'accuracy': 0.7490196078431373, 'f1_weighted': 0.7529125733742773, 'f1_macro': 0.16299862116595046, 'balanced_accuracy': 0.3235128979289157}}
