2026-09-09 17:36:46 - root - INFO - Logging to file: results/search_v9_single_material/cv_results/fold_0/fold_0_training.log
2026-09-09 17:36:46 - __main__ - INFO - ================================================================================
2026-09-09 17:36:46 - __main__ - INFO - DIANA Multi-Task Hyperparameter Optimization
2026-09-09 17:36:46 - __main__ - INFO - ================================================================================
2026-09-09 17:36:46 - __main__ - INFO - Run config:   configs/train_config_v9_search_single_material.json
2026-09-09 17:36:46 - __main__ - INFO - Features:     data/matrices/matrix_v9_train/unitigs.frac.mat
2026-09-09 17:36:46 - __main__ - INFO - Metadata:     data/splits_v9/train_metadata.tsv
2026-09-09 17:36:46 - __main__ - INFO - Output dir:   results/search_v9_single_material
2026-09-09 17:36:46 - __main__ - INFO - Tasks:        ['material']
2026-09-09 17:36:46 - __main__ - INFO - Task types:   {'material': 'classification'}
2026-09-09 17:36:46 - __main__ - INFO - Fold:         0 / 5
2026-09-09 17:36:46 - __main__ - INFO - Trials:       100  Max epochs: 200  Patience: 20
2026-09-09 17:36:46 - __main__ - INFO - GPU:          True  Seed: 42
2026-09-09 17:36:46 - __main__ - INFO - Loading data from data/matrices/matrix_v9_train/unitigs.frac.mat
2026-09-09 17:36:46 - diana.data.loader - INFO - Loading matrix from data/matrices/matrix_v9_train/unitigs.frac.mat
2026-09-09 17:37:41 - diana.data.loader - INFO - Loaded 110202 features × 2716 samples (before transpose)
2026-09-09 17:37:41 - diana.data.loader - INFO - Transposed to 2716 samples × 110202 features
2026-09-09 17:37:41 - diana.data.loader - INFO - Reading sample IDs from data/matrices/matrix_v9_train/kmer_matrix/kmtricks.fof
2026-09-09 17:37:41 - diana.data.loader - INFO - Sample IDs: ['ERR10114844', 'ERR10114845', 'ERR10114846']...
2026-09-09 17:37:41 - diana.data.loader - INFO - Loading metadata from data/splits_v9/train_metadata.tsv
2026-09-09 17:37:41 - diana.data.loader - INFO - Metadata: 2716 rows × 15 columns
2026-09-09 17:37:41 - diana.data.loader - INFO - Metadata aligned to matrix sample order
2026-09-09 17:37:41 - __main__ - INFO - Loaded 2716 samples with 110202 features
2026-09-09 17:37:41 - __main__ - INFO - Loaded 2716 samples × 110202 features
2026-09-09 17:37:41 - __main__ - INFO - === FOLD 0/4 ===
2026-09-09 17:37:41 - __main__ - INFO - Output directory: results/search_v9_single_material/cv_results/fold_0
2026-09-09 17:37:41 - __main__ - INFO - Using device: cuda
2026-09-09 17:37:41 - __main__ - INFO - Class imbalance: logit adjustment, tau SEARCHED in [0.05, 0.8]
2026-09-09 17:37:41 - __main__ - INFO - material: 16 classes, 2639 labelled, 77 masked - ['bone', 'dental calculus', 'digestive tract contents', 'intestine', 'lake sediment']...
2026-09-09 17:37:41 - __main__ - INFO - Grouping CV folds on 'archive_project': 68 groups over 2716 runs
2026-09-09 17:37:41 - __main__ - INFO - Outer fold 0 taken from data/splits_v9/dev_folds.tsv (5 dev folds)
2026-09-09 17:37:41 - __main__ - INFO - Train: 2045, Test: 671 (outer fold verified archive_project-disjoint)
2026-09-09 17:37:42 - __main__ - INFO - 3 inner folds verified archive_project-disjoint
2026-09-09 17:37:42 - __main__ - INFO - Starting Optuna optimization with 100 trials...
2026-09-09 17:37:42 - __main__ - INFO - Each trial will be evaluated on 3 inner CV folds
2026-09-09 17:37:42 - __main__ - INFO - material priors: [114, 658, 16, 0, 73, 43, 5, 4, 0, 29, 70, 69, 24, 0, 397, 11]
2026-09-09 17:39:52 - __main__ - INFO - material priors: [43, 464, 0, 15, 125, 0, 143, 11, 4, 19, 60, 2, 0, 2, 21, 0]
2026-09-09 17:41:05 - __main__ - INFO - material priors: [97, 594, 16, 15, 112, 43, 138, 15, 4, 10, 10, 71, 24, 2, 376, 11]
2026-09-09 17:42:29 - __main__ - INFO - material priors: [114, 658, 16, 0, 73, 43, 5, 4, 0, 29, 70, 69, 24, 0, 397, 11]
2026-09-09 17:43:17 - __main__ - INFO - material priors: [43, 464, 0, 15, 125, 0, 143, 11, 4, 19, 60, 2, 0, 2, 21, 0]
2026-09-09 17:43:54 - __main__ - INFO - material priors: [97, 594, 16, 15, 112, 43, 138, 15, 4, 10, 10, 71, 24, 2, 376, 11]
2026-09-09 17:44:41 - __main__ - INFO - material priors: [114, 658, 16, 0, 73, 43, 5, 4, 0, 29, 70, 69, 24, 0, 397, 11]
2026-09-09 17:45:09 - __main__ - INFO - material priors: [43, 464, 0, 15, 125, 0, 143, 11, 4, 19, 60, 2, 0, 2, 21, 0]
2026-09-09 17:45:33 - __main__ - INFO - material priors: [97, 594, 16, 15, 112, 43, 138, 15, 4, 10, 10, 71, 24, 2, 376, 11]
2026-09-09 17:46:23 - __main__ - INFO - material priors: [114, 658, 16, 0, 73, 43, 5, 4, 0, 29, 70, 69, 24, 0, 397, 11]
2026-09-09 17:47:30 - __main__ - INFO - material priors: [43, 464, 0, 15, 125, 0, 143, 11, 4, 19, 60, 2, 0, 2, 21, 0]
2026-09-09 17:48:13 - __main__ - INFO - material priors: [97, 594, 16, 15, 112, 43, 138, 15, 4, 10, 10, 71, 24, 2, 376, 11]
2026-09-09 17:49:14 - __main__ - INFO - material priors: [114, 658, 16, 0, 73, 43, 5, 4, 0, 29, 70, 69, 24, 0, 397, 11]
2026-09-09 17:49:47 - __main__ - INFO - material priors: [43, 464, 0, 15, 125, 0, 143, 11, 4, 19, 60, 2, 0, 2, 21, 0]
2026-09-09 17:50:25 - __main__ - INFO - material priors: [97, 594, 16, 15, 112, 43, 138, 15, 4, 10, 10, 71, 24, 2, 376, 11]
2026-09-09 17:51:17 - __main__ - INFO - material priors: [114, 658, 16, 0, 73, 43, 5, 4, 0, 29, 70, 69, 24, 0, 397, 11]
2026-09-09 17:51:57 - __main__ - INFO - material priors: [43, 464, 0, 15, 125, 0, 143, 11, 4, 19, 60, 2, 0, 2, 21, 0]
2026-09-09 17:52:46 - __main__ - INFO - material priors: [97, 594, 16, 15, 112, 43, 138, 15, 4, 10, 10, 71, 24, 2, 376, 11]
2026-09-09 17:53:29 - __main__ - INFO - material priors: [114, 658, 16, 0, 73, 43, 5, 4, 0, 29, 70, 69, 24, 0, 397, 11]
2026-09-09 17:54:08 - __main__ - INFO - material priors: [43, 464, 0, 15, 125, 0, 143, 11, 4, 19, 60, 2, 0, 2, 21, 0]
2026-09-09 17:54:38 - __main__ - INFO - material priors: [97, 594, 16, 15, 112, 43, 138, 15, 4, 10, 10, 71, 24, 2, 376, 11]
2026-09-09 17:55:27 - __main__ - INFO - material priors: [114, 658, 16, 0, 73, 43, 5, 4, 0, 29, 70, 69, 24, 0, 397, 11]
2026-09-09 17:56:26 - __main__ - INFO - material priors: [43, 464, 0, 15, 125, 0, 143, 11, 4, 19, 60, 2, 0, 2, 21, 0]
2026-09-09 17:57:43 - __main__ - INFO - material priors: [97, 594, 16, 15, 112, 43, 138, 15, 4, 10, 10, 71, 24, 2, 376, 11]
2026-09-09 17:59:46 - __main__ - INFO - material priors: [114, 658, 16, 0, 73, 43, 5, 4, 0, 29, 70, 69, 24, 0, 397, 11]
2026-09-09 18:00:33 - __main__ - INFO - material priors: [43, 464, 0, 15, 125, 0, 143, 11, 4, 19, 60, 2, 0, 2, 21, 0]
2026-09-09 18:00:56 - __main__ - INFO - material priors: [97, 594, 16, 15, 112, 43, 138, 15, 4, 10, 10, 71, 24, 2, 376, 11]
2026-09-09 18:01:48 - __main__ - INFO - material priors: [114, 658, 16, 0, 73, 43, 5, 4, 0, 29, 70, 69, 24, 0, 397, 11]
2026-09-09 18:02:53 - __main__ - INFO - material priors: [43, 464, 0, 15, 125, 0, 143, 11, 4, 19, 60, 2, 0, 2, 21, 0]
2026-09-09 18:03:18 - __main__ - INFO - material priors: [97, 594, 16, 15, 112, 43, 138, 15, 4, 10, 10, 71, 24, 2, 376, 11]
2026-09-09 18:04:08 - __main__ - INFO - material priors: [114, 658, 16, 0, 73, 43, 5, 4, 0, 29, 70, 69, 24, 0, 397, 11]
2026-09-09 18:05:08 - __main__ - INFO - material priors: [43, 464, 0, 15, 125, 0, 143, 11, 4, 19, 60, 2, 0, 2, 21, 0]
2026-09-09 18:05:47 - __main__ - INFO - material priors: [97, 594, 16, 15, 112, 43, 138, 15, 4, 10, 10, 71, 24, 2, 376, 11]
2026-09-09 18:06:40 - __main__ - INFO - material priors: [114, 658, 16, 0, 73, 43, 5, 4, 0, 29, 70, 69, 24, 0, 397, 11]
2026-09-09 18:07:41 - __main__ - INFO - material priors: [43, 464, 0, 15, 125, 0, 143, 11, 4, 19, 60, 2, 0, 2, 21, 0]
2026-09-09 18:08:15 - __main__ - INFO - material priors: [97, 594, 16, 15, 112, 43, 138, 15, 4, 10, 10, 71, 24, 2, 376, 11]
2026-09-09 18:09:08 - __main__ - INFO - material priors: [114, 658, 16, 0, 73, 43, 5, 4, 0, 29, 70, 69, 24, 0, 397, 11]
2026-09-09 18:09:38 - __main__ - INFO - material priors: [43, 464, 0, 15, 125, 0, 143, 11, 4, 19, 60, 2, 0, 2, 21, 0]
2026-09-09 18:09:58 - __main__ - INFO - material priors: [97, 594, 16, 15, 112, 43, 138, 15, 4, 10, 10, 71, 24, 2, 376, 11]
2026-09-09 18:10:27 - __main__ - INFO - material priors: [114, 658, 16, 0, 73, 43, 5, 4, 0, 29, 70, 69, 24, 0, 397, 11]
2026-09-09 18:10:59 - __main__ - INFO - material priors: [43, 464, 0, 15, 125, 0, 143, 11, 4, 19, 60, 2, 0, 2, 21, 0]
2026-09-09 18:11:31 - __main__ - INFO - material priors: [97, 594, 16, 15, 112, 43, 138, 15, 4, 10, 10, 71, 24, 2, 376, 11]
2026-09-09 18:12:27 - __main__ - INFO - material priors: [114, 658, 16, 0, 73, 43, 5, 4, 0, 29, 70, 69, 24, 0, 397, 11]
2026-09-09 18:13:38 - __main__ - INFO - material priors: [43, 464, 0, 15, 125, 0, 143, 11, 4, 19, 60, 2, 0, 2, 21, 0]
2026-09-09 18:14:16 - __main__ - INFO - material priors: [97, 594, 16, 15, 112, 43, 138, 15, 4, 10, 10, 71, 24, 2, 376, 11]
2026-09-09 18:15:14 - __main__ - INFO - material priors: [114, 658, 16, 0, 73, 43, 5, 4, 0, 29, 70, 69, 24, 0, 397, 11]
2026-09-09 18:15:46 - __main__ - INFO - material priors: [43, 464, 0, 15, 125, 0, 143, 11, 4, 19, 60, 2, 0, 2, 21, 0]
2026-09-09 18:16:19 - __main__ - INFO - material priors: [97, 594, 16, 15, 112, 43, 138, 15, 4, 10, 10, 71, 24, 2, 376, 11]
2026-09-09 18:17:09 - __main__ - INFO - material priors: [114, 658, 16, 0, 73, 43, 5, 4, 0, 29, 70, 69, 24, 0, 397, 11]
2026-09-09 18:18:26 - __main__ - INFO - material priors: [43, 464, 0, 15, 125, 0, 143, 11, 4, 19, 60, 2, 0, 2, 21, 0]
2026-09-09 18:19:24 - __main__ - INFO - material priors: [97, 594, 16, 15, 112, 43, 138, 15, 4, 10, 10, 71, 24, 2, 376, 11]
2026-09-09 18:21:19 - __main__ - INFO - material priors: [114, 658, 16, 0, 73, 43, 5, 4, 0, 29, 70, 69, 24, 0, 397, 11]
2026-09-09 18:21:51 - __main__ - INFO - material priors: [43, 464, 0, 15, 125, 0, 143, 11, 4, 19, 60, 2, 0, 2, 21, 0]
2026-09-09 18:22:30 - __main__ - INFO - material priors: [97, 594, 16, 15, 112, 43, 138, 15, 4, 10, 10, 71, 24, 2, 376, 11]
2026-09-09 18:23:21 - __main__ - INFO - material priors: [114, 658, 16, 0, 73, 43, 5, 4, 0, 29, 70, 69, 24, 0, 397, 11]
2026-09-09 18:24:26 - __main__ - INFO - material priors: [43, 464, 0, 15, 125, 0, 143, 11, 4, 19, 60, 2, 0, 2, 21, 0]
2026-09-09 18:24:58 - __main__ - INFO - material priors: [97, 594, 16, 15, 112, 43, 138, 15, 4, 10, 10, 71, 24, 2, 376, 11]
2026-09-09 18:25:44 - __main__ - INFO - material priors: [114, 658, 16, 0, 73, 43, 5, 4, 0, 29, 70, 69, 24, 0, 397, 11]
2026-09-09 18:27:09 - __main__ - INFO - material priors: [43, 464, 0, 15, 125, 0, 143, 11, 4, 19, 60, 2, 0, 2, 21, 0]
2026-09-09 18:28:08 - __main__ - INFO - material priors: [97, 594, 16, 15, 112, 43, 138, 15, 4, 10, 10, 71, 24, 2, 376, 11]
2026-09-09 18:29:36 - __main__ - INFO - material priors: [114, 658, 16, 0, 73, 43, 5, 4, 0, 29, 70, 69, 24, 0, 397, 11]
2026-09-09 18:30:21 - __main__ - INFO - material priors: [43, 464, 0, 15, 125, 0, 143, 11, 4, 19, 60, 2, 0, 2, 21, 0]
2026-09-09 18:31:04 - __main__ - INFO - material priors: [97, 594, 16, 15, 112, 43, 138, 15, 4, 10, 10, 71, 24, 2, 376, 11]
2026-09-09 18:31:52 - __main__ - INFO - material priors: [114, 658, 16, 0, 73, 43, 5, 4, 0, 29, 70, 69, 24, 0, 397, 11]
2026-09-09 18:32:42 - __main__ - INFO - material priors: [43, 464, 0, 15, 125, 0, 143, 11, 4, 19, 60, 2, 0, 2, 21, 0]
2026-09-09 18:33:21 - __main__ - INFO - material priors: [97, 594, 16, 15, 112, 43, 138, 15, 4, 10, 10, 71, 24, 2, 376, 11]
2026-09-09 18:34:48 - __main__ - INFO - material priors: [114, 658, 16, 0, 73, 43, 5, 4, 0, 29, 70, 69, 24, 0, 397, 11]
2026-09-09 18:35:50 - __main__ - INFO - material priors: [43, 464, 0, 15, 125, 0, 143, 11, 4, 19, 60, 2, 0, 2, 21, 0]
2026-09-09 18:36:37 - __main__ - INFO - material priors: [97, 594, 16, 15, 112, 43, 138, 15, 4, 10, 10, 71, 24, 2, 376, 11]
2026-09-09 18:37:52 - __main__ - INFO - material priors: [114, 658, 16, 0, 73, 43, 5, 4, 0, 29, 70, 69, 24, 0, 397, 11]
2026-09-09 18:39:10 - __main__ - INFO - material priors: [43, 464, 0, 15, 125, 0, 143, 11, 4, 19, 60, 2, 0, 2, 21, 0]
2026-09-09 18:39:49 - __main__ - INFO - material priors: [97, 594, 16, 15, 112, 43, 138, 15, 4, 10, 10, 71, 24, 2, 376, 11]
2026-09-09 18:41:29 - __main__ - INFO - material priors: [114, 658, 16, 0, 73, 43, 5, 4, 0, 29, 70, 69, 24, 0, 397, 11]
2026-09-09 18:42:26 - __main__ - INFO - material priors: [43, 464, 0, 15, 125, 0, 143, 11, 4, 19, 60, 2, 0, 2, 21, 0]
2026-09-09 18:43:19 - __main__ - INFO - material priors: [97, 594, 16, 15, 112, 43, 138, 15, 4, 10, 10, 71, 24, 2, 376, 11]
2026-09-09 18:45:01 - __main__ - INFO - material priors: [114, 658, 16, 0, 73, 43, 5, 4, 0, 29, 70, 69, 24, 0, 397, 11]
2026-09-09 18:46:10 - __main__ - INFO - material priors: [43, 464, 0, 15, 125, 0, 143, 11, 4, 19, 60, 2, 0, 2, 21, 0]
2026-09-09 18:46:49 - __main__ - INFO - material priors: [97, 594, 16, 15, 112, 43, 138, 15, 4, 10, 10, 71, 24, 2, 376, 11]
2026-09-09 18:47:53 - __main__ - INFO - material priors: [114, 658, 16, 0, 73, 43, 5, 4, 0, 29, 70, 69, 24, 0, 397, 11]
2026-09-09 18:48:57 - __main__ - INFO - material priors: [43, 464, 0, 15, 125, 0, 143, 11, 4, 19, 60, 2, 0, 2, 21, 0]
2026-09-09 18:49:36 - __main__ - INFO - material priors: [97, 594, 16, 15, 112, 43, 138, 15, 4, 10, 10, 71, 24, 2, 376, 11]
2026-09-09 18:50:37 - __main__ - INFO - material priors: [114, 658, 16, 0, 73, 43, 5, 4, 0, 29, 70, 69, 24, 0, 397, 11]
2026-09-09 18:51:05 - __main__ - INFO - material priors: [43, 464, 0, 15, 125, 0, 143, 11, 4, 19, 60, 2, 0, 2, 21, 0]
2026-09-09 18:51:42 - __main__ - INFO - material priors: [97, 594, 16, 15, 112, 43, 138, 15, 4, 10, 10, 71, 24, 2, 376, 11]
2026-09-09 18:52:29 - __main__ - INFO - material priors: [114, 658, 16, 0, 73, 43, 5, 4, 0, 29, 70, 69, 24, 0, 397, 11]
2026-09-09 18:53:31 - __main__ - INFO - material priors: [43, 464, 0, 15, 125, 0, 143, 11, 4, 19, 60, 2, 0, 2, 21, 0]
2026-09-09 18:54:43 - __main__ - INFO - material priors: [97, 594, 16, 15, 112, 43, 138, 15, 4, 10, 10, 71, 24, 2, 376, 11]
2026-09-09 18:56:55 - __main__ - INFO - material priors: [114, 658, 16, 0, 73, 43, 5, 4, 0, 29, 70, 69, 24, 0, 397, 11]
2026-09-09 18:58:38 - __main__ - INFO - material priors: [43, 464, 0, 15, 125, 0, 143, 11, 4, 19, 60, 2, 0, 2, 21, 0]
2026-09-09 18:59:45 - __main__ - INFO - material priors: [97, 594, 16, 15, 112, 43, 138, 15, 4, 10, 10, 71, 24, 2, 376, 11]
2026-09-09 19:01:25 - __main__ - INFO - material priors: [114, 658, 16, 0, 73, 43, 5, 4, 0, 29, 70, 69, 24, 0, 397, 11]
2026-09-09 19:01:50 - __main__ - INFO - material priors: [43, 464, 0, 15, 125, 0, 143, 11, 4, 19, 60, 2, 0, 2, 21, 0]
2026-09-09 19:02:19 - __main__ - INFO - material priors: [97, 594, 16, 15, 112, 43, 138, 15, 4, 10, 10, 71, 24, 2, 376, 11]
2026-09-09 19:03:08 - __main__ - INFO - material priors: [114, 658, 16, 0, 73, 43, 5, 4, 0, 29, 70, 69, 24, 0, 397, 11]
2026-09-09 19:03:38 - __main__ - INFO - material priors: [43, 464, 0, 15, 125, 0, 143, 11, 4, 19, 60, 2, 0, 2, 21, 0]
2026-09-09 19:04:02 - __main__ - INFO - material priors: [97, 594, 16, 15, 112, 43, 138, 15, 4, 10, 10, 71, 24, 2, 376, 11]
2026-09-09 19:04:55 - __main__ - INFO - material priors: [114, 658, 16, 0, 73, 43, 5, 4, 0, 29, 70, 69, 24, 0, 397, 11]
2026-09-09 19:05:33 - __main__ - INFO - material priors: [43, 464, 0, 15, 125, 0, 143, 11, 4, 19, 60, 2, 0, 2, 21, 0]
2026-09-09 19:05:59 - __main__ - INFO - material priors: [97, 594, 16, 15, 112, 43, 138, 15, 4, 10, 10, 71, 24, 2, 376, 11]
2026-09-09 19:06:56 - __main__ - INFO - material priors: [114, 658, 16, 0, 73, 43, 5, 4, 0, 29, 70, 69, 24, 0, 397, 11]
2026-09-09 19:07:31 - __main__ - INFO - material priors: [43, 464, 0, 15, 125, 0, 143, 11, 4, 19, 60, 2, 0, 2, 21, 0]
2026-09-09 19:08:11 - __main__ - INFO - material priors: [97, 594, 16, 15, 112, 43, 138, 15, 4, 10, 10, 71, 24, 2, 376, 11]
2026-09-09 19:09:09 - __main__ - INFO - material priors: [114, 658, 16, 0, 73, 43, 5, 4, 0, 29, 70, 69, 24, 0, 397, 11]
2026-09-09 19:09:59 - __main__ - INFO - material priors: [43, 464, 0, 15, 125, 0, 143, 11, 4, 19, 60, 2, 0, 2, 21, 0]
2026-09-09 19:10:27 - __main__ - INFO - material priors: [97, 594, 16, 15, 112, 43, 138, 15, 4, 10, 10, 71, 24, 2, 376, 11]
2026-09-09 19:11:11 - __main__ - INFO - material priors: [114, 658, 16, 0, 73, 43, 5, 4, 0, 29, 70, 69, 24, 0, 397, 11]
2026-09-09 19:11:39 - __main__ - INFO - material priors: [43, 464, 0, 15, 125, 0, 143, 11, 4, 19, 60, 2, 0, 2, 21, 0]
2026-09-09 19:12:10 - __main__ - INFO - material priors: [97, 594, 16, 15, 112, 43, 138, 15, 4, 10, 10, 71, 24, 2, 376, 11]
2026-09-09 19:12:57 - __main__ - INFO - material priors: [114, 658, 16, 0, 73, 43, 5, 4, 0, 29, 70, 69, 24, 0, 397, 11]
2026-09-09 19:13:28 - __main__ - INFO - material priors: [43, 464, 0, 15, 125, 0, 143, 11, 4, 19, 60, 2, 0, 2, 21, 0]
2026-09-09 19:14:03 - __main__ - INFO - material priors: [97, 594, 16, 15, 112, 43, 138, 15, 4, 10, 10, 71, 24, 2, 376, 11]
2026-09-09 19:14:50 - __main__ - INFO - material priors: [114, 658, 16, 0, 73, 43, 5, 4, 0, 29, 70, 69, 24, 0, 397, 11]
2026-09-09 19:15:30 - __main__ - INFO - material priors: [43, 464, 0, 15, 125, 0, 143, 11, 4, 19, 60, 2, 0, 2, 21, 0]
2026-09-09 19:15:51 - __main__ - INFO - material priors: [97, 594, 16, 15, 112, 43, 138, 15, 4, 10, 10, 71, 24, 2, 376, 11]
2026-09-09 19:16:34 - __main__ - INFO - material priors: [114, 658, 16, 0, 73, 43, 5, 4, 0, 29, 70, 69, 24, 0, 397, 11]
2026-09-09 19:17:17 - __main__ - INFO - material priors: [43, 464, 0, 15, 125, 0, 143, 11, 4, 19, 60, 2, 0, 2, 21, 0]
2026-09-09 19:17:56 - __main__ - INFO - material priors: [97, 594, 16, 15, 112, 43, 138, 15, 4, 10, 10, 71, 24, 2, 376, 11]
2026-09-09 19:18:52 - __main__ - INFO - material priors: [114, 658, 16, 0, 73, 43, 5, 4, 0, 29, 70, 69, 24, 0, 397, 11]
2026-09-09 19:19:26 - __main__ - INFO - material priors: [43, 464, 0, 15, 125, 0, 143, 11, 4, 19, 60, 2, 0, 2, 21, 0]
2026-09-09 19:19:58 - __main__ - INFO - material priors: [97, 594, 16, 15, 112, 43, 138, 15, 4, 10, 10, 71, 24, 2, 376, 11]
2026-09-09 19:20:47 - __main__ - INFO - material priors: [114, 658, 16, 0, 73, 43, 5, 4, 0, 29, 70, 69, 24, 0, 397, 11]
2026-09-09 19:21:31 - __main__ - INFO - material priors: [43, 464, 0, 15, 125, 0, 143, 11, 4, 19, 60, 2, 0, 2, 21, 0]
2026-09-09 19:22:01 - __main__ - INFO - material priors: [97, 594, 16, 15, 112, 43, 138, 15, 4, 10, 10, 71, 24, 2, 376, 11]
2026-09-09 19:22:51 - __main__ - INFO - material priors: [114, 658, 16, 0, 73, 43, 5, 4, 0, 29, 70, 69, 24, 0, 397, 11]
2026-09-09 19:23:19 - __main__ - INFO - material priors: [43, 464, 0, 15, 125, 0, 143, 11, 4, 19, 60, 2, 0, 2, 21, 0]
2026-09-09 19:23:47 - __main__ - INFO - material priors: [97, 594, 16, 15, 112, 43, 138, 15, 4, 10, 10, 71, 24, 2, 376, 11]
2026-09-09 19:24:32 - __main__ - INFO - material priors: [114, 658, 16, 0, 73, 43, 5, 4, 0, 29, 70, 69, 24, 0, 397, 11]
2026-09-09 19:24:55 - __main__ - INFO - material priors: [43, 464, 0, 15, 125, 0, 143, 11, 4, 19, 60, 2, 0, 2, 21, 0]
2026-09-09 19:25:21 - __main__ - INFO - material priors: [97, 594, 16, 15, 112, 43, 138, 15, 4, 10, 10, 71, 24, 2, 376, 11]
2026-09-09 19:26:02 - __main__ - INFO - material priors: [114, 658, 16, 0, 73, 43, 5, 4, 0, 29, 70, 69, 24, 0, 397, 11]
2026-09-09 19:26:29 - __main__ - INFO - material priors: [43, 464, 0, 15, 125, 0, 143, 11, 4, 19, 60, 2, 0, 2, 21, 0]
2026-09-09 19:27:00 - __main__ - INFO - material priors: [97, 594, 16, 15, 112, 43, 138, 15, 4, 10, 10, 71, 24, 2, 376, 11]
2026-09-09 19:27:53 - __main__ - INFO - material priors: [114, 658, 16, 0, 73, 43, 5, 4, 0, 29, 70, 69, 24, 0, 397, 11]
2026-09-09 19:28:58 - __main__ - INFO - material priors: [43, 464, 0, 15, 125, 0, 143, 11, 4, 19, 60, 2, 0, 2, 21, 0]
2026-09-09 19:29:44 - __main__ - INFO - material priors: [97, 594, 16, 15, 112, 43, 138, 15, 4, 10, 10, 71, 24, 2, 376, 11]
2026-09-09 19:30:46 - __main__ - INFO - material priors: [114, 658, 16, 0, 73, 43, 5, 4, 0, 29, 70, 69, 24, 0, 397, 11]
2026-09-09 19:31:28 - __main__ - INFO - material priors: [43, 464, 0, 15, 125, 0, 143, 11, 4, 19, 60, 2, 0, 2, 21, 0]
2026-09-09 19:31:54 - __main__ - INFO - material priors: [97, 594, 16, 15, 112, 43, 138, 15, 4, 10, 10, 71, 24, 2, 376, 11]
2026-09-09 19:32:35 - __main__ - INFO - material priors: [114, 658, 16, 0, 73, 43, 5, 4, 0, 29, 70, 69, 24, 0, 397, 11]
2026-09-09 19:33:05 - __main__ - INFO - material priors: [43, 464, 0, 15, 125, 0, 143, 11, 4, 19, 60, 2, 0, 2, 21, 0]
2026-09-09 19:33:41 - __main__ - INFO - material priors: [97, 594, 16, 15, 112, 43, 138, 15, 4, 10, 10, 71, 24, 2, 376, 11]
2026-09-09 19:34:40 - __main__ - INFO - material priors: [114, 658, 16, 0, 73, 43, 5, 4, 0, 29, 70, 69, 24, 0, 397, 11]
2026-09-09 19:35:35 - __main__ - INFO - material priors: [43, 464, 0, 15, 125, 0, 143, 11, 4, 19, 60, 2, 0, 2, 21, 0]
2026-09-09 19:36:11 - __main__ - INFO - material priors: [97, 594, 16, 15, 112, 43, 138, 15, 4, 10, 10, 71, 24, 2, 376, 11]
2026-09-09 19:37:16 - __main__ - INFO - material priors: [114, 658, 16, 0, 73, 43, 5, 4, 0, 29, 70, 69, 24, 0, 397, 11]
2026-09-09 19:38:08 - __main__ - INFO - material priors: [43, 464, 0, 15, 125, 0, 143, 11, 4, 19, 60, 2, 0, 2, 21, 0]
2026-09-09 19:38:41 - __main__ - INFO - material priors: [97, 594, 16, 15, 112, 43, 138, 15, 4, 10, 10, 71, 24, 2, 376, 11]
2026-09-09 19:39:37 - __main__ - INFO - material priors: [114, 658, 16, 0, 73, 43, 5, 4, 0, 29, 70, 69, 24, 0, 397, 11]
2026-09-09 19:40:52 - __main__ - INFO - material priors: [43, 464, 0, 15, 125, 0, 143, 11, 4, 19, 60, 2, 0, 2, 21, 0]
2026-09-09 19:41:39 - __main__ - INFO - material priors: [97, 594, 16, 15, 112, 43, 138, 15, 4, 10, 10, 71, 24, 2, 376, 11]
2026-09-09 19:42:51 - __main__ - INFO - material priors: [114, 658, 16, 0, 73, 43, 5, 4, 0, 29, 70, 69, 24, 0, 397, 11]
2026-09-09 19:44:04 - __main__ - INFO - material priors: [43, 464, 0, 15, 125, 0, 143, 11, 4, 19, 60, 2, 0, 2, 21, 0]
2026-09-09 19:44:54 - __main__ - INFO - material priors: [97, 594, 16, 15, 112, 43, 138, 15, 4, 10, 10, 71, 24, 2, 376, 11]
2026-09-09 19:46:09 - __main__ - INFO - material priors: [114, 658, 16, 0, 73, 43, 5, 4, 0, 29, 70, 69, 24, 0, 397, 11]
2026-09-09 19:47:19 - __main__ - INFO - material priors: [43, 464, 0, 15, 125, 0, 143, 11, 4, 19, 60, 2, 0, 2, 21, 0]
2026-09-09 19:48:06 - __main__ - INFO - material priors: [97, 594, 16, 15, 112, 43, 138, 15, 4, 10, 10, 71, 24, 2, 376, 11]
2026-09-09 19:49:18 - __main__ - INFO - material priors: [114, 658, 16, 0, 73, 43, 5, 4, 0, 29, 70, 69, 24, 0, 397, 11]
2026-09-09 19:49:58 - __main__ - INFO - material priors: [43, 464, 0, 15, 125, 0, 143, 11, 4, 19, 60, 2, 0, 2, 21, 0]
2026-09-09 19:50:24 - __main__ - INFO - material priors: [97, 594, 16, 15, 112, 43, 138, 15, 4, 10, 10, 71, 24, 2, 376, 11]
2026-09-09 19:51:14 - __main__ - INFO - material priors: [114, 658, 16, 0, 73, 43, 5, 4, 0, 29, 70, 69, 24, 0, 397, 11]
2026-09-09 19:52:28 - __main__ - INFO - material priors: [43, 464, 0, 15, 125, 0, 143, 11, 4, 19, 60, 2, 0, 2, 21, 0]
2026-09-09 19:53:16 - __main__ - INFO - material priors: [97, 594, 16, 15, 112, 43, 138, 15, 4, 10, 10, 71, 24, 2, 376, 11]
2026-09-09 19:54:33 - __main__ - INFO - material priors: [114, 658, 16, 0, 73, 43, 5, 4, 0, 29, 70, 69, 24, 0, 397, 11]
2026-09-09 19:55:39 - __main__ - INFO - material priors: [43, 464, 0, 15, 125, 0, 143, 11, 4, 19, 60, 2, 0, 2, 21, 0]
2026-09-09 19:56:34 - __main__ - INFO - material priors: [97, 594, 16, 15, 112, 43, 138, 15, 4, 10, 10, 71, 24, 2, 376, 11]
2026-09-09 19:57:45 - __main__ - INFO - material priors: [114, 658, 16, 0, 73, 43, 5, 4, 0, 29, 70, 69, 24, 0, 397, 11]
2026-09-09 19:58:49 - __main__ - INFO - material priors: [43, 464, 0, 15, 125, 0, 143, 11, 4, 19, 60, 2, 0, 2, 21, 0]
2026-09-09 19:59:14 - __main__ - INFO - material priors: [97, 594, 16, 15, 112, 43, 138, 15, 4, 10, 10, 71, 24, 2, 376, 11]
2026-09-09 20:00:28 - __main__ - INFO - material priors: [114, 658, 16, 0, 73, 43, 5, 4, 0, 29, 70, 69, 24, 0, 397, 11]
2026-09-09 20:01:08 - __main__ - INFO - material priors: [43, 464, 0, 15, 125, 0, 143, 11, 4, 19, 60, 2, 0, 2, 21, 0]
2026-09-09 20:01:50 - __main__ - INFO - material priors: [97, 594, 16, 15, 112, 43, 138, 15, 4, 10, 10, 71, 24, 2, 376, 11]
2026-09-09 20:02:34 - __main__ - INFO - material priors: [114, 658, 16, 0, 73, 43, 5, 4, 0, 29, 70, 69, 24, 0, 397, 11]
2026-09-09 20:03:55 - __main__ - INFO - material priors: [43, 464, 0, 15, 125, 0, 143, 11, 4, 19, 60, 2, 0, 2, 21, 0]
2026-09-09 20:04:26 - __main__ - INFO - material priors: [97, 594, 16, 15, 112, 43, 138, 15, 4, 10, 10, 71, 24, 2, 376, 11]
2026-09-09 20:05:09 - __main__ - INFO - material priors: [114, 658, 16, 0, 73, 43, 5, 4, 0, 29, 70, 69, 24, 0, 397, 11]
2026-09-09 20:06:15 - __main__ - INFO - material priors: [43, 464, 0, 15, 125, 0, 143, 11, 4, 19, 60, 2, 0, 2, 21, 0]
2026-09-09 20:06:59 - __main__ - INFO - material priors: [97, 594, 16, 15, 112, 43, 138, 15, 4, 10, 10, 71, 24, 2, 376, 11]
2026-09-09 20:08:19 - __main__ - INFO - material priors: [114, 658, 16, 0, 73, 43, 5, 4, 0, 29, 70, 69, 24, 0, 397, 11]
2026-09-09 20:09:11 - __main__ - INFO - material priors: [43, 464, 0, 15, 125, 0, 143, 11, 4, 19, 60, 2, 0, 2, 21, 0]
2026-09-09 20:10:06 - __main__ - INFO - material priors: [97, 594, 16, 15, 112, 43, 138, 15, 4, 10, 10, 71, 24, 2, 376, 11]
2026-09-09 20:10:57 - __main__ - INFO - material priors: [114, 658, 16, 0, 73, 43, 5, 4, 0, 29, 70, 69, 24, 0, 397, 11]
2026-09-09 20:11:51 - __main__ - INFO - material priors: [43, 464, 0, 15, 125, 0, 143, 11, 4, 19, 60, 2, 0, 2, 21, 0]
2026-09-09 20:12:28 - __main__ - INFO - material priors: [97, 594, 16, 15, 112, 43, 138, 15, 4, 10, 10, 71, 24, 2, 376, 11]
2026-09-09 20:13:11 - __main__ - INFO - material priors: [114, 658, 16, 0, 73, 43, 5, 4, 0, 29, 70, 69, 24, 0, 397, 11]
2026-09-09 20:14:16 - __main__ - INFO - material priors: [43, 464, 0, 15, 125, 0, 143, 11, 4, 19, 60, 2, 0, 2, 21, 0]
2026-09-09 20:15:00 - __main__ - INFO - material priors: [97, 594, 16, 15, 112, 43, 138, 15, 4, 10, 10, 71, 24, 2, 376, 11]
2026-09-09 20:16:09 - __main__ - INFO - material priors: [114, 658, 16, 0, 73, 43, 5, 4, 0, 29, 70, 69, 24, 0, 397, 11]
2026-09-09 20:17:14 - __main__ - INFO - material priors: [43, 464, 0, 15, 125, 0, 143, 11, 4, 19, 60, 2, 0, 2, 21, 0]
2026-09-09 20:17:51 - __main__ - INFO - material priors: [97, 594, 16, 15, 112, 43, 138, 15, 4, 10, 10, 71, 24, 2, 376, 11]
2026-09-09 20:18:57 - __main__ - INFO - material priors: [114, 658, 16, 0, 73, 43, 5, 4, 0, 29, 70, 69, 24, 0, 397, 11]
2026-09-09 20:19:49 - __main__ - INFO - material priors: [43, 464, 0, 15, 125, 0, 143, 11, 4, 19, 60, 2, 0, 2, 21, 0]
2026-09-09 20:20:37 - __main__ - INFO - material priors: [97, 594, 16, 15, 112, 43, 138, 15, 4, 10, 10, 71, 24, 2, 376, 11]
2026-09-09 20:21:27 - __main__ - INFO - material priors: [114, 658, 16, 0, 73, 43, 5, 4, 0, 29, 70, 69, 24, 0, 397, 11]
2026-09-09 20:22:33 - __main__ - INFO - material priors: [43, 464, 0, 15, 125, 0, 143, 11, 4, 19, 60, 2, 0, 2, 21, 0]
2026-09-09 20:22:59 - __main__ - INFO - material priors: [97, 594, 16, 15, 112, 43, 138, 15, 4, 10, 10, 71, 24, 2, 376, 11]
2026-09-09 20:24:07 - __main__ - INFO - material priors: [114, 658, 16, 0, 73, 43, 5, 4, 0, 29, 70, 69, 24, 0, 397, 11]
2026-09-09 20:24:59 - __main__ - INFO - material priors: [43, 464, 0, 15, 125, 0, 143, 11, 4, 19, 60, 2, 0, 2, 21, 0]
2026-09-09 20:25:53 - __main__ - INFO - material priors: [97, 594, 16, 15, 112, 43, 138, 15, 4, 10, 10, 71, 24, 2, 376, 11]
2026-09-09 20:26:53 - __main__ - INFO - material priors: [114, 658, 16, 0, 73, 43, 5, 4, 0, 29, 70, 69, 24, 0, 397, 11]
2026-09-09 20:27:28 - __main__ - INFO - material priors: [43, 464, 0, 15, 125, 0, 143, 11, 4, 19, 60, 2, 0, 2, 21, 0]
2026-09-09 20:28:00 - __main__ - INFO - material priors: [97, 594, 16, 15, 112, 43, 138, 15, 4, 10, 10, 71, 24, 2, 376, 11]
2026-09-09 20:28:48 - __main__ - INFO - material priors: [114, 658, 16, 0, 73, 43, 5, 4, 0, 29, 70, 69, 24, 0, 397, 11]
2026-09-09 20:29:13 - __main__ - INFO - material priors: [43, 464, 0, 15, 125, 0, 143, 11, 4, 19, 60, 2, 0, 2, 21, 0]
2026-09-09 20:29:40 - __main__ - INFO - material priors: [97, 594, 16, 15, 112, 43, 138, 15, 4, 10, 10, 71, 24, 2, 376, 11]
2026-09-09 20:30:29 - __main__ - INFO - material priors: [114, 658, 16, 0, 73, 43, 5, 4, 0, 29, 70, 69, 24, 0, 397, 11]
2026-09-09 20:30:58 - __main__ - INFO - material priors: [43, 464, 0, 15, 125, 0, 143, 11, 4, 19, 60, 2, 0, 2, 21, 0]
2026-09-09 20:31:29 - __main__ - INFO - material priors: [97, 594, 16, 15, 112, 43, 138, 15, 4, 10, 10, 71, 24, 2, 376, 11]
2026-09-09 20:32:13 - __main__ - INFO - material priors: [114, 658, 16, 0, 73, 43, 5, 4, 0, 29, 70, 69, 24, 0, 397, 11]
2026-09-09 20:32:36 - __main__ - INFO - material priors: [43, 464, 0, 15, 125, 0, 143, 11, 4, 19, 60, 2, 0, 2, 21, 0]
2026-09-09 20:32:58 - __main__ - INFO - material priors: [97, 594, 16, 15, 112, 43, 138, 15, 4, 10, 10, 71, 24, 2, 376, 11]
2026-09-09 20:33:36 - __main__ - INFO - material priors: [114, 658, 16, 0, 73, 43, 5, 4, 0, 29, 70, 69, 24, 0, 397, 11]
2026-09-09 20:34:17 - __main__ - INFO - material priors: [43, 464, 0, 15, 125, 0, 143, 11, 4, 19, 60, 2, 0, 2, 21, 0]
2026-09-09 20:34:48 - __main__ - INFO - material priors: [97, 594, 16, 15, 112, 43, 138, 15, 4, 10, 10, 71, 24, 2, 376, 11]
2026-09-09 20:35:29 - __main__ - INFO - material priors: [114, 658, 16, 0, 73, 43, 5, 4, 0, 29, 70, 69, 24, 0, 397, 11]
2026-09-09 20:36:03 - __main__ - INFO - material priors: [43, 464, 0, 15, 125, 0, 143, 11, 4, 19, 60, 2, 0, 2, 21, 0]
2026-09-09 20:36:33 - __main__ - INFO - material priors: [97, 594, 16, 15, 112, 43, 138, 15, 4, 10, 10, 71, 24, 2, 376, 11]
2026-09-09 20:37:06 - __main__ - INFO - material priors: [114, 658, 16, 0, 73, 43, 5, 4, 0, 29, 70, 69, 24, 0, 397, 11]
2026-09-09 20:37:56 - __main__ - INFO - material priors: [43, 464, 0, 15, 125, 0, 143, 11, 4, 19, 60, 2, 0, 2, 21, 0]
2026-09-09 20:38:39 - __main__ - INFO - material priors: [97, 594, 16, 15, 112, 43, 138, 15, 4, 10, 10, 71, 24, 2, 376, 11]
2026-09-09 20:39:39 - __main__ - INFO - material priors: [114, 658, 16, 0, 73, 43, 5, 4, 0, 29, 70, 69, 24, 0, 397, 11]
2026-09-09 20:40:22 - __main__ - INFO - material priors: [43, 464, 0, 15, 125, 0, 143, 11, 4, 19, 60, 2, 0, 2, 21, 0]
2026-09-09 20:40:47 - __main__ - INFO - material priors: [97, 594, 16, 15, 112, 43, 138, 15, 4, 10, 10, 71, 24, 2, 376, 11]
2026-09-09 20:41:47 - __main__ - INFO - material priors: [114, 658, 16, 0, 73, 43, 5, 4, 0, 29, 70, 69, 24, 0, 397, 11]
2026-09-09 20:42:20 - __main__ - INFO - material priors: [43, 464, 0, 15, 125, 0, 143, 11, 4, 19, 60, 2, 0, 2, 21, 0]
2026-09-09 20:42:59 - __main__ - INFO - material priors: [97, 594, 16, 15, 112, 43, 138, 15, 4, 10, 10, 71, 24, 2, 376, 11]
2026-09-09 20:43:57 - __main__ - INFO - material priors: [114, 658, 16, 0, 73, 43, 5, 4, 0, 29, 70, 69, 24, 0, 397, 11]
2026-09-09 20:44:42 - __main__ - INFO - material priors: [43, 464, 0, 15, 125, 0, 143, 11, 4, 19, 60, 2, 0, 2, 21, 0]
2026-09-09 20:45:12 - __main__ - INFO - material priors: [97, 594, 16, 15, 112, 43, 138, 15, 4, 10, 10, 71, 24, 2, 376, 11]
2026-09-09 20:46:01 - __main__ - INFO - material priors: [114, 658, 16, 0, 73, 43, 5, 4, 0, 29, 70, 69, 24, 0, 397, 11]
2026-09-09 20:47:11 - __main__ - INFO - material priors: [43, 464, 0, 15, 125, 0, 143, 11, 4, 19, 60, 2, 0, 2, 21, 0]
2026-09-09 20:47:46 - __main__ - INFO - material priors: [97, 594, 16, 15, 112, 43, 138, 15, 4, 10, 10, 71, 24, 2, 376, 11]
2026-09-09 20:48:54 - __main__ - INFO - material priors: [114, 658, 16, 0, 73, 43, 5, 4, 0, 29, 70, 69, 24, 0, 397, 11]
2026-09-09 20:49:15 - __main__ - INFO - material priors: [43, 464, 0, 15, 125, 0, 143, 11, 4, 19, 60, 2, 0, 2, 21, 0]
2026-09-09 20:49:32 - __main__ - INFO - material priors: [97, 594, 16, 15, 112, 43, 138, 15, 4, 10, 10, 71, 24, 2, 376, 11]
2026-09-09 20:50:19 - __main__ - INFO - material priors: [114, 658, 16, 0, 73, 43, 5, 4, 0, 29, 70, 69, 24, 0, 397, 11]
2026-09-09 20:51:07 - __main__ - INFO - material priors: [43, 464, 0, 15, 125, 0, 143, 11, 4, 19, 60, 2, 0, 2, 21, 0]
2026-09-09 20:51:40 - __main__ - INFO - material priors: [97, 594, 16, 15, 112, 43, 138, 15, 4, 10, 10, 71, 24, 2, 376, 11]
2026-09-09 20:52:08 - __main__ - INFO - material priors: [114, 658, 16, 0, 73, 43, 5, 4, 0, 29, 70, 69, 24, 0, 397, 11]
2026-09-09 20:52:36 - __main__ - INFO - material priors: [43, 464, 0, 15, 125, 0, 143, 11, 4, 19, 60, 2, 0, 2, 21, 0]
2026-09-09 20:53:10 - __main__ - INFO - material priors: [97, 594, 16, 15, 112, 43, 138, 15, 4, 10, 10, 71, 24, 2, 376, 11]
2026-09-09 20:53:59 - __main__ - INFO - material priors: [114, 658, 16, 0, 73, 43, 5, 4, 0, 29, 70, 69, 24, 0, 397, 11]
2026-09-09 20:54:37 - __main__ - INFO - material priors: [43, 464, 0, 15, 125, 0, 143, 11, 4, 19, 60, 2, 0, 2, 21, 0]
2026-09-09 20:55:08 - __main__ - INFO - material priors: [97, 594, 16, 15, 112, 43, 138, 15, 4, 10, 10, 71, 24, 2, 376, 11]
2026-09-09 20:55:45 - __main__ - INFO - material priors: [114, 658, 16, 0, 73, 43, 5, 4, 0, 29, 70, 69, 24, 0, 397, 11]
2026-09-09 20:56:30 - __main__ - INFO - material priors: [43, 464, 0, 15, 125, 0, 143, 11, 4, 19, 60, 2, 0, 2, 21, 0]
2026-09-09 20:56:53 - __main__ - INFO - material priors: [97, 594, 16, 15, 112, 43, 138, 15, 4, 10, 10, 71, 24, 2, 376, 11]
2026-09-09 20:57:39 - __main__ - INFO - material priors: [114, 658, 16, 0, 73, 43, 5, 4, 0, 29, 70, 69, 24, 0, 397, 11]
2026-09-09 20:58:25 - __main__ - INFO - material priors: [43, 464, 0, 15, 125, 0, 143, 11, 4, 19, 60, 2, 0, 2, 21, 0]
2026-09-09 20:58:56 - __main__ - INFO - material priors: [97, 594, 16, 15, 112, 43, 138, 15, 4, 10, 10, 71, 24, 2, 376, 11]
2026-09-09 20:59:41 - __main__ - INFO - material priors: [114, 658, 16, 0, 73, 43, 5, 4, 0, 29, 70, 69, 24, 0, 397, 11]
2026-09-09 21:00:13 - __main__ - INFO - material priors: [43, 464, 0, 15, 125, 0, 143, 11, 4, 19, 60, 2, 0, 2, 21, 0]
2026-09-09 21:00:46 - __main__ - INFO - material priors: [97, 594, 16, 15, 112, 43, 138, 15, 4, 10, 10, 71, 24, 2, 376, 11]
2026-09-09 21:01:33 - __main__ - INFO - material priors: [114, 658, 16, 0, 73, 43, 5, 4, 0, 29, 70, 69, 24, 0, 397, 11]
2026-09-09 21:01:58 - __main__ - INFO - material priors: [43, 464, 0, 15, 125, 0, 143, 11, 4, 19, 60, 2, 0, 2, 21, 0]
2026-09-09 21:02:24 - __main__ - INFO - material priors: [97, 594, 16, 15, 112, 43, 138, 15, 4, 10, 10, 71, 24, 2, 376, 11]
2026-09-09 21:03:17 - __main__ - INFO - material priors: [114, 658, 16, 0, 73, 43, 5, 4, 0, 29, 70, 69, 24, 0, 397, 11]
2026-09-09 21:03:45 - __main__ - INFO - material priors: [43, 464, 0, 15, 125, 0, 143, 11, 4, 19, 60, 2, 0, 2, 21, 0]
2026-09-09 21:04:09 - __main__ - INFO - material priors: [97, 594, 16, 15, 112, 43, 138, 15, 4, 10, 10, 71, 24, 2, 376, 11]
2026-09-09 21:04:51 - __main__ - INFO - material priors: [114, 658, 16, 0, 73, 43, 5, 4, 0, 29, 70, 69, 24, 0, 397, 11]
2026-09-09 21:05:39 - __main__ - INFO - material priors: [43, 464, 0, 15, 125, 0, 143, 11, 4, 19, 60, 2, 0, 2, 21, 0]
2026-09-09 21:06:01 - __main__ - INFO - material priors: [97, 594, 16, 15, 112, 43, 138, 15, 4, 10, 10, 71, 24, 2, 376, 11]
2026-09-09 21:06:51 - __main__ - INFO - material priors: [114, 658, 16, 0, 73, 43, 5, 4, 0, 29, 70, 69, 24, 0, 397, 11]
2026-09-09 21:07:39 - __main__ - INFO - material priors: [43, 464, 0, 15, 125, 0, 143, 11, 4, 19, 60, 2, 0, 2, 21, 0]
2026-09-09 21:08:16 - __main__ - INFO - material priors: [97, 594, 16, 15, 112, 43, 138, 15, 4, 10, 10, 71, 24, 2, 376, 11]
2026-09-09 21:09:06 - __main__ - INFO - material priors: [114, 658, 16, 0, 73, 43, 5, 4, 0, 29, 70, 69, 24, 0, 397, 11]
2026-09-09 21:09:34 - __main__ - INFO - material priors: [43, 464, 0, 15, 125, 0, 143, 11, 4, 19, 60, 2, 0, 2, 21, 0]
2026-09-09 21:10:05 - __main__ - INFO - material priors: [97, 594, 16, 15, 112, 43, 138, 15, 4, 10, 10, 71, 24, 2, 376, 11]
2026-09-09 21:10:54 - __main__ - INFO - material priors: [114, 658, 16, 0, 73, 43, 5, 4, 0, 29, 70, 69, 24, 0, 397, 11]
2026-09-09 21:11:22 - __main__ - INFO - material priors: [43, 464, 0, 15, 125, 0, 143, 11, 4, 19, 60, 2, 0, 2, 21, 0]
2026-09-09 21:11:59 - __main__ - INFO - material priors: [97, 594, 16, 15, 112, 43, 138, 15, 4, 10, 10, 71, 24, 2, 376, 11]
2026-09-09 21:12:45 - __main__ - INFO - material priors: [114, 658, 16, 0, 73, 43, 5, 4, 0, 29, 70, 69, 24, 0, 397, 11]
2026-09-09 21:13:12 - __main__ - INFO - material priors: [43, 464, 0, 15, 125, 0, 143, 11, 4, 19, 60, 2, 0, 2, 21, 0]
2026-09-09 21:13:41 - __main__ - INFO - material priors: [97, 594, 16, 15, 112, 43, 138, 15, 4, 10, 10, 71, 24, 2, 376, 11]
2026-09-09 21:14:15 - __main__ - INFO - material priors: [114, 658, 16, 0, 73, 43, 5, 4, 0, 29, 70, 69, 24, 0, 397, 11]
2026-09-09 21:14:54 - __main__ - INFO - material priors: [43, 464, 0, 15, 125, 0, 143, 11, 4, 19, 60, 2, 0, 2, 21, 0]
2026-09-09 21:15:26 - __main__ - INFO - material priors: [97, 594, 16, 15, 112, 43, 138, 15, 4, 10, 10, 71, 24, 2, 376, 11]
2026-09-09 21:16:04 - __main__ - INFO - material priors: [114, 658, 16, 0, 73, 43, 5, 4, 0, 29, 70, 69, 24, 0, 397, 11]
2026-09-09 21:16:41 - __main__ - INFO - material priors: [43, 464, 0, 15, 125, 0, 143, 11, 4, 19, 60, 2, 0, 2, 21, 0]
2026-09-09 21:17:05 - __main__ - INFO - material priors: [97, 594, 16, 15, 112, 43, 138, 15, 4, 10, 10, 71, 24, 2, 376, 11]
2026-09-09 21:17:34 - __main__ - INFO - material priors: [114, 658, 16, 0, 73, 43, 5, 4, 0, 29, 70, 69, 24, 0, 397, 11]
2026-09-09 21:18:13 - __main__ - INFO - material priors: [43, 464, 0, 15, 125, 0, 143, 11, 4, 19, 60, 2, 0, 2, 21, 0]
2026-09-09 21:18:32 - __main__ - INFO - material priors: [97, 594, 16, 15, 112, 43, 138, 15, 4, 10, 10, 71, 24, 2, 376, 11]
2026-09-09 21:19:31 - __main__ - INFO - material priors: [114, 658, 16, 0, 73, 43, 5, 4, 0, 29, 70, 69, 24, 0, 397, 11]
2026-09-09 21:20:15 - __main__ - INFO - material priors: [43, 464, 0, 15, 125, 0, 143, 11, 4, 19, 60, 2, 0, 2, 21, 0]
2026-09-09 21:20:42 - __main__ - INFO - material priors: [97, 594, 16, 15, 112, 43, 138, 15, 4, 10, 10, 71, 24, 2, 376, 11]
2026-09-09 21:21:46 - __main__ - INFO - material priors: [114, 658, 16, 0, 73, 43, 5, 4, 0, 29, 70, 69, 24, 0, 397, 11]
2026-09-09 21:22:38 - __main__ - INFO - material priors: [43, 464, 0, 15, 125, 0, 143, 11, 4, 19, 60, 2, 0, 2, 21, 0]
2026-09-09 21:23:09 - __main__ - INFO - material priors: [97, 594, 16, 15, 112, 43, 138, 15, 4, 10, 10, 71, 24, 2, 376, 11]
2026-09-09 21:23:51 - __main__ - INFO - material priors: [114, 658, 16, 0, 73, 43, 5, 4, 0, 29, 70, 69, 24, 0, 397, 11]
2026-09-09 21:24:34 - __main__ - INFO - material priors: [43, 464, 0, 15, 125, 0, 143, 11, 4, 19, 60, 2, 0, 2, 21, 0]
2026-09-09 21:24:55 - __main__ - INFO - material priors: [97, 594, 16, 15, 112, 43, 138, 15, 4, 10, 10, 71, 24, 2, 376, 11]
2026-09-09 21:25:33 - __main__ - INFO - material priors: [114, 658, 16, 0, 73, 43, 5, 4, 0, 29, 70, 69, 24, 0, 397, 11]
2026-09-09 21:26:19 - __main__ - INFO - material priors: [43, 464, 0, 15, 125, 0, 143, 11, 4, 19, 60, 2, 0, 2, 21, 0]
2026-09-09 21:26:50 - __main__ - INFO - material priors: [97, 594, 16, 15, 112, 43, 138, 15, 4, 10, 10, 71, 24, 2, 376, 11]
2026-09-09 21:27:47 - __main__ - INFO - material priors: [114, 658, 16, 0, 73, 43, 5, 4, 0, 29, 70, 69, 24, 0, 397, 11]
2026-09-09 21:28:27 - __main__ - INFO - material priors: [43, 464, 0, 15, 125, 0, 143, 11, 4, 19, 60, 2, 0, 2, 21, 0]
2026-09-09 21:28:55 - __main__ - INFO - material priors: [97, 594, 16, 15, 112, 43, 138, 15, 4, 10, 10, 71, 24, 2, 376, 11]
2026-09-09 21:29:21 - __main__ - INFO - material priors: [114, 658, 16, 0, 73, 43, 5, 4, 0, 29, 70, 69, 24, 0, 397, 11]
2026-09-09 21:29:45 - __main__ - INFO - material priors: [43, 464, 0, 15, 125, 0, 143, 11, 4, 19, 60, 2, 0, 2, 21, 0]
2026-09-09 21:30:04 - __main__ - INFO - material priors: [97, 594, 16, 15, 112, 43, 138, 15, 4, 10, 10, 71, 24, 2, 376, 11]
2026-09-09 21:30:34 - __main__ - INFO - Best hyperparameters (averaged over 3 folds): {'n_layers': 3, 'hidden_dim_0': 320, 'hidden_dim_1': 512, 'hidden_dim_2': 128, 'dropout': 0.34057530332605945, 'learning_rate': 0.006449602841417138, 'weight_decay': 1.3911527008650386e-06, 'batch_size': 128, 'use_batch_norm': False, 'activation': 'relu', 'logit_adjust_tau': 0.4149568389646475, 'ls_material': 0.09850738818014819, 'task_weight_material': 1.0}
2026-09-09 21:30:34 - __main__ - INFO - Best CV score: 0.3115
2026-09-09 21:30:34 - __main__ - INFO - Training final model with proper train/val split...
2026-09-09 21:30:34 - __main__ - INFO - Final training split: 1840 train, 205 validation, 671 test
2026-09-09 21:30:34 - __main__ - INFO - material priors: [127, 858, 16, 15, 155, 43, 143, 15, 4, 29, 70, 71, 24, 2, 397, 11]
2026-09-09 21:30:34 - diana.utils.checkpointing - INFO - CheckpointManager initialized: results/search_v9_single_material/cv_results/fold_0
2026-09-09 21:30:36 - diana.utils.checkpointing - INFO - Checkpoint saved: results/search_v9_single_material/cv_results/fold_0/checkpoint_epoch_1_20260909_213035.pth
2026-09-09 21:30:37 - diana.utils.checkpointing - INFO - New best model saved: results/search_v9_single_material/cv_results/fold_0/best_model.pth (val_loss: 1.7523)
2026-09-09 21:30:38 - diana.utils.checkpointing - INFO - Checkpoint saved: results/search_v9_single_material/cv_results/fold_0/checkpoint_epoch_2_20260909_213037.pth
2026-09-09 21:30:39 - diana.utils.checkpointing - INFO - New best model saved: results/search_v9_single_material/cv_results/fold_0/best_model.pth (val_loss: 1.5903)
2026-09-09 21:30:41 - diana.utils.checkpointing - INFO - Checkpoint saved: results/search_v9_single_material/cv_results/fold_0/checkpoint_epoch_3_20260909_213039.pth
2026-09-09 21:30:41 - diana.utils.checkpointing - INFO - New best model saved: results/search_v9_single_material/cv_results/fold_0/best_model.pth (val_loss: 1.3295)
2026-09-09 21:30:43 - diana.utils.checkpointing - INFO - Checkpoint saved: results/search_v9_single_material/cv_results/fold_0/checkpoint_epoch_4_20260909_213042.pth
2026-09-09 21:30:44 - diana.utils.checkpointing - INFO - New best model saved: results/search_v9_single_material/cv_results/fold_0/best_model.pth (val_loss: 1.2949)
2026-09-09 21:30:45 - diana.utils.checkpointing - INFO - Checkpoint saved: results/search_v9_single_material/cv_results/fold_0/checkpoint_epoch_5_20260909_213044.pth
2026-09-09 21:30:46 - diana.utils.checkpointing - INFO - New best model saved: results/search_v9_single_material/cv_results/fold_0/best_model.pth (val_loss: 1.2357)
2026-09-09 21:30:47 - diana.utils.checkpointing - INFO - Checkpoint saved: results/search_v9_single_material/cv_results/fold_0/checkpoint_epoch_6_20260909_213046.pth
2026-09-09 21:30:48 - diana.utils.checkpointing - INFO - New best model saved: results/search_v9_single_material/cv_results/fold_0/best_model.pth (val_loss: 1.1913)
2026-09-09 21:30:50 - diana.utils.checkpointing - INFO - Checkpoint saved: results/search_v9_single_material/cv_results/fold_0/checkpoint_epoch_7_20260909_213049.pth
2026-09-09 21:30:51 - diana.utils.checkpointing - INFO - Checkpoint saved: results/search_v9_single_material/cv_results/fold_0/checkpoint_epoch_8_20260909_213050.pth
2026-09-09 21:30:52 - diana.utils.checkpointing - INFO - New best model saved: results/search_v9_single_material/cv_results/fold_0/best_model.pth (val_loss: 1.1166)
2026-09-09 21:30:53 - diana.utils.checkpointing - INFO - Checkpoint saved: results/search_v9_single_material/cv_results/fold_0/checkpoint_epoch_9_20260909_213053.pth
2026-09-09 21:30:54 - diana.utils.checkpointing - INFO - New best model saved: results/search_v9_single_material/cv_results/fold_0/best_model.pth (val_loss: 1.0747)
2026-09-09 21:30:56 - diana.utils.checkpointing - INFO - Checkpoint saved: results/search_v9_single_material/cv_results/fold_0/checkpoint_epoch_10_20260909_213055.pth
2026-09-09 21:30:57 - diana.utils.checkpointing - INFO - Checkpoint saved: results/search_v9_single_material/cv_results/fold_0/checkpoint_epoch_11_20260909_213056.pth
2026-09-09 21:30:58 - diana.utils.checkpointing - INFO - New best model saved: results/search_v9_single_material/cv_results/fold_0/best_model.pth (val_loss: 1.0621)
2026-09-09 21:30:59 - diana.utils.checkpointing - INFO - Checkpoint saved: results/search_v9_single_material/cv_results/fold_0/checkpoint_epoch_12_20260909_213059.pth
2026-09-09 21:31:00 - diana.utils.checkpointing - INFO - New best model saved: results/search_v9_single_material/cv_results/fold_0/best_model.pth (val_loss: 1.0567)
2026-09-09 21:31:01 - diana.utils.checkpointing - INFO - Checkpoint saved: results/search_v9_single_material/cv_results/fold_0/checkpoint_epoch_13_20260909_213101.pth
2026-09-09 21:31:02 - diana.utils.checkpointing - INFO - New best model saved: results/search_v9_single_material/cv_results/fold_0/best_model.pth (val_loss: 1.0134)
2026-09-09 21:31:04 - diana.utils.checkpointing - INFO - Checkpoint saved: results/search_v9_single_material/cv_results/fold_0/checkpoint_epoch_14_20260909_213103.pth
2026-09-09 21:31:05 - diana.utils.checkpointing - INFO - Checkpoint saved: results/search_v9_single_material/cv_results/fold_0/checkpoint_epoch_15_20260909_213104.pth
2026-09-09 21:31:07 - diana.utils.checkpointing - INFO - Checkpoint saved: results/search_v9_single_material/cv_results/fold_0/checkpoint_epoch_16_20260909_213105.pth
2026-09-09 21:31:08 - diana.utils.checkpointing - INFO - Checkpoint saved: results/search_v9_single_material/cv_results/fold_0/checkpoint_epoch_17_20260909_213107.pth
2026-09-09 21:31:09 - diana.utils.checkpointing - INFO - Checkpoint saved: results/search_v9_single_material/cv_results/fold_0/checkpoint_epoch_18_20260909_213108.pth
2026-09-09 21:31:11 - diana.utils.checkpointing - INFO - Checkpoint saved: results/search_v9_single_material/cv_results/fold_0/checkpoint_epoch_19_20260909_213110.pth
2026-09-09 21:31:12 - diana.utils.checkpointing - INFO - Checkpoint saved: results/search_v9_single_material/cv_results/fold_0/checkpoint_epoch_20_20260909_213111.pth
2026-09-09 21:31:13 - diana.utils.checkpointing - INFO - New best model saved: results/search_v9_single_material/cv_results/fold_0/best_model.pth (val_loss: 1.0131)
2026-09-09 21:31:13 - __main__ - INFO - Epoch 20/200, Train Loss: 0.9689, Val Loss: 1.0131
2026-09-09 21:31:14 - diana.utils.checkpointing - INFO - Checkpoint saved: results/search_v9_single_material/cv_results/fold_0/checkpoint_epoch_21_20260909_213113.pth
2026-09-09 21:31:15 - diana.utils.checkpointing - INFO - Checkpoint saved: results/search_v9_single_material/cv_results/fold_0/checkpoint_epoch_22_20260909_213114.pth
2026-09-09 21:31:17 - diana.utils.checkpointing - INFO - Checkpoint saved: results/search_v9_single_material/cv_results/fold_0/checkpoint_epoch_23_20260909_213116.pth
2026-09-09 21:31:18 - diana.utils.checkpointing - INFO - New best model saved: results/search_v9_single_material/cv_results/fold_0/best_model.pth (val_loss: 0.9649)
2026-09-09 21:31:19 - diana.utils.checkpointing - INFO - Checkpoint saved: results/search_v9_single_material/cv_results/fold_0/checkpoint_epoch_24_20260909_213118.pth
2026-09-09 21:31:20 - diana.utils.checkpointing - INFO - Checkpoint saved: results/search_v9_single_material/cv_results/fold_0/checkpoint_epoch_25_20260909_213119.pth
2026-09-09 21:31:21 - diana.utils.checkpointing - INFO - Checkpoint saved: results/search_v9_single_material/cv_results/fold_0/checkpoint_epoch_26_20260909_213120.pth
2026-09-09 21:31:22 - diana.utils.checkpointing - INFO - New best model saved: results/search_v9_single_material/cv_results/fold_0/best_model.pth (val_loss: 0.9572)
2026-09-09 21:31:23 - diana.utils.checkpointing - INFO - Checkpoint saved: results/search_v9_single_material/cv_results/fold_0/checkpoint_epoch_27_20260909_213123.pth
2026-09-09 21:31:25 - diana.utils.checkpointing - INFO - Checkpoint saved: results/search_v9_single_material/cv_results/fold_0/checkpoint_epoch_28_20260909_213124.pth
2026-09-09 21:31:26 - diana.utils.checkpointing - INFO - New best model saved: results/search_v9_single_material/cv_results/fold_0/best_model.pth (val_loss: 0.9378)
2026-09-09 21:31:27 - diana.utils.checkpointing - INFO - Checkpoint saved: results/search_v9_single_material/cv_results/fold_0/checkpoint_epoch_29_20260909_213126.pth
2026-09-09 21:31:28 - diana.utils.checkpointing - INFO - Checkpoint saved: results/search_v9_single_material/cv_results/fold_0/checkpoint_epoch_30_20260909_213127.pth
2026-09-09 21:31:30 - diana.utils.checkpointing - INFO - Checkpoint saved: results/search_v9_single_material/cv_results/fold_0/checkpoint_epoch_31_20260909_213129.pth
2026-09-09 21:31:31 - diana.utils.checkpointing - INFO - Checkpoint saved: results/search_v9_single_material/cv_results/fold_0/checkpoint_epoch_32_20260909_213130.pth
2026-09-09 21:31:32 - diana.utils.checkpointing - INFO - Checkpoint saved: results/search_v9_single_material/cv_results/fold_0/checkpoint_epoch_33_20260909_213132.pth
2026-09-09 21:31:33 - diana.utils.checkpointing - INFO - New best model saved: results/search_v9_single_material/cv_results/fold_0/best_model.pth (val_loss: 0.9291)
2026-09-09 21:31:35 - diana.utils.checkpointing - INFO - Checkpoint saved: results/search_v9_single_material/cv_results/fold_0/checkpoint_epoch_34_20260909_213134.pth
2026-09-09 21:31:36 - diana.utils.checkpointing - INFO - Checkpoint saved: results/search_v9_single_material/cv_results/fold_0/checkpoint_epoch_35_20260909_213135.pth
2026-09-09 21:31:37 - diana.utils.checkpointing - INFO - New best model saved: results/search_v9_single_material/cv_results/fold_0/best_model.pth (val_loss: 0.9243)
2026-09-09 21:31:38 - diana.utils.checkpointing - INFO - Checkpoint saved: results/search_v9_single_material/cv_results/fold_0/checkpoint_epoch_36_20260909_213138.pth
2026-09-09 21:31:40 - diana.utils.checkpointing - INFO - Checkpoint saved: results/search_v9_single_material/cv_results/fold_0/checkpoint_epoch_37_20260909_213139.pth
2026-09-09 21:31:41 - diana.utils.checkpointing - INFO - Checkpoint saved: results/search_v9_single_material/cv_results/fold_0/checkpoint_epoch_38_20260909_213140.pth
2026-09-09 21:31:43 - diana.utils.checkpointing - INFO - Checkpoint saved: results/search_v9_single_material/cv_results/fold_0/checkpoint_epoch_39_20260909_213142.pth
2026-09-09 21:31:43 - diana.utils.checkpointing - INFO - New best model saved: results/search_v9_single_material/cv_results/fold_0/best_model.pth (val_loss: 0.9029)
2026-09-09 21:31:45 - diana.utils.checkpointing - INFO - Checkpoint saved: results/search_v9_single_material/cv_results/fold_0/checkpoint_epoch_40_20260909_213144.pth
2026-09-09 21:31:45 - __main__ - INFO - Epoch 40/200, Train Loss: 0.9241, Val Loss: 0.9231
2026-09-09 21:31:46 - diana.utils.checkpointing - INFO - Checkpoint saved: results/search_v9_single_material/cv_results/fold_0/checkpoint_epoch_41_20260909_213145.pth
2026-09-09 21:31:47 - diana.utils.checkpointing - INFO - Checkpoint saved: results/search_v9_single_material/cv_results/fold_0/checkpoint_epoch_42_20260909_213146.pth
2026-09-09 21:31:49 - diana.utils.checkpointing - INFO - Checkpoint saved: results/search_v9_single_material/cv_results/fold_0/checkpoint_epoch_43_20260909_213148.pth
2026-09-09 21:31:50 - diana.utils.checkpointing - INFO - Checkpoint saved: results/search_v9_single_material/cv_results/fold_0/checkpoint_epoch_44_20260909_213149.pth
2026-09-09 21:31:51 - diana.utils.checkpointing - INFO - Checkpoint saved: results/search_v9_single_material/cv_results/fold_0/checkpoint_epoch_45_20260909_213150.pth
2026-09-09 21:31:53 - diana.utils.checkpointing - INFO - Checkpoint saved: results/search_v9_single_material/cv_results/fold_0/checkpoint_epoch_46_20260909_213152.pth
2026-09-09 21:31:54 - diana.utils.checkpointing - INFO - Checkpoint saved: results/search_v9_single_material/cv_results/fold_0/checkpoint_epoch_47_20260909_213153.pth
2026-09-09 21:31:55 - diana.utils.checkpointing - INFO - Checkpoint saved: results/search_v9_single_material/cv_results/fold_0/checkpoint_epoch_48_20260909_213154.pth
2026-09-09 21:31:56 - diana.utils.checkpointing - INFO - Checkpoint saved: results/search_v9_single_material/cv_results/fold_0/checkpoint_epoch_49_20260909_213155.pth
2026-09-09 21:31:58 - diana.utils.checkpointing - INFO - Checkpoint saved: results/search_v9_single_material/cv_results/fold_0/checkpoint_epoch_50_20260909_213157.pth
2026-09-09 21:31:59 - diana.utils.checkpointing - INFO - Checkpoint saved: results/search_v9_single_material/cv_results/fold_0/checkpoint_epoch_51_20260909_213158.pth
2026-09-09 21:32:00 - diana.utils.checkpointing - INFO - Checkpoint saved: results/search_v9_single_material/cv_results/fold_0/checkpoint_epoch_52_20260909_213159.pth
2026-09-09 21:32:01 - diana.utils.checkpointing - INFO - Checkpoint saved: results/search_v9_single_material/cv_results/fold_0/checkpoint_epoch_53_20260909_213200.pth
2026-09-09 21:32:03 - diana.utils.checkpointing - INFO - Checkpoint saved: results/search_v9_single_material/cv_results/fold_0/checkpoint_epoch_54_20260909_213202.pth
2026-09-09 21:32:04 - diana.utils.checkpointing - INFO - Checkpoint saved: results/search_v9_single_material/cv_results/fold_0/checkpoint_epoch_55_20260909_213203.pth
2026-09-09 21:32:05 - diana.utils.checkpointing - INFO - Checkpoint saved: results/search_v9_single_material/cv_results/fold_0/checkpoint_epoch_56_20260909_213204.pth
2026-09-09 21:32:06 - diana.utils.checkpointing - INFO - Checkpoint saved: results/search_v9_single_material/cv_results/fold_0/checkpoint_epoch_57_20260909_213206.pth
2026-09-09 21:32:08 - diana.utils.checkpointing - INFO - Checkpoint saved: results/search_v9_single_material/cv_results/fold_0/checkpoint_epoch_58_20260909_213207.pth
2026-09-09 21:32:09 - diana.utils.checkpointing - INFO - Checkpoint saved: results/search_v9_single_material/cv_results/fold_0/checkpoint_epoch_59_20260909_213208.pth
2026-09-09 21:32:09 - __main__ - INFO - Early stopping triggered after 59 epochs (patience=20)
2026-09-09 21:32:09 - diana.utils.checkpointing - INFO - Loading checkpoint: results/search_v9_single_material/cv_results/fold_0/best_model.pth
2026-09-09 21:32:09 - __main__ - INFO - Loaded best model from epoch 39 (val_loss: 0.9029)
2026-09-09 21:32:09 - __main__ - INFO - Evaluating on held-out test set...
2026-09-09 21:32:09 - __main__ - INFO - material test metrics: {'n_scored': 659, 'accuracy': 0.9423368740515933, 'f1_weighted': 0.9582628757761459, 'f1_macro': 0.4045537765539649, 'balanced_accuracy': 0.7596558934308186}
2026-09-09 21:32:10 - diana.utils.checkpointing - INFO - Final model saved: results/search_v9_single_material/cv_results/fold_0/final_model_20260909_213209.pth
2026-09-09 21:32:10 - __main__ - INFO - Final model saved to results/search_v9_single_material/cv_results/fold_0/final_model_20260909_213209.pth
2026-09-09 21:32:10 - __main__ - INFO - Results saved to results/search_v9_single_material/cv_results/fold_0/multitask_fold_0_results_20260909_173741.json
2026-09-09 21:32:10 - __main__ - INFO - ================================================================================
2026-09-09 21:32:10 - __main__ - INFO - ================================================================================
2026-09-09 21:32:10 - __main__ - INFO - === FOLD COMPLETE ===
2026-09-09 21:32:10 - __main__ - INFO - ================================================================================
2026-09-09 21:32:10 - __main__ - INFO - Results: {'material': {'n_scored': 659, 'accuracy': 0.9423368740515933, 'f1_weighted': 0.9582628757761459, 'f1_macro': 0.4045537765539649, 'balanced_accuracy': 0.7596558934308186}}
