2026-09-09 17:34:24 - root - INFO - Logging to file: results/search_v9_single_sample_host/cv_results/fold_3/fold_3_training.log
2026-09-09 17:34:24 - __main__ - INFO - ================================================================================
2026-09-09 17:34:24 - __main__ - INFO - DIANA Multi-Task Hyperparameter Optimization
2026-09-09 17:34:24 - __main__ - INFO - ================================================================================
2026-09-09 17:34:24 - __main__ - INFO - Run config:   configs/train_config_v9_search_single_sample_host.json
2026-09-09 17:34:24 - __main__ - INFO - Features:     data/matrices/matrix_v9_train/unitigs.frac.mat
2026-09-09 17:34:24 - __main__ - INFO - Metadata:     data/splits_v9/train_metadata.tsv
2026-09-09 17:34:24 - __main__ - INFO - Output dir:   results/search_v9_single_sample_host
2026-09-09 17:34:24 - __main__ - INFO - Tasks:        ['sample_host']
2026-09-09 17:34:24 - __main__ - INFO - Task types:   {'sample_host': 'classification'}
2026-09-09 17:34:24 - __main__ - INFO - Fold:         3 / 5
2026-09-09 17:34:24 - __main__ - INFO - Trials:       100  Max epochs: 200  Patience: 20
2026-09-09 17:34:24 - __main__ - INFO - GPU:          True  Seed: 42
2026-09-09 17:34:24 - __main__ - INFO - Loading data from data/matrices/matrix_v9_train/unitigs.frac.mat
2026-09-09 17:34:24 - diana.data.loader - INFO - Loading matrix from data/matrices/matrix_v9_train/unitigs.frac.mat
2026-09-09 17:35:27 - diana.data.loader - INFO - Loaded 110202 features × 2716 samples (before transpose)
2026-09-09 17:35:27 - diana.data.loader - INFO - Transposed to 2716 samples × 110202 features
2026-09-09 17:35:27 - diana.data.loader - INFO - Reading sample IDs from data/matrices/matrix_v9_train/kmer_matrix/kmtricks.fof
2026-09-09 17:35:27 - diana.data.loader - INFO - Sample IDs: ['ERR10114844', 'ERR10114845', 'ERR10114846']...
2026-09-09 17:35:27 - diana.data.loader - INFO - Loading metadata from data/splits_v9/train_metadata.tsv
2026-09-09 17:35:27 - diana.data.loader - INFO - Metadata: 2716 rows × 15 columns
2026-09-09 17:35:27 - diana.data.loader - INFO - Metadata aligned to matrix sample order
2026-09-09 17:35:27 - __main__ - INFO - Loaded 2716 samples with 110202 features
2026-09-09 17:35:27 - __main__ - INFO - Loaded 2716 samples × 110202 features
2026-09-09 17:35:27 - __main__ - INFO - === FOLD 3/4 ===
2026-09-09 17:35:27 - __main__ - INFO - Output directory: results/search_v9_single_sample_host/cv_results/fold_3
2026-09-09 17:35:27 - __main__ - INFO - Using device: cuda
2026-09-09 17:35:27 - __main__ - INFO - Class imbalance: logit adjustment, tau SEARCHED in [0.05, 0.8]
2026-09-09 17:35:27 - __main__ - INFO - sample_host: 24 classes, 2085 labelled, 631 masked - ['Alouatta palliata', 'Ambrosia artemisiifolia', 'Arabidopsis thaliana', 'Bison priscus', 'Canis lupus']...
2026-09-09 17:35:27 - __main__ - INFO - Grouping CV folds on 'archive_project': 68 groups over 2716 runs
2026-09-09 17:35:27 - __main__ - INFO - Outer fold 3 taken from data/splits_v9/dev_folds.tsv (5 dev folds)
2026-09-09 17:35:27 - __main__ - INFO - Train: 2172, Test: 544 (outer fold verified archive_project-disjoint)
2026-09-09 17:35:27 - __main__ - INFO - 3 inner folds verified archive_project-disjoint
2026-09-09 17:35:27 - __main__ - INFO - Starting Optuna optimization with 100 trials...
2026-09-09 17:35:27 - __main__ - INFO - Each trial will be evaluated on 3 inner CV folds
2026-09-09 17:35:28 - __main__ - INFO - sample_host priors: [0, 11, 32, 16, 2, 0, 0, 0, 6, 55, 34, 675, 0, 0, 0, 0, 0, 0, 0, 0, 0, 0, 0, 316]
2026-09-09 17:37:03 - __main__ - INFO - sample_host priors: [6, 11, 0, 16, 10, 4, 4, 0, 17, 12, 11, 786, 16, 0, 16, 8, 11, 9, 4, 5, 1, 0, 4, 316]
2026-09-09 17:38:38 - __main__ - INFO - sample_host priors: [6, 0, 32, 0, 12, 4, 4, 0, 23, 67, 45, 675, 16, 0, 16, 8, 11, 9, 4, 5, 1, 0, 4, 0]
2026-09-09 17:39:19 - __main__ - INFO - sample_host priors: [0, 11, 32, 16, 2, 0, 0, 0, 6, 55, 34, 675, 0, 0, 0, 0, 0, 0, 0, 0, 0, 0, 0, 316]
2026-09-09 17:40:16 - __main__ - INFO - sample_host priors: [6, 11, 0, 16, 10, 4, 4, 0, 17, 12, 11, 786, 16, 0, 16, 8, 11, 9, 4, 5, 1, 0, 4, 316]
2026-09-09 17:41:22 - __main__ - INFO - sample_host priors: [6, 0, 32, 0, 12, 4, 4, 0, 23, 67, 45, 675, 16, 0, 16, 8, 11, 9, 4, 5, 1, 0, 4, 0]
2026-09-09 17:41:52 - __main__ - INFO - sample_host priors: [0, 11, 32, 16, 2, 0, 0, 0, 6, 55, 34, 675, 0, 0, 0, 0, 0, 0, 0, 0, 0, 0, 0, 316]
2026-09-09 17:42:19 - __main__ - INFO - sample_host priors: [6, 11, 0, 16, 10, 4, 4, 0, 17, 12, 11, 786, 16, 0, 16, 8, 11, 9, 4, 5, 1, 0, 4, 316]
2026-09-09 17:43:07 - __main__ - INFO - sample_host priors: [6, 0, 32, 0, 12, 4, 4, 0, 23, 67, 45, 675, 16, 0, 16, 8, 11, 9, 4, 5, 1, 0, 4, 0]
2026-09-09 17:43:33 - __main__ - INFO - sample_host priors: [0, 11, 32, 16, 2, 0, 0, 0, 6, 55, 34, 675, 0, 0, 0, 0, 0, 0, 0, 0, 0, 0, 0, 316]
2026-09-09 17:44:27 - __main__ - INFO - sample_host priors: [6, 11, 0, 16, 10, 4, 4, 0, 17, 12, 11, 786, 16, 0, 16, 8, 11, 9, 4, 5, 1, 0, 4, 316]
2026-09-09 17:45:23 - __main__ - INFO - sample_host priors: [6, 0, 32, 0, 12, 4, 4, 0, 23, 67, 45, 675, 16, 0, 16, 8, 11, 9, 4, 5, 1, 0, 4, 0]
2026-09-09 17:45:52 - __main__ - INFO - sample_host priors: [0, 11, 32, 16, 2, 0, 0, 0, 6, 55, 34, 675, 0, 0, 0, 0, 0, 0, 0, 0, 0, 0, 0, 316]
2026-09-09 17:46:37 - __main__ - INFO - sample_host priors: [6, 11, 0, 16, 10, 4, 4, 0, 17, 12, 11, 786, 16, 0, 16, 8, 11, 9, 4, 5, 1, 0, 4, 316]
2026-09-09 17:47:25 - __main__ - INFO - sample_host priors: [6, 0, 32, 0, 12, 4, 4, 0, 23, 67, 45, 675, 16, 0, 16, 8, 11, 9, 4, 5, 1, 0, 4, 0]
2026-09-09 17:47:44 - __main__ - INFO - sample_host priors: [0, 11, 32, 16, 2, 0, 0, 0, 6, 55, 34, 675, 0, 0, 0, 0, 0, 0, 0, 0, 0, 0, 0, 316]
2026-09-09 17:49:01 - __main__ - INFO - sample_host priors: [6, 11, 0, 16, 10, 4, 4, 0, 17, 12, 11, 786, 16, 0, 16, 8, 11, 9, 4, 5, 1, 0, 4, 316]
2026-09-09 17:49:45 - __main__ - INFO - sample_host priors: [6, 0, 32, 0, 12, 4, 4, 0, 23, 67, 45, 675, 16, 0, 16, 8, 11, 9, 4, 5, 1, 0, 4, 0]
2026-09-09 17:50:20 - __main__ - INFO - sample_host priors: [0, 11, 32, 16, 2, 0, 0, 0, 6, 55, 34, 675, 0, 0, 0, 0, 0, 0, 0, 0, 0, 0, 0, 316]
2026-09-09 17:51:08 - __main__ - INFO - sample_host priors: [6, 11, 0, 16, 10, 4, 4, 0, 17, 12, 11, 786, 16, 0, 16, 8, 11, 9, 4, 5, 1, 0, 4, 316]
2026-09-09 17:52:05 - __main__ - INFO - sample_host priors: [6, 0, 32, 0, 12, 4, 4, 0, 23, 67, 45, 675, 16, 0, 16, 8, 11, 9, 4, 5, 1, 0, 4, 0]
2026-09-09 17:52:29 - __main__ - INFO - sample_host priors: [0, 11, 32, 16, 2, 0, 0, 0, 6, 55, 34, 675, 0, 0, 0, 0, 0, 0, 0, 0, 0, 0, 0, 316]
2026-09-09 17:53:57 - __main__ - INFO - sample_host priors: [6, 11, 0, 16, 10, 4, 4, 0, 17, 12, 11, 786, 16, 0, 16, 8, 11, 9, 4, 5, 1, 0, 4, 316]
2026-09-09 17:55:23 - __main__ - INFO - sample_host priors: [6, 0, 32, 0, 12, 4, 4, 0, 23, 67, 45, 675, 16, 0, 16, 8, 11, 9, 4, 5, 1, 0, 4, 0]
2026-09-09 17:56:02 - __main__ - INFO - sample_host priors: [0, 11, 32, 16, 2, 0, 0, 0, 6, 55, 34, 675, 0, 0, 0, 0, 0, 0, 0, 0, 0, 0, 0, 316]
2026-09-09 17:56:35 - __main__ - INFO - sample_host priors: [6, 11, 0, 16, 10, 4, 4, 0, 17, 12, 11, 786, 16, 0, 16, 8, 11, 9, 4, 5, 1, 0, 4, 316]
2026-09-09 17:57:26 - __main__ - INFO - sample_host priors: [6, 0, 32, 0, 12, 4, 4, 0, 23, 67, 45, 675, 16, 0, 16, 8, 11, 9, 4, 5, 1, 0, 4, 0]
2026-09-09 17:57:55 - __main__ - INFO - sample_host priors: [0, 11, 32, 16, 2, 0, 0, 0, 6, 55, 34, 675, 0, 0, 0, 0, 0, 0, 0, 0, 0, 0, 0, 316]
2026-09-09 17:58:51 - __main__ - INFO - sample_host priors: [6, 11, 0, 16, 10, 4, 4, 0, 17, 12, 11, 786, 16, 0, 16, 8, 11, 9, 4, 5, 1, 0, 4, 316]
2026-09-09 17:59:50 - __main__ - INFO - sample_host priors: [6, 0, 32, 0, 12, 4, 4, 0, 23, 67, 45, 675, 16, 0, 16, 8, 11, 9, 4, 5, 1, 0, 4, 0]
2026-09-09 18:00:16 - __main__ - INFO - sample_host priors: [0, 11, 32, 16, 2, 0, 0, 0, 6, 55, 34, 675, 0, 0, 0, 0, 0, 0, 0, 0, 0, 0, 0, 316]
2026-09-09 18:00:42 - __main__ - INFO - sample_host priors: [6, 11, 0, 16, 10, 4, 4, 0, 17, 12, 11, 786, 16, 0, 16, 8, 11, 9, 4, 5, 1, 0, 4, 316]
2026-09-09 18:01:14 - __main__ - INFO - sample_host priors: [6, 0, 32, 0, 12, 4, 4, 0, 23, 67, 45, 675, 16, 0, 16, 8, 11, 9, 4, 5, 1, 0, 4, 0]
2026-09-09 18:01:41 - __main__ - INFO - sample_host priors: [0, 11, 32, 16, 2, 0, 0, 0, 6, 55, 34, 675, 0, 0, 0, 0, 0, 0, 0, 0, 0, 0, 0, 316]
2026-09-09 18:02:30 - __main__ - INFO - sample_host priors: [6, 11, 0, 16, 10, 4, 4, 0, 17, 12, 11, 786, 16, 0, 16, 8, 11, 9, 4, 5, 1, 0, 4, 316]
2026-09-09 18:03:10 - __main__ - INFO - sample_host priors: [6, 0, 32, 0, 12, 4, 4, 0, 23, 67, 45, 675, 16, 0, 16, 8, 11, 9, 4, 5, 1, 0, 4, 0]
2026-09-09 18:03:33 - __main__ - INFO - sample_host priors: [0, 11, 32, 16, 2, 0, 0, 0, 6, 55, 34, 675, 0, 0, 0, 0, 0, 0, 0, 0, 0, 0, 0, 316]
2026-09-09 18:04:20 - __main__ - INFO - sample_host priors: [6, 11, 0, 16, 10, 4, 4, 0, 17, 12, 11, 786, 16, 0, 16, 8, 11, 9, 4, 5, 1, 0, 4, 316]
2026-09-09 18:05:17 - __main__ - INFO - sample_host priors: [6, 0, 32, 0, 12, 4, 4, 0, 23, 67, 45, 675, 16, 0, 16, 8, 11, 9, 4, 5, 1, 0, 4, 0]
2026-09-09 18:05:40 - __main__ - INFO - sample_host priors: [0, 11, 32, 16, 2, 0, 0, 0, 6, 55, 34, 675, 0, 0, 0, 0, 0, 0, 0, 0, 0, 0, 0, 316]
2026-09-09 18:06:13 - __main__ - INFO - sample_host priors: [6, 11, 0, 16, 10, 4, 4, 0, 17, 12, 11, 786, 16, 0, 16, 8, 11, 9, 4, 5, 1, 0, 4, 316]
2026-09-09 18:06:55 - __main__ - INFO - sample_host priors: [6, 0, 32, 0, 12, 4, 4, 0, 23, 67, 45, 675, 16, 0, 16, 8, 11, 9, 4, 5, 1, 0, 4, 0]
2026-09-09 18:07:26 - __main__ - INFO - sample_host priors: [0, 11, 32, 16, 2, 0, 0, 0, 6, 55, 34, 675, 0, 0, 0, 0, 0, 0, 0, 0, 0, 0, 0, 316]
2026-09-09 18:08:22 - __main__ - INFO - sample_host priors: [6, 11, 0, 16, 10, 4, 4, 0, 17, 12, 11, 786, 16, 0, 16, 8, 11, 9, 4, 5, 1, 0, 4, 316]
2026-09-09 18:09:46 - __main__ - INFO - sample_host priors: [6, 0, 32, 0, 12, 4, 4, 0, 23, 67, 45, 675, 16, 0, 16, 8, 11, 9, 4, 5, 1, 0, 4, 0]
2026-09-09 18:10:24 - __main__ - INFO - sample_host priors: [0, 11, 32, 16, 2, 0, 0, 0, 6, 55, 34, 675, 0, 0, 0, 0, 0, 0, 0, 0, 0, 0, 0, 316]
2026-09-09 18:11:44 - __main__ - INFO - sample_host priors: [6, 11, 0, 16, 10, 4, 4, 0, 17, 12, 11, 786, 16, 0, 16, 8, 11, 9, 4, 5, 1, 0, 4, 316]
2026-09-09 18:13:08 - __main__ - INFO - sample_host priors: [6, 0, 32, 0, 12, 4, 4, 0, 23, 67, 45, 675, 16, 0, 16, 8, 11, 9, 4, 5, 1, 0, 4, 0]
2026-09-09 18:13:47 - __main__ - INFO - sample_host priors: [0, 11, 32, 16, 2, 0, 0, 0, 6, 55, 34, 675, 0, 0, 0, 0, 0, 0, 0, 0, 0, 0, 0, 316]
2026-09-09 18:14:17 - __main__ - INFO - sample_host priors: [6, 11, 0, 16, 10, 4, 4, 0, 17, 12, 11, 786, 16, 0, 16, 8, 11, 9, 4, 5, 1, 0, 4, 316]
2026-09-09 18:15:03 - __main__ - INFO - sample_host priors: [6, 0, 32, 0, 12, 4, 4, 0, 23, 67, 45, 675, 16, 0, 16, 8, 11, 9, 4, 5, 1, 0, 4, 0]
2026-09-09 18:15:24 - __main__ - INFO - sample_host priors: [0, 11, 32, 16, 2, 0, 0, 0, 6, 55, 34, 675, 0, 0, 0, 0, 0, 0, 0, 0, 0, 0, 0, 316]
2026-09-09 18:16:03 - __main__ - INFO - sample_host priors: [6, 11, 0, 16, 10, 4, 4, 0, 17, 12, 11, 786, 16, 0, 16, 8, 11, 9, 4, 5, 1, 0, 4, 316]
2026-09-09 18:16:47 - __main__ - INFO - sample_host priors: [6, 0, 32, 0, 12, 4, 4, 0, 23, 67, 45, 675, 16, 0, 16, 8, 11, 9, 4, 5, 1, 0, 4, 0]
2026-09-09 18:17:08 - __main__ - INFO - sample_host priors: [0, 11, 32, 16, 2, 0, 0, 0, 6, 55, 34, 675, 0, 0, 0, 0, 0, 0, 0, 0, 0, 0, 0, 316]
2026-09-09 18:18:16 - __main__ - INFO - sample_host priors: [6, 11, 0, 16, 10, 4, 4, 0, 17, 12, 11, 786, 16, 0, 16, 8, 11, 9, 4, 5, 1, 0, 4, 316]
2026-09-09 18:19:43 - __main__ - INFO - sample_host priors: [6, 0, 32, 0, 12, 4, 4, 0, 23, 67, 45, 675, 16, 0, 16, 8, 11, 9, 4, 5, 1, 0, 4, 0]
2026-09-09 18:20:17 - __main__ - INFO - sample_host priors: [0, 11, 32, 16, 2, 0, 0, 0, 6, 55, 34, 675, 0, 0, 0, 0, 0, 0, 0, 0, 0, 0, 0, 316]
2026-09-09 18:20:53 - __main__ - INFO - sample_host priors: [6, 11, 0, 16, 10, 4, 4, 0, 17, 12, 11, 786, 16, 0, 16, 8, 11, 9, 4, 5, 1, 0, 4, 316]
2026-09-09 18:21:31 - __main__ - INFO - sample_host priors: [6, 0, 32, 0, 12, 4, 4, 0, 23, 67, 45, 675, 16, 0, 16, 8, 11, 9, 4, 5, 1, 0, 4, 0]
2026-09-09 18:21:48 - __main__ - INFO - sample_host priors: [0, 11, 32, 16, 2, 0, 0, 0, 6, 55, 34, 675, 0, 0, 0, 0, 0, 0, 0, 0, 0, 0, 0, 316]
2026-09-09 18:22:55 - __main__ - INFO - sample_host priors: [6, 11, 0, 16, 10, 4, 4, 0, 17, 12, 11, 786, 16, 0, 16, 8, 11, 9, 4, 5, 1, 0, 4, 316]
2026-09-09 18:24:11 - __main__ - INFO - sample_host priors: [6, 0, 32, 0, 12, 4, 4, 0, 23, 67, 45, 675, 16, 0, 16, 8, 11, 9, 4, 5, 1, 0, 4, 0]
2026-09-09 18:24:44 - __main__ - INFO - sample_host priors: [0, 11, 32, 16, 2, 0, 0, 0, 6, 55, 34, 675, 0, 0, 0, 0, 0, 0, 0, 0, 0, 0, 0, 316]
2026-09-09 18:26:04 - __main__ - INFO - sample_host priors: [6, 11, 0, 16, 10, 4, 4, 0, 17, 12, 11, 786, 16, 0, 16, 8, 11, 9, 4, 5, 1, 0, 4, 316]
2026-09-09 18:27:39 - __main__ - INFO - sample_host priors: [6, 0, 32, 0, 12, 4, 4, 0, 23, 67, 45, 675, 16, 0, 16, 8, 11, 9, 4, 5, 1, 0, 4, 0]
2026-09-09 18:28:18 - __main__ - INFO - sample_host priors: [0, 11, 32, 16, 2, 0, 0, 0, 6, 55, 34, 675, 0, 0, 0, 0, 0, 0, 0, 0, 0, 0, 0, 316]
2026-09-09 18:29:50 - __main__ - INFO - sample_host priors: [6, 11, 0, 16, 10, 4, 4, 0, 17, 12, 11, 786, 16, 0, 16, 8, 11, 9, 4, 5, 1, 0, 4, 316]
2026-09-09 18:31:19 - __main__ - INFO - sample_host priors: [6, 0, 32, 0, 12, 4, 4, 0, 23, 67, 45, 675, 16, 0, 16, 8, 11, 9, 4, 5, 1, 0, 4, 0]
2026-09-09 18:31:56 - __main__ - INFO - sample_host priors: [0, 11, 32, 16, 2, 0, 0, 0, 6, 55, 34, 675, 0, 0, 0, 0, 0, 0, 0, 0, 0, 0, 0, 316]
2026-09-09 18:33:18 - __main__ - INFO - sample_host priors: [6, 11, 0, 16, 10, 4, 4, 0, 17, 12, 11, 786, 16, 0, 16, 8, 11, 9, 4, 5, 1, 0, 4, 316]
2026-09-09 18:34:38 - __main__ - INFO - sample_host priors: [6, 0, 32, 0, 12, 4, 4, 0, 23, 67, 45, 675, 16, 0, 16, 8, 11, 9, 4, 5, 1, 0, 4, 0]
2026-09-09 18:35:14 - __main__ - INFO - sample_host priors: [0, 11, 32, 16, 2, 0, 0, 0, 6, 55, 34, 675, 0, 0, 0, 0, 0, 0, 0, 0, 0, 0, 0, 316]
2026-09-09 18:36:25 - __main__ - INFO - sample_host priors: [6, 11, 0, 16, 10, 4, 4, 0, 17, 12, 11, 786, 16, 0, 16, 8, 11, 9, 4, 5, 1, 0, 4, 316]
2026-09-09 18:37:28 - __main__ - INFO - sample_host priors: [6, 0, 32, 0, 12, 4, 4, 0, 23, 67, 45, 675, 16, 0, 16, 8, 11, 9, 4, 5, 1, 0, 4, 0]
2026-09-09 18:38:06 - __main__ - INFO - sample_host priors: [0, 11, 32, 16, 2, 0, 0, 0, 6, 55, 34, 675, 0, 0, 0, 0, 0, 0, 0, 0, 0, 0, 0, 316]
2026-09-09 18:38:42 - __main__ - INFO - sample_host priors: [6, 11, 0, 16, 10, 4, 4, 0, 17, 12, 11, 786, 16, 0, 16, 8, 11, 9, 4, 5, 1, 0, 4, 316]
2026-09-09 18:39:30 - __main__ - INFO - sample_host priors: [6, 0, 32, 0, 12, 4, 4, 0, 23, 67, 45, 675, 16, 0, 16, 8, 11, 9, 4, 5, 1, 0, 4, 0]
2026-09-09 18:39:51 - __main__ - INFO - sample_host priors: [0, 11, 32, 16, 2, 0, 0, 0, 6, 55, 34, 675, 0, 0, 0, 0, 0, 0, 0, 0, 0, 0, 0, 316]
2026-09-09 18:40:50 - __main__ - INFO - sample_host priors: [6, 11, 0, 16, 10, 4, 4, 0, 17, 12, 11, 786, 16, 0, 16, 8, 11, 9, 4, 5, 1, 0, 4, 316]
2026-09-09 18:41:47 - __main__ - INFO - sample_host priors: [6, 0, 32, 0, 12, 4, 4, 0, 23, 67, 45, 675, 16, 0, 16, 8, 11, 9, 4, 5, 1, 0, 4, 0]
2026-09-09 18:42:11 - __main__ - INFO - sample_host priors: [0, 11, 32, 16, 2, 0, 0, 0, 6, 55, 34, 675, 0, 0, 0, 0, 0, 0, 0, 0, 0, 0, 0, 316]
2026-09-09 18:42:54 - __main__ - INFO - sample_host priors: [6, 11, 0, 16, 10, 4, 4, 0, 17, 12, 11, 786, 16, 0, 16, 8, 11, 9, 4, 5, 1, 0, 4, 316]
2026-09-09 18:43:43 - __main__ - INFO - sample_host priors: [6, 0, 32, 0, 12, 4, 4, 0, 23, 67, 45, 675, 16, 0, 16, 8, 11, 9, 4, 5, 1, 0, 4, 0]
2026-09-09 18:44:03 - __main__ - INFO - sample_host priors: [0, 11, 32, 16, 2, 0, 0, 0, 6, 55, 34, 675, 0, 0, 0, 0, 0, 0, 0, 0, 0, 0, 0, 316]
2026-09-09 18:44:57 - __main__ - INFO - sample_host priors: [6, 11, 0, 16, 10, 4, 4, 0, 17, 12, 11, 786, 16, 0, 16, 8, 11, 9, 4, 5, 1, 0, 4, 316]
2026-09-09 18:46:42 - __main__ - INFO - sample_host priors: [6, 0, 32, 0, 12, 4, 4, 0, 23, 67, 45, 675, 16, 0, 16, 8, 11, 9, 4, 5, 1, 0, 4, 0]
2026-09-09 18:47:24 - __main__ - INFO - sample_host priors: [0, 11, 32, 16, 2, 0, 0, 0, 6, 55, 34, 675, 0, 0, 0, 0, 0, 0, 0, 0, 0, 0, 0, 316]
2026-09-09 18:48:23 - __main__ - INFO - sample_host priors: [6, 11, 0, 16, 10, 4, 4, 0, 17, 12, 11, 786, 16, 0, 16, 8, 11, 9, 4, 5, 1, 0, 4, 316]
2026-09-09 18:50:04 - __main__ - INFO - sample_host priors: [6, 0, 32, 0, 12, 4, 4, 0, 23, 67, 45, 675, 16, 0, 16, 8, 11, 9, 4, 5, 1, 0, 4, 0]
2026-09-09 18:50:43 - __main__ - INFO - sample_host priors: [0, 11, 32, 16, 2, 0, 0, 0, 6, 55, 34, 675, 0, 0, 0, 0, 0, 0, 0, 0, 0, 0, 0, 316]
2026-09-09 18:51:31 - __main__ - INFO - sample_host priors: [6, 11, 0, 16, 10, 4, 4, 0, 17, 12, 11, 786, 16, 0, 16, 8, 11, 9, 4, 5, 1, 0, 4, 316]
2026-09-09 18:52:22 - __main__ - INFO - sample_host priors: [6, 0, 32, 0, 12, 4, 4, 0, 23, 67, 45, 675, 16, 0, 16, 8, 11, 9, 4, 5, 1, 0, 4, 0]
2026-09-09 18:52:42 - __main__ - INFO - sample_host priors: [0, 11, 32, 16, 2, 0, 0, 0, 6, 55, 34, 675, 0, 0, 0, 0, 0, 0, 0, 0, 0, 0, 0, 316]
2026-09-09 18:54:11 - __main__ - INFO - sample_host priors: [6, 11, 0, 16, 10, 4, 4, 0, 17, 12, 11, 786, 16, 0, 16, 8, 11, 9, 4, 5, 1, 0, 4, 316]
2026-09-09 18:55:48 - __main__ - INFO - sample_host priors: [6, 0, 32, 0, 12, 4, 4, 0, 23, 67, 45, 675, 16, 0, 16, 8, 11, 9, 4, 5, 1, 0, 4, 0]
2026-09-09 18:56:29 - __main__ - INFO - sample_host priors: [0, 11, 32, 16, 2, 0, 0, 0, 6, 55, 34, 675, 0, 0, 0, 0, 0, 0, 0, 0, 0, 0, 0, 316]
2026-09-09 18:57:56 - __main__ - INFO - sample_host priors: [6, 11, 0, 16, 10, 4, 4, 0, 17, 12, 11, 786, 16, 0, 16, 8, 11, 9, 4, 5, 1, 0, 4, 316]
2026-09-09 18:59:24 - __main__ - INFO - sample_host priors: [6, 0, 32, 0, 12, 4, 4, 0, 23, 67, 45, 675, 16, 0, 16, 8, 11, 9, 4, 5, 1, 0, 4, 0]
2026-09-09 19:00:06 - __main__ - INFO - sample_host priors: [0, 11, 32, 16, 2, 0, 0, 0, 6, 55, 34, 675, 0, 0, 0, 0, 0, 0, 0, 0, 0, 0, 0, 316]
2026-09-09 19:01:37 - __main__ - INFO - sample_host priors: [6, 11, 0, 16, 10, 4, 4, 0, 17, 12, 11, 786, 16, 0, 16, 8, 11, 9, 4, 5, 1, 0, 4, 316]
2026-09-09 19:03:07 - __main__ - INFO - sample_host priors: [6, 0, 32, 0, 12, 4, 4, 0, 23, 67, 45, 675, 16, 0, 16, 8, 11, 9, 4, 5, 1, 0, 4, 0]
2026-09-09 19:03:45 - __main__ - INFO - sample_host priors: [0, 11, 32, 16, 2, 0, 0, 0, 6, 55, 34, 675, 0, 0, 0, 0, 0, 0, 0, 0, 0, 0, 0, 316]
2026-09-09 19:05:19 - __main__ - INFO - sample_host priors: [6, 11, 0, 16, 10, 4, 4, 0, 17, 12, 11, 786, 16, 0, 16, 8, 11, 9, 4, 5, 1, 0, 4, 316]
2026-09-09 19:06:56 - __main__ - INFO - sample_host priors: [6, 0, 32, 0, 12, 4, 4, 0, 23, 67, 45, 675, 16, 0, 16, 8, 11, 9, 4, 5, 1, 0, 4, 0]
2026-09-09 19:07:36 - __main__ - INFO - sample_host priors: [0, 11, 32, 16, 2, 0, 0, 0, 6, 55, 34, 675, 0, 0, 0, 0, 0, 0, 0, 0, 0, 0, 0, 316]
2026-09-09 19:09:05 - __main__ - INFO - sample_host priors: [6, 11, 0, 16, 10, 4, 4, 0, 17, 12, 11, 786, 16, 0, 16, 8, 11, 9, 4, 5, 1, 0, 4, 316]
2026-09-09 19:10:29 - __main__ - INFO - sample_host priors: [6, 0, 32, 0, 12, 4, 4, 0, 23, 67, 45, 675, 16, 0, 16, 8, 11, 9, 4, 5, 1, 0, 4, 0]
2026-09-09 19:11:07 - __main__ - INFO - sample_host priors: [0, 11, 32, 16, 2, 0, 0, 0, 6, 55, 34, 675, 0, 0, 0, 0, 0, 0, 0, 0, 0, 0, 0, 316]
2026-09-09 19:12:44 - __main__ - INFO - sample_host priors: [6, 11, 0, 16, 10, 4, 4, 0, 17, 12, 11, 786, 16, 0, 16, 8, 11, 9, 4, 5, 1, 0, 4, 316]
2026-09-09 19:14:22 - __main__ - INFO - sample_host priors: [6, 0, 32, 0, 12, 4, 4, 0, 23, 67, 45, 675, 16, 0, 16, 8, 11, 9, 4, 5, 1, 0, 4, 0]
2026-09-09 19:15:02 - __main__ - INFO - sample_host priors: [0, 11, 32, 16, 2, 0, 0, 0, 6, 55, 34, 675, 0, 0, 0, 0, 0, 0, 0, 0, 0, 0, 0, 316]
2026-09-09 19:16:27 - __main__ - INFO - sample_host priors: [6, 11, 0, 16, 10, 4, 4, 0, 17, 12, 11, 786, 16, 0, 16, 8, 11, 9, 4, 5, 1, 0, 4, 316]
2026-09-09 19:17:46 - __main__ - INFO - sample_host priors: [6, 0, 32, 0, 12, 4, 4, 0, 23, 67, 45, 675, 16, 0, 16, 8, 11, 9, 4, 5, 1, 0, 4, 0]
2026-09-09 19:18:25 - __main__ - INFO - sample_host priors: [0, 11, 32, 16, 2, 0, 0, 0, 6, 55, 34, 675, 0, 0, 0, 0, 0, 0, 0, 0, 0, 0, 0, 316]
2026-09-09 19:19:54 - __main__ - INFO - sample_host priors: [6, 11, 0, 16, 10, 4, 4, 0, 17, 12, 11, 786, 16, 0, 16, 8, 11, 9, 4, 5, 1, 0, 4, 316]
2026-09-09 19:21:40 - __main__ - INFO - sample_host priors: [6, 0, 32, 0, 12, 4, 4, 0, 23, 67, 45, 675, 16, 0, 16, 8, 11, 9, 4, 5, 1, 0, 4, 0]
2026-09-09 19:22:22 - __main__ - INFO - sample_host priors: [0, 11, 32, 16, 2, 0, 0, 0, 6, 55, 34, 675, 0, 0, 0, 0, 0, 0, 0, 0, 0, 0, 0, 316]
2026-09-09 19:22:56 - __main__ - INFO - sample_host priors: [6, 11, 0, 16, 10, 4, 4, 0, 17, 12, 11, 786, 16, 0, 16, 8, 11, 9, 4, 5, 1, 0, 4, 316]
2026-09-09 19:23:55 - __main__ - INFO - sample_host priors: [6, 0, 32, 0, 12, 4, 4, 0, 23, 67, 45, 675, 16, 0, 16, 8, 11, 9, 4, 5, 1, 0, 4, 0]
2026-09-09 19:24:20 - __main__ - INFO - sample_host priors: [0, 11, 32, 16, 2, 0, 0, 0, 6, 55, 34, 675, 0, 0, 0, 0, 0, 0, 0, 0, 0, 0, 0, 316]
2026-09-09 19:25:38 - __main__ - INFO - sample_host priors: [6, 11, 0, 16, 10, 4, 4, 0, 17, 12, 11, 786, 16, 0, 16, 8, 11, 9, 4, 5, 1, 0, 4, 316]
2026-09-09 19:27:06 - __main__ - INFO - sample_host priors: [6, 0, 32, 0, 12, 4, 4, 0, 23, 67, 45, 675, 16, 0, 16, 8, 11, 9, 4, 5, 1, 0, 4, 0]
2026-09-09 19:27:42 - __main__ - INFO - sample_host priors: [0, 11, 32, 16, 2, 0, 0, 0, 6, 55, 34, 675, 0, 0, 0, 0, 0, 0, 0, 0, 0, 0, 0, 316]
2026-09-09 19:28:58 - __main__ - INFO - sample_host priors: [6, 11, 0, 16, 10, 4, 4, 0, 17, 12, 11, 786, 16, 0, 16, 8, 11, 9, 4, 5, 1, 0, 4, 316]
2026-09-09 19:30:16 - __main__ - INFO - sample_host priors: [6, 0, 32, 0, 12, 4, 4, 0, 23, 67, 45, 675, 16, 0, 16, 8, 11, 9, 4, 5, 1, 0, 4, 0]
2026-09-09 19:30:50 - __main__ - INFO - sample_host priors: [0, 11, 32, 16, 2, 0, 0, 0, 6, 55, 34, 675, 0, 0, 0, 0, 0, 0, 0, 0, 0, 0, 0, 316]
2026-09-09 19:31:46 - __main__ - INFO - sample_host priors: [6, 11, 0, 16, 10, 4, 4, 0, 17, 12, 11, 786, 16, 0, 16, 8, 11, 9, 4, 5, 1, 0, 4, 316]
2026-09-09 19:32:55 - __main__ - INFO - sample_host priors: [6, 0, 32, 0, 12, 4, 4, 0, 23, 67, 45, 675, 16, 0, 16, 8, 11, 9, 4, 5, 1, 0, 4, 0]
2026-09-09 19:33:23 - __main__ - INFO - sample_host priors: [0, 11, 32, 16, 2, 0, 0, 0, 6, 55, 34, 675, 0, 0, 0, 0, 0, 0, 0, 0, 0, 0, 0, 316]
2026-09-09 19:34:32 - __main__ - INFO - sample_host priors: [6, 11, 0, 16, 10, 4, 4, 0, 17, 12, 11, 786, 16, 0, 16, 8, 11, 9, 4, 5, 1, 0, 4, 316]
2026-09-09 19:35:47 - __main__ - INFO - sample_host priors: [6, 0, 32, 0, 12, 4, 4, 0, 23, 67, 45, 675, 16, 0, 16, 8, 11, 9, 4, 5, 1, 0, 4, 0]
2026-09-09 19:36:20 - __main__ - INFO - sample_host priors: [0, 11, 32, 16, 2, 0, 0, 0, 6, 55, 34, 675, 0, 0, 0, 0, 0, 0, 0, 0, 0, 0, 0, 316]
2026-09-09 19:37:23 - __main__ - INFO - sample_host priors: [6, 11, 0, 16, 10, 4, 4, 0, 17, 12, 11, 786, 16, 0, 16, 8, 11, 9, 4, 5, 1, 0, 4, 316]
2026-09-09 19:38:29 - __main__ - INFO - sample_host priors: [6, 0, 32, 0, 12, 4, 4, 0, 23, 67, 45, 675, 16, 0, 16, 8, 11, 9, 4, 5, 1, 0, 4, 0]
2026-09-09 19:38:57 - __main__ - INFO - sample_host priors: [0, 11, 32, 16, 2, 0, 0, 0, 6, 55, 34, 675, 0, 0, 0, 0, 0, 0, 0, 0, 0, 0, 0, 316]
2026-09-09 19:40:00 - __main__ - INFO - sample_host priors: [6, 11, 0, 16, 10, 4, 4, 0, 17, 12, 11, 786, 16, 0, 16, 8, 11, 9, 4, 5, 1, 0, 4, 316]
2026-09-09 19:41:34 - __main__ - INFO - sample_host priors: [6, 0, 32, 0, 12, 4, 4, 0, 23, 67, 45, 675, 16, 0, 16, 8, 11, 9, 4, 5, 1, 0, 4, 0]
2026-09-09 19:42:16 - __main__ - INFO - sample_host priors: [0, 11, 32, 16, 2, 0, 0, 0, 6, 55, 34, 675, 0, 0, 0, 0, 0, 0, 0, 0, 0, 0, 0, 316]
2026-09-09 19:43:07 - __main__ - INFO - sample_host priors: [6, 11, 0, 16, 10, 4, 4, 0, 17, 12, 11, 786, 16, 0, 16, 8, 11, 9, 4, 5, 1, 0, 4, 316]
2026-09-09 19:43:52 - __main__ - INFO - sample_host priors: [6, 0, 32, 0, 12, 4, 4, 0, 23, 67, 45, 675, 16, 0, 16, 8, 11, 9, 4, 5, 1, 0, 4, 0]
2026-09-09 19:44:18 - __main__ - INFO - sample_host priors: [0, 11, 32, 16, 2, 0, 0, 0, 6, 55, 34, 675, 0, 0, 0, 0, 0, 0, 0, 0, 0, 0, 0, 316]
2026-09-09 19:45:21 - __main__ - INFO - sample_host priors: [6, 11, 0, 16, 10, 4, 4, 0, 17, 12, 11, 786, 16, 0, 16, 8, 11, 9, 4, 5, 1, 0, 4, 316]
2026-09-09 19:46:14 - __main__ - INFO - sample_host priors: [6, 0, 32, 0, 12, 4, 4, 0, 23, 67, 45, 675, 16, 0, 16, 8, 11, 9, 4, 5, 1, 0, 4, 0]
2026-09-09 19:46:43 - __main__ - INFO - sample_host priors: [0, 11, 32, 16, 2, 0, 0, 0, 6, 55, 34, 675, 0, 0, 0, 0, 0, 0, 0, 0, 0, 0, 0, 316]
2026-09-09 19:48:16 - __main__ - INFO - sample_host priors: [6, 11, 0, 16, 10, 4, 4, 0, 17, 12, 11, 786, 16, 0, 16, 8, 11, 9, 4, 5, 1, 0, 4, 316]
2026-09-09 19:49:55 - __main__ - INFO - sample_host priors: [6, 0, 32, 0, 12, 4, 4, 0, 23, 67, 45, 675, 16, 0, 16, 8, 11, 9, 4, 5, 1, 0, 4, 0]
2026-09-09 19:50:41 - __main__ - INFO - sample_host priors: [0, 11, 32, 16, 2, 0, 0, 0, 6, 55, 34, 675, 0, 0, 0, 0, 0, 0, 0, 0, 0, 0, 0, 316]
2026-09-09 19:51:54 - __main__ - INFO - sample_host priors: [6, 11, 0, 16, 10, 4, 4, 0, 17, 12, 11, 786, 16, 0, 16, 8, 11, 9, 4, 5, 1, 0, 4, 316]
2026-09-09 19:53:03 - __main__ - INFO - sample_host priors: [6, 0, 32, 0, 12, 4, 4, 0, 23, 67, 45, 675, 16, 0, 16, 8, 11, 9, 4, 5, 1, 0, 4, 0]
2026-09-09 19:53:34 - __main__ - INFO - sample_host priors: [0, 11, 32, 16, 2, 0, 0, 0, 6, 55, 34, 675, 0, 0, 0, 0, 0, 0, 0, 0, 0, 0, 0, 316]
2026-09-09 19:54:51 - __main__ - INFO - sample_host priors: [6, 11, 0, 16, 10, 4, 4, 0, 17, 12, 11, 786, 16, 0, 16, 8, 11, 9, 4, 5, 1, 0, 4, 316]
2026-09-09 19:56:11 - __main__ - INFO - sample_host priors: [6, 0, 32, 0, 12, 4, 4, 0, 23, 67, 45, 675, 16, 0, 16, 8, 11, 9, 4, 5, 1, 0, 4, 0]
2026-09-09 19:56:48 - __main__ - INFO - sample_host priors: [0, 11, 32, 16, 2, 0, 0, 0, 6, 55, 34, 675, 0, 0, 0, 0, 0, 0, 0, 0, 0, 0, 0, 316]
2026-09-09 19:58:00 - __main__ - INFO - sample_host priors: [6, 11, 0, 16, 10, 4, 4, 0, 17, 12, 11, 786, 16, 0, 16, 8, 11, 9, 4, 5, 1, 0, 4, 316]
2026-09-09 19:59:13 - __main__ - INFO - sample_host priors: [6, 0, 32, 0, 12, 4, 4, 0, 23, 67, 45, 675, 16, 0, 16, 8, 11, 9, 4, 5, 1, 0, 4, 0]
2026-09-09 19:59:44 - __main__ - INFO - sample_host priors: [0, 11, 32, 16, 2, 0, 0, 0, 6, 55, 34, 675, 0, 0, 0, 0, 0, 0, 0, 0, 0, 0, 0, 316]
2026-09-09 20:00:56 - __main__ - INFO - sample_host priors: [6, 11, 0, 16, 10, 4, 4, 0, 17, 12, 11, 786, 16, 0, 16, 8, 11, 9, 4, 5, 1, 0, 4, 316]
2026-09-09 20:02:12 - __main__ - INFO - sample_host priors: [6, 0, 32, 0, 12, 4, 4, 0, 23, 67, 45, 675, 16, 0, 16, 8, 11, 9, 4, 5, 1, 0, 4, 0]
2026-09-09 20:02:49 - __main__ - INFO - sample_host priors: [0, 11, 32, 16, 2, 0, 0, 0, 6, 55, 34, 675, 0, 0, 0, 0, 0, 0, 0, 0, 0, 0, 0, 316]
2026-09-09 20:03:56 - __main__ - INFO - sample_host priors: [6, 11, 0, 16, 10, 4, 4, 0, 17, 12, 11, 786, 16, 0, 16, 8, 11, 9, 4, 5, 1, 0, 4, 316]
2026-09-09 20:05:12 - __main__ - INFO - sample_host priors: [6, 0, 32, 0, 12, 4, 4, 0, 23, 67, 45, 675, 16, 0, 16, 8, 11, 9, 4, 5, 1, 0, 4, 0]
2026-09-09 20:05:44 - __main__ - INFO - sample_host priors: [0, 11, 32, 16, 2, 0, 0, 0, 6, 55, 34, 675, 0, 0, 0, 0, 0, 0, 0, 0, 0, 0, 0, 316]
2026-09-09 20:06:47 - __main__ - INFO - sample_host priors: [6, 11, 0, 16, 10, 4, 4, 0, 17, 12, 11, 786, 16, 0, 16, 8, 11, 9, 4, 5, 1, 0, 4, 316]
2026-09-09 20:08:10 - __main__ - INFO - sample_host priors: [6, 0, 32, 0, 12, 4, 4, 0, 23, 67, 45, 675, 16, 0, 16, 8, 11, 9, 4, 5, 1, 0, 4, 0]
2026-09-09 20:08:47 - __main__ - INFO - sample_host priors: [0, 11, 32, 16, 2, 0, 0, 0, 6, 55, 34, 675, 0, 0, 0, 0, 0, 0, 0, 0, 0, 0, 0, 316]
2026-09-09 20:09:59 - __main__ - INFO - sample_host priors: [6, 11, 0, 16, 10, 4, 4, 0, 17, 12, 11, 786, 16, 0, 16, 8, 11, 9, 4, 5, 1, 0, 4, 316]
2026-09-09 20:11:23 - __main__ - INFO - sample_host priors: [6, 0, 32, 0, 12, 4, 4, 0, 23, 67, 45, 675, 16, 0, 16, 8, 11, 9, 4, 5, 1, 0, 4, 0]
2026-09-09 20:12:03 - __main__ - INFO - sample_host priors: [0, 11, 32, 16, 2, 0, 0, 0, 6, 55, 34, 675, 0, 0, 0, 0, 0, 0, 0, 0, 0, 0, 0, 316]
2026-09-09 20:12:53 - __main__ - INFO - sample_host priors: [6, 11, 0, 16, 10, 4, 4, 0, 17, 12, 11, 786, 16, 0, 16, 8, 11, 9, 4, 5, 1, 0, 4, 316]
2026-09-09 20:13:48 - __main__ - INFO - sample_host priors: [6, 0, 32, 0, 12, 4, 4, 0, 23, 67, 45, 675, 16, 0, 16, 8, 11, 9, 4, 5, 1, 0, 4, 0]
2026-09-09 20:14:12 - __main__ - INFO - sample_host priors: [0, 11, 32, 16, 2, 0, 0, 0, 6, 55, 34, 675, 0, 0, 0, 0, 0, 0, 0, 0, 0, 0, 0, 316]
2026-09-09 20:15:30 - __main__ - INFO - sample_host priors: [6, 11, 0, 16, 10, 4, 4, 0, 17, 12, 11, 786, 16, 0, 16, 8, 11, 9, 4, 5, 1, 0, 4, 316]
2026-09-09 20:16:51 - __main__ - INFO - sample_host priors: [6, 0, 32, 0, 12, 4, 4, 0, 23, 67, 45, 675, 16, 0, 16, 8, 11, 9, 4, 5, 1, 0, 4, 0]
2026-09-09 20:17:27 - __main__ - INFO - sample_host priors: [0, 11, 32, 16, 2, 0, 0, 0, 6, 55, 34, 675, 0, 0, 0, 0, 0, 0, 0, 0, 0, 0, 0, 316]
2026-09-09 20:18:09 - __main__ - INFO - sample_host priors: [6, 11, 0, 16, 10, 4, 4, 0, 17, 12, 11, 786, 16, 0, 16, 8, 11, 9, 4, 5, 1, 0, 4, 316]
2026-09-09 20:19:04 - __main__ - INFO - sample_host priors: [6, 0, 32, 0, 12, 4, 4, 0, 23, 67, 45, 675, 16, 0, 16, 8, 11, 9, 4, 5, 1, 0, 4, 0]
2026-09-09 20:19:28 - __main__ - INFO - sample_host priors: [0, 11, 32, 16, 2, 0, 0, 0, 6, 55, 34, 675, 0, 0, 0, 0, 0, 0, 0, 0, 0, 0, 0, 316]
2026-09-09 20:20:22 - __main__ - INFO - sample_host priors: [6, 11, 0, 16, 10, 4, 4, 0, 17, 12, 11, 786, 16, 0, 16, 8, 11, 9, 4, 5, 1, 0, 4, 316]
2026-09-09 20:21:40 - __main__ - INFO - sample_host priors: [6, 0, 32, 0, 12, 4, 4, 0, 23, 67, 45, 675, 16, 0, 16, 8, 11, 9, 4, 5, 1, 0, 4, 0]
2026-09-09 20:22:10 - __main__ - INFO - sample_host priors: [0, 11, 32, 16, 2, 0, 0, 0, 6, 55, 34, 675, 0, 0, 0, 0, 0, 0, 0, 0, 0, 0, 0, 316]
2026-09-09 20:23:26 - __main__ - INFO - sample_host priors: [6, 11, 0, 16, 10, 4, 4, 0, 17, 12, 11, 786, 16, 0, 16, 8, 11, 9, 4, 5, 1, 0, 4, 316]
2026-09-09 20:25:00 - __main__ - INFO - sample_host priors: [6, 0, 32, 0, 12, 4, 4, 0, 23, 67, 45, 675, 16, 0, 16, 8, 11, 9, 4, 5, 1, 0, 4, 0]
2026-09-09 20:25:39 - __main__ - INFO - sample_host priors: [0, 11, 32, 16, 2, 0, 0, 0, 6, 55, 34, 675, 0, 0, 0, 0, 0, 0, 0, 0, 0, 0, 0, 316]
2026-09-09 20:26:58 - __main__ - INFO - sample_host priors: [6, 11, 0, 16, 10, 4, 4, 0, 17, 12, 11, 786, 16, 0, 16, 8, 11, 9, 4, 5, 1, 0, 4, 316]
2026-09-09 20:28:31 - __main__ - INFO - sample_host priors: [6, 0, 32, 0, 12, 4, 4, 0, 23, 67, 45, 675, 16, 0, 16, 8, 11, 9, 4, 5, 1, 0, 4, 0]
2026-09-09 20:29:10 - __main__ - INFO - sample_host priors: [0, 11, 32, 16, 2, 0, 0, 0, 6, 55, 34, 675, 0, 0, 0, 0, 0, 0, 0, 0, 0, 0, 0, 316]
2026-09-09 20:30:08 - __main__ - INFO - sample_host priors: [6, 11, 0, 16, 10, 4, 4, 0, 17, 12, 11, 786, 16, 0, 16, 8, 11, 9, 4, 5, 1, 0, 4, 316]
2026-09-09 20:31:36 - __main__ - INFO - sample_host priors: [6, 0, 32, 0, 12, 4, 4, 0, 23, 67, 45, 675, 16, 0, 16, 8, 11, 9, 4, 5, 1, 0, 4, 0]
2026-09-09 20:32:14 - __main__ - INFO - sample_host priors: [0, 11, 32, 16, 2, 0, 0, 0, 6, 55, 34, 675, 0, 0, 0, 0, 0, 0, 0, 0, 0, 0, 0, 316]
2026-09-09 20:33:35 - __main__ - INFO - sample_host priors: [6, 11, 0, 16, 10, 4, 4, 0, 17, 12, 11, 786, 16, 0, 16, 8, 11, 9, 4, 5, 1, 0, 4, 316]
2026-09-09 20:34:58 - __main__ - INFO - sample_host priors: [6, 0, 32, 0, 12, 4, 4, 0, 23, 67, 45, 675, 16, 0, 16, 8, 11, 9, 4, 5, 1, 0, 4, 0]
2026-09-09 20:35:34 - __main__ - INFO - sample_host priors: [0, 11, 32, 16, 2, 0, 0, 0, 6, 55, 34, 675, 0, 0, 0, 0, 0, 0, 0, 0, 0, 0, 0, 316]
2026-09-09 20:37:01 - __main__ - INFO - sample_host priors: [6, 11, 0, 16, 10, 4, 4, 0, 17, 12, 11, 786, 16, 0, 16, 8, 11, 9, 4, 5, 1, 0, 4, 316]
2026-09-09 20:38:24 - __main__ - INFO - sample_host priors: [6, 0, 32, 0, 12, 4, 4, 0, 23, 67, 45, 675, 16, 0, 16, 8, 11, 9, 4, 5, 1, 0, 4, 0]
2026-09-09 20:38:58 - __main__ - INFO - sample_host priors: [0, 11, 32, 16, 2, 0, 0, 0, 6, 55, 34, 675, 0, 0, 0, 0, 0, 0, 0, 0, 0, 0, 0, 316]
2026-09-09 20:40:05 - __main__ - INFO - sample_host priors: [6, 11, 0, 16, 10, 4, 4, 0, 17, 12, 11, 786, 16, 0, 16, 8, 11, 9, 4, 5, 1, 0, 4, 316]
2026-09-09 20:41:28 - __main__ - INFO - sample_host priors: [6, 0, 32, 0, 12, 4, 4, 0, 23, 67, 45, 675, 16, 0, 16, 8, 11, 9, 4, 5, 1, 0, 4, 0]
2026-09-09 20:42:04 - __main__ - INFO - sample_host priors: [0, 11, 32, 16, 2, 0, 0, 0, 6, 55, 34, 675, 0, 0, 0, 0, 0, 0, 0, 0, 0, 0, 0, 316]
2026-09-09 20:43:08 - __main__ - INFO - sample_host priors: [6, 11, 0, 16, 10, 4, 4, 0, 17, 12, 11, 786, 16, 0, 16, 8, 11, 9, 4, 5, 1, 0, 4, 316]
2026-09-09 20:44:25 - __main__ - INFO - sample_host priors: [6, 0, 32, 0, 12, 4, 4, 0, 23, 67, 45, 675, 16, 0, 16, 8, 11, 9, 4, 5, 1, 0, 4, 0]
2026-09-09 20:44:57 - __main__ - INFO - sample_host priors: [0, 11, 32, 16, 2, 0, 0, 0, 6, 55, 34, 675, 0, 0, 0, 0, 0, 0, 0, 0, 0, 0, 0, 316]
2026-09-09 20:45:44 - __main__ - INFO - sample_host priors: [6, 11, 0, 16, 10, 4, 4, 0, 17, 12, 11, 786, 16, 0, 16, 8, 11, 9, 4, 5, 1, 0, 4, 316]
2026-09-09 20:46:31 - __main__ - INFO - sample_host priors: [6, 0, 32, 0, 12, 4, 4, 0, 23, 67, 45, 675, 16, 0, 16, 8, 11, 9, 4, 5, 1, 0, 4, 0]
2026-09-09 20:46:49 - __main__ - INFO - sample_host priors: [0, 11, 32, 16, 2, 0, 0, 0, 6, 55, 34, 675, 0, 0, 0, 0, 0, 0, 0, 0, 0, 0, 0, 316]
2026-09-09 20:48:06 - __main__ - INFO - sample_host priors: [6, 11, 0, 16, 10, 4, 4, 0, 17, 12, 11, 786, 16, 0, 16, 8, 11, 9, 4, 5, 1, 0, 4, 316]
2026-09-09 20:49:27 - __main__ - INFO - sample_host priors: [6, 0, 32, 0, 12, 4, 4, 0, 23, 67, 45, 675, 16, 0, 16, 8, 11, 9, 4, 5, 1, 0, 4, 0]
2026-09-09 20:49:59 - __main__ - INFO - sample_host priors: [0, 11, 32, 16, 2, 0, 0, 0, 6, 55, 34, 675, 0, 0, 0, 0, 0, 0, 0, 0, 0, 0, 0, 316]
2026-09-09 20:51:11 - __main__ - INFO - sample_host priors: [6, 11, 0, 16, 10, 4, 4, 0, 17, 12, 11, 786, 16, 0, 16, 8, 11, 9, 4, 5, 1, 0, 4, 316]
2026-09-09 20:52:26 - __main__ - INFO - sample_host priors: [6, 0, 32, 0, 12, 4, 4, 0, 23, 67, 45, 675, 16, 0, 16, 8, 11, 9, 4, 5, 1, 0, 4, 0]
2026-09-09 20:52:57 - __main__ - INFO - sample_host priors: [0, 11, 32, 16, 2, 0, 0, 0, 6, 55, 34, 675, 0, 0, 0, 0, 0, 0, 0, 0, 0, 0, 0, 316]
2026-09-09 20:54:14 - __main__ - INFO - sample_host priors: [6, 11, 0, 16, 10, 4, 4, 0, 17, 12, 11, 786, 16, 0, 16, 8, 11, 9, 4, 5, 1, 0, 4, 316]
2026-09-09 20:55:29 - __main__ - INFO - sample_host priors: [6, 0, 32, 0, 12, 4, 4, 0, 23, 67, 45, 675, 16, 0, 16, 8, 11, 9, 4, 5, 1, 0, 4, 0]
2026-09-09 20:56:02 - __main__ - INFO - sample_host priors: [0, 11, 32, 16, 2, 0, 0, 0, 6, 55, 34, 675, 0, 0, 0, 0, 0, 0, 0, 0, 0, 0, 0, 316]
2026-09-09 20:57:16 - __main__ - INFO - sample_host priors: [6, 11, 0, 16, 10, 4, 4, 0, 17, 12, 11, 786, 16, 0, 16, 8, 11, 9, 4, 5, 1, 0, 4, 316]
2026-09-09 20:58:32 - __main__ - INFO - sample_host priors: [6, 0, 32, 0, 12, 4, 4, 0, 23, 67, 45, 675, 16, 0, 16, 8, 11, 9, 4, 5, 1, 0, 4, 0]
2026-09-09 20:59:20 - __main__ - INFO - sample_host priors: [0, 11, 32, 16, 2, 0, 0, 0, 6, 55, 34, 675, 0, 0, 0, 0, 0, 0, 0, 0, 0, 0, 0, 316]
2026-09-09 21:00:32 - __main__ - INFO - sample_host priors: [6, 11, 0, 16, 10, 4, 4, 0, 17, 12, 11, 786, 16, 0, 16, 8, 11, 9, 4, 5, 1, 0, 4, 316]
2026-09-09 21:01:47 - __main__ - INFO - sample_host priors: [6, 0, 32, 0, 12, 4, 4, 0, 23, 67, 45, 675, 16, 0, 16, 8, 11, 9, 4, 5, 1, 0, 4, 0]
2026-09-09 21:02:22 - __main__ - INFO - sample_host priors: [0, 11, 32, 16, 2, 0, 0, 0, 6, 55, 34, 675, 0, 0, 0, 0, 0, 0, 0, 0, 0, 0, 0, 316]
2026-09-09 21:03:33 - __main__ - INFO - sample_host priors: [6, 11, 0, 16, 10, 4, 4, 0, 17, 12, 11, 786, 16, 0, 16, 8, 11, 9, 4, 5, 1, 0, 4, 316]
2026-09-09 21:04:48 - __main__ - INFO - sample_host priors: [6, 0, 32, 0, 12, 4, 4, 0, 23, 67, 45, 675, 16, 0, 16, 8, 11, 9, 4, 5, 1, 0, 4, 0]
2026-09-09 21:05:22 - __main__ - INFO - sample_host priors: [0, 11, 32, 16, 2, 0, 0, 0, 6, 55, 34, 675, 0, 0, 0, 0, 0, 0, 0, 0, 0, 0, 0, 316]
2026-09-09 21:05:55 - __main__ - INFO - sample_host priors: [6, 11, 0, 16, 10, 4, 4, 0, 17, 12, 11, 786, 16, 0, 16, 8, 11, 9, 4, 5, 1, 0, 4, 316]
2026-09-09 21:06:32 - __main__ - INFO - sample_host priors: [6, 0, 32, 0, 12, 4, 4, 0, 23, 67, 45, 675, 16, 0, 16, 8, 11, 9, 4, 5, 1, 0, 4, 0]
2026-09-09 21:06:50 - __main__ - INFO - sample_host priors: [0, 11, 32, 16, 2, 0, 0, 0, 6, 55, 34, 675, 0, 0, 0, 0, 0, 0, 0, 0, 0, 0, 0, 316]
2026-09-09 21:07:56 - __main__ - INFO - sample_host priors: [6, 11, 0, 16, 10, 4, 4, 0, 17, 12, 11, 786, 16, 0, 16, 8, 11, 9, 4, 5, 1, 0, 4, 316]
2026-09-09 21:09:03 - __main__ - INFO - sample_host priors: [6, 0, 32, 0, 12, 4, 4, 0, 23, 67, 45, 675, 16, 0, 16, 8, 11, 9, 4, 5, 1, 0, 4, 0]
2026-09-09 21:09:32 - __main__ - INFO - sample_host priors: [0, 11, 32, 16, 2, 0, 0, 0, 6, 55, 34, 675, 0, 0, 0, 0, 0, 0, 0, 0, 0, 0, 0, 316]
2026-09-09 21:10:38 - __main__ - INFO - sample_host priors: [6, 11, 0, 16, 10, 4, 4, 0, 17, 12, 11, 786, 16, 0, 16, 8, 11, 9, 4, 5, 1, 0, 4, 316]
2026-09-09 21:11:51 - __main__ - INFO - sample_host priors: [6, 0, 32, 0, 12, 4, 4, 0, 23, 67, 45, 675, 16, 0, 16, 8, 11, 9, 4, 5, 1, 0, 4, 0]
2026-09-09 21:12:21 - __main__ - INFO - sample_host priors: [0, 11, 32, 16, 2, 0, 0, 0, 6, 55, 34, 675, 0, 0, 0, 0, 0, 0, 0, 0, 0, 0, 0, 316]
2026-09-09 21:13:06 - __main__ - INFO - sample_host priors: [6, 11, 0, 16, 10, 4, 4, 0, 17, 12, 11, 786, 16, 0, 16, 8, 11, 9, 4, 5, 1, 0, 4, 316]
2026-09-09 21:13:52 - __main__ - INFO - sample_host priors: [6, 0, 32, 0, 12, 4, 4, 0, 23, 67, 45, 675, 16, 0, 16, 8, 11, 9, 4, 5, 1, 0, 4, 0]
2026-09-09 21:14:11 - __main__ - INFO - sample_host priors: [0, 11, 32, 16, 2, 0, 0, 0, 6, 55, 34, 675, 0, 0, 0, 0, 0, 0, 0, 0, 0, 0, 0, 316]
2026-09-09 21:14:38 - __main__ - INFO - sample_host priors: [6, 11, 0, 16, 10, 4, 4, 0, 17, 12, 11, 786, 16, 0, 16, 8, 11, 9, 4, 5, 1, 0, 4, 316]
2026-09-09 21:15:16 - __main__ - INFO - sample_host priors: [6, 0, 32, 0, 12, 4, 4, 0, 23, 67, 45, 675, 16, 0, 16, 8, 11, 9, 4, 5, 1, 0, 4, 0]
2026-09-09 21:15:35 - __main__ - INFO - sample_host priors: [0, 11, 32, 16, 2, 0, 0, 0, 6, 55, 34, 675, 0, 0, 0, 0, 0, 0, 0, 0, 0, 0, 0, 316]
2026-09-09 21:16:20 - __main__ - INFO - sample_host priors: [6, 11, 0, 16, 10, 4, 4, 0, 17, 12, 11, 786, 16, 0, 16, 8, 11, 9, 4, 5, 1, 0, 4, 316]
2026-09-09 21:17:06 - __main__ - INFO - sample_host priors: [6, 0, 32, 0, 12, 4, 4, 0, 23, 67, 45, 675, 16, 0, 16, 8, 11, 9, 4, 5, 1, 0, 4, 0]
2026-09-09 21:17:29 - __main__ - INFO - sample_host priors: [0, 11, 32, 16, 2, 0, 0, 0, 6, 55, 34, 675, 0, 0, 0, 0, 0, 0, 0, 0, 0, 0, 0, 316]
2026-09-09 21:17:59 - __main__ - INFO - sample_host priors: [6, 11, 0, 16, 10, 4, 4, 0, 17, 12, 11, 786, 16, 0, 16, 8, 11, 9, 4, 5, 1, 0, 4, 316]
2026-09-09 21:18:31 - __main__ - INFO - sample_host priors: [6, 0, 32, 0, 12, 4, 4, 0, 23, 67, 45, 675, 16, 0, 16, 8, 11, 9, 4, 5, 1, 0, 4, 0]
2026-09-09 21:19:08 - __main__ - INFO - sample_host priors: [0, 11, 32, 16, 2, 0, 0, 0, 6, 55, 34, 675, 0, 0, 0, 0, 0, 0, 0, 0, 0, 0, 0, 316]
2026-09-09 21:19:54 - __main__ - INFO - sample_host priors: [6, 11, 0, 16, 10, 4, 4, 0, 17, 12, 11, 786, 16, 0, 16, 8, 11, 9, 4, 5, 1, 0, 4, 316]
2026-09-09 21:20:42 - __main__ - INFO - sample_host priors: [6, 0, 32, 0, 12, 4, 4, 0, 23, 67, 45, 675, 16, 0, 16, 8, 11, 9, 4, 5, 1, 0, 4, 0]
2026-09-09 21:21:03 - __main__ - INFO - sample_host priors: [0, 11, 32, 16, 2, 0, 0, 0, 6, 55, 34, 675, 0, 0, 0, 0, 0, 0, 0, 0, 0, 0, 0, 316]
2026-09-09 21:21:49 - __main__ - INFO - sample_host priors: [6, 11, 0, 16, 10, 4, 4, 0, 17, 12, 11, 786, 16, 0, 16, 8, 11, 9, 4, 5, 1, 0, 4, 316]
2026-09-09 21:22:36 - __main__ - INFO - sample_host priors: [6, 0, 32, 0, 12, 4, 4, 0, 23, 67, 45, 675, 16, 0, 16, 8, 11, 9, 4, 5, 1, 0, 4, 0]
2026-09-09 21:22:56 - __main__ - INFO - sample_host priors: [0, 11, 32, 16, 2, 0, 0, 0, 6, 55, 34, 675, 0, 0, 0, 0, 0, 0, 0, 0, 0, 0, 0, 316]
2026-09-09 21:23:39 - __main__ - INFO - sample_host priors: [6, 11, 0, 16, 10, 4, 4, 0, 17, 12, 11, 786, 16, 0, 16, 8, 11, 9, 4, 5, 1, 0, 4, 316]
2026-09-09 21:24:27 - __main__ - INFO - sample_host priors: [6, 0, 32, 0, 12, 4, 4, 0, 23, 67, 45, 675, 16, 0, 16, 8, 11, 9, 4, 5, 1, 0, 4, 0]
2026-09-09 21:24:50 - __main__ - INFO - sample_host priors: [0, 11, 32, 16, 2, 0, 0, 0, 6, 55, 34, 675, 0, 0, 0, 0, 0, 0, 0, 0, 0, 0, 0, 316]
2026-09-09 21:25:37 - __main__ - INFO - sample_host priors: [6, 11, 0, 16, 10, 4, 4, 0, 17, 12, 11, 786, 16, 0, 16, 8, 11, 9, 4, 5, 1, 0, 4, 316]
2026-09-09 21:26:26 - __main__ - INFO - sample_host priors: [6, 0, 32, 0, 12, 4, 4, 0, 23, 67, 45, 675, 16, 0, 16, 8, 11, 9, 4, 5, 1, 0, 4, 0]
2026-09-09 21:26:47 - __main__ - INFO - sample_host priors: [0, 11, 32, 16, 2, 0, 0, 0, 6, 55, 34, 675, 0, 0, 0, 0, 0, 0, 0, 0, 0, 0, 0, 316]
2026-09-09 21:27:33 - __main__ - INFO - sample_host priors: [6, 11, 0, 16, 10, 4, 4, 0, 17, 12, 11, 786, 16, 0, 16, 8, 11, 9, 4, 5, 1, 0, 4, 316]
2026-09-09 21:28:20 - __main__ - INFO - sample_host priors: [6, 0, 32, 0, 12, 4, 4, 0, 23, 67, 45, 675, 16, 0, 16, 8, 11, 9, 4, 5, 1, 0, 4, 0]
2026-09-09 21:28:44 - __main__ - INFO - sample_host priors: [0, 11, 32, 16, 2, 0, 0, 0, 6, 55, 34, 675, 0, 0, 0, 0, 0, 0, 0, 0, 0, 0, 0, 316]
2026-09-09 21:29:31 - __main__ - INFO - sample_host priors: [6, 11, 0, 16, 10, 4, 4, 0, 17, 12, 11, 786, 16, 0, 16, 8, 11, 9, 4, 5, 1, 0, 4, 316]
2026-09-09 21:30:21 - __main__ - INFO - sample_host priors: [6, 0, 32, 0, 12, 4, 4, 0, 23, 67, 45, 675, 16, 0, 16, 8, 11, 9, 4, 5, 1, 0, 4, 0]
2026-09-09 21:30:44 - __main__ - INFO - sample_host priors: [0, 11, 32, 16, 2, 0, 0, 0, 6, 55, 34, 675, 0, 0, 0, 0, 0, 0, 0, 0, 0, 0, 0, 316]
2026-09-09 21:31:27 - __main__ - INFO - sample_host priors: [6, 11, 0, 16, 10, 4, 4, 0, 17, 12, 11, 786, 16, 0, 16, 8, 11, 9, 4, 5, 1, 0, 4, 316]
2026-09-09 21:32:16 - __main__ - INFO - sample_host priors: [6, 0, 32, 0, 12, 4, 4, 0, 23, 67, 45, 675, 16, 0, 16, 8, 11, 9, 4, 5, 1, 0, 4, 0]
2026-09-09 21:32:38 - __main__ - INFO - sample_host priors: [0, 11, 32, 16, 2, 0, 0, 0, 6, 55, 34, 675, 0, 0, 0, 0, 0, 0, 0, 0, 0, 0, 0, 316]
2026-09-09 21:33:25 - __main__ - INFO - sample_host priors: [6, 11, 0, 16, 10, 4, 4, 0, 17, 12, 11, 786, 16, 0, 16, 8, 11, 9, 4, 5, 1, 0, 4, 316]
2026-09-09 21:34:14 - __main__ - INFO - sample_host priors: [6, 0, 32, 0, 12, 4, 4, 0, 23, 67, 45, 675, 16, 0, 16, 8, 11, 9, 4, 5, 1, 0, 4, 0]
2026-09-09 21:34:35 - __main__ - INFO - sample_host priors: [0, 11, 32, 16, 2, 0, 0, 0, 6, 55, 34, 675, 0, 0, 0, 0, 0, 0, 0, 0, 0, 0, 0, 316]
2026-09-09 21:35:13 - __main__ - INFO - sample_host priors: [6, 11, 0, 16, 10, 4, 4, 0, 17, 12, 11, 786, 16, 0, 16, 8, 11, 9, 4, 5, 1, 0, 4, 316]
2026-09-09 21:36:02 - __main__ - INFO - sample_host priors: [6, 0, 32, 0, 12, 4, 4, 0, 23, 67, 45, 675, 16, 0, 16, 8, 11, 9, 4, 5, 1, 0, 4, 0]
2026-09-09 21:36:22 - __main__ - INFO - sample_host priors: [0, 11, 32, 16, 2, 0, 0, 0, 6, 55, 34, 675, 0, 0, 0, 0, 0, 0, 0, 0, 0, 0, 0, 316]
2026-09-09 21:37:06 - __main__ - INFO - sample_host priors: [6, 11, 0, 16, 10, 4, 4, 0, 17, 12, 11, 786, 16, 0, 16, 8, 11, 9, 4, 5, 1, 0, 4, 316]
2026-09-09 21:37:38 - __main__ - INFO - sample_host priors: [6, 0, 32, 0, 12, 4, 4, 0, 23, 67, 45, 675, 16, 0, 16, 8, 11, 9, 4, 5, 1, 0, 4, 0]
2026-09-09 21:37:59 - __main__ - INFO - sample_host priors: [0, 11, 32, 16, 2, 0, 0, 0, 6, 55, 34, 675, 0, 0, 0, 0, 0, 0, 0, 0, 0, 0, 0, 316]
2026-09-09 21:38:45 - __main__ - INFO - sample_host priors: [6, 11, 0, 16, 10, 4, 4, 0, 17, 12, 11, 786, 16, 0, 16, 8, 11, 9, 4, 5, 1, 0, 4, 316]
2026-09-09 21:39:35 - __main__ - INFO - sample_host priors: [6, 0, 32, 0, 12, 4, 4, 0, 23, 67, 45, 675, 16, 0, 16, 8, 11, 9, 4, 5, 1, 0, 4, 0]
2026-09-09 21:39:56 - __main__ - INFO - sample_host priors: [0, 11, 32, 16, 2, 0, 0, 0, 6, 55, 34, 675, 0, 0, 0, 0, 0, 0, 0, 0, 0, 0, 0, 316]
2026-09-09 21:40:37 - __main__ - INFO - sample_host priors: [6, 11, 0, 16, 10, 4, 4, 0, 17, 12, 11, 786, 16, 0, 16, 8, 11, 9, 4, 5, 1, 0, 4, 316]
2026-09-09 21:41:15 - __main__ - INFO - sample_host priors: [6, 0, 32, 0, 12, 4, 4, 0, 23, 67, 45, 675, 16, 0, 16, 8, 11, 9, 4, 5, 1, 0, 4, 0]
2026-09-09 21:41:38 - __main__ - INFO - sample_host priors: [0, 11, 32, 16, 2, 0, 0, 0, 6, 55, 34, 675, 0, 0, 0, 0, 0, 0, 0, 0, 0, 0, 0, 316]
2026-09-09 21:42:24 - __main__ - INFO - sample_host priors: [6, 11, 0, 16, 10, 4, 4, 0, 17, 12, 11, 786, 16, 0, 16, 8, 11, 9, 4, 5, 1, 0, 4, 316]
2026-09-09 21:43:13 - __main__ - INFO - sample_host priors: [6, 0, 32, 0, 12, 4, 4, 0, 23, 67, 45, 675, 16, 0, 16, 8, 11, 9, 4, 5, 1, 0, 4, 0]
2026-09-09 21:43:38 - __main__ - INFO - sample_host priors: [0, 11, 32, 16, 2, 0, 0, 0, 6, 55, 34, 675, 0, 0, 0, 0, 0, 0, 0, 0, 0, 0, 0, 316]
2026-09-09 21:44:25 - __main__ - INFO - sample_host priors: [6, 11, 0, 16, 10, 4, 4, 0, 17, 12, 11, 786, 16, 0, 16, 8, 11, 9, 4, 5, 1, 0, 4, 316]
2026-09-09 21:45:14 - __main__ - INFO - sample_host priors: [6, 0, 32, 0, 12, 4, 4, 0, 23, 67, 45, 675, 16, 0, 16, 8, 11, 9, 4, 5, 1, 0, 4, 0]
2026-09-09 21:45:36 - __main__ - INFO - sample_host priors: [0, 11, 32, 16, 2, 0, 0, 0, 6, 55, 34, 675, 0, 0, 0, 0, 0, 0, 0, 0, 0, 0, 0, 316]
2026-09-09 21:46:11 - __main__ - INFO - sample_host priors: [6, 11, 0, 16, 10, 4, 4, 0, 17, 12, 11, 786, 16, 0, 16, 8, 11, 9, 4, 5, 1, 0, 4, 316]
2026-09-09 21:46:58 - __main__ - INFO - sample_host priors: [6, 0, 32, 0, 12, 4, 4, 0, 23, 67, 45, 675, 16, 0, 16, 8, 11, 9, 4, 5, 1, 0, 4, 0]
2026-09-09 21:47:20 - __main__ - INFO - sample_host priors: [0, 11, 32, 16, 2, 0, 0, 0, 6, 55, 34, 675, 0, 0, 0, 0, 0, 0, 0, 0, 0, 0, 0, 316]
2026-09-09 21:48:05 - __main__ - INFO - sample_host priors: [6, 11, 0, 16, 10, 4, 4, 0, 17, 12, 11, 786, 16, 0, 16, 8, 11, 9, 4, 5, 1, 0, 4, 316]
2026-09-09 21:48:42 - __main__ - INFO - sample_host priors: [6, 0, 32, 0, 12, 4, 4, 0, 23, 67, 45, 675, 16, 0, 16, 8, 11, 9, 4, 5, 1, 0, 4, 0]
2026-09-09 21:49:04 - __main__ - INFO - sample_host priors: [0, 11, 32, 16, 2, 0, 0, 0, 6, 55, 34, 675, 0, 0, 0, 0, 0, 0, 0, 0, 0, 0, 0, 316]
2026-09-09 21:49:48 - __main__ - INFO - sample_host priors: [6, 11, 0, 16, 10, 4, 4, 0, 17, 12, 11, 786, 16, 0, 16, 8, 11, 9, 4, 5, 1, 0, 4, 316]
2026-09-09 21:50:36 - __main__ - INFO - sample_host priors: [6, 0, 32, 0, 12, 4, 4, 0, 23, 67, 45, 675, 16, 0, 16, 8, 11, 9, 4, 5, 1, 0, 4, 0]
2026-09-09 21:50:59 - __main__ - INFO - sample_host priors: [0, 11, 32, 16, 2, 0, 0, 0, 6, 55, 34, 675, 0, 0, 0, 0, 0, 0, 0, 0, 0, 0, 0, 316]
2026-09-09 21:51:42 - __main__ - INFO - sample_host priors: [6, 11, 0, 16, 10, 4, 4, 0, 17, 12, 11, 786, 16, 0, 16, 8, 11, 9, 4, 5, 1, 0, 4, 316]
2026-09-09 21:52:28 - __main__ - INFO - sample_host priors: [6, 0, 32, 0, 12, 4, 4, 0, 23, 67, 45, 675, 16, 0, 16, 8, 11, 9, 4, 5, 1, 0, 4, 0]
2026-09-09 21:52:48 - __main__ - INFO - sample_host priors: [0, 11, 32, 16, 2, 0, 0, 0, 6, 55, 34, 675, 0, 0, 0, 0, 0, 0, 0, 0, 0, 0, 0, 316]
2026-09-09 21:53:34 - __main__ - INFO - sample_host priors: [6, 11, 0, 16, 10, 4, 4, 0, 17, 12, 11, 786, 16, 0, 16, 8, 11, 9, 4, 5, 1, 0, 4, 316]
2026-09-09 21:54:24 - __main__ - INFO - sample_host priors: [6, 0, 32, 0, 12, 4, 4, 0, 23, 67, 45, 675, 16, 0, 16, 8, 11, 9, 4, 5, 1, 0, 4, 0]
2026-09-09 21:54:46 - __main__ - INFO - Best hyperparameters (averaged over 3 folds): {'n_layers': 3, 'hidden_dim_0': 448, 'hidden_dim_1': 128, 'hidden_dim_2': 512, 'dropout': 0.1580952165662386, 'learning_rate': 3.061792292576664e-05, 'weight_decay': 2.3325388942032648e-05, 'batch_size': 64, 'use_batch_norm': True, 'activation': 'relu', 'logit_adjust_tau': 0.08940727540435928, 'ls_sample_host': 0.06838291031833613, 'task_weight_sample_host': 1.0}
2026-09-09 21:54:46 - __main__ - INFO - Best CV score: 0.2715
2026-09-09 21:54:46 - __main__ - INFO - Training final model with proper train/val split...
2026-09-09 21:54:46 - __main__ - INFO - sample_host: 21/24 classes have training support in this fold
2026-09-09 21:54:46 - __main__ - INFO - Final training split: 1954 train, 218 validation, 544 test
2026-09-09 21:54:46 - __main__ - INFO - sample_host priors: [6, 11, 32, 16, 12, 4, 4, 0, 23, 67, 45, 1068, 16, 0, 16, 8, 11, 9, 4, 5, 1, 0, 4, 316]
2026-09-09 21:54:46 - diana.utils.checkpointing - INFO - CheckpointManager initialized: results/search_v9_single_sample_host/cv_results/fold_3
2026-09-09 21:54:48 - diana.utils.checkpointing - INFO - Checkpoint saved: results/search_v9_single_sample_host/cv_results/fold_3/checkpoint_epoch_1_20260909_215447.pth
2026-09-09 21:54:49 - diana.utils.checkpointing - INFO - New best model saved: results/search_v9_single_sample_host/cv_results/fold_3/best_model.pth (val_loss: 2.4150)
2026-09-09 21:54:51 - diana.utils.checkpointing - INFO - Checkpoint saved: results/search_v9_single_sample_host/cv_results/fold_3/checkpoint_epoch_2_20260909_215450.pth
2026-09-09 21:54:52 - diana.utils.checkpointing - INFO - New best model saved: results/search_v9_single_sample_host/cv_results/fold_3/best_model.pth (val_loss: 2.1194)
2026-09-09 21:54:53 - diana.utils.checkpointing - INFO - Checkpoint saved: results/search_v9_single_sample_host/cv_results/fold_3/checkpoint_epoch_3_20260909_215452.pth
2026-09-09 21:54:55 - diana.utils.checkpointing - INFO - New best model saved: results/search_v9_single_sample_host/cv_results/fold_3/best_model.pth (val_loss: 1.7796)
2026-09-09 21:54:56 - diana.utils.checkpointing - INFO - Checkpoint saved: results/search_v9_single_sample_host/cv_results/fold_3/checkpoint_epoch_4_20260909_215455.pth
2026-09-09 21:54:58 - diana.utils.checkpointing - INFO - New best model saved: results/search_v9_single_sample_host/cv_results/fold_3/best_model.pth (val_loss: 1.4748)
2026-09-09 21:54:59 - diana.utils.checkpointing - INFO - Checkpoint saved: results/search_v9_single_sample_host/cv_results/fold_3/checkpoint_epoch_5_20260909_215458.pth
2026-09-09 21:55:00 - diana.utils.checkpointing - INFO - New best model saved: results/search_v9_single_sample_host/cv_results/fold_3/best_model.pth (val_loss: 1.2900)
2026-09-09 21:55:02 - diana.utils.checkpointing - INFO - Checkpoint saved: results/search_v9_single_sample_host/cv_results/fold_3/checkpoint_epoch_6_20260909_215501.pth
2026-09-09 21:55:03 - diana.utils.checkpointing - INFO - New best model saved: results/search_v9_single_sample_host/cv_results/fold_3/best_model.pth (val_loss: 1.2196)
2026-09-09 21:55:05 - diana.utils.checkpointing - INFO - Checkpoint saved: results/search_v9_single_sample_host/cv_results/fold_3/checkpoint_epoch_7_20260909_215504.pth
2026-09-09 21:55:06 - diana.utils.checkpointing - INFO - New best model saved: results/search_v9_single_sample_host/cv_results/fold_3/best_model.pth (val_loss: 1.1921)
2026-09-09 21:55:08 - diana.utils.checkpointing - INFO - Checkpoint saved: results/search_v9_single_sample_host/cv_results/fold_3/checkpoint_epoch_8_20260909_215507.pth
2026-09-09 21:55:09 - diana.utils.checkpointing - INFO - New best model saved: results/search_v9_single_sample_host/cv_results/fold_3/best_model.pth (val_loss: 1.1162)
2026-09-09 21:55:11 - diana.utils.checkpointing - INFO - Checkpoint saved: results/search_v9_single_sample_host/cv_results/fold_3/checkpoint_epoch_9_20260909_215510.pth
2026-09-09 21:55:12 - diana.utils.checkpointing - INFO - New best model saved: results/search_v9_single_sample_host/cv_results/fold_3/best_model.pth (val_loss: 1.0509)
2026-09-09 21:55:14 - diana.utils.checkpointing - INFO - Checkpoint saved: results/search_v9_single_sample_host/cv_results/fold_3/checkpoint_epoch_10_20260909_215513.pth
2026-09-09 21:55:15 - diana.utils.checkpointing - INFO - New best model saved: results/search_v9_single_sample_host/cv_results/fold_3/best_model.pth (val_loss: 1.0430)
2026-09-09 21:55:17 - diana.utils.checkpointing - INFO - Checkpoint saved: results/search_v9_single_sample_host/cv_results/fold_3/checkpoint_epoch_11_20260909_215516.pth
2026-09-09 21:55:18 - diana.utils.checkpointing - INFO - New best model saved: results/search_v9_single_sample_host/cv_results/fold_3/best_model.pth (val_loss: 1.0333)
2026-09-09 21:55:20 - diana.utils.checkpointing - INFO - Checkpoint saved: results/search_v9_single_sample_host/cv_results/fold_3/checkpoint_epoch_12_20260909_215519.pth
2026-09-09 21:55:21 - diana.utils.checkpointing - INFO - New best model saved: results/search_v9_single_sample_host/cv_results/fold_3/best_model.pth (val_loss: 1.0102)
2026-09-09 21:55:23 - diana.utils.checkpointing - INFO - Checkpoint saved: results/search_v9_single_sample_host/cv_results/fold_3/checkpoint_epoch_13_20260909_215522.pth
2026-09-09 21:55:24 - diana.utils.checkpointing - INFO - New best model saved: results/search_v9_single_sample_host/cv_results/fold_3/best_model.pth (val_loss: 1.0098)
2026-09-09 21:55:26 - diana.utils.checkpointing - INFO - Checkpoint saved: results/search_v9_single_sample_host/cv_results/fold_3/checkpoint_epoch_14_20260909_215525.pth
2026-09-09 21:55:27 - diana.utils.checkpointing - INFO - New best model saved: results/search_v9_single_sample_host/cv_results/fold_3/best_model.pth (val_loss: 0.9710)
2026-09-09 21:55:29 - diana.utils.checkpointing - INFO - Checkpoint saved: results/search_v9_single_sample_host/cv_results/fold_3/checkpoint_epoch_15_20260909_215527.pth
2026-09-09 21:55:30 - diana.utils.checkpointing - INFO - Checkpoint saved: results/search_v9_single_sample_host/cv_results/fold_3/checkpoint_epoch_16_20260909_215529.pth
2026-09-09 21:55:32 - diana.utils.checkpointing - INFO - New best model saved: results/search_v9_single_sample_host/cv_results/fold_3/best_model.pth (val_loss: 0.9688)
2026-09-09 21:55:34 - diana.utils.checkpointing - INFO - Checkpoint saved: results/search_v9_single_sample_host/cv_results/fold_3/checkpoint_epoch_17_20260909_215532.pth
2026-09-09 21:55:35 - diana.utils.checkpointing - INFO - New best model saved: results/search_v9_single_sample_host/cv_results/fold_3/best_model.pth (val_loss: 0.9686)
2026-09-09 21:55:37 - diana.utils.checkpointing - INFO - Checkpoint saved: results/search_v9_single_sample_host/cv_results/fold_3/checkpoint_epoch_18_20260909_215535.pth
2026-09-09 21:55:38 - diana.utils.checkpointing - INFO - New best model saved: results/search_v9_single_sample_host/cv_results/fold_3/best_model.pth (val_loss: 0.9653)
2026-09-09 21:55:40 - diana.utils.checkpointing - INFO - Checkpoint saved: results/search_v9_single_sample_host/cv_results/fold_3/checkpoint_epoch_19_20260909_215538.pth
2026-09-09 21:55:41 - diana.utils.checkpointing - INFO - New best model saved: results/search_v9_single_sample_host/cv_results/fold_3/best_model.pth (val_loss: 0.9478)
2026-09-09 21:55:42 - diana.utils.checkpointing - INFO - Checkpoint saved: results/search_v9_single_sample_host/cv_results/fold_3/checkpoint_epoch_20_20260909_215541.pth
2026-09-09 21:55:44 - diana.utils.checkpointing - INFO - New best model saved: results/search_v9_single_sample_host/cv_results/fold_3/best_model.pth (val_loss: 0.9058)
2026-09-09 21:55:44 - __main__ - INFO - Epoch 20/200, Train Loss: 0.8589, Val Loss: 0.9058
2026-09-09 21:55:45 - diana.utils.checkpointing - INFO - Checkpoint saved: results/search_v9_single_sample_host/cv_results/fold_3/checkpoint_epoch_21_20260909_215544.pth
2026-09-09 21:55:47 - diana.utils.checkpointing - INFO - Checkpoint saved: results/search_v9_single_sample_host/cv_results/fold_3/checkpoint_epoch_22_20260909_215546.pth
2026-09-09 21:55:49 - diana.utils.checkpointing - INFO - Checkpoint saved: results/search_v9_single_sample_host/cv_results/fold_3/checkpoint_epoch_23_20260909_215547.pth
2026-09-09 21:55:50 - diana.utils.checkpointing - INFO - New best model saved: results/search_v9_single_sample_host/cv_results/fold_3/best_model.pth (val_loss: 0.8954)
2026-09-09 21:55:52 - diana.utils.checkpointing - INFO - Checkpoint saved: results/search_v9_single_sample_host/cv_results/fold_3/checkpoint_epoch_24_20260909_215551.pth
2026-09-09 21:55:53 - diana.utils.checkpointing - INFO - New best model saved: results/search_v9_single_sample_host/cv_results/fold_3/best_model.pth (val_loss: 0.8920)
2026-09-09 21:55:55 - diana.utils.checkpointing - INFO - Checkpoint saved: results/search_v9_single_sample_host/cv_results/fold_3/checkpoint_epoch_25_20260909_215554.pth
2026-09-09 21:55:56 - diana.utils.checkpointing - INFO - New best model saved: results/search_v9_single_sample_host/cv_results/fold_3/best_model.pth (val_loss: 0.8632)
2026-09-09 21:55:58 - diana.utils.checkpointing - INFO - Checkpoint saved: results/search_v9_single_sample_host/cv_results/fold_3/checkpoint_epoch_26_20260909_215557.pth
2026-09-09 21:55:59 - diana.utils.checkpointing - INFO - Checkpoint saved: results/search_v9_single_sample_host/cv_results/fold_3/checkpoint_epoch_27_20260909_215558.pth
2026-09-09 21:56:01 - diana.utils.checkpointing - INFO - New best model saved: results/search_v9_single_sample_host/cv_results/fold_3/best_model.pth (val_loss: 0.8492)
2026-09-09 21:56:02 - diana.utils.checkpointing - INFO - Checkpoint saved: results/search_v9_single_sample_host/cv_results/fold_3/checkpoint_epoch_28_20260909_215601.pth
2026-09-09 21:56:04 - diana.utils.checkpointing - INFO - Checkpoint saved: results/search_v9_single_sample_host/cv_results/fold_3/checkpoint_epoch_29_20260909_215603.pth
2026-09-09 21:56:05 - diana.utils.checkpointing - INFO - New best model saved: results/search_v9_single_sample_host/cv_results/fold_3/best_model.pth (val_loss: 0.8383)
2026-09-09 21:56:07 - diana.utils.checkpointing - INFO - Checkpoint saved: results/search_v9_single_sample_host/cv_results/fold_3/checkpoint_epoch_30_20260909_215606.pth
2026-09-09 21:56:08 - diana.utils.checkpointing - INFO - New best model saved: results/search_v9_single_sample_host/cv_results/fold_3/best_model.pth (val_loss: 0.8103)
2026-09-09 21:56:10 - diana.utils.checkpointing - INFO - Checkpoint saved: results/search_v9_single_sample_host/cv_results/fold_3/checkpoint_epoch_31_20260909_215609.pth
2026-09-09 21:56:11 - diana.utils.checkpointing - INFO - New best model saved: results/search_v9_single_sample_host/cv_results/fold_3/best_model.pth (val_loss: 0.8039)
2026-09-09 21:56:13 - diana.utils.checkpointing - INFO - Checkpoint saved: results/search_v9_single_sample_host/cv_results/fold_3/checkpoint_epoch_32_20260909_215612.pth
2026-09-09 21:56:14 - diana.utils.checkpointing - INFO - New best model saved: results/search_v9_single_sample_host/cv_results/fold_3/best_model.pth (val_loss: 0.7865)
2026-09-09 21:56:16 - diana.utils.checkpointing - INFO - Checkpoint saved: results/search_v9_single_sample_host/cv_results/fold_3/checkpoint_epoch_33_20260909_215615.pth
2026-09-09 21:56:17 - diana.utils.checkpointing - INFO - Checkpoint saved: results/search_v9_single_sample_host/cv_results/fold_3/checkpoint_epoch_34_20260909_215616.pth
2026-09-09 21:56:19 - diana.utils.checkpointing - INFO - Checkpoint saved: results/search_v9_single_sample_host/cv_results/fold_3/checkpoint_epoch_35_20260909_215618.pth
2026-09-09 21:56:21 - diana.utils.checkpointing - INFO - Checkpoint saved: results/search_v9_single_sample_host/cv_results/fold_3/checkpoint_epoch_36_20260909_215620.pth
2026-09-09 21:56:23 - diana.utils.checkpointing - INFO - Checkpoint saved: results/search_v9_single_sample_host/cv_results/fold_3/checkpoint_epoch_37_20260909_215622.pth
2026-09-09 21:56:24 - diana.utils.checkpointing - INFO - Checkpoint saved: results/search_v9_single_sample_host/cv_results/fold_3/checkpoint_epoch_38_20260909_215623.pth
2026-09-09 21:56:26 - diana.utils.checkpointing - INFO - Checkpoint saved: results/search_v9_single_sample_host/cv_results/fold_3/checkpoint_epoch_39_20260909_215625.pth
2026-09-09 21:56:27 - diana.utils.checkpointing - INFO - New best model saved: results/search_v9_single_sample_host/cv_results/fold_3/best_model.pth (val_loss: 0.7808)
2026-09-09 21:56:29 - diana.utils.checkpointing - INFO - Checkpoint saved: results/search_v9_single_sample_host/cv_results/fold_3/checkpoint_epoch_40_20260909_215627.pth
2026-09-09 21:56:30 - diana.utils.checkpointing - INFO - New best model saved: results/search_v9_single_sample_host/cv_results/fold_3/best_model.pth (val_loss: 0.7500)
2026-09-09 21:56:30 - __main__ - INFO - Epoch 40/200, Train Loss: 0.7202, Val Loss: 0.7500
2026-09-09 21:56:31 - diana.utils.checkpointing - INFO - Checkpoint saved: results/search_v9_single_sample_host/cv_results/fold_3/checkpoint_epoch_41_20260909_215630.pth
2026-09-09 21:56:33 - diana.utils.checkpointing - INFO - Checkpoint saved: results/search_v9_single_sample_host/cv_results/fold_3/checkpoint_epoch_42_20260909_215632.pth
2026-09-09 21:56:35 - diana.utils.checkpointing - INFO - Checkpoint saved: results/search_v9_single_sample_host/cv_results/fold_3/checkpoint_epoch_43_20260909_215634.pth
2026-09-09 21:56:36 - diana.utils.checkpointing - INFO - New best model saved: results/search_v9_single_sample_host/cv_results/fold_3/best_model.pth (val_loss: 0.7433)
2026-09-09 21:56:38 - diana.utils.checkpointing - INFO - Checkpoint saved: results/search_v9_single_sample_host/cv_results/fold_3/checkpoint_epoch_44_20260909_215637.pth
2026-09-09 21:56:39 - diana.utils.checkpointing - INFO - New best model saved: results/search_v9_single_sample_host/cv_results/fold_3/best_model.pth (val_loss: 0.7362)
2026-09-09 21:56:41 - diana.utils.checkpointing - INFO - Checkpoint saved: results/search_v9_single_sample_host/cv_results/fold_3/checkpoint_epoch_45_20260909_215640.pth
2026-09-09 21:56:42 - diana.utils.checkpointing - INFO - Checkpoint saved: results/search_v9_single_sample_host/cv_results/fold_3/checkpoint_epoch_46_20260909_215641.pth
2026-09-09 21:56:44 - diana.utils.checkpointing - INFO - Checkpoint saved: results/search_v9_single_sample_host/cv_results/fold_3/checkpoint_epoch_47_20260909_215643.pth
2026-09-09 21:56:46 - diana.utils.checkpointing - INFO - Checkpoint saved: results/search_v9_single_sample_host/cv_results/fold_3/checkpoint_epoch_48_20260909_215644.pth
2026-09-09 21:56:47 - diana.utils.checkpointing - INFO - Checkpoint saved: results/search_v9_single_sample_host/cv_results/fold_3/checkpoint_epoch_49_20260909_215646.pth
2026-09-09 21:56:49 - diana.utils.checkpointing - INFO - New best model saved: results/search_v9_single_sample_host/cv_results/fold_3/best_model.pth (val_loss: 0.7278)
2026-09-09 21:56:51 - diana.utils.checkpointing - INFO - Checkpoint saved: results/search_v9_single_sample_host/cv_results/fold_3/checkpoint_epoch_50_20260909_215649.pth
2026-09-09 21:56:52 - diana.utils.checkpointing - INFO - New best model saved: results/search_v9_single_sample_host/cv_results/fold_3/best_model.pth (val_loss: 0.7275)
2026-09-09 21:56:54 - diana.utils.checkpointing - INFO - Checkpoint saved: results/search_v9_single_sample_host/cv_results/fold_3/checkpoint_epoch_51_20260909_215652.pth
2026-09-09 21:56:55 - diana.utils.checkpointing - INFO - New best model saved: results/search_v9_single_sample_host/cv_results/fold_3/best_model.pth (val_loss: 0.7058)
2026-09-09 21:56:57 - diana.utils.checkpointing - INFO - Checkpoint saved: results/search_v9_single_sample_host/cv_results/fold_3/checkpoint_epoch_52_20260909_215655.pth
2026-09-09 21:56:58 - diana.utils.checkpointing - INFO - Checkpoint saved: results/search_v9_single_sample_host/cv_results/fold_3/checkpoint_epoch_53_20260909_215657.pth
2026-09-09 21:57:00 - diana.utils.checkpointing - INFO - Checkpoint saved: results/search_v9_single_sample_host/cv_results/fold_3/checkpoint_epoch_54_20260909_215659.pth
2026-09-09 21:57:02 - diana.utils.checkpointing - INFO - Checkpoint saved: results/search_v9_single_sample_host/cv_results/fold_3/checkpoint_epoch_55_20260909_215700.pth
2026-09-09 21:57:03 - diana.utils.checkpointing - INFO - Checkpoint saved: results/search_v9_single_sample_host/cv_results/fold_3/checkpoint_epoch_56_20260909_215702.pth
2026-09-09 21:57:05 - diana.utils.checkpointing - INFO - New best model saved: results/search_v9_single_sample_host/cv_results/fold_3/best_model.pth (val_loss: 0.6902)
2026-09-09 21:57:06 - diana.utils.checkpointing - INFO - Checkpoint saved: results/search_v9_single_sample_host/cv_results/fold_3/checkpoint_epoch_57_20260909_215705.pth
2026-09-09 21:57:08 - diana.utils.checkpointing - INFO - Checkpoint saved: results/search_v9_single_sample_host/cv_results/fold_3/checkpoint_epoch_58_20260909_215707.pth
2026-09-09 21:57:09 - diana.utils.checkpointing - INFO - New best model saved: results/search_v9_single_sample_host/cv_results/fold_3/best_model.pth (val_loss: 0.6765)
2026-09-09 21:57:11 - diana.utils.checkpointing - INFO - Checkpoint saved: results/search_v9_single_sample_host/cv_results/fold_3/checkpoint_epoch_59_20260909_215710.pth
2026-09-09 21:57:12 - diana.utils.checkpointing - INFO - New best model saved: results/search_v9_single_sample_host/cv_results/fold_3/best_model.pth (val_loss: 0.6730)
2026-09-09 21:57:14 - diana.utils.checkpointing - INFO - Checkpoint saved: results/search_v9_single_sample_host/cv_results/fold_3/checkpoint_epoch_60_20260909_215713.pth
2026-09-09 21:57:14 - __main__ - INFO - Epoch 60/200, Train Loss: 0.6662, Val Loss: 0.6746
2026-09-09 21:57:15 - diana.utils.checkpointing - INFO - Checkpoint saved: results/search_v9_single_sample_host/cv_results/fold_3/checkpoint_epoch_61_20260909_215714.pth
2026-09-09 21:57:16 - diana.utils.checkpointing - INFO - New best model saved: results/search_v9_single_sample_host/cv_results/fold_3/best_model.pth (val_loss: 0.6698)
2026-09-09 21:57:18 - diana.utils.checkpointing - INFO - Checkpoint saved: results/search_v9_single_sample_host/cv_results/fold_3/checkpoint_epoch_62_20260909_215717.pth
2026-09-09 21:57:20 - diana.utils.checkpointing - INFO - Checkpoint saved: results/search_v9_single_sample_host/cv_results/fold_3/checkpoint_epoch_63_20260909_215719.pth
2026-09-09 21:57:21 - diana.utils.checkpointing - INFO - Checkpoint saved: results/search_v9_single_sample_host/cv_results/fold_3/checkpoint_epoch_64_20260909_215720.pth
2026-09-09 21:57:23 - diana.utils.checkpointing - INFO - Checkpoint saved: results/search_v9_single_sample_host/cv_results/fold_3/checkpoint_epoch_65_20260909_215722.pth
2026-09-09 21:57:25 - diana.utils.checkpointing - INFO - Checkpoint saved: results/search_v9_single_sample_host/cv_results/fold_3/checkpoint_epoch_66_20260909_215723.pth
2026-09-09 21:57:26 - diana.utils.checkpointing - INFO - New best model saved: results/search_v9_single_sample_host/cv_results/fold_3/best_model.pth (val_loss: 0.6696)
2026-09-09 21:57:28 - diana.utils.checkpointing - INFO - Checkpoint saved: results/search_v9_single_sample_host/cv_results/fold_3/checkpoint_epoch_67_20260909_215727.pth
2026-09-09 21:57:29 - diana.utils.checkpointing - INFO - New best model saved: results/search_v9_single_sample_host/cv_results/fold_3/best_model.pth (val_loss: 0.6673)
2026-09-09 21:57:31 - diana.utils.checkpointing - INFO - Checkpoint saved: results/search_v9_single_sample_host/cv_results/fold_3/checkpoint_epoch_68_20260909_215729.pth
2026-09-09 21:57:32 - diana.utils.checkpointing - INFO - New best model saved: results/search_v9_single_sample_host/cv_results/fold_3/best_model.pth (val_loss: 0.6535)
2026-09-09 21:57:33 - diana.utils.checkpointing - INFO - Checkpoint saved: results/search_v9_single_sample_host/cv_results/fold_3/checkpoint_epoch_69_20260909_215732.pth
2026-09-09 21:57:35 - diana.utils.checkpointing - INFO - New best model saved: results/search_v9_single_sample_host/cv_results/fold_3/best_model.pth (val_loss: 0.6411)
2026-09-09 21:57:36 - diana.utils.checkpointing - INFO - Checkpoint saved: results/search_v9_single_sample_host/cv_results/fold_3/checkpoint_epoch_70_20260909_215735.pth
2026-09-09 21:57:38 - diana.utils.checkpointing - INFO - Checkpoint saved: results/search_v9_single_sample_host/cv_results/fold_3/checkpoint_epoch_71_20260909_215737.pth
2026-09-09 21:57:40 - diana.utils.checkpointing - INFO - Checkpoint saved: results/search_v9_single_sample_host/cv_results/fold_3/checkpoint_epoch_72_20260909_215739.pth
2026-09-09 21:57:41 - diana.utils.checkpointing - INFO - Checkpoint saved: results/search_v9_single_sample_host/cv_results/fold_3/checkpoint_epoch_73_20260909_215740.pth
2026-09-09 21:57:43 - diana.utils.checkpointing - INFO - Checkpoint saved: results/search_v9_single_sample_host/cv_results/fold_3/checkpoint_epoch_74_20260909_215742.pth
2026-09-09 21:57:45 - diana.utils.checkpointing - INFO - Checkpoint saved: results/search_v9_single_sample_host/cv_results/fold_3/checkpoint_epoch_75_20260909_215743.pth
2026-09-09 21:57:47 - diana.utils.checkpointing - INFO - Checkpoint saved: results/search_v9_single_sample_host/cv_results/fold_3/checkpoint_epoch_76_20260909_215745.pth
2026-09-09 21:57:48 - diana.utils.checkpointing - INFO - Checkpoint saved: results/search_v9_single_sample_host/cv_results/fold_3/checkpoint_epoch_77_20260909_215747.pth
2026-09-09 21:57:49 - diana.utils.checkpointing - INFO - New best model saved: results/search_v9_single_sample_host/cv_results/fold_3/best_model.pth (val_loss: 0.6329)
2026-09-09 21:57:51 - diana.utils.checkpointing - INFO - Checkpoint saved: results/search_v9_single_sample_host/cv_results/fold_3/checkpoint_epoch_78_20260909_215750.pth
2026-09-09 21:57:53 - diana.utils.checkpointing - INFO - Checkpoint saved: results/search_v9_single_sample_host/cv_results/fold_3/checkpoint_epoch_79_20260909_215752.pth
2026-09-09 21:57:55 - diana.utils.checkpointing - INFO - Checkpoint saved: results/search_v9_single_sample_host/cv_results/fold_3/checkpoint_epoch_80_20260909_215753.pth
2026-09-09 21:57:55 - __main__ - INFO - Epoch 80/200, Train Loss: 0.6413, Val Loss: 0.6392
2026-09-09 21:57:56 - diana.utils.checkpointing - INFO - Checkpoint saved: results/search_v9_single_sample_host/cv_results/fold_3/checkpoint_epoch_81_20260909_215755.pth
2026-09-09 21:57:58 - diana.utils.checkpointing - INFO - Checkpoint saved: results/search_v9_single_sample_host/cv_results/fold_3/checkpoint_epoch_82_20260909_215757.pth
2026-09-09 21:58:00 - diana.utils.checkpointing - INFO - Checkpoint saved: results/search_v9_single_sample_host/cv_results/fold_3/checkpoint_epoch_83_20260909_215758.pth
2026-09-09 21:58:01 - diana.utils.checkpointing - INFO - Checkpoint saved: results/search_v9_single_sample_host/cv_results/fold_3/checkpoint_epoch_84_20260909_215800.pth
2026-09-09 21:58:03 - diana.utils.checkpointing - INFO - Checkpoint saved: results/search_v9_single_sample_host/cv_results/fold_3/checkpoint_epoch_85_20260909_215802.pth
2026-09-09 21:58:04 - diana.utils.checkpointing - INFO - New best model saved: results/search_v9_single_sample_host/cv_results/fold_3/best_model.pth (val_loss: 0.6288)
2026-09-09 21:58:06 - diana.utils.checkpointing - INFO - Checkpoint saved: results/search_v9_single_sample_host/cv_results/fold_3/checkpoint_epoch_86_20260909_215805.pth
2026-09-09 21:58:08 - diana.utils.checkpointing - INFO - Checkpoint saved: results/search_v9_single_sample_host/cv_results/fold_3/checkpoint_epoch_87_20260909_215806.pth
2026-09-09 21:58:09 - diana.utils.checkpointing - INFO - New best model saved: results/search_v9_single_sample_host/cv_results/fold_3/best_model.pth (val_loss: 0.6226)
2026-09-09 21:58:10 - diana.utils.checkpointing - INFO - Checkpoint saved: results/search_v9_single_sample_host/cv_results/fold_3/checkpoint_epoch_88_20260909_215809.pth
2026-09-09 21:58:12 - diana.utils.checkpointing - INFO - Checkpoint saved: results/search_v9_single_sample_host/cv_results/fold_3/checkpoint_epoch_89_20260909_215811.pth
2026-09-09 21:58:14 - diana.utils.checkpointing - INFO - Checkpoint saved: results/search_v9_single_sample_host/cv_results/fold_3/checkpoint_epoch_90_20260909_215813.pth
2026-09-09 21:58:15 - diana.utils.checkpointing - INFO - New best model saved: results/search_v9_single_sample_host/cv_results/fold_3/best_model.pth (val_loss: 0.6188)
2026-09-09 21:58:17 - diana.utils.checkpointing - INFO - Checkpoint saved: results/search_v9_single_sample_host/cv_results/fold_3/checkpoint_epoch_91_20260909_215816.pth
2026-09-09 21:58:19 - diana.utils.checkpointing - INFO - Checkpoint saved: results/search_v9_single_sample_host/cv_results/fold_3/checkpoint_epoch_92_20260909_215818.pth
2026-09-09 21:58:21 - diana.utils.checkpointing - INFO - Checkpoint saved: results/search_v9_single_sample_host/cv_results/fold_3/checkpoint_epoch_93_20260909_215819.pth
2026-09-09 21:58:22 - diana.utils.checkpointing - INFO - New best model saved: results/search_v9_single_sample_host/cv_results/fold_3/best_model.pth (val_loss: 0.6139)
2026-09-09 21:58:24 - diana.utils.checkpointing - INFO - Checkpoint saved: results/search_v9_single_sample_host/cv_results/fold_3/checkpoint_epoch_94_20260909_215823.pth
2026-09-09 21:58:25 - diana.utils.checkpointing - INFO - Checkpoint saved: results/search_v9_single_sample_host/cv_results/fold_3/checkpoint_epoch_95_20260909_215824.pth
2026-09-09 21:58:27 - diana.utils.checkpointing - INFO - Checkpoint saved: results/search_v9_single_sample_host/cv_results/fold_3/checkpoint_epoch_96_20260909_215826.pth
2026-09-09 21:58:29 - diana.utils.checkpointing - INFO - Checkpoint saved: results/search_v9_single_sample_host/cv_results/fold_3/checkpoint_epoch_97_20260909_215828.pth
2026-09-09 21:58:31 - diana.utils.checkpointing - INFO - Checkpoint saved: results/search_v9_single_sample_host/cv_results/fold_3/checkpoint_epoch_98_20260909_215829.pth
2026-09-09 21:58:32 - diana.utils.checkpointing - INFO - Checkpoint saved: results/search_v9_single_sample_host/cv_results/fold_3/checkpoint_epoch_99_20260909_215831.pth
2026-09-09 21:58:34 - diana.utils.checkpointing - INFO - Checkpoint saved: results/search_v9_single_sample_host/cv_results/fold_3/checkpoint_epoch_100_20260909_215833.pth
2026-09-09 21:58:34 - __main__ - INFO - Epoch 100/200, Train Loss: 0.5945, Val Loss: 0.6151
2026-09-09 21:58:36 - diana.utils.checkpointing - INFO - Checkpoint saved: results/search_v9_single_sample_host/cv_results/fold_3/checkpoint_epoch_101_20260909_215835.pth
2026-09-09 21:58:38 - diana.utils.checkpointing - INFO - Checkpoint saved: results/search_v9_single_sample_host/cv_results/fold_3/checkpoint_epoch_102_20260909_215836.pth
2026-09-09 21:58:39 - diana.utils.checkpointing - INFO - New best model saved: results/search_v9_single_sample_host/cv_results/fold_3/best_model.pth (val_loss: 0.6127)
2026-09-09 21:58:41 - diana.utils.checkpointing - INFO - Checkpoint saved: results/search_v9_single_sample_host/cv_results/fold_3/checkpoint_epoch_103_20260909_215839.pth
2026-09-09 21:58:42 - diana.utils.checkpointing - INFO - New best model saved: results/search_v9_single_sample_host/cv_results/fold_3/best_model.pth (val_loss: 0.6086)
2026-09-09 21:58:43 - diana.utils.checkpointing - INFO - Checkpoint saved: results/search_v9_single_sample_host/cv_results/fold_3/checkpoint_epoch_104_20260909_215842.pth
2026-09-09 21:58:45 - diana.utils.checkpointing - INFO - New best model saved: results/search_v9_single_sample_host/cv_results/fold_3/best_model.pth (val_loss: 0.6034)
2026-09-09 21:58:46 - diana.utils.checkpointing - INFO - Checkpoint saved: results/search_v9_single_sample_host/cv_results/fold_3/checkpoint_epoch_105_20260909_215845.pth
2026-09-09 21:58:48 - diana.utils.checkpointing - INFO - Checkpoint saved: results/search_v9_single_sample_host/cv_results/fold_3/checkpoint_epoch_106_20260909_215847.pth
2026-09-09 21:58:50 - diana.utils.checkpointing - INFO - Checkpoint saved: results/search_v9_single_sample_host/cv_results/fold_3/checkpoint_epoch_107_20260909_215848.pth
2026-09-09 21:58:51 - diana.utils.checkpointing - INFO - Checkpoint saved: results/search_v9_single_sample_host/cv_results/fold_3/checkpoint_epoch_108_20260909_215850.pth
2026-09-09 21:58:53 - diana.utils.checkpointing - INFO - Checkpoint saved: results/search_v9_single_sample_host/cv_results/fold_3/checkpoint_epoch_109_20260909_215852.pth
2026-09-09 21:58:55 - diana.utils.checkpointing - INFO - Checkpoint saved: results/search_v9_single_sample_host/cv_results/fold_3/checkpoint_epoch_110_20260909_215854.pth
2026-09-09 21:58:57 - diana.utils.checkpointing - INFO - Checkpoint saved: results/search_v9_single_sample_host/cv_results/fold_3/checkpoint_epoch_111_20260909_215855.pth
2026-09-09 21:58:58 - diana.utils.checkpointing - INFO - Checkpoint saved: results/search_v9_single_sample_host/cv_results/fold_3/checkpoint_epoch_112_20260909_215857.pth
2026-09-09 21:59:00 - diana.utils.checkpointing - INFO - Checkpoint saved: results/search_v9_single_sample_host/cv_results/fold_3/checkpoint_epoch_113_20260909_215859.pth
2026-09-09 21:59:02 - diana.utils.checkpointing - INFO - Checkpoint saved: results/search_v9_single_sample_host/cv_results/fold_3/checkpoint_epoch_114_20260909_215900.pth
2026-09-09 21:59:04 - diana.utils.checkpointing - INFO - Checkpoint saved: results/search_v9_single_sample_host/cv_results/fold_3/checkpoint_epoch_115_20260909_215902.pth
2026-09-09 21:59:05 - diana.utils.checkpointing - INFO - Checkpoint saved: results/search_v9_single_sample_host/cv_results/fold_3/checkpoint_epoch_116_20260909_215904.pth
2026-09-09 21:59:07 - diana.utils.checkpointing - INFO - Checkpoint saved: results/search_v9_single_sample_host/cv_results/fold_3/checkpoint_epoch_117_20260909_215906.pth
2026-09-09 21:59:09 - diana.utils.checkpointing - INFO - Checkpoint saved: results/search_v9_single_sample_host/cv_results/fold_3/checkpoint_epoch_118_20260909_215907.pth
2026-09-09 21:59:10 - diana.utils.checkpointing - INFO - Checkpoint saved: results/search_v9_single_sample_host/cv_results/fold_3/checkpoint_epoch_119_20260909_215909.pth
2026-09-09 21:59:12 - diana.utils.checkpointing - INFO - Checkpoint saved: results/search_v9_single_sample_host/cv_results/fold_3/checkpoint_epoch_120_20260909_215911.pth
2026-09-09 21:59:12 - __main__ - INFO - Epoch 120/200, Train Loss: 0.6027, Val Loss: 0.6221
2026-09-09 21:59:14 - diana.utils.checkpointing - INFO - Checkpoint saved: results/search_v9_single_sample_host/cv_results/fold_3/checkpoint_epoch_121_20260909_215913.pth
2026-09-09 21:59:16 - diana.utils.checkpointing - INFO - Checkpoint saved: results/search_v9_single_sample_host/cv_results/fold_3/checkpoint_epoch_122_20260909_215914.pth
2026-09-09 21:59:17 - diana.utils.checkpointing - INFO - Checkpoint saved: results/search_v9_single_sample_host/cv_results/fold_3/checkpoint_epoch_123_20260909_215916.pth
2026-09-09 21:59:19 - diana.utils.checkpointing - INFO - Checkpoint saved: results/search_v9_single_sample_host/cv_results/fold_3/checkpoint_epoch_124_20260909_215918.pth
2026-09-09 21:59:19 - __main__ - INFO - Early stopping triggered after 124 epochs (patience=20)
2026-09-09 21:59:19 - diana.utils.checkpointing - INFO - Loading checkpoint: results/search_v9_single_sample_host/cv_results/fold_3/best_model.pth
2026-09-09 21:59:20 - __main__ - INFO - Loaded best model from epoch 104 (val_loss: 0.6034)
2026-09-09 21:59:20 - __main__ - INFO - Evaluating on held-out test set...
2026-09-09 21:59:20 - __main__ - INFO - sample_host test metrics: {'n_scored': 407, 'accuracy': 0.8648648648648649, 'f1_weighted': 0.847528963100677, 'f1_macro': 0.19706874676407166, 'balanced_accuracy': 0.4}
2026-09-09 21:59:20 - diana.utils.checkpointing - INFO - Final model saved: results/search_v9_single_sample_host/cv_results/fold_3/final_model_20260909_215920.pth
2026-09-09 21:59:20 - __main__ - INFO - Final model saved to results/search_v9_single_sample_host/cv_results/fold_3/final_model_20260909_215920.pth
2026-09-09 21:59:20 - __main__ - INFO - Results saved to results/search_v9_single_sample_host/cv_results/fold_3/multitask_fold_3_results_20260909_173527.json
2026-09-09 21:59:20 - __main__ - INFO - ================================================================================
2026-09-09 21:59:20 - __main__ - INFO - ================================================================================
2026-09-09 21:59:20 - __main__ - INFO - === FOLD COMPLETE ===
2026-09-09 21:59:20 - __main__ - INFO - ================================================================================
2026-09-09 21:59:20 - __main__ - INFO - Results: {'sample_host': {'n_scored': 407, 'accuracy': 0.8648648648648649, 'f1_weighted': 0.847528963100677, 'f1_macro': 0.19706874676407166, 'balanced_accuracy': 0.4}}
