2026-06-04 18:20:41,267 - INFO - ======================================================================
2026-06-04 18:20:41,268 - INFO - TEST-SET BASELINE COMPARISON (BioProject-disjoint split)
2026-06-04 18:20:41,268 - INFO - ======================================================================
2026-06-04 18:20:41,268 - INFO - Date: 2026-06-04T18:20:41.268130
2026-06-04 18:20:41,268 - INFO - sklearn: 1.7.2
2026-06-04 18:20:41,268 - INFO - Loading full matrix from data/matrices/large_matrix_3070_with_frac/unitigs.frac.mat
2026-06-04 18:20:41,268 - INFO - Loading matrix from data/matrices/large_matrix_3070_with_frac/unitigs.frac.mat
2026-06-04 18:21:01,933 - INFO - Loaded 107480 features × 3070 samples (before transpose)
2026-06-04 18:21:01,933 - INFO - Transposed to 3070 samples × 107480 features
2026-06-04 18:21:01,935 - INFO - Reading sample IDs from data/matrices/large_matrix_3070_with_frac/kmer_matrix/kmtricks.fof
2026-06-04 18:21:01,936 - INFO - Sample IDs: ['ERR10114844', 'ERR10114845', 'ERR10114846']...
2026-06-04 18:21:02,172 - INFO -   Full matrix: 3070 samples x 107480 features
2026-06-04 18:21:02,173 - INFO - Slicing train split from data/splits_bioproject/train_metadata.tsv
2026-06-04 18:21:02,257 - INFO -   train: 2515 samples x 107480 features
2026-06-04 18:21:02,258 - INFO - Slicing test split from data/splits_bioproject/test_metadata.tsv
2026-06-04 18:21:02,275 - INFO -   test: 523 samples x 107480 features
2026-06-04 18:21:02,276 - INFO - Loading validation from per-sample abundance files in results/validation_predictions
2026-06-04 18:21:03,960 - INFO -   val: 360 samples x 107480 features
2026-06-04 18:21:03,966 - INFO - Data loaded in 22.7s
2026-06-04 18:21:03,968 - INFO -   sample_type: 2 classes — test n=523, val n=360
2026-06-04 18:21:03,969 - INFO -   community_type: 6 classes — test n=523, val n=360
2026-06-04 18:21:03,970 - INFO -   sample_host: 11 classes — test n=523, val n=360
2026-06-04 18:21:03,971 - INFO -   material: 17 classes — test n=523, val n=360
2026-06-04 18:21:03,973 - INFO - 
DIANA test-set metrics loaded from results/test_evaluation_bioproject/test_metrics.json
2026-06-04 18:21:03,973 - INFO - Computing bootstrap CI for DIANA test predictions...
2026-06-04 18:21:05,098 - INFO -   [sample_type] bal_acc 95% CI: [61.9, 79.0]
2026-06-04 18:21:06,273 - INFO -   [community_type] bal_acc 95% CI: [65.0, 81.0]
2026-06-04 18:21:07,473 - INFO -   [sample_host] bal_acc 95% CI: [69.9, 91.3]
2026-06-04 18:21:08,705 - INFO -   [material] bal_acc 95% CI: [46.6, 56.0]
2026-06-04 18:21:08,705 - INFO - Computing bootstrap CI for DIANA validation predictions...
2026-06-04 18:21:10,467 - INFO -   [sample_type] val bal_acc=73.0% CI [67.5, 78.5]
2026-06-04 18:21:11,569 - INFO -   [community_type] val bal_acc=75.4% CI [70.3, 80.3]
2026-06-04 18:21:12,676 - INFO -   [sample_host] val bal_acc=80.0% CI [73.9, 85.5]
2026-06-04 18:21:13,777 - INFO -   [material] val bal_acc=43.2% CI [35.7, 48.9]
2026-06-04 18:21:13,777 - INFO - 
────────────────────────────────────────────────────────────
2026-06-04 18:21:13,777 - INFO - Model: MajorityClass
2026-06-04 18:21:15,401 - INFO -   sample_type: test bal_acc=0.500 f1†=0.484  val bal_acc=0.500 f1†=0.437  (1.6s)
2026-06-04 18:21:17,144 - INFO -   community_type: test bal_acc=0.250 f1†=0.198  val bal_acc=0.250 f1†=0.200  (1.7s)
2026-06-04 18:21:18,906 - INFO -   sample_host: test bal_acc=0.200 f1†=0.146  val bal_acc=0.500 f1†=0.453  (1.8s)
2026-06-04 18:21:20,685 - INFO -   material: test bal_acc=0.125 f1†=0.062  val bal_acc=0.111 f1†=0.068  (1.8s)
2026-06-04 18:21:20,685 - INFO -   Total: 6.9s
2026-06-04 18:21:20,685 - INFO - 
────────────────────────────────────────────────────────────
2026-06-04 18:21:20,685 - INFO - Model: LogisticRegression
2026-06-04 18:21:34,224 - INFO -   sample_type: test bal_acc=0.631 f1†=0.677  val bal_acc=0.604 f1†=0.619  (13.5s)
2026-06-04 18:22:42,738 - INFO -   community_type: test bal_acc=0.793 f1†=0.678  val bal_acc=0.550 f1†=0.543  (68.5s)
2026-06-04 18:24:01,126 - INFO -   sample_host: test bal_acc=0.837 f1†=0.878  val bal_acc=0.595 f1†=0.686  (78.4s)
2026-06-04 18:26:08,066 - INFO -   material: test bal_acc=0.671 f1†=0.679  val bal_acc=0.219 f1†=0.247  (126.9s)
2026-06-04 18:26:08,067 - INFO -   Total: 287.4s
2026-06-04 18:26:08,067 - INFO - 
────────────────────────────────────────────────────────────
2026-06-04 18:26:08,067 - INFO - Model: LogisticRegression_Bal
2026-06-04 18:26:21,411 - INFO -   sample_type: test bal_acc=0.632 f1†=0.682  val bal_acc=0.598 f1†=0.611  (13.3s)
2026-06-04 18:27:23,293 - INFO -   community_type: test bal_acc=0.816 f1†=0.676  val bal_acc=0.545 f1†=0.536  (61.9s)
2026-06-04 18:28:34,685 - INFO -   sample_host: test bal_acc=0.836 f1†=0.825  val bal_acc=0.545 f1†=0.658  (71.4s)
2026-06-04 18:30:40,427 - INFO -   material: test bal_acc=0.632 f1†=0.622  val bal_acc=0.223 f1†=0.250  (125.7s)
2026-06-04 18:30:40,428 - INFO -   Total: 272.4s
2026-06-04 18:30:40,428 - INFO - 
────────────────────────────────────────────────────────────
2026-06-04 18:30:40,428 - INFO - Model: LinearSVM
2026-06-04 18:30:46,485 - INFO -   sample_type: test bal_acc=0.611 f1†=0.639  val bal_acc=0.525 f1†=0.523  (6.1s)
2026-06-04 18:31:04,989 - INFO -   community_type: test bal_acc=0.771 f1†=0.651  val bal_acc=0.528 f1†=0.504  (18.5s)
2026-06-04 18:31:14,901 - INFO -   sample_host: test bal_acc=0.819 f1†=0.796  val bal_acc=0.671 f1†=0.710  (9.9s)
2026-06-04 18:31:35,251 - INFO -   material: test bal_acc=0.551 f1†=0.562  val bal_acc=0.180 f1†=0.176  (20.3s)
2026-06-04 18:31:35,252 - INFO -   Total: 54.8s
2026-06-04 18:31:35,252 - INFO - 
────────────────────────────────────────────────────────────
2026-06-04 18:31:35,252 - INFO - Model: LinearSVM_Bal
2026-06-04 18:31:43,457 - INFO -   sample_type: test bal_acc=0.587 f1†=0.624  val bal_acc=0.529 f1†=0.519  (8.2s)
2026-06-04 18:32:04,599 - INFO -   community_type: test bal_acc=0.776 f1†=0.645  val bal_acc=0.539 f1†=0.517  (21.1s)
2026-06-04 18:32:18,872 - INFO -   sample_host: test bal_acc=0.836 f1†=0.824  val bal_acc=0.691 f1†=0.713  (14.3s)
2026-06-04 18:32:46,839 - INFO -   material: test bal_acc=0.548 f1†=0.561  val bal_acc=0.184 f1†=0.182  (28.0s)
2026-06-04 18:32:46,839 - INFO -   Total: 71.6s
2026-06-04 18:32:46,839 - INFO - 
────────────────────────────────────────────────────────────
2026-06-04 18:32:46,839 - INFO - Model: RidgeClassifier
2026-06-04 18:32:49,188 - INFO -   sample_type: test bal_acc=0.575 f1†=0.587  val bal_acc=0.559 f1†=0.554  (2.3s)
2026-06-04 18:32:51,672 - INFO -   community_type: test bal_acc=0.632 f1†=0.571  val bal_acc=0.447 f1†=0.416  (2.5s)
2026-06-04 18:32:54,445 - INFO -   sample_host: test bal_acc=0.646 f1†=0.702  val bal_acc=0.478 f1†=0.538  (2.8s)
2026-06-04 18:32:57,039 - INFO -   material: test bal_acc=0.485 f1†=0.483  val bal_acc=0.146 f1†=0.141  (2.6s)
2026-06-04 18:32:57,040 - INFO -   Total: 10.2s
2026-06-04 18:32:57,040 - INFO - 
────────────────────────────────────────────────────────────
2026-06-04 18:32:57,040 - INFO - Model: RandomForest
2026-06-04 18:32:59,232 - INFO -   sample_type: test bal_acc=0.634 f1†=0.692  val bal_acc=0.706 f1†=0.750  (2.2s)
2026-06-04 18:33:01,666 - INFO -   community_type: test bal_acc=0.729 f1†=0.647  val bal_acc=0.632 f1†=0.599  (2.4s)
2026-06-04 18:33:04,076 - INFO -   sample_host: test bal_acc=0.651 f1†=0.723  val bal_acc=0.820 f1†=0.766  (2.4s)
2026-06-04 18:33:06,654 - INFO -   material: test bal_acc=0.485 f1†=0.499  val bal_acc=0.390 f1†=0.318  (2.6s)
2026-06-04 18:33:06,654 - INFO -   Total: 9.6s
2026-06-04 18:33:06,654 - INFO - 
────────────────────────────────────────────────────────────
2026-06-04 18:33:06,654 - INFO - Model: RandomForest_Bal
2026-06-04 18:33:08,815 - INFO -   sample_type: test bal_acc=0.608 f1†=0.629  val bal_acc=0.673 f1†=0.714  (2.2s)
2026-06-04 18:33:11,243 - INFO -   community_type: test bal_acc=0.695 f1†=0.633  val bal_acc=0.619 f1†=0.565  (2.4s)
2026-06-04 18:33:13,850 - INFO -   sample_host: test bal_acc=0.580 f1†=0.619  val bal_acc=0.830 f1†=0.758  (2.6s)
2026-06-04 18:33:16,598 - INFO -   material: test bal_acc=0.453 f1†=0.458  val bal_acc=0.349 f1†=0.248  (2.7s)
2026-06-04 18:33:16,599 - INFO -   Total: 9.9s
2026-06-04 18:33:16,599 - INFO - 
────────────────────────────────────────────────────────────
2026-06-04 18:33:16,599 - INFO - Model: RidgeClassifier_Bal
2026-06-04 18:33:18,942 - INFO -   sample_type: test bal_acc=0.539 f1†=0.544  val bal_acc=0.491 f1†=0.485  (2.3s)
2026-06-04 18:33:21,421 - INFO -   community_type: test bal_acc=0.602 f1†=0.541  val bal_acc=0.522 f1†=0.478  (2.5s)
2026-06-04 18:33:24,171 - INFO -   sample_host: test bal_acc=0.652 f1†=0.697  val bal_acc=0.582 f1†=0.649  (2.7s)
2026-06-04 18:33:26,768 - INFO -   material: test bal_acc=0.485 f1†=0.491  val bal_acc=0.152 f1†=0.144  (2.6s)
2026-06-04 18:33:26,769 - INFO -   Total: 10.2s
2026-06-04 18:33:26,792 - INFO - 
Raw metrics saved to results/baseline_comparison_bioproject/metrics.json
2026-06-04 18:33:26,860 - INFO - 
======================================================================
2026-06-04 18:33:26,860 - INFO - SUMMARY — Balanced Accuracy  |  F1† (seen classes only)
2026-06-04 18:33:26,860 - INFO - ======================================================================
2026-06-04 18:33:26,860 - INFO - 
  [TEST]
2026-06-04 18:33:26,860 - INFO -   Model                            sample_type       community_type    sample_host       material        
2026-06-04 18:33:26,860 - INFO -   -------------------------------------------------------------------------------------------------------
2026-06-04 18:33:26,860 - INFO -   DIANA (multi-task MLP)           70.2% / 73.1%     73.5% / 63.1%     84.6% / 76.7%     51.5% / 44.4%   
2026-06-04 18:33:26,861 - INFO -   Majority Class                   50.0% / 48.4%     25.0% / 19.8%     20.0% / 14.6%     12.5% / 6.2%    
2026-06-04 18:33:26,862 - INFO -   Logistic Regression              63.1% / 67.7%     79.3% / 67.8%     83.7% / 87.8%     67.1% / 67.9%   
2026-06-04 18:33:26,862 - INFO -   Logistic Regression (Bal.)       63.2% / 68.2%     81.6% / 67.6%     83.6% / 82.5%     63.2% / 62.2%   
2026-06-04 18:33:26,863 - INFO -   Linear SVM                       61.1% / 63.9%     77.1% / 65.1%     81.9% / 79.6%     55.1% / 56.2%   
2026-06-04 18:33:26,863 - INFO -   Linear SVM (Bal.)                58.7% / 62.4%     77.6% / 64.5%     83.6% / 82.4%     54.8% / 56.1%   
2026-06-04 18:33:26,864 - INFO -   Ridge Classifier                 57.5% / 58.7%     63.2% / 57.1%     64.6% / 70.2%     48.5% / 48.3%   
2026-06-04 18:33:26,865 - INFO -   Random Forest                    63.4% / 69.2%     72.9% / 64.7%     65.1% / 72.3%     48.5% / 49.9%   
2026-06-04 18:33:26,865 - INFO -   Random Forest (Bal.)             60.8% / 62.9%     69.5% / 63.3%     58.0% / 61.9%     45.3% / 45.8%   
2026-06-04 18:33:26,866 - INFO -   Ridge Classifier (Bal.)          53.9% / 54.4%     60.2% / 54.1%     65.2% / 69.7%     48.5% / 49.1%   
2026-06-04 18:33:26,866 - INFO - 
  [VALIDATION]
2026-06-04 18:33:26,866 - INFO -   Model                            sample_type       community_type    sample_host       material        
2026-06-04 18:33:26,866 - INFO -   -------------------------------------------------------------------------------------------------------
2026-06-04 18:33:26,866 - INFO -   DIANA (multi-task MLP)           70.2% / 73.1%     73.5% / 63.1%     84.6% / 76.7%     51.5% / 44.4%   
2026-06-04 18:33:26,867 - INFO -   Majority Class                   50.0% / 43.7%     25.0% / 20.0%     50.0% / 45.3%     11.1% / 6.8%    
2026-06-04 18:33:26,868 - INFO -   Logistic Regression              60.4% / 61.9%     55.0% / 54.3%     59.5% / 68.6%     21.9% / 24.7%   
2026-06-04 18:33:26,868 - INFO -   Logistic Regression (Bal.)       59.8% / 61.1%     54.5% / 53.6%     54.5% / 65.8%     22.3% / 25.0%   
2026-06-04 18:33:26,869 - INFO -   Linear SVM                       52.5% / 52.3%     52.8% / 50.4%     67.1% / 71.0%     18.0% / 17.6%   
2026-06-04 18:33:26,869 - INFO -   Linear SVM (Bal.)                52.9% / 51.9%     53.9% / 51.7%     69.1% / 71.3%     18.4% / 18.2%   
2026-06-04 18:33:26,870 - INFO -   Ridge Classifier                 55.9% / 55.4%     44.7% / 41.6%     47.8% / 53.8%     14.6% / 14.1%   
2026-06-04 18:33:26,870 - INFO -   Random Forest                    70.6% / 75.0%     63.2% / 59.9%     82.0% / 76.6%     39.0% / 31.8%   
2026-06-04 18:33:26,871 - INFO -   Random Forest (Bal.)             67.3% / 71.4%     61.9% / 56.5%     83.0% / 75.8%     34.9% / 24.8%   
2026-06-04 18:33:26,872 - INFO -   Ridge Classifier (Bal.)          49.1% / 48.5%     52.2% / 47.8%     58.2% / 64.9%     15.2% / 14.4%   
2026-06-04 18:33:26,872 - INFO - 
Outputs in: results/baseline_comparison_bioproject/
2026-06-04 18:33:26,872 - INFO -   summary.csv  summary.tex  metrics.json  baseline_comparison.log
2026-06-04 18:33:26,872 - INFO - DONE
