2026-09-09 17:20:17 - root - INFO - Logging to file: results/search_v9_single_community_type/cv_results/fold_1/fold_1_training.log
2026-09-09 17:20:17 - __main__ - INFO - ================================================================================
2026-09-09 17:20:17 - __main__ - INFO - DIANA Multi-Task Hyperparameter Optimization
2026-09-09 17:20:17 - __main__ - INFO - ================================================================================
2026-09-09 17:20:17 - __main__ - INFO - Run config:   configs/train_config_v9_search_single_community_type.json
2026-09-09 17:20:17 - __main__ - INFO - Features:     data/matrices/matrix_v9_train/unitigs.frac.mat
2026-09-09 17:20:17 - __main__ - INFO - Metadata:     data/splits_v9/train_metadata.tsv
2026-09-09 17:20:17 - __main__ - INFO - Output dir:   results/search_v9_single_community_type
2026-09-09 17:20:17 - __main__ - INFO - Tasks:        ['community_type']
2026-09-09 17:20:17 - __main__ - INFO - Task types:   {'community_type': 'classification'}
2026-09-09 17:20:17 - __main__ - INFO - Fold:         1 / 5
2026-09-09 17:20:17 - __main__ - INFO - Trials:       100  Max epochs: 200  Patience: 20
2026-09-09 17:20:17 - __main__ - INFO - GPU:          True  Seed: 42
2026-09-09 17:20:17 - __main__ - INFO - Loading data from data/matrices/matrix_v9_train/unitigs.frac.mat
2026-09-09 17:20:17 - diana.data.loader - INFO - Loading matrix from data/matrices/matrix_v9_train/unitigs.frac.mat
2026-09-09 17:21:10 - diana.data.loader - INFO - Loaded 110202 features × 2716 samples (before transpose)
2026-09-09 17:21:10 - diana.data.loader - INFO - Transposed to 2716 samples × 110202 features
2026-09-09 17:21:10 - diana.data.loader - INFO - Reading sample IDs from data/matrices/matrix_v9_train/kmer_matrix/kmtricks.fof
2026-09-09 17:21:10 - diana.data.loader - INFO - Sample IDs: ['ERR10114844', 'ERR10114845', 'ERR10114846']...
2026-09-09 17:21:10 - diana.data.loader - INFO - Loading metadata from data/splits_v9/train_metadata.tsv
2026-09-09 17:21:10 - diana.data.loader - INFO - Metadata: 2716 rows × 15 columns
2026-09-09 17:21:10 - diana.data.loader - INFO - Metadata aligned to matrix sample order
2026-09-09 17:21:10 - __main__ - INFO - Loaded 2716 samples with 110202 features
2026-09-09 17:21:10 - __main__ - INFO - Loaded 2716 samples × 110202 features
2026-09-09 17:21:10 - __main__ - INFO - === FOLD 1/4 ===
2026-09-09 17:21:10 - __main__ - INFO - Output directory: results/search_v9_single_community_type/cv_results/fold_1
2026-09-09 17:21:10 - __main__ - INFO - Using device: cuda
2026-09-09 17:21:10 - __main__ - INFO - Class imbalance: logit adjustment, tau SEARCHED in [0.05, 0.8]
2026-09-09 17:21:10 - __main__ - INFO - community_type: 5 classes, 2073 labelled, 643 masked - ['gut', 'oral', 'plant tissue', 'skeletal tissue', 'soft tissue']...
2026-09-09 17:21:10 - __main__ - INFO - Grouping CV folds on 'archive_project': 68 groups over 2716 runs
2026-09-09 17:21:10 - __main__ - INFO - Outer fold 1 taken from data/splits_v9/dev_folds.tsv (5 dev folds)
2026-09-09 17:21:10 - __main__ - INFO - Train: 2417, Test: 299 (outer fold verified archive_project-disjoint)
2026-09-09 17:21:10 - __main__ - INFO - 3 inner folds verified archive_project-disjoint
2026-09-09 17:21:10 - __main__ - INFO - Starting Optuna optimization with 100 trials...
2026-09-09 17:21:10 - __main__ - INFO - Each trial will be evaluated on 3 inner CV folds
2026-09-09 17:21:11 - __main__ - INFO - community_type priors: [28, 1079, 43, 26, 0]
2026-09-09 17:23:18 - __main__ - INFO - community_type priors: [67, 1045, 11, 214, 11]
2026-09-09 17:24:23 - __main__ - INFO - community_type priors: [61, 950, 32, 188, 11]
2026-09-09 17:25:55 - __main__ - INFO - community_type priors: [28, 1079, 43, 26, 0]
2026-09-09 17:26:37 - __main__ - INFO - community_type priors: [67, 1045, 11, 214, 11]
2026-09-09 17:27:46 - __main__ - INFO - community_type priors: [61, 950, 32, 188, 11]
2026-09-09 17:28:24 - __main__ - INFO - community_type priors: [28, 1079, 43, 26, 0]
2026-09-09 17:29:05 - __main__ - INFO - community_type priors: [67, 1045, 11, 214, 11]
2026-09-09 17:29:55 - __main__ - INFO - community_type priors: [61, 950, 32, 188, 11]
2026-09-09 17:30:48 - __main__ - INFO - community_type priors: [28, 1079, 43, 26, 0]
2026-09-09 17:31:54 - __main__ - INFO - community_type priors: [67, 1045, 11, 214, 11]
2026-09-09 17:32:54 - __main__ - INFO - community_type priors: [61, 950, 32, 188, 11]
2026-09-09 17:33:59 - __main__ - INFO - community_type priors: [28, 1079, 43, 26, 0]
2026-09-09 17:34:48 - __main__ - INFO - community_type priors: [67, 1045, 11, 214, 11]
2026-09-09 17:35:46 - __main__ - INFO - community_type priors: [61, 950, 32, 188, 11]
2026-09-09 17:36:30 - __main__ - INFO - community_type priors: [28, 1079, 43, 26, 0]
2026-09-09 17:37:46 - __main__ - INFO - community_type priors: [67, 1045, 11, 214, 11]
2026-09-09 17:38:36 - __main__ - INFO - community_type priors: [61, 950, 32, 188, 11]
2026-09-09 17:39:20 - __main__ - INFO - community_type priors: [28, 1079, 43, 26, 0]
2026-09-09 17:40:18 - __main__ - INFO - community_type priors: [67, 1045, 11, 214, 11]
2026-09-09 17:40:54 - __main__ - INFO - community_type priors: [61, 950, 32, 188, 11]
2026-09-09 17:41:53 - __main__ - INFO - community_type priors: [28, 1079, 43, 26, 0]
2026-09-09 17:43:51 - __main__ - INFO - community_type priors: [67, 1045, 11, 214, 11]
2026-09-09 17:46:00 - __main__ - INFO - community_type priors: [61, 950, 32, 188, 11]
2026-09-09 17:47:53 - __main__ - INFO - community_type priors: [28, 1079, 43, 26, 0]
2026-09-09 17:49:04 - __main__ - INFO - community_type priors: [67, 1045, 11, 214, 11]
2026-09-09 17:49:41 - __main__ - INFO - community_type priors: [61, 950, 32, 188, 11]
2026-09-09 17:50:18 - __main__ - INFO - community_type priors: [28, 1079, 43, 26, 0]
2026-09-09 17:50:54 - __main__ - INFO - community_type priors: [67, 1045, 11, 214, 11]
2026-09-09 17:51:35 - __main__ - INFO - community_type priors: [61, 950, 32, 188, 11]
2026-09-09 17:52:13 - __main__ - INFO - community_type priors: [28, 1079, 43, 26, 0]
2026-09-09 17:52:39 - __main__ - INFO - community_type priors: [67, 1045, 11, 214, 11]
2026-09-09 17:53:07 - __main__ - INFO - community_type priors: [61, 950, 32, 188, 11]
2026-09-09 17:53:56 - __main__ - INFO - community_type priors: [28, 1079, 43, 26, 0]
2026-09-09 17:54:48 - __main__ - INFO - community_type priors: [67, 1045, 11, 214, 11]
2026-09-09 17:55:43 - __main__ - INFO - community_type priors: [61, 950, 32, 188, 11]
2026-09-09 17:56:31 - __main__ - INFO - community_type priors: [28, 1079, 43, 26, 0]
2026-09-09 17:57:30 - __main__ - INFO - community_type priors: [67, 1045, 11, 214, 11]
2026-09-09 17:58:27 - __main__ - INFO - community_type priors: [61, 950, 32, 188, 11]
2026-09-09 17:59:19 - __main__ - INFO - community_type priors: [28, 1079, 43, 26, 0]
2026-09-09 18:00:01 - __main__ - INFO - community_type priors: [67, 1045, 11, 214, 11]
2026-09-09 18:01:07 - __main__ - INFO - community_type priors: [61, 950, 32, 188, 11]
2026-09-09 18:01:55 - __main__ - INFO - community_type priors: [28, 1079, 43, 26, 0]
2026-09-09 18:03:03 - __main__ - INFO - community_type priors: [67, 1045, 11, 214, 11]
2026-09-09 18:04:10 - __main__ - INFO - community_type priors: [61, 950, 32, 188, 11]
2026-09-09 18:05:07 - __main__ - INFO - community_type priors: [28, 1079, 43, 26, 0]
2026-09-09 18:05:40 - __main__ - INFO - community_type priors: [67, 1045, 11, 214, 11]
2026-09-09 18:06:39 - __main__ - INFO - community_type priors: [61, 950, 32, 188, 11]
2026-09-09 18:07:48 - __main__ - INFO - community_type priors: [28, 1079, 43, 26, 0]
2026-09-09 18:08:17 - __main__ - INFO - community_type priors: [67, 1045, 11, 214, 11]
2026-09-09 18:08:58 - __main__ - INFO - community_type priors: [61, 950, 32, 188, 11]
2026-09-09 18:09:39 - __main__ - INFO - community_type priors: [28, 1079, 43, 26, 0]
2026-09-09 18:10:38 - __main__ - INFO - community_type priors: [67, 1045, 11, 214, 11]
2026-09-09 18:11:20 - __main__ - INFO - community_type priors: [61, 950, 32, 188, 11]
2026-09-09 18:12:17 - __main__ - INFO - community_type priors: [28, 1079, 43, 26, 0]
2026-09-09 18:13:13 - __main__ - INFO - community_type priors: [67, 1045, 11, 214, 11]
2026-09-09 18:14:01 - __main__ - INFO - community_type priors: [61, 950, 32, 188, 11]
2026-09-09 18:14:53 - __main__ - INFO - community_type priors: [28, 1079, 43, 26, 0]
2026-09-09 18:16:05 - __main__ - INFO - community_type priors: [67, 1045, 11, 214, 11]
2026-09-09 18:17:12 - __main__ - INFO - community_type priors: [61, 950, 32, 188, 11]
2026-09-09 18:17:41 - __main__ - INFO - community_type priors: [28, 1079, 43, 26, 0]
2026-09-09 18:18:26 - __main__ - INFO - community_type priors: [67, 1045, 11, 214, 11]
2026-09-09 18:18:55 - __main__ - INFO - community_type priors: [61, 950, 32, 188, 11]
2026-09-09 18:19:42 - __main__ - INFO - community_type priors: [28, 1079, 43, 26, 0]
2026-09-09 18:20:27 - __main__ - INFO - community_type priors: [67, 1045, 11, 214, 11]
2026-09-09 18:21:33 - __main__ - INFO - community_type priors: [61, 950, 32, 188, 11]
2026-09-09 18:22:36 - __main__ - INFO - community_type priors: [28, 1079, 43, 26, 0]
2026-09-09 18:23:14 - __main__ - INFO - community_type priors: [67, 1045, 11, 214, 11]
2026-09-09 18:24:05 - __main__ - INFO - community_type priors: [61, 950, 32, 188, 11]
2026-09-09 18:24:52 - __main__ - INFO - community_type priors: [28, 1079, 43, 26, 0]
2026-09-09 18:25:39 - __main__ - INFO - community_type priors: [67, 1045, 11, 214, 11]
2026-09-09 18:26:39 - __main__ - INFO - community_type priors: [61, 950, 32, 188, 11]
2026-09-09 18:27:20 - __main__ - INFO - community_type priors: [28, 1079, 43, 26, 0]
2026-09-09 18:28:21 - __main__ - INFO - community_type priors: [67, 1045, 11, 214, 11]
2026-09-09 18:29:30 - __main__ - INFO - community_type priors: [61, 950, 32, 188, 11]
2026-09-09 18:30:33 - __main__ - INFO - community_type priors: [28, 1079, 43, 26, 0]
2026-09-09 18:31:49 - __main__ - INFO - community_type priors: [67, 1045, 11, 214, 11]
2026-09-09 18:32:48 - __main__ - INFO - community_type priors: [61, 950, 32, 188, 11]
2026-09-09 18:33:48 - __main__ - INFO - community_type priors: [28, 1079, 43, 26, 0]
2026-09-09 18:34:24 - __main__ - INFO - community_type priors: [67, 1045, 11, 214, 11]
2026-09-09 18:35:34 - __main__ - INFO - community_type priors: [61, 950, 32, 188, 11]
2026-09-09 18:36:27 - __main__ - INFO - community_type priors: [28, 1079, 43, 26, 0]
2026-09-09 18:37:19 - __main__ - INFO - community_type priors: [67, 1045, 11, 214, 11]
2026-09-09 18:38:11 - __main__ - INFO - community_type priors: [61, 950, 32, 188, 11]
2026-09-09 18:39:09 - __main__ - INFO - community_type priors: [28, 1079, 43, 26, 0]
2026-09-09 18:39:43 - __main__ - INFO - community_type priors: [67, 1045, 11, 214, 11]
2026-09-09 18:40:15 - __main__ - INFO - community_type priors: [61, 950, 32, 188, 11]
2026-09-09 18:40:53 - __main__ - INFO - community_type priors: [28, 1079, 43, 26, 0]
2026-09-09 18:41:48 - __main__ - INFO - community_type priors: [67, 1045, 11, 214, 11]
2026-09-09 18:42:48 - __main__ - INFO - community_type priors: [61, 950, 32, 188, 11]
2026-09-09 18:44:37 - __main__ - INFO - community_type priors: [28, 1079, 43, 26, 0]
2026-09-09 18:45:27 - __main__ - INFO - community_type priors: [67, 1045, 11, 214, 11]
2026-09-09 18:46:35 - __main__ - INFO - community_type priors: [61, 950, 32, 188, 11]
2026-09-09 18:47:28 - __main__ - INFO - community_type priors: [28, 1079, 43, 26, 0]
2026-09-09 18:48:31 - __main__ - INFO - community_type priors: [67, 1045, 11, 214, 11]
2026-09-09 18:49:29 - __main__ - INFO - community_type priors: [61, 950, 32, 188, 11]
2026-09-09 18:50:31 - __main__ - INFO - community_type priors: [28, 1079, 43, 26, 0]
2026-09-09 18:51:31 - __main__ - INFO - community_type priors: [67, 1045, 11, 214, 11]
2026-09-09 18:52:30 - __main__ - INFO - community_type priors: [61, 950, 32, 188, 11]
2026-09-09 18:53:15 - __main__ - INFO - community_type priors: [28, 1079, 43, 26, 0]
2026-09-09 18:54:05 - __main__ - INFO - community_type priors: [67, 1045, 11, 214, 11]
2026-09-09 18:55:06 - __main__ - INFO - community_type priors: [61, 950, 32, 188, 11]
2026-09-09 18:56:11 - __main__ - INFO - community_type priors: [28, 1079, 43, 26, 0]
2026-09-09 18:57:02 - __main__ - INFO - community_type priors: [67, 1045, 11, 214, 11]
2026-09-09 18:57:58 - __main__ - INFO - community_type priors: [61, 950, 32, 188, 11]
2026-09-09 18:58:46 - __main__ - INFO - community_type priors: [28, 1079, 43, 26, 0]
2026-09-09 18:59:50 - __main__ - INFO - community_type priors: [67, 1045, 11, 214, 11]
2026-09-09 19:00:55 - __main__ - INFO - community_type priors: [61, 950, 32, 188, 11]
2026-09-09 19:02:00 - __main__ - INFO - community_type priors: [28, 1079, 43, 26, 0]
2026-09-09 19:03:05 - __main__ - INFO - community_type priors: [67, 1045, 11, 214, 11]
2026-09-09 19:03:47 - __main__ - INFO - community_type priors: [61, 950, 32, 188, 11]
2026-09-09 19:04:44 - __main__ - INFO - community_type priors: [28, 1079, 43, 26, 0]
2026-09-09 19:05:47 - __main__ - INFO - community_type priors: [67, 1045, 11, 214, 11]
2026-09-09 19:07:06 - __main__ - INFO - community_type priors: [61, 950, 32, 188, 11]
2026-09-09 19:08:26 - __main__ - INFO - community_type priors: [28, 1079, 43, 26, 0]
2026-09-09 19:09:21 - __main__ - INFO - community_type priors: [67, 1045, 11, 214, 11]
2026-09-09 19:10:08 - __main__ - INFO - community_type priors: [61, 950, 32, 188, 11]
2026-09-09 19:10:55 - __main__ - INFO - community_type priors: [28, 1079, 43, 26, 0]
2026-09-09 19:11:50 - __main__ - INFO - community_type priors: [67, 1045, 11, 214, 11]
2026-09-09 19:12:47 - __main__ - INFO - community_type priors: [61, 950, 32, 188, 11]
2026-09-09 19:13:33 - __main__ - INFO - community_type priors: [28, 1079, 43, 26, 0]
2026-09-09 19:14:53 - __main__ - INFO - community_type priors: [67, 1045, 11, 214, 11]
2026-09-09 19:15:59 - __main__ - INFO - community_type priors: [61, 950, 32, 188, 11]
2026-09-09 19:16:56 - __main__ - INFO - community_type priors: [28, 1079, 43, 26, 0]
2026-09-09 19:18:03 - __main__ - INFO - community_type priors: [67, 1045, 11, 214, 11]
2026-09-09 19:18:46 - __main__ - INFO - community_type priors: [61, 950, 32, 188, 11]
2026-09-09 19:19:59 - __main__ - INFO - community_type priors: [28, 1079, 43, 26, 0]
2026-09-09 19:20:38 - __main__ - INFO - community_type priors: [67, 1045, 11, 214, 11]
2026-09-09 19:21:28 - __main__ - INFO - community_type priors: [61, 950, 32, 188, 11]
2026-09-09 19:22:09 - __main__ - INFO - community_type priors: [28, 1079, 43, 26, 0]
2026-09-09 19:23:13 - __main__ - INFO - community_type priors: [67, 1045, 11, 214, 11]
2026-09-09 19:23:54 - __main__ - INFO - community_type priors: [61, 950, 32, 188, 11]
2026-09-09 19:24:37 - __main__ - INFO - community_type priors: [28, 1079, 43, 26, 0]
2026-09-09 19:25:19 - __main__ - INFO - community_type priors: [67, 1045, 11, 214, 11]
2026-09-09 19:26:08 - __main__ - INFO - community_type priors: [61, 950, 32, 188, 11]
2026-09-09 19:26:55 - __main__ - INFO - community_type priors: [28, 1079, 43, 26, 0]
2026-09-09 19:28:09 - __main__ - INFO - community_type priors: [67, 1045, 11, 214, 11]
2026-09-09 19:29:07 - __main__ - INFO - community_type priors: [61, 950, 32, 188, 11]
2026-09-09 19:29:47 - __main__ - INFO - community_type priors: [28, 1079, 43, 26, 0]
2026-09-09 19:30:19 - __main__ - INFO - community_type priors: [67, 1045, 11, 214, 11]
2026-09-09 19:31:19 - __main__ - INFO - community_type priors: [61, 950, 32, 188, 11]
2026-09-09 19:32:04 - __main__ - INFO - community_type priors: [28, 1079, 43, 26, 0]
2026-09-09 19:33:10 - __main__ - INFO - community_type priors: [67, 1045, 11, 214, 11]
2026-09-09 19:33:50 - __main__ - INFO - community_type priors: [61, 950, 32, 188, 11]
2026-09-09 19:35:02 - __main__ - INFO - community_type priors: [28, 1079, 43, 26, 0]
2026-09-09 19:35:53 - __main__ - INFO - community_type priors: [67, 1045, 11, 214, 11]
2026-09-09 19:37:03 - __main__ - INFO - community_type priors: [61, 950, 32, 188, 11]
2026-09-09 19:38:07 - __main__ - INFO - community_type priors: [28, 1079, 43, 26, 0]
2026-09-09 19:39:03 - __main__ - INFO - community_type priors: [67, 1045, 11, 214, 11]
2026-09-09 19:39:59 - __main__ - INFO - community_type priors: [61, 950, 32, 188, 11]
2026-09-09 19:40:37 - __main__ - INFO - community_type priors: [28, 1079, 43, 26, 0]
2026-09-09 19:41:50 - __main__ - INFO - community_type priors: [67, 1045, 11, 214, 11]
2026-09-09 19:43:00 - __main__ - INFO - community_type priors: [61, 950, 32, 188, 11]
2026-09-09 19:44:13 - __main__ - INFO - community_type priors: [28, 1079, 43, 26, 0]
2026-09-09 19:45:05 - __main__ - INFO - community_type priors: [67, 1045, 11, 214, 11]
2026-09-09 19:46:17 - __main__ - INFO - community_type priors: [61, 950, 32, 188, 11]
2026-09-09 19:47:31 - __main__ - INFO - community_type priors: [28, 1079, 43, 26, 0]
2026-09-09 19:48:41 - __main__ - INFO - community_type priors: [67, 1045, 11, 214, 11]
2026-09-09 19:49:57 - __main__ - INFO - community_type priors: [61, 950, 32, 188, 11]
2026-09-09 19:51:11 - __main__ - INFO - community_type priors: [28, 1079, 43, 26, 0]
2026-09-09 19:52:14 - __main__ - INFO - community_type priors: [67, 1045, 11, 214, 11]
2026-09-09 19:53:21 - __main__ - INFO - community_type priors: [61, 950, 32, 188, 11]
2026-09-09 19:54:22 - __main__ - INFO - community_type priors: [28, 1079, 43, 26, 0]
2026-09-09 19:55:32 - __main__ - INFO - community_type priors: [67, 1045, 11, 214, 11]
2026-09-09 19:56:41 - __main__ - INFO - community_type priors: [61, 950, 32, 188, 11]
2026-09-09 19:57:43 - __main__ - INFO - community_type priors: [28, 1079, 43, 26, 0]
2026-09-09 19:58:51 - __main__ - INFO - community_type priors: [67, 1045, 11, 214, 11]
2026-09-09 19:59:32 - __main__ - INFO - community_type priors: [61, 950, 32, 188, 11]
2026-09-09 20:00:50 - __main__ - INFO - community_type priors: [28, 1079, 43, 26, 0]
2026-09-09 20:01:46 - __main__ - INFO - community_type priors: [67, 1045, 11, 214, 11]
2026-09-09 20:02:51 - __main__ - INFO - community_type priors: [61, 950, 32, 188, 11]
2026-09-09 20:03:55 - __main__ - INFO - community_type priors: [28, 1079, 43, 26, 0]
2026-09-09 20:04:55 - __main__ - INFO - community_type priors: [67, 1045, 11, 214, 11]
2026-09-09 20:06:08 - __main__ - INFO - community_type priors: [61, 950, 32, 188, 11]
2026-09-09 20:07:17 - __main__ - INFO - community_type priors: [28, 1079, 43, 26, 0]
2026-09-09 20:08:25 - __main__ - INFO - community_type priors: [67, 1045, 11, 214, 11]
2026-09-09 20:09:31 - __main__ - INFO - community_type priors: [61, 950, 32, 188, 11]
2026-09-09 20:10:40 - __main__ - INFO - community_type priors: [28, 1079, 43, 26, 0]
2026-09-09 20:11:49 - __main__ - INFO - community_type priors: [67, 1045, 11, 214, 11]
2026-09-09 20:13:04 - __main__ - INFO - community_type priors: [61, 950, 32, 188, 11]
2026-09-09 20:13:56 - __main__ - INFO - community_type priors: [28, 1079, 43, 26, 0]
2026-09-09 20:14:38 - __main__ - INFO - community_type priors: [67, 1045, 11, 214, 11]
2026-09-09 20:15:50 - __main__ - INFO - community_type priors: [61, 950, 32, 188, 11]
2026-09-09 20:17:01 - __main__ - INFO - community_type priors: [28, 1079, 43, 26, 0]
2026-09-09 20:17:49 - __main__ - INFO - community_type priors: [67, 1045, 11, 214, 11]
2026-09-09 20:19:04 - __main__ - INFO - community_type priors: [61, 950, 32, 188, 11]
2026-09-09 20:20:16 - __main__ - INFO - community_type priors: [28, 1079, 43, 26, 0]
2026-09-09 20:21:32 - __main__ - INFO - community_type priors: [67, 1045, 11, 214, 11]
2026-09-09 20:22:34 - __main__ - INFO - community_type priors: [61, 950, 32, 188, 11]
2026-09-09 20:23:47 - __main__ - INFO - community_type priors: [28, 1079, 43, 26, 0]
2026-09-09 20:25:02 - __main__ - INFO - community_type priors: [67, 1045, 11, 214, 11]
2026-09-09 20:26:17 - __main__ - INFO - community_type priors: [61, 950, 32, 188, 11]
2026-09-09 20:27:32 - __main__ - INFO - community_type priors: [28, 1079, 43, 26, 0]
2026-09-09 20:28:31 - __main__ - INFO - community_type priors: [67, 1045, 11, 214, 11]
2026-09-09 20:29:09 - __main__ - INFO - community_type priors: [61, 950, 32, 188, 11]
2026-09-09 20:30:25 - __main__ - INFO - community_type priors: [28, 1079, 43, 26, 0]
2026-09-09 20:31:36 - __main__ - INFO - community_type priors: [67, 1045, 11, 214, 11]
2026-09-09 20:32:35 - __main__ - INFO - community_type priors: [61, 950, 32, 188, 11]
2026-09-09 20:33:45 - __main__ - INFO - community_type priors: [28, 1079, 43, 26, 0]
2026-09-09 20:34:52 - __main__ - INFO - community_type priors: [67, 1045, 11, 214, 11]
2026-09-09 20:35:31 - __main__ - INFO - community_type priors: [61, 950, 32, 188, 11]
2026-09-09 20:36:41 - __main__ - INFO - community_type priors: [28, 1079, 43, 26, 0]
2026-09-09 20:37:52 - __main__ - INFO - community_type priors: [67, 1045, 11, 214, 11]
2026-09-09 20:38:31 - __main__ - INFO - community_type priors: [61, 950, 32, 188, 11]
2026-09-09 20:39:38 - __main__ - INFO - community_type priors: [28, 1079, 43, 26, 0]
2026-09-09 20:40:38 - __main__ - INFO - community_type priors: [67, 1045, 11, 214, 11]
2026-09-09 20:41:47 - __main__ - INFO - community_type priors: [61, 950, 32, 188, 11]
2026-09-09 20:42:52 - __main__ - INFO - community_type priors: [28, 1079, 43, 26, 0]
2026-09-09 20:43:57 - __main__ - INFO - community_type priors: [67, 1045, 11, 214, 11]
2026-09-09 20:44:59 - __main__ - INFO - community_type priors: [61, 950, 32, 188, 11]
2026-09-09 20:45:45 - __main__ - INFO - community_type priors: [28, 1079, 43, 26, 0]
2026-09-09 20:46:55 - __main__ - INFO - community_type priors: [67, 1045, 11, 214, 11]
2026-09-09 20:48:06 - __main__ - INFO - community_type priors: [61, 950, 32, 188, 11]
2026-09-09 20:49:16 - __main__ - INFO - community_type priors: [28, 1079, 43, 26, 0]
2026-09-09 20:50:24 - __main__ - INFO - community_type priors: [67, 1045, 11, 214, 11]
2026-09-09 20:51:23 - __main__ - INFO - community_type priors: [61, 950, 32, 188, 11]
2026-09-09 20:52:33 - __main__ - INFO - community_type priors: [28, 1079, 43, 26, 0]
2026-09-09 20:53:46 - __main__ - INFO - community_type priors: [67, 1045, 11, 214, 11]
2026-09-09 20:54:26 - __main__ - INFO - community_type priors: [61, 950, 32, 188, 11]
2026-09-09 20:55:28 - __main__ - INFO - community_type priors: [28, 1079, 43, 26, 0]
2026-09-09 20:56:35 - __main__ - INFO - community_type priors: [67, 1045, 11, 214, 11]
2026-09-09 20:57:43 - __main__ - INFO - community_type priors: [61, 950, 32, 188, 11]
2026-09-09 20:58:53 - __main__ - INFO - community_type priors: [28, 1079, 43, 26, 0]
2026-09-09 20:59:42 - __main__ - INFO - community_type priors: [67, 1045, 11, 214, 11]
2026-09-09 21:00:46 - __main__ - INFO - community_type priors: [61, 950, 32, 188, 11]
2026-09-09 21:01:51 - __main__ - INFO - community_type priors: [28, 1079, 43, 26, 0]
2026-09-09 21:02:50 - __main__ - INFO - community_type priors: [67, 1045, 11, 214, 11]
2026-09-09 21:03:53 - __main__ - INFO - community_type priors: [61, 950, 32, 188, 11]
2026-09-09 21:04:56 - __main__ - INFO - community_type priors: [28, 1079, 43, 26, 0]
2026-09-09 21:05:59 - __main__ - INFO - community_type priors: [67, 1045, 11, 214, 11]
2026-09-09 21:07:01 - __main__ - INFO - community_type priors: [61, 950, 32, 188, 11]
2026-09-09 21:08:01 - __main__ - INFO - community_type priors: [28, 1079, 43, 26, 0]
2026-09-09 21:09:00 - __main__ - INFO - community_type priors: [67, 1045, 11, 214, 11]
2026-09-09 21:09:57 - __main__ - INFO - community_type priors: [61, 950, 32, 188, 11]
2026-09-09 21:10:33 - __main__ - INFO - community_type priors: [28, 1079, 43, 26, 0]
2026-09-09 21:11:31 - __main__ - INFO - community_type priors: [67, 1045, 11, 214, 11]
2026-09-09 21:12:29 - __main__ - INFO - community_type priors: [61, 950, 32, 188, 11]
2026-09-09 21:13:18 - __main__ - INFO - community_type priors: [28, 1079, 43, 26, 0]
2026-09-09 21:13:45 - __main__ - INFO - community_type priors: [67, 1045, 11, 214, 11]
2026-09-09 21:14:14 - __main__ - INFO - community_type priors: [61, 950, 32, 188, 11]
2026-09-09 21:14:49 - __main__ - INFO - community_type priors: [28, 1079, 43, 26, 0]
2026-09-09 21:15:46 - __main__ - INFO - community_type priors: [67, 1045, 11, 214, 11]
2026-09-09 21:16:42 - __main__ - INFO - community_type priors: [61, 950, 32, 188, 11]
2026-09-09 21:17:40 - __main__ - INFO - community_type priors: [28, 1079, 43, 26, 0]
2026-09-09 21:18:36 - __main__ - INFO - community_type priors: [67, 1045, 11, 214, 11]
2026-09-09 21:19:28 - __main__ - INFO - community_type priors: [61, 950, 32, 188, 11]
2026-09-09 21:20:25 - __main__ - INFO - community_type priors: [28, 1079, 43, 26, 0]
2026-09-09 21:21:21 - __main__ - INFO - community_type priors: [67, 1045, 11, 214, 11]
2026-09-09 21:22:17 - __main__ - INFO - community_type priors: [61, 950, 32, 188, 11]
2026-09-09 21:23:13 - __main__ - INFO - community_type priors: [28, 1079, 43, 26, 0]
2026-09-09 21:24:16 - __main__ - INFO - community_type priors: [67, 1045, 11, 214, 11]
2026-09-09 21:25:19 - __main__ - INFO - community_type priors: [61, 950, 32, 188, 11]
2026-09-09 21:26:25 - __main__ - INFO - community_type priors: [28, 1079, 43, 26, 0]
2026-09-09 21:27:16 - __main__ - INFO - community_type priors: [67, 1045, 11, 214, 11]
2026-09-09 21:28:05 - __main__ - INFO - community_type priors: [61, 950, 32, 188, 11]
2026-09-09 21:28:44 - __main__ - INFO - community_type priors: [28, 1079, 43, 26, 0]
2026-09-09 21:29:26 - __main__ - INFO - community_type priors: [67, 1045, 11, 214, 11]
2026-09-09 21:30:03 - __main__ - INFO - community_type priors: [61, 950, 32, 188, 11]
2026-09-09 21:30:51 - __main__ - INFO - community_type priors: [28, 1079, 43, 26, 0]
2026-09-09 21:31:21 - __main__ - INFO - community_type priors: [67, 1045, 11, 214, 11]
2026-09-09 21:32:12 - __main__ - INFO - community_type priors: [61, 950, 32, 188, 11]
2026-09-09 21:33:04 - __main__ - INFO - community_type priors: [28, 1079, 43, 26, 0]
2026-09-09 21:33:55 - __main__ - INFO - community_type priors: [67, 1045, 11, 214, 11]
2026-09-09 21:34:47 - __main__ - INFO - community_type priors: [61, 950, 32, 188, 11]
2026-09-09 21:35:20 - __main__ - INFO - community_type priors: [28, 1079, 43, 26, 0]
2026-09-09 21:36:15 - __main__ - INFO - community_type priors: [67, 1045, 11, 214, 11]
2026-09-09 21:37:12 - __main__ - INFO - community_type priors: [61, 950, 32, 188, 11]
2026-09-09 21:38:01 - __main__ - INFO - community_type priors: [28, 1079, 43, 26, 0]
2026-09-09 21:39:02 - __main__ - INFO - community_type priors: [67, 1045, 11, 214, 11]
2026-09-09 21:39:34 - __main__ - INFO - community_type priors: [61, 950, 32, 188, 11]
2026-09-09 21:40:37 - __main__ - INFO - community_type priors: [28, 1079, 43, 26, 0]
2026-09-09 21:41:28 - __main__ - INFO - community_type priors: [67, 1045, 11, 214, 11]
2026-09-09 21:42:19 - __main__ - INFO - community_type priors: [61, 950, 32, 188, 11]
2026-09-09 21:43:12 - __main__ - INFO - community_type priors: [28, 1079, 43, 26, 0]
2026-09-09 21:44:07 - __main__ - INFO - community_type priors: [67, 1045, 11, 214, 11]
2026-09-09 21:44:53 - __main__ - INFO - community_type priors: [61, 950, 32, 188, 11]
2026-09-09 21:45:46 - __main__ - INFO - community_type priors: [28, 1079, 43, 26, 0]
2026-09-09 21:46:41 - __main__ - INFO - community_type priors: [67, 1045, 11, 214, 11]
2026-09-09 21:47:36 - __main__ - INFO - community_type priors: [61, 950, 32, 188, 11]
2026-09-09 21:48:12 - __main__ - INFO - community_type priors: [28, 1079, 43, 26, 0]
2026-09-09 21:49:06 - __main__ - INFO - community_type priors: [67, 1045, 11, 214, 11]
2026-09-09 21:49:59 - __main__ - INFO - community_type priors: [61, 950, 32, 188, 11]
2026-09-09 21:50:54 - __main__ - INFO - community_type priors: [28, 1079, 43, 26, 0]
2026-09-09 21:51:37 - __main__ - INFO - community_type priors: [67, 1045, 11, 214, 11]
2026-09-09 21:52:32 - __main__ - INFO - community_type priors: [61, 950, 32, 188, 11]
2026-09-09 21:53:29 - __main__ - INFO - community_type priors: [28, 1079, 43, 26, 0]
2026-09-09 21:54:13 - __main__ - INFO - community_type priors: [67, 1045, 11, 214, 11]
2026-09-09 21:54:58 - __main__ - INFO - community_type priors: [61, 950, 32, 188, 11]
2026-09-09 21:55:43 - __main__ - INFO - community_type priors: [28, 1079, 43, 26, 0]
2026-09-09 21:56:14 - __main__ - INFO - community_type priors: [67, 1045, 11, 214, 11]
2026-09-09 21:57:05 - __main__ - INFO - community_type priors: [61, 950, 32, 188, 11]
2026-09-09 21:57:56 - __main__ - INFO - community_type priors: [28, 1079, 43, 26, 0]
2026-09-09 21:58:52 - __main__ - INFO - community_type priors: [67, 1045, 11, 214, 11]
2026-09-09 21:59:44 - __main__ - INFO - community_type priors: [61, 950, 32, 188, 11]
2026-09-09 22:00:46 - __main__ - INFO - community_type priors: [28, 1079, 43, 26, 0]
2026-09-09 22:01:43 - __main__ - INFO - community_type priors: [67, 1045, 11, 214, 11]
2026-09-09 22:02:17 - __main__ - INFO - community_type priors: [61, 950, 32, 188, 11]
2026-09-09 22:03:23 - __main__ - INFO - community_type priors: [28, 1079, 43, 26, 0]
2026-09-09 22:04:22 - __main__ - INFO - community_type priors: [67, 1045, 11, 214, 11]
2026-09-09 22:05:19 - __main__ - INFO - community_type priors: [61, 950, 32, 188, 11]
2026-09-09 22:06:19 - __main__ - INFO - Best hyperparameters (averaged over 3 folds): {'n_layers': 3, 'hidden_dim_0': 320, 'hidden_dim_1': 512, 'hidden_dim_2': 512, 'dropout': 0.35838161817087877, 'learning_rate': 0.004333755902713958, 'weight_decay': 1.447378871062543e-06, 'batch_size': 64, 'use_batch_norm': True, 'activation': 'leaky_relu', 'logit_adjust_tau': 0.2892629067630702, 'ls_community_type': 0.08883204726477059, 'task_weight_community_type': 1.0}
2026-09-09 22:06:19 - __main__ - INFO - Best CV score: 0.5337
2026-09-09 22:06:19 - __main__ - INFO - Training final model with proper train/val split...
2026-09-09 22:06:19 - __main__ - INFO - Final training split: 2175 train, 242 validation, 299 test
2026-09-09 22:06:19 - __main__ - INFO - community_type priors: [78, 1537, 43, 214, 11]
2026-09-09 22:06:19 - diana.utils.checkpointing - INFO - CheckpointManager initialized: results/search_v9_single_community_type/cv_results/fold_1
2026-09-09 22:06:20 - diana.utils.checkpointing - INFO - Checkpoint saved: results/search_v9_single_community_type/cv_results/fold_1/checkpoint_epoch_1_20260909_220620.pth
2026-09-09 22:06:21 - diana.utils.checkpointing - INFO - New best model saved: results/search_v9_single_community_type/cv_results/fold_1/best_model.pth (val_loss: 0.7012)
2026-09-09 22:06:23 - diana.utils.checkpointing - INFO - Checkpoint saved: results/search_v9_single_community_type/cv_results/fold_1/checkpoint_epoch_2_20260909_220622.pth
2026-09-09 22:06:24 - diana.utils.checkpointing - INFO - New best model saved: results/search_v9_single_community_type/cv_results/fold_1/best_model.pth (val_loss: 0.6973)
2026-09-09 22:06:25 - diana.utils.checkpointing - INFO - Checkpoint saved: results/search_v9_single_community_type/cv_results/fold_1/checkpoint_epoch_3_20260909_220624.pth
2026-09-09 22:06:26 - diana.utils.checkpointing - INFO - New best model saved: results/search_v9_single_community_type/cv_results/fold_1/best_model.pth (val_loss: 0.6389)
2026-09-09 22:06:28 - diana.utils.checkpointing - INFO - Checkpoint saved: results/search_v9_single_community_type/cv_results/fold_1/checkpoint_epoch_4_20260909_220627.pth
2026-09-09 22:06:30 - diana.utils.checkpointing - INFO - Checkpoint saved: results/search_v9_single_community_type/cv_results/fold_1/checkpoint_epoch_5_20260909_220628.pth
2026-09-09 22:06:31 - diana.utils.checkpointing - INFO - Checkpoint saved: results/search_v9_single_community_type/cv_results/fold_1/checkpoint_epoch_6_20260909_220630.pth
2026-09-09 22:06:32 - diana.utils.checkpointing - INFO - Checkpoint saved: results/search_v9_single_community_type/cv_results/fold_1/checkpoint_epoch_7_20260909_220632.pth
2026-09-09 22:06:33 - diana.utils.checkpointing - INFO - New best model saved: results/search_v9_single_community_type/cv_results/fold_1/best_model.pth (val_loss: 0.6277)
2026-09-09 22:06:35 - diana.utils.checkpointing - INFO - Checkpoint saved: results/search_v9_single_community_type/cv_results/fold_1/checkpoint_epoch_8_20260909_220634.pth
2026-09-09 22:06:36 - diana.utils.checkpointing - INFO - Checkpoint saved: results/search_v9_single_community_type/cv_results/fold_1/checkpoint_epoch_9_20260909_220635.pth
2026-09-09 22:06:37 - diana.utils.checkpointing - INFO - New best model saved: results/search_v9_single_community_type/cv_results/fold_1/best_model.pth (val_loss: 0.6160)
2026-09-09 22:06:39 - diana.utils.checkpointing - INFO - Checkpoint saved: results/search_v9_single_community_type/cv_results/fold_1/checkpoint_epoch_10_20260909_220638.pth
2026-09-09 22:06:40 - diana.utils.checkpointing - INFO - New best model saved: results/search_v9_single_community_type/cv_results/fold_1/best_model.pth (val_loss: 0.6073)
2026-09-09 22:06:41 - diana.utils.checkpointing - INFO - Checkpoint saved: results/search_v9_single_community_type/cv_results/fold_1/checkpoint_epoch_11_20260909_220640.pth
2026-09-09 22:06:42 - diana.utils.checkpointing - INFO - New best model saved: results/search_v9_single_community_type/cv_results/fold_1/best_model.pth (val_loss: 0.6006)
2026-09-09 22:06:44 - diana.utils.checkpointing - INFO - Checkpoint saved: results/search_v9_single_community_type/cv_results/fold_1/checkpoint_epoch_12_20260909_220643.pth
2026-09-09 22:06:46 - diana.utils.checkpointing - INFO - Checkpoint saved: results/search_v9_single_community_type/cv_results/fold_1/checkpoint_epoch_13_20260909_220645.pth
2026-09-09 22:06:46 - diana.utils.checkpointing - INFO - New best model saved: results/search_v9_single_community_type/cv_results/fold_1/best_model.pth (val_loss: 0.5815)
2026-09-09 22:06:48 - diana.utils.checkpointing - INFO - Checkpoint saved: results/search_v9_single_community_type/cv_results/fold_1/checkpoint_epoch_14_20260909_220647.pth
2026-09-09 22:06:50 - diana.utils.checkpointing - INFO - Checkpoint saved: results/search_v9_single_community_type/cv_results/fold_1/checkpoint_epoch_15_20260909_220649.pth
2026-09-09 22:06:51 - diana.utils.checkpointing - INFO - Checkpoint saved: results/search_v9_single_community_type/cv_results/fold_1/checkpoint_epoch_16_20260909_220650.pth
2026-09-09 22:06:53 - diana.utils.checkpointing - INFO - Checkpoint saved: results/search_v9_single_community_type/cv_results/fold_1/checkpoint_epoch_17_20260909_220652.pth
2026-09-09 22:06:54 - diana.utils.checkpointing - INFO - Checkpoint saved: results/search_v9_single_community_type/cv_results/fold_1/checkpoint_epoch_18_20260909_220654.pth
2026-09-09 22:06:56 - diana.utils.checkpointing - INFO - Checkpoint saved: results/search_v9_single_community_type/cv_results/fold_1/checkpoint_epoch_19_20260909_220655.pth
2026-09-09 22:06:58 - diana.utils.checkpointing - INFO - Checkpoint saved: results/search_v9_single_community_type/cv_results/fold_1/checkpoint_epoch_20_20260909_220657.pth
2026-09-09 22:06:58 - __main__ - INFO - Epoch 20/200, Train Loss: 0.6415, Val Loss: 0.5977
2026-09-09 22:06:59 - diana.utils.checkpointing - INFO - Checkpoint saved: results/search_v9_single_community_type/cv_results/fold_1/checkpoint_epoch_21_20260909_220658.pth
2026-09-09 22:07:00 - diana.utils.checkpointing - INFO - New best model saved: results/search_v9_single_community_type/cv_results/fold_1/best_model.pth (val_loss: 0.5736)
2026-09-09 22:07:02 - diana.utils.checkpointing - INFO - Checkpoint saved: results/search_v9_single_community_type/cv_results/fold_1/checkpoint_epoch_22_20260909_220701.pth
2026-09-09 22:07:03 - diana.utils.checkpointing - INFO - Checkpoint saved: results/search_v9_single_community_type/cv_results/fold_1/checkpoint_epoch_23_20260909_220702.pth
2026-09-09 22:07:05 - diana.utils.checkpointing - INFO - Checkpoint saved: results/search_v9_single_community_type/cv_results/fold_1/checkpoint_epoch_24_20260909_220704.pth
2026-09-09 22:07:05 - diana.utils.checkpointing - INFO - New best model saved: results/search_v9_single_community_type/cv_results/fold_1/best_model.pth (val_loss: 0.5710)
2026-09-09 22:07:07 - diana.utils.checkpointing - INFO - Checkpoint saved: results/search_v9_single_community_type/cv_results/fold_1/checkpoint_epoch_25_20260909_220706.pth
2026-09-09 22:07:09 - diana.utils.checkpointing - INFO - Checkpoint saved: results/search_v9_single_community_type/cv_results/fold_1/checkpoint_epoch_26_20260909_220708.pth
2026-09-09 22:07:10 - diana.utils.checkpointing - INFO - New best model saved: results/search_v9_single_community_type/cv_results/fold_1/best_model.pth (val_loss: 0.5638)
2026-09-09 22:07:11 - diana.utils.checkpointing - INFO - Checkpoint saved: results/search_v9_single_community_type/cv_results/fold_1/checkpoint_epoch_27_20260909_220710.pth
2026-09-09 22:07:13 - diana.utils.checkpointing - INFO - Checkpoint saved: results/search_v9_single_community_type/cv_results/fold_1/checkpoint_epoch_28_20260909_220712.pth
2026-09-09 22:07:14 - diana.utils.checkpointing - INFO - Checkpoint saved: results/search_v9_single_community_type/cv_results/fold_1/checkpoint_epoch_29_20260909_220714.pth
2026-09-09 22:07:15 - diana.utils.checkpointing - INFO - New best model saved: results/search_v9_single_community_type/cv_results/fold_1/best_model.pth (val_loss: 0.5528)
2026-09-09 22:07:17 - diana.utils.checkpointing - INFO - Checkpoint saved: results/search_v9_single_community_type/cv_results/fold_1/checkpoint_epoch_30_20260909_220716.pth
2026-09-09 22:07:19 - diana.utils.checkpointing - INFO - Checkpoint saved: results/search_v9_single_community_type/cv_results/fold_1/checkpoint_epoch_31_20260909_220718.pth
2026-09-09 22:07:20 - diana.utils.checkpointing - INFO - Checkpoint saved: results/search_v9_single_community_type/cv_results/fold_1/checkpoint_epoch_32_20260909_220719.pth
2026-09-09 22:07:21 - diana.utils.checkpointing - INFO - Checkpoint saved: results/search_v9_single_community_type/cv_results/fold_1/checkpoint_epoch_33_20260909_220721.pth
2026-09-09 22:07:23 - diana.utils.checkpointing - INFO - Checkpoint saved: results/search_v9_single_community_type/cv_results/fold_1/checkpoint_epoch_34_20260909_220722.pth
2026-09-09 22:07:24 - diana.utils.checkpointing - INFO - New best model saved: results/search_v9_single_community_type/cv_results/fold_1/best_model.pth (val_loss: 0.5527)
2026-09-09 22:07:25 - diana.utils.checkpointing - INFO - Checkpoint saved: results/search_v9_single_community_type/cv_results/fold_1/checkpoint_epoch_35_20260909_220725.pth
2026-09-09 22:07:27 - diana.utils.checkpointing - INFO - Checkpoint saved: results/search_v9_single_community_type/cv_results/fold_1/checkpoint_epoch_36_20260909_220726.pth
2026-09-09 22:07:28 - diana.utils.checkpointing - INFO - Checkpoint saved: results/search_v9_single_community_type/cv_results/fold_1/checkpoint_epoch_37_20260909_220728.pth
2026-09-09 22:07:29 - diana.utils.checkpointing - INFO - New best model saved: results/search_v9_single_community_type/cv_results/fold_1/best_model.pth (val_loss: 0.5492)
2026-09-09 22:07:31 - diana.utils.checkpointing - INFO - Checkpoint saved: results/search_v9_single_community_type/cv_results/fold_1/checkpoint_epoch_38_20260909_220730.pth
2026-09-09 22:07:32 - diana.utils.checkpointing - INFO - Checkpoint saved: results/search_v9_single_community_type/cv_results/fold_1/checkpoint_epoch_39_20260909_220731.pth
2026-09-09 22:07:34 - diana.utils.checkpointing - INFO - Checkpoint saved: results/search_v9_single_community_type/cv_results/fold_1/checkpoint_epoch_40_20260909_220733.pth
2026-09-09 22:07:34 - __main__ - INFO - Epoch 40/200, Train Loss: 0.5969, Val Loss: 0.5510
2026-09-09 22:07:35 - diana.utils.checkpointing - INFO - Checkpoint saved: results/search_v9_single_community_type/cv_results/fold_1/checkpoint_epoch_41_20260909_220734.pth
2026-09-09 22:07:37 - diana.utils.checkpointing - INFO - Checkpoint saved: results/search_v9_single_community_type/cv_results/fold_1/checkpoint_epoch_42_20260909_220736.pth
2026-09-09 22:07:38 - diana.utils.checkpointing - INFO - Checkpoint saved: results/search_v9_single_community_type/cv_results/fold_1/checkpoint_epoch_43_20260909_220737.pth
2026-09-09 22:07:39 - diana.utils.checkpointing - INFO - New best model saved: results/search_v9_single_community_type/cv_results/fold_1/best_model.pth (val_loss: 0.5211)
2026-09-09 22:07:41 - diana.utils.checkpointing - INFO - Checkpoint saved: results/search_v9_single_community_type/cv_results/fold_1/checkpoint_epoch_44_20260909_220740.pth
2026-09-09 22:07:42 - diana.utils.checkpointing - INFO - Checkpoint saved: results/search_v9_single_community_type/cv_results/fold_1/checkpoint_epoch_45_20260909_220741.pth
2026-09-09 22:07:44 - diana.utils.checkpointing - INFO - Checkpoint saved: results/search_v9_single_community_type/cv_results/fold_1/checkpoint_epoch_46_20260909_220743.pth
2026-09-09 22:07:45 - diana.utils.checkpointing - INFO - Checkpoint saved: results/search_v9_single_community_type/cv_results/fold_1/checkpoint_epoch_47_20260909_220744.pth
2026-09-09 22:07:46 - diana.utils.checkpointing - INFO - Checkpoint saved: results/search_v9_single_community_type/cv_results/fold_1/checkpoint_epoch_48_20260909_220745.pth
2026-09-09 22:07:48 - diana.utils.checkpointing - INFO - Checkpoint saved: results/search_v9_single_community_type/cv_results/fold_1/checkpoint_epoch_49_20260909_220747.pth
2026-09-09 22:07:50 - diana.utils.checkpointing - INFO - Checkpoint saved: results/search_v9_single_community_type/cv_results/fold_1/checkpoint_epoch_50_20260909_220749.pth
2026-09-09 22:07:51 - diana.utils.checkpointing - INFO - Checkpoint saved: results/search_v9_single_community_type/cv_results/fold_1/checkpoint_epoch_51_20260909_220750.pth
2026-09-09 22:07:52 - diana.utils.checkpointing - INFO - Checkpoint saved: results/search_v9_single_community_type/cv_results/fold_1/checkpoint_epoch_52_20260909_220751.pth
2026-09-09 22:07:54 - diana.utils.checkpointing - INFO - Checkpoint saved: results/search_v9_single_community_type/cv_results/fold_1/checkpoint_epoch_53_20260909_220753.pth
2026-09-09 22:07:55 - diana.utils.checkpointing - INFO - Checkpoint saved: results/search_v9_single_community_type/cv_results/fold_1/checkpoint_epoch_54_20260909_220754.pth
2026-09-09 22:07:57 - diana.utils.checkpointing - INFO - Checkpoint saved: results/search_v9_single_community_type/cv_results/fold_1/checkpoint_epoch_55_20260909_220756.pth
2026-09-09 22:07:58 - diana.utils.checkpointing - INFO - Checkpoint saved: results/search_v9_single_community_type/cv_results/fold_1/checkpoint_epoch_56_20260909_220757.pth
2026-09-09 22:07:59 - diana.utils.checkpointing - INFO - Checkpoint saved: results/search_v9_single_community_type/cv_results/fold_1/checkpoint_epoch_57_20260909_220758.pth
2026-09-09 22:08:01 - diana.utils.checkpointing - INFO - Checkpoint saved: results/search_v9_single_community_type/cv_results/fold_1/checkpoint_epoch_58_20260909_220800.pth
2026-09-09 22:08:02 - diana.utils.checkpointing - INFO - Checkpoint saved: results/search_v9_single_community_type/cv_results/fold_1/checkpoint_epoch_59_20260909_220801.pth
2026-09-09 22:08:04 - diana.utils.checkpointing - INFO - Checkpoint saved: results/search_v9_single_community_type/cv_results/fold_1/checkpoint_epoch_60_20260909_220803.pth
2026-09-09 22:08:04 - __main__ - INFO - Epoch 60/200, Train Loss: 0.5504, Val Loss: 0.5449
2026-09-09 22:08:05 - diana.utils.checkpointing - INFO - Checkpoint saved: results/search_v9_single_community_type/cv_results/fold_1/checkpoint_epoch_61_20260909_220804.pth
2026-09-09 22:08:06 - diana.utils.checkpointing - INFO - Checkpoint saved: results/search_v9_single_community_type/cv_results/fold_1/checkpoint_epoch_62_20260909_220805.pth
2026-09-09 22:08:08 - diana.utils.checkpointing - INFO - Checkpoint saved: results/search_v9_single_community_type/cv_results/fold_1/checkpoint_epoch_63_20260909_220807.pth
2026-09-09 22:08:08 - __main__ - INFO - Early stopping triggered after 63 epochs (patience=20)
2026-09-09 22:08:08 - diana.utils.checkpointing - INFO - Loading checkpoint: results/search_v9_single_community_type/cv_results/fold_1/best_model.pth
2026-09-09 22:08:08 - __main__ - INFO - Loaded best model from epoch 43 (val_loss: 0.5211)
2026-09-09 22:08:08 - __main__ - INFO - Evaluating on held-out test set...
2026-09-09 22:08:08 - __main__ - INFO - community_type test metrics: {'n_scored': 190, 'accuracy': 0.8631578947368421, 'f1_weighted': 0.8547525797163654, 'f1_macro': 0.3866802582398913, 'balanced_accuracy': 0.583739837398374}
2026-09-09 22:08:08 - diana.utils.checkpointing - INFO - Final model saved: results/search_v9_single_community_type/cv_results/fold_1/final_model_20260909_220808.pth
2026-09-09 22:08:08 - __main__ - INFO - Final model saved to results/search_v9_single_community_type/cv_results/fold_1/final_model_20260909_220808.pth
2026-09-09 22:08:08 - __main__ - INFO - Results saved to results/search_v9_single_community_type/cv_results/fold_1/multitask_fold_1_results_20260909_172110.json
2026-09-09 22:08:08 - __main__ - INFO - ================================================================================
2026-09-09 22:08:08 - __main__ - INFO - ================================================================================
2026-09-09 22:08:08 - __main__ - INFO - === FOLD COMPLETE ===
2026-09-09 22:08:08 - __main__ - INFO - ================================================================================
2026-09-09 22:08:08 - __main__ - INFO - Results: {'community_type': {'n_scored': 190, 'accuracy': 0.8631578947368421, 'f1_weighted': 0.8547525797163654, 'f1_macro': 0.3866802582398913, 'balanced_accuracy': 0.583739837398374}}
