2026-09-09 17:23:18 - root - INFO - Logging to file: results/search_v9_single_feature/cv_results/fold_0/fold_0_training.log
2026-09-09 17:23:18 - __main__ - INFO - ================================================================================
2026-09-09 17:23:18 - __main__ - INFO - DIANA Multi-Task Hyperparameter Optimization
2026-09-09 17:23:18 - __main__ - INFO - ================================================================================
2026-09-09 17:23:18 - __main__ - INFO - Run config:   configs/train_config_v9_search_single_feature.json
2026-09-09 17:23:18 - __main__ - INFO - Features:     data/matrices/matrix_v9_train/unitigs.frac.mat
2026-09-09 17:23:18 - __main__ - INFO - Metadata:     data/splits_v9/train_metadata.tsv
2026-09-09 17:23:18 - __main__ - INFO - Output dir:   results/search_v9_single_feature
2026-09-09 17:23:18 - __main__ - INFO - Tasks:        ['feature']
2026-09-09 17:23:18 - __main__ - INFO - Task types:   {'feature': 'classification'}
2026-09-09 17:23:18 - __main__ - INFO - Fold:         0 / 5
2026-09-09 17:23:18 - __main__ - INFO - Trials:       100  Max epochs: 200  Patience: 20
2026-09-09 17:23:18 - __main__ - INFO - GPU:          True  Seed: 42
2026-09-09 17:23:18 - __main__ - INFO - Loading data from data/matrices/matrix_v9_train/unitigs.frac.mat
2026-09-09 17:23:18 - diana.data.loader - INFO - Loading matrix from data/matrices/matrix_v9_train/unitigs.frac.mat
2026-09-09 17:24:15 - diana.data.loader - INFO - Loaded 110202 features × 2716 samples (before transpose)
2026-09-09 17:24:15 - diana.data.loader - INFO - Transposed to 2716 samples × 110202 features
2026-09-09 17:24:15 - diana.data.loader - INFO - Reading sample IDs from data/matrices/matrix_v9_train/kmer_matrix/kmtricks.fof
2026-09-09 17:24:15 - diana.data.loader - INFO - Sample IDs: ['ERR10114844', 'ERR10114845', 'ERR10114846']...
2026-09-09 17:24:16 - diana.data.loader - INFO - Loading metadata from data/splits_v9/train_metadata.tsv
2026-09-09 17:24:16 - diana.data.loader - INFO - Metadata: 2716 rows × 15 columns
2026-09-09 17:24:16 - diana.data.loader - INFO - Metadata aligned to matrix sample order
2026-09-09 17:24:16 - __main__ - INFO - Loaded 2716 samples with 110202 features
2026-09-09 17:24:16 - __main__ - INFO - Loaded 2716 samples × 110202 features
2026-09-09 17:24:16 - __main__ - INFO - === FOLD 0/4 ===
2026-09-09 17:24:16 - __main__ - INFO - Output directory: results/search_v9_single_feature/cv_results/fold_0
2026-09-09 17:24:16 - __main__ - INFO - Using device: cuda
2026-09-09 17:24:16 - __main__ - INFO - Class imbalance: logit adjustment, tau SEARCHED in [0.05, 0.8]
2026-09-09 17:24:16 - __main__ - INFO - feature: 10 classes, 608 labelled, 2108 masked - ['archeological site', 'cave', 'lake', 'midden', 'ocean']...
2026-09-09 17:24:16 - __main__ - INFO - Grouping CV folds on 'archive_project': 68 groups over 2716 runs
2026-09-09 17:24:16 - __main__ - INFO - Outer fold 0 taken from data/splits_v9/dev_folds.tsv (5 dev folds)
2026-09-09 17:24:16 - __main__ - INFO - Train: 2045, Test: 671 (outer fold verified archive_project-disjoint)
2026-09-09 17:24:16 - __main__ - INFO - 3 inner folds verified archive_project-disjoint
2026-09-09 17:24:16 - __main__ - INFO - Starting Optuna optimization with 100 trials...
2026-09-09 17:24:16 - __main__ - INFO - Each trial will be evaluated on 3 inner CV folds
2026-09-09 17:24:17 - __main__ - INFO - feature priors: [11, 0, 111, 35, 179, 0, 0, 0, 29, 10]
2026-09-09 17:26:28 - __main__ - INFO - feature priors: [17, 0, 67, 46, 32, 2, 52, 24, 29, 10]
2026-09-09 17:27:16 - __main__ - INFO - feature priors: [6, 0, 132, 11, 147, 2, 52, 24, 0, 0]
2026-09-09 17:28:45 - __main__ - INFO - feature priors: [11, 0, 111, 35, 179, 0, 0, 0, 29, 10]
2026-09-09 17:29:24 - __main__ - INFO - feature priors: [17, 0, 67, 46, 32, 2, 52, 24, 29, 10]
2026-09-09 17:29:52 - __main__ - INFO - feature priors: [6, 0, 132, 11, 147, 2, 52, 24, 0, 0]
2026-09-09 17:30:40 - __main__ - INFO - feature priors: [11, 0, 111, 35, 179, 0, 0, 0, 29, 10]
2026-09-09 17:31:00 - __main__ - INFO - feature priors: [17, 0, 67, 46, 32, 2, 52, 24, 29, 10]
2026-09-09 17:31:24 - __main__ - INFO - feature priors: [6, 0, 132, 11, 147, 2, 52, 24, 0, 0]
2026-09-09 17:31:49 - __main__ - INFO - feature priors: [11, 0, 111, 35, 179, 0, 0, 0, 29, 10]
2026-09-09 17:32:45 - __main__ - INFO - feature priors: [17, 0, 67, 46, 32, 2, 52, 24, 29, 10]
2026-09-09 17:33:07 - __main__ - INFO - feature priors: [6, 0, 132, 11, 147, 2, 52, 24, 0, 0]
2026-09-09 17:33:39 - __main__ - INFO - feature priors: [11, 0, 111, 35, 179, 0, 0, 0, 29, 10]
2026-09-09 17:34:17 - __main__ - INFO - feature priors: [17, 0, 67, 46, 32, 2, 52, 24, 29, 10]
2026-09-09 17:34:35 - __main__ - INFO - feature priors: [6, 0, 132, 11, 147, 2, 52, 24, 0, 0]
2026-09-09 17:35:01 - __main__ - INFO - feature priors: [11, 0, 111, 35, 179, 0, 0, 0, 29, 10]
2026-09-09 17:35:57 - __main__ - INFO - feature priors: [17, 0, 67, 46, 32, 2, 52, 24, 29, 10]
2026-09-09 17:36:20 - __main__ - INFO - feature priors: [6, 0, 132, 11, 147, 2, 52, 24, 0, 0]
2026-09-09 17:37:19 - __main__ - INFO - feature priors: [11, 0, 111, 35, 179, 0, 0, 0, 29, 10]
2026-09-09 17:37:44 - __main__ - INFO - feature priors: [17, 0, 67, 46, 32, 2, 52, 24, 29, 10]
2026-09-09 17:38:14 - __main__ - INFO - feature priors: [6, 0, 132, 11, 147, 2, 52, 24, 0, 0]
2026-09-09 17:38:42 - __main__ - INFO - feature priors: [11, 0, 111, 35, 179, 0, 0, 0, 29, 10]
2026-09-09 17:39:51 - __main__ - INFO - feature priors: [17, 0, 67, 46, 32, 2, 52, 24, 29, 10]
2026-09-09 17:40:50 - __main__ - INFO - feature priors: [6, 0, 132, 11, 147, 2, 52, 24, 0, 0]
2026-09-09 17:42:53 - __main__ - INFO - feature priors: [11, 0, 111, 35, 179, 0, 0, 0, 29, 10]
2026-09-09 17:43:15 - __main__ - INFO - feature priors: [17, 0, 67, 46, 32, 2, 52, 24, 29, 10]
2026-09-09 17:43:38 - __main__ - INFO - feature priors: [6, 0, 132, 11, 147, 2, 52, 24, 0, 0]
2026-09-09 17:44:08 - __main__ - INFO - feature priors: [11, 0, 111, 35, 179, 0, 0, 0, 29, 10]
2026-09-09 17:44:41 - __main__ - INFO - feature priors: [17, 0, 67, 46, 32, 2, 52, 24, 29, 10]
2026-09-09 17:45:09 - __main__ - INFO - feature priors: [6, 0, 132, 11, 147, 2, 52, 24, 0, 0]
2026-09-09 17:45:44 - __main__ - INFO - feature priors: [11, 0, 111, 35, 179, 0, 0, 0, 29, 10]
2026-09-09 17:46:00 - __main__ - INFO - feature priors: [17, 0, 67, 46, 32, 2, 52, 24, 29, 10]
2026-09-09 17:46:18 - __main__ - INFO - feature priors: [6, 0, 132, 11, 147, 2, 52, 24, 0, 0]
2026-09-09 17:46:45 - __main__ - INFO - feature priors: [11, 0, 111, 35, 179, 0, 0, 0, 29, 10]
2026-09-09 17:47:27 - __main__ - INFO - feature priors: [17, 0, 67, 46, 32, 2, 52, 24, 29, 10]
2026-09-09 17:47:51 - __main__ - INFO - feature priors: [6, 0, 132, 11, 147, 2, 52, 24, 0, 0]
2026-09-09 17:48:17 - __main__ - INFO - feature priors: [11, 0, 111, 35, 179, 0, 0, 0, 29, 10]
2026-09-09 17:48:36 - __main__ - INFO - feature priors: [17, 0, 67, 46, 32, 2, 52, 24, 29, 10]
2026-09-09 17:48:53 - __main__ - INFO - feature priors: [6, 0, 132, 11, 147, 2, 52, 24, 0, 0]
2026-09-09 17:49:14 - __main__ - INFO - feature priors: [11, 0, 111, 35, 179, 0, 0, 0, 29, 10]
2026-09-09 17:49:35 - __main__ - INFO - feature priors: [17, 0, 67, 46, 32, 2, 52, 24, 29, 10]
2026-09-09 17:49:50 - __main__ - INFO - feature priors: [6, 0, 132, 11, 147, 2, 52, 24, 0, 0]
2026-09-09 17:50:14 - __main__ - INFO - feature priors: [11, 0, 111, 35, 179, 0, 0, 0, 29, 10]
2026-09-09 17:50:36 - __main__ - INFO - feature priors: [17, 0, 67, 46, 32, 2, 52, 24, 29, 10]
2026-09-09 17:50:55 - __main__ - INFO - feature priors: [6, 0, 132, 11, 147, 2, 52, 24, 0, 0]
2026-09-09 17:51:21 - __main__ - INFO - feature priors: [11, 0, 111, 35, 179, 0, 0, 0, 29, 10]
2026-09-09 17:51:59 - __main__ - INFO - feature priors: [17, 0, 67, 46, 32, 2, 52, 24, 29, 10]
2026-09-09 17:52:30 - __main__ - INFO - feature priors: [6, 0, 132, 11, 147, 2, 52, 24, 0, 0]
2026-09-09 17:53:12 - __main__ - INFO - feature priors: [11, 0, 111, 35, 179, 0, 0, 0, 29, 10]
2026-09-09 17:53:53 - __main__ - INFO - feature priors: [17, 0, 67, 46, 32, 2, 52, 24, 29, 10]
2026-09-09 17:54:08 - __main__ - INFO - feature priors: [6, 0, 132, 11, 147, 2, 52, 24, 0, 0]
2026-09-09 17:54:48 - __main__ - INFO - feature priors: [11, 0, 111, 35, 179, 0, 0, 0, 29, 10]
2026-09-09 17:55:13 - __main__ - INFO - feature priors: [17, 0, 67, 46, 32, 2, 52, 24, 29, 10]
2026-09-09 17:55:38 - __main__ - INFO - feature priors: [6, 0, 132, 11, 147, 2, 52, 24, 0, 0]
2026-09-09 17:56:09 - __main__ - INFO - feature priors: [11, 0, 111, 35, 179, 0, 0, 0, 29, 10]
2026-09-09 17:56:27 - __main__ - INFO - feature priors: [17, 0, 67, 46, 32, 2, 52, 24, 29, 10]
2026-09-09 17:56:59 - __main__ - INFO - feature priors: [6, 0, 132, 11, 147, 2, 52, 24, 0, 0]
2026-09-09 17:57:20 - __main__ - INFO - feature priors: [11, 0, 111, 35, 179, 0, 0, 0, 29, 10]
2026-09-09 17:57:39 - __main__ - INFO - feature priors: [17, 0, 67, 46, 32, 2, 52, 24, 29, 10]
2026-09-09 17:58:10 - __main__ - INFO - feature priors: [6, 0, 132, 11, 147, 2, 52, 24, 0, 0]
2026-09-09 17:58:49 - __main__ - INFO - feature priors: [11, 0, 111, 35, 179, 0, 0, 0, 29, 10]
2026-09-09 17:59:09 - __main__ - INFO - feature priors: [17, 0, 67, 46, 32, 2, 52, 24, 29, 10]
2026-09-09 17:59:27 - __main__ - INFO - feature priors: [6, 0, 132, 11, 147, 2, 52, 24, 0, 0]
2026-09-09 17:59:52 - __main__ - INFO - feature priors: [11, 0, 111, 35, 179, 0, 0, 0, 29, 10]
2026-09-09 18:00:34 - __main__ - INFO - feature priors: [17, 0, 67, 46, 32, 2, 52, 24, 29, 10]
2026-09-09 18:00:53 - __main__ - INFO - feature priors: [6, 0, 132, 11, 147, 2, 52, 24, 0, 0]
2026-09-09 18:01:36 - __main__ - INFO - feature priors: [11, 0, 111, 35, 179, 0, 0, 0, 29, 10]
2026-09-09 18:02:15 - __main__ - INFO - feature priors: [17, 0, 67, 46, 32, 2, 52, 24, 29, 10]
2026-09-09 18:02:45 - __main__ - INFO - feature priors: [6, 0, 132, 11, 147, 2, 52, 24, 0, 0]
2026-09-09 18:03:28 - __main__ - INFO - feature priors: [11, 0, 111, 35, 179, 0, 0, 0, 29, 10]
2026-09-09 18:03:57 - __main__ - INFO - feature priors: [17, 0, 67, 46, 32, 2, 52, 24, 29, 10]
2026-09-09 18:04:22 - __main__ - INFO - feature priors: [6, 0, 132, 11, 147, 2, 52, 24, 0, 0]
2026-09-09 18:04:58 - __main__ - INFO - feature priors: [11, 0, 111, 35, 179, 0, 0, 0, 29, 10]
2026-09-09 18:05:37 - __main__ - INFO - feature priors: [17, 0, 67, 46, 32, 2, 52, 24, 29, 10]
2026-09-09 18:05:57 - __main__ - INFO - feature priors: [6, 0, 132, 11, 147, 2, 52, 24, 0, 0]
2026-09-09 18:06:46 - __main__ - INFO - feature priors: [11, 0, 111, 35, 179, 0, 0, 0, 29, 10]
2026-09-09 18:07:08 - __main__ - INFO - feature priors: [17, 0, 67, 46, 32, 2, 52, 24, 29, 10]
2026-09-09 18:07:34 - __main__ - INFO - feature priors: [6, 0, 132, 11, 147, 2, 52, 24, 0, 0]
2026-09-09 18:08:12 - __main__ - INFO - feature priors: [11, 0, 111, 35, 179, 0, 0, 0, 29, 10]
2026-09-09 18:08:51 - __main__ - INFO - feature priors: [17, 0, 67, 46, 32, 2, 52, 24, 29, 10]
2026-09-09 18:09:23 - __main__ - INFO - feature priors: [6, 0, 132, 11, 147, 2, 52, 24, 0, 0]
2026-09-09 18:10:13 - __main__ - INFO - feature priors: [11, 0, 111, 35, 179, 0, 0, 0, 29, 10]
2026-09-09 18:10:53 - __main__ - INFO - feature priors: [17, 0, 67, 46, 32, 2, 52, 24, 29, 10]
2026-09-09 18:11:23 - __main__ - INFO - feature priors: [6, 0, 132, 11, 147, 2, 52, 24, 0, 0]
2026-09-09 18:12:01 - __main__ - INFO - feature priors: [11, 0, 111, 35, 179, 0, 0, 0, 29, 10]
2026-09-09 18:12:36 - __main__ - INFO - feature priors: [17, 0, 67, 46, 32, 2, 52, 24, 29, 10]
2026-09-09 18:13:07 - __main__ - INFO - feature priors: [6, 0, 132, 11, 147, 2, 52, 24, 0, 0]
2026-09-09 18:13:43 - __main__ - INFO - feature priors: [11, 0, 111, 35, 179, 0, 0, 0, 29, 10]
2026-09-09 18:15:45 - __main__ - INFO - feature priors: [17, 0, 67, 46, 32, 2, 52, 24, 29, 10]
2026-09-09 18:16:42 - __main__ - INFO - feature priors: [6, 0, 132, 11, 147, 2, 52, 24, 0, 0]
2026-09-09 18:17:50 - __main__ - INFO - feature priors: [11, 0, 111, 35, 179, 0, 0, 0, 29, 10]
2026-09-09 18:18:07 - __main__ - INFO - feature priors: [17, 0, 67, 46, 32, 2, 52, 24, 29, 10]
2026-09-09 18:18:33 - __main__ - INFO - feature priors: [6, 0, 132, 11, 147, 2, 52, 24, 0, 0]
2026-09-09 18:19:06 - __main__ - INFO - feature priors: [11, 0, 111, 35, 179, 0, 0, 0, 29, 10]
2026-09-09 18:19:44 - __main__ - INFO - feature priors: [17, 0, 67, 46, 32, 2, 52, 24, 29, 10]
2026-09-09 18:20:02 - __main__ - INFO - feature priors: [6, 0, 132, 11, 147, 2, 52, 24, 0, 0]
2026-09-09 18:20:49 - __main__ - INFO - feature priors: [11, 0, 111, 35, 179, 0, 0, 0, 29, 10]
2026-09-09 18:21:08 - __main__ - INFO - feature priors: [17, 0, 67, 46, 32, 2, 52, 24, 29, 10]
2026-09-09 18:21:40 - __main__ - INFO - feature priors: [6, 0, 132, 11, 147, 2, 52, 24, 0, 0]
2026-09-09 18:22:22 - __main__ - INFO - feature priors: [11, 0, 111, 35, 179, 0, 0, 0, 29, 10]
2026-09-09 18:23:02 - __main__ - INFO - feature priors: [17, 0, 67, 46, 32, 2, 52, 24, 29, 10]
2026-09-09 18:23:33 - __main__ - INFO - feature priors: [6, 0, 132, 11, 147, 2, 52, 24, 0, 0]
2026-09-09 18:24:16 - __main__ - INFO - feature priors: [11, 0, 111, 35, 179, 0, 0, 0, 29, 10]
2026-09-09 18:25:00 - __main__ - INFO - feature priors: [17, 0, 67, 46, 32, 2, 52, 24, 29, 10]
2026-09-09 18:25:31 - __main__ - INFO - feature priors: [6, 0, 132, 11, 147, 2, 52, 24, 0, 0]
2026-09-09 18:26:14 - __main__ - INFO - feature priors: [11, 0, 111, 35, 179, 0, 0, 0, 29, 10]
2026-09-09 18:26:45 - __main__ - INFO - feature priors: [17, 0, 67, 46, 32, 2, 52, 24, 29, 10]
2026-09-09 18:27:10 - __main__ - INFO - feature priors: [6, 0, 132, 11, 147, 2, 52, 24, 0, 0]
2026-09-09 18:27:43 - __main__ - INFO - feature priors: [11, 0, 111, 35, 179, 0, 0, 0, 29, 10]
2026-09-09 18:28:39 - __main__ - INFO - feature priors: [17, 0, 67, 46, 32, 2, 52, 24, 29, 10]
2026-09-09 18:29:01 - __main__ - INFO - feature priors: [6, 0, 132, 11, 147, 2, 52, 24, 0, 0]
2026-09-09 18:29:35 - __main__ - INFO - feature priors: [11, 0, 111, 35, 179, 0, 0, 0, 29, 10]
2026-09-09 18:30:13 - __main__ - INFO - feature priors: [17, 0, 67, 46, 32, 2, 52, 24, 29, 10]
2026-09-09 18:30:41 - __main__ - INFO - feature priors: [6, 0, 132, 11, 147, 2, 52, 24, 0, 0]
2026-09-09 18:31:17 - __main__ - INFO - feature priors: [11, 0, 111, 35, 179, 0, 0, 0, 29, 10]
2026-09-09 18:32:01 - __main__ - INFO - feature priors: [17, 0, 67, 46, 32, 2, 52, 24, 29, 10]
2026-09-09 18:32:36 - __main__ - INFO - feature priors: [6, 0, 132, 11, 147, 2, 52, 24, 0, 0]
2026-09-09 18:33:26 - __main__ - INFO - feature priors: [11, 0, 111, 35, 179, 0, 0, 0, 29, 10]
2026-09-09 18:34:28 - __main__ - INFO - feature priors: [17, 0, 67, 46, 32, 2, 52, 24, 29, 10]
2026-09-09 18:35:12 - __main__ - INFO - feature priors: [6, 0, 132, 11, 147, 2, 52, 24, 0, 0]
2026-09-09 18:36:20 - __main__ - INFO - feature priors: [11, 0, 111, 35, 179, 0, 0, 0, 29, 10]
2026-09-09 18:37:30 - __main__ - INFO - feature priors: [17, 0, 67, 46, 32, 2, 52, 24, 29, 10]
2026-09-09 18:38:01 - __main__ - INFO - feature priors: [6, 0, 132, 11, 147, 2, 52, 24, 0, 0]
2026-09-09 18:38:55 - __main__ - INFO - feature priors: [11, 0, 111, 35, 179, 0, 0, 0, 29, 10]
2026-09-09 18:39:31 - __main__ - INFO - feature priors: [17, 0, 67, 46, 32, 2, 52, 24, 29, 10]
2026-09-09 18:39:56 - __main__ - INFO - feature priors: [6, 0, 132, 11, 147, 2, 52, 24, 0, 0]
2026-09-09 18:40:28 - __main__ - INFO - feature priors: [11, 0, 111, 35, 179, 0, 0, 0, 29, 10]
2026-09-09 18:41:05 - __main__ - INFO - feature priors: [17, 0, 67, 46, 32, 2, 52, 24, 29, 10]
2026-09-09 18:41:34 - __main__ - INFO - feature priors: [6, 0, 132, 11, 147, 2, 52, 24, 0, 0]
2026-09-09 18:42:15 - __main__ - INFO - feature priors: [11, 0, 111, 35, 179, 0, 0, 0, 29, 10]
2026-09-09 18:42:49 - __main__ - INFO - feature priors: [17, 0, 67, 46, 32, 2, 52, 24, 29, 10]
2026-09-09 18:43:14 - __main__ - INFO - feature priors: [6, 0, 132, 11, 147, 2, 52, 24, 0, 0]
2026-09-09 18:43:51 - __main__ - INFO - feature priors: [11, 0, 111, 35, 179, 0, 0, 0, 29, 10]
2026-09-09 18:44:32 - __main__ - INFO - feature priors: [17, 0, 67, 46, 32, 2, 52, 24, 29, 10]
2026-09-09 18:45:02 - __main__ - INFO - feature priors: [6, 0, 132, 11, 147, 2, 52, 24, 0, 0]
2026-09-09 18:45:43 - __main__ - INFO - feature priors: [11, 0, 111, 35, 179, 0, 0, 0, 29, 10]
2026-09-09 18:46:10 - __main__ - INFO - feature priors: [17, 0, 67, 46, 32, 2, 52, 24, 29, 10]
2026-09-09 18:46:30 - __main__ - INFO - feature priors: [6, 0, 132, 11, 147, 2, 52, 24, 0, 0]
2026-09-09 18:46:58 - __main__ - INFO - feature priors: [11, 0, 111, 35, 179, 0, 0, 0, 29, 10]
2026-09-09 18:48:01 - __main__ - INFO - feature priors: [17, 0, 67, 46, 32, 2, 52, 24, 29, 10]
2026-09-09 18:48:51 - __main__ - INFO - feature priors: [6, 0, 132, 11, 147, 2, 52, 24, 0, 0]
2026-09-09 18:50:05 - __main__ - INFO - feature priors: [11, 0, 111, 35, 179, 0, 0, 0, 29, 10]
2026-09-09 18:50:30 - __main__ - INFO - feature priors: [17, 0, 67, 46, 32, 2, 52, 24, 29, 10]
2026-09-09 18:50:49 - __main__ - INFO - feature priors: [6, 0, 132, 11, 147, 2, 52, 24, 0, 0]
2026-09-09 18:51:21 - __main__ - INFO - feature priors: [11, 0, 111, 35, 179, 0, 0, 0, 29, 10]
2026-09-09 18:51:57 - __main__ - INFO - feature priors: [17, 0, 67, 46, 32, 2, 52, 24, 29, 10]
2026-09-09 18:52:24 - __main__ - INFO - feature priors: [6, 0, 132, 11, 147, 2, 52, 24, 0, 0]
2026-09-09 18:53:01 - __main__ - INFO - feature priors: [11, 0, 111, 35, 179, 0, 0, 0, 29, 10]
2026-09-09 18:53:24 - __main__ - INFO - feature priors: [17, 0, 67, 46, 32, 2, 52, 24, 29, 10]
2026-09-09 18:53:42 - __main__ - INFO - feature priors: [6, 0, 132, 11, 147, 2, 52, 24, 0, 0]
2026-09-09 18:54:23 - __main__ - INFO - feature priors: [11, 0, 111, 35, 179, 0, 0, 0, 29, 10]
2026-09-09 18:54:52 - __main__ - INFO - feature priors: [17, 0, 67, 46, 32, 2, 52, 24, 29, 10]
2026-09-09 18:55:11 - __main__ - INFO - feature priors: [6, 0, 132, 11, 147, 2, 52, 24, 0, 0]
2026-09-09 18:55:41 - __main__ - INFO - feature priors: [11, 0, 111, 35, 179, 0, 0, 0, 29, 10]
2026-09-09 18:56:12 - __main__ - INFO - feature priors: [17, 0, 67, 46, 32, 2, 52, 24, 29, 10]
2026-09-09 18:56:35 - __main__ - INFO - feature priors: [6, 0, 132, 11, 147, 2, 52, 24, 0, 0]
2026-09-09 18:57:06 - __main__ - INFO - feature priors: [11, 0, 111, 35, 179, 0, 0, 0, 29, 10]
2026-09-09 18:57:37 - __main__ - INFO - feature priors: [17, 0, 67, 46, 32, 2, 52, 24, 29, 10]
2026-09-09 18:58:00 - __main__ - INFO - feature priors: [6, 0, 132, 11, 147, 2, 52, 24, 0, 0]
2026-09-09 18:58:33 - __main__ - INFO - feature priors: [11, 0, 111, 35, 179, 0, 0, 0, 29, 10]
2026-09-09 18:59:09 - __main__ - INFO - feature priors: [17, 0, 67, 46, 32, 2, 52, 24, 29, 10]
2026-09-09 18:59:35 - __main__ - INFO - feature priors: [6, 0, 132, 11, 147, 2, 52, 24, 0, 0]
2026-09-09 19:00:07 - __main__ - INFO - feature priors: [11, 0, 111, 35, 179, 0, 0, 0, 29, 10]
2026-09-09 19:00:32 - __main__ - INFO - feature priors: [17, 0, 67, 46, 32, 2, 52, 24, 29, 10]
2026-09-09 19:00:51 - __main__ - INFO - feature priors: [6, 0, 132, 11, 147, 2, 52, 24, 0, 0]
2026-09-09 19:01:17 - __main__ - INFO - feature priors: [11, 0, 111, 35, 179, 0, 0, 0, 29, 10]
2026-09-09 19:01:38 - __main__ - INFO - feature priors: [17, 0, 67, 46, 32, 2, 52, 24, 29, 10]
2026-09-09 19:01:56 - __main__ - INFO - feature priors: [6, 0, 132, 11, 147, 2, 52, 24, 0, 0]
2026-09-09 19:02:20 - __main__ - INFO - feature priors: [11, 0, 111, 35, 179, 0, 0, 0, 29, 10]
2026-09-09 19:02:47 - __main__ - INFO - feature priors: [17, 0, 67, 46, 32, 2, 52, 24, 29, 10]
2026-09-09 19:03:11 - __main__ - INFO - feature priors: [6, 0, 132, 11, 147, 2, 52, 24, 0, 0]
2026-09-09 19:04:06 - __main__ - INFO - feature priors: [11, 0, 111, 35, 179, 0, 0, 0, 29, 10]
2026-09-09 19:04:55 - __main__ - INFO - feature priors: [17, 0, 67, 46, 32, 2, 52, 24, 29, 10]
2026-09-09 19:05:31 - __main__ - INFO - feature priors: [6, 0, 132, 11, 147, 2, 52, 24, 0, 0]
2026-09-09 19:06:21 - __main__ - INFO - feature priors: [11, 0, 111, 35, 179, 0, 0, 0, 29, 10]
2026-09-09 19:06:39 - __main__ - INFO - feature priors: [17, 0, 67, 46, 32, 2, 52, 24, 29, 10]
2026-09-09 19:06:59 - __main__ - INFO - feature priors: [6, 0, 132, 11, 147, 2, 52, 24, 0, 0]
2026-09-09 19:07:31 - __main__ - INFO - feature priors: [11, 0, 111, 35, 179, 0, 0, 0, 29, 10]
2026-09-09 19:08:08 - __main__ - INFO - feature priors: [17, 0, 67, 46, 32, 2, 52, 24, 29, 10]
2026-09-09 19:08:46 - __main__ - INFO - feature priors: [6, 0, 132, 11, 147, 2, 52, 24, 0, 0]
2026-09-09 19:09:24 - __main__ - INFO - feature priors: [11, 0, 111, 35, 179, 0, 0, 0, 29, 10]
2026-09-09 19:09:58 - __main__ - INFO - feature priors: [17, 0, 67, 46, 32, 2, 52, 24, 29, 10]
2026-09-09 19:10:22 - __main__ - INFO - feature priors: [6, 0, 132, 11, 147, 2, 52, 24, 0, 0]
2026-09-09 19:11:19 - __main__ - INFO - feature priors: [11, 0, 111, 35, 179, 0, 0, 0, 29, 10]
2026-09-09 19:11:41 - __main__ - INFO - feature priors: [17, 0, 67, 46, 32, 2, 52, 24, 29, 10]
2026-09-09 19:12:06 - __main__ - INFO - feature priors: [6, 0, 132, 11, 147, 2, 52, 24, 0, 0]
2026-09-09 19:12:31 - __main__ - INFO - feature priors: [11, 0, 111, 35, 179, 0, 0, 0, 29, 10]
2026-09-09 19:12:59 - __main__ - INFO - feature priors: [17, 0, 67, 46, 32, 2, 52, 24, 29, 10]
2026-09-09 19:13:17 - __main__ - INFO - feature priors: [6, 0, 132, 11, 147, 2, 52, 24, 0, 0]
2026-09-09 19:13:51 - __main__ - INFO - feature priors: [11, 0, 111, 35, 179, 0, 0, 0, 29, 10]
2026-09-09 19:14:15 - __main__ - INFO - feature priors: [17, 0, 67, 46, 32, 2, 52, 24, 29, 10]
2026-09-09 19:14:41 - __main__ - INFO - feature priors: [6, 0, 132, 11, 147, 2, 52, 24, 0, 0]
2026-09-09 19:15:11 - __main__ - INFO - feature priors: [11, 0, 111, 35, 179, 0, 0, 0, 29, 10]
2026-09-09 19:15:50 - __main__ - INFO - feature priors: [17, 0, 67, 46, 32, 2, 52, 24, 29, 10]
2026-09-09 19:16:17 - __main__ - INFO - feature priors: [6, 0, 132, 11, 147, 2, 52, 24, 0, 0]
2026-09-09 19:16:58 - __main__ - INFO - feature priors: [11, 0, 111, 35, 179, 0, 0, 0, 29, 10]
2026-09-09 19:17:18 - __main__ - INFO - feature priors: [17, 0, 67, 46, 32, 2, 52, 24, 29, 10]
2026-09-09 19:17:38 - __main__ - INFO - feature priors: [6, 0, 132, 11, 147, 2, 52, 24, 0, 0]
2026-09-09 19:18:25 - __main__ - INFO - feature priors: [11, 0, 111, 35, 179, 0, 0, 0, 29, 10]
2026-09-09 19:19:03 - __main__ - INFO - feature priors: [17, 0, 67, 46, 32, 2, 52, 24, 29, 10]
2026-09-09 19:19:30 - __main__ - INFO - feature priors: [6, 0, 132, 11, 147, 2, 52, 24, 0, 0]
2026-09-09 19:20:04 - __main__ - INFO - feature priors: [11, 0, 111, 35, 179, 0, 0, 0, 29, 10]
2026-09-09 19:20:40 - __main__ - INFO - feature priors: [17, 0, 67, 46, 32, 2, 52, 24, 29, 10]
2026-09-09 19:20:57 - __main__ - INFO - feature priors: [6, 0, 132, 11, 147, 2, 52, 24, 0, 0]
2026-09-09 19:21:23 - __main__ - INFO - feature priors: [11, 0, 111, 35, 179, 0, 0, 0, 29, 10]
2026-09-09 19:21:42 - __main__ - INFO - feature priors: [17, 0, 67, 46, 32, 2, 52, 24, 29, 10]
2026-09-09 19:21:57 - __main__ - INFO - feature priors: [6, 0, 132, 11, 147, 2, 52, 24, 0, 0]
2026-09-09 19:22:22 - __main__ - INFO - feature priors: [11, 0, 111, 35, 179, 0, 0, 0, 29, 10]
2026-09-09 19:22:54 - __main__ - INFO - feature priors: [17, 0, 67, 46, 32, 2, 52, 24, 29, 10]
2026-09-09 19:23:23 - __main__ - INFO - feature priors: [6, 0, 132, 11, 147, 2, 52, 24, 0, 0]
2026-09-09 19:23:58 - __main__ - INFO - feature priors: [11, 0, 111, 35, 179, 0, 0, 0, 29, 10]
2026-09-09 19:24:50 - __main__ - INFO - feature priors: [17, 0, 67, 46, 32, 2, 52, 24, 29, 10]
2026-09-09 19:25:22 - __main__ - INFO - feature priors: [6, 0, 132, 11, 147, 2, 52, 24, 0, 0]
2026-09-09 19:25:56 - __main__ - INFO - feature priors: [11, 0, 111, 35, 179, 0, 0, 0, 29, 10]
2026-09-09 19:26:23 - __main__ - INFO - feature priors: [17, 0, 67, 46, 32, 2, 52, 24, 29, 10]
2026-09-09 19:26:37 - __main__ - INFO - feature priors: [6, 0, 132, 11, 147, 2, 52, 24, 0, 0]
2026-09-09 19:27:06 - __main__ - INFO - feature priors: [11, 0, 111, 35, 179, 0, 0, 0, 29, 10]
2026-09-09 19:27:26 - __main__ - INFO - feature priors: [17, 0, 67, 46, 32, 2, 52, 24, 29, 10]
2026-09-09 19:27:43 - __main__ - INFO - feature priors: [6, 0, 132, 11, 147, 2, 52, 24, 0, 0]
2026-09-09 19:28:10 - __main__ - INFO - feature priors: [11, 0, 111, 35, 179, 0, 0, 0, 29, 10]
2026-09-09 19:28:29 - __main__ - INFO - feature priors: [17, 0, 67, 46, 32, 2, 52, 24, 29, 10]
2026-09-09 19:28:48 - __main__ - INFO - feature priors: [6, 0, 132, 11, 147, 2, 52, 24, 0, 0]
2026-09-09 19:29:09 - __main__ - INFO - feature priors: [11, 0, 111, 35, 179, 0, 0, 0, 29, 10]
2026-09-09 19:29:43 - __main__ - INFO - feature priors: [17, 0, 67, 46, 32, 2, 52, 24, 29, 10]
2026-09-09 19:30:14 - __main__ - INFO - feature priors: [6, 0, 132, 11, 147, 2, 52, 24, 0, 0]
2026-09-09 19:30:55 - __main__ - INFO - feature priors: [11, 0, 111, 35, 179, 0, 0, 0, 29, 10]
2026-09-09 19:31:30 - __main__ - INFO - feature priors: [17, 0, 67, 46, 32, 2, 52, 24, 29, 10]
2026-09-09 19:31:45 - __main__ - INFO - feature priors: [6, 0, 132, 11, 147, 2, 52, 24, 0, 0]
2026-09-09 19:32:27 - __main__ - INFO - feature priors: [11, 0, 111, 35, 179, 0, 0, 0, 29, 10]
2026-09-09 19:32:44 - __main__ - INFO - feature priors: [17, 0, 67, 46, 32, 2, 52, 24, 29, 10]
2026-09-09 19:32:59 - __main__ - INFO - feature priors: [6, 0, 132, 11, 147, 2, 52, 24, 0, 0]
2026-09-09 19:33:36 - __main__ - INFO - feature priors: [11, 0, 111, 35, 179, 0, 0, 0, 29, 10]
2026-09-09 19:34:13 - __main__ - INFO - feature priors: [17, 0, 67, 46, 32, 2, 52, 24, 29, 10]
2026-09-09 19:34:42 - __main__ - INFO - feature priors: [6, 0, 132, 11, 147, 2, 52, 24, 0, 0]
2026-09-09 19:35:20 - __main__ - INFO - feature priors: [11, 0, 111, 35, 179, 0, 0, 0, 29, 10]
2026-09-09 19:35:51 - __main__ - INFO - feature priors: [17, 0, 67, 46, 32, 2, 52, 24, 29, 10]
2026-09-09 19:36:06 - __main__ - INFO - feature priors: [6, 0, 132, 11, 147, 2, 52, 24, 0, 0]
2026-09-09 19:36:41 - __main__ - INFO - feature priors: [11, 0, 111, 35, 179, 0, 0, 0, 29, 10]
2026-09-09 19:37:12 - __main__ - INFO - feature priors: [17, 0, 67, 46, 32, 2, 52, 24, 29, 10]
2026-09-09 19:37:45 - __main__ - INFO - feature priors: [6, 0, 132, 11, 147, 2, 52, 24, 0, 0]
2026-09-09 19:38:12 - __main__ - INFO - feature priors: [11, 0, 111, 35, 179, 0, 0, 0, 29, 10]
2026-09-09 19:38:49 - __main__ - INFO - feature priors: [17, 0, 67, 46, 32, 2, 52, 24, 29, 10]
2026-09-09 19:39:06 - __main__ - INFO - feature priors: [6, 0, 132, 11, 147, 2, 52, 24, 0, 0]
2026-09-09 19:39:50 - __main__ - INFO - feature priors: [11, 0, 111, 35, 179, 0, 0, 0, 29, 10]
2026-09-09 19:40:29 - __main__ - INFO - feature priors: [17, 0, 67, 46, 32, 2, 52, 24, 29, 10]
2026-09-09 19:41:03 - __main__ - INFO - feature priors: [6, 0, 132, 11, 147, 2, 52, 24, 0, 0]
2026-09-09 19:41:45 - __main__ - INFO - feature priors: [11, 0, 111, 35, 179, 0, 0, 0, 29, 10]
2026-09-09 19:42:19 - __main__ - INFO - feature priors: [17, 0, 67, 46, 32, 2, 52, 24, 29, 10]
2026-09-09 19:42:45 - __main__ - INFO - feature priors: [6, 0, 132, 11, 147, 2, 52, 24, 0, 0]
2026-09-09 19:43:23 - __main__ - INFO - feature priors: [11, 0, 111, 35, 179, 0, 0, 0, 29, 10]
2026-09-09 19:43:40 - __main__ - INFO - feature priors: [17, 0, 67, 46, 32, 2, 52, 24, 29, 10]
2026-09-09 19:44:09 - __main__ - INFO - feature priors: [6, 0, 132, 11, 147, 2, 52, 24, 0, 0]
2026-09-09 19:44:47 - __main__ - INFO - feature priors: [11, 0, 111, 35, 179, 0, 0, 0, 29, 10]
2026-09-09 19:45:19 - __main__ - INFO - feature priors: [17, 0, 67, 46, 32, 2, 52, 24, 29, 10]
2026-09-09 19:45:49 - __main__ - INFO - feature priors: [6, 0, 132, 11, 147, 2, 52, 24, 0, 0]
2026-09-09 19:46:23 - __main__ - INFO - feature priors: [11, 0, 111, 35, 179, 0, 0, 0, 29, 10]
2026-09-09 19:47:02 - __main__ - INFO - feature priors: [17, 0, 67, 46, 32, 2, 52, 24, 29, 10]
2026-09-09 19:47:31 - __main__ - INFO - feature priors: [6, 0, 132, 11, 147, 2, 52, 24, 0, 0]
2026-09-09 19:48:04 - __main__ - INFO - feature priors: [11, 0, 111, 35, 179, 0, 0, 0, 29, 10]
2026-09-09 19:48:37 - __main__ - INFO - feature priors: [17, 0, 67, 46, 32, 2, 52, 24, 29, 10]
2026-09-09 19:49:04 - __main__ - INFO - feature priors: [6, 0, 132, 11, 147, 2, 52, 24, 0, 0]
2026-09-09 19:49:40 - __main__ - INFO - feature priors: [11, 0, 111, 35, 179, 0, 0, 0, 29, 10]
2026-09-09 19:49:57 - __main__ - INFO - feature priors: [17, 0, 67, 46, 32, 2, 52, 24, 29, 10]
2026-09-09 19:50:29 - __main__ - INFO - feature priors: [6, 0, 132, 11, 147, 2, 52, 24, 0, 0]
2026-09-09 19:51:05 - __main__ - INFO - feature priors: [11, 0, 111, 35, 179, 0, 0, 0, 29, 10]
2026-09-09 19:51:36 - __main__ - INFO - feature priors: [17, 0, 67, 46, 32, 2, 52, 24, 29, 10]
2026-09-09 19:52:06 - __main__ - INFO - feature priors: [6, 0, 132, 11, 147, 2, 52, 24, 0, 0]
2026-09-09 19:52:43 - __main__ - INFO - feature priors: [11, 0, 111, 35, 179, 0, 0, 0, 29, 10]
2026-09-09 19:54:08 - __main__ - INFO - feature priors: [17, 0, 67, 46, 32, 2, 52, 24, 29, 10]
2026-09-09 19:55:10 - __main__ - INFO - feature priors: [6, 0, 132, 11, 147, 2, 52, 24, 0, 0]
2026-09-09 19:56:35 - __main__ - INFO - feature priors: [11, 0, 111, 35, 179, 0, 0, 0, 29, 10]
2026-09-09 19:57:58 - __main__ - INFO - feature priors: [17, 0, 67, 46, 32, 2, 52, 24, 29, 10]
2026-09-09 19:59:07 - __main__ - INFO - feature priors: [6, 0, 132, 11, 147, 2, 52, 24, 0, 0]
2026-09-09 20:00:49 - __main__ - INFO - feature priors: [11, 0, 111, 35, 179, 0, 0, 0, 29, 10]
2026-09-09 20:02:14 - __main__ - INFO - feature priors: [17, 0, 67, 46, 32, 2, 52, 24, 29, 10]
2026-09-09 20:03:16 - __main__ - INFO - feature priors: [6, 0, 132, 11, 147, 2, 52, 24, 0, 0]
2026-09-09 20:04:47 - __main__ - INFO - feature priors: [11, 0, 111, 35, 179, 0, 0, 0, 29, 10]
2026-09-09 20:05:59 - __main__ - INFO - feature priors: [17, 0, 67, 46, 32, 2, 52, 24, 29, 10]
2026-09-09 20:07:01 - __main__ - INFO - feature priors: [6, 0, 132, 11, 147, 2, 52, 24, 0, 0]
2026-09-09 20:08:19 - __main__ - INFO - feature priors: [11, 0, 111, 35, 179, 0, 0, 0, 29, 10]
2026-09-09 20:09:49 - __main__ - INFO - feature priors: [17, 0, 67, 46, 32, 2, 52, 24, 29, 10]
2026-09-09 20:10:57 - __main__ - INFO - feature priors: [6, 0, 132, 11, 147, 2, 52, 24, 0, 0]
2026-09-09 20:12:32 - __main__ - INFO - feature priors: [11, 0, 111, 35, 179, 0, 0, 0, 29, 10]
2026-09-09 20:13:17 - __main__ - INFO - feature priors: [17, 0, 67, 46, 32, 2, 52, 24, 29, 10]
2026-09-09 20:14:22 - __main__ - INFO - feature priors: [6, 0, 132, 11, 147, 2, 52, 24, 0, 0]
2026-09-09 20:15:53 - __main__ - INFO - feature priors: [11, 0, 111, 35, 179, 0, 0, 0, 29, 10]
2026-09-09 20:17:18 - __main__ - INFO - feature priors: [17, 0, 67, 46, 32, 2, 52, 24, 29, 10]
2026-09-09 20:18:20 - __main__ - INFO - feature priors: [6, 0, 132, 11, 147, 2, 52, 24, 0, 0]
2026-09-09 20:19:49 - __main__ - INFO - feature priors: [11, 0, 111, 35, 179, 0, 0, 0, 29, 10]
2026-09-09 20:21:04 - __main__ - INFO - feature priors: [17, 0, 67, 46, 32, 2, 52, 24, 29, 10]
2026-09-09 20:21:32 - __main__ - INFO - feature priors: [6, 0, 132, 11, 147, 2, 52, 24, 0, 0]
2026-09-09 20:22:41 - __main__ - INFO - feature priors: [11, 0, 111, 35, 179, 0, 0, 0, 29, 10]
2026-09-09 20:24:20 - __main__ - INFO - feature priors: [17, 0, 67, 46, 32, 2, 52, 24, 29, 10]
2026-09-09 20:25:03 - __main__ - INFO - feature priors: [6, 0, 132, 11, 147, 2, 52, 24, 0, 0]
2026-09-09 20:26:15 - __main__ - INFO - feature priors: [11, 0, 111, 35, 179, 0, 0, 0, 29, 10]
2026-09-09 20:26:45 - __main__ - INFO - feature priors: [17, 0, 67, 46, 32, 2, 52, 24, 29, 10]
2026-09-09 20:27:00 - __main__ - INFO - feature priors: [6, 0, 132, 11, 147, 2, 52, 24, 0, 0]
2026-09-09 20:27:41 - __main__ - INFO - feature priors: [11, 0, 111, 35, 179, 0, 0, 0, 29, 10]
2026-09-09 20:29:08 - __main__ - INFO - feature priors: [17, 0, 67, 46, 32, 2, 52, 24, 29, 10]
2026-09-09 20:30:11 - __main__ - INFO - feature priors: [6, 0, 132, 11, 147, 2, 52, 24, 0, 0]
2026-09-09 20:31:23 - __main__ - INFO - Best hyperparameters (averaged over 3 folds): {'n_layers': 2, 'hidden_dim_0': 320, 'hidden_dim_1': 256, 'dropout': 0.18024877515148136, 'learning_rate': 5.4467015017757924e-05, 'weight_decay': 3.412783161994889e-05, 'batch_size': 256, 'use_batch_norm': False, 'activation': 'relu', 'logit_adjust_tau': 0.09014130458806648, 'ls_feature': 0.08833463640294092, 'task_weight_feature': 1.0}
2026-09-09 20:31:23 - __main__ - INFO - Best CV score: 0.3109
2026-09-09 20:31:23 - __main__ - INFO - Training final model with proper train/val split...
2026-09-09 20:31:23 - __main__ - INFO - feature: 9/10 classes have training support in this fold
2026-09-09 20:31:23 - __main__ - INFO - Final training split: 1840 train, 205 validation, 671 test
2026-09-09 20:31:23 - __main__ - INFO - feature priors: [17, 0, 155, 46, 179, 2, 52, 24, 29, 10]
2026-09-09 20:31:23 - diana.utils.checkpointing - INFO - CheckpointManager initialized: results/search_v9_single_feature/cv_results/fold_0
2026-09-09 20:31:24 - diana.utils.checkpointing - INFO - Checkpoint saved: results/search_v9_single_feature/cv_results/fold_0/checkpoint_epoch_1_20260909_203123.pth
2026-09-09 20:31:25 - diana.utils.checkpointing - INFO - New best model saved: results/search_v9_single_feature/cv_results/fold_0/best_model.pth (val_loss: 2.1399)
2026-09-09 20:31:27 - diana.utils.checkpointing - INFO - Checkpoint saved: results/search_v9_single_feature/cv_results/fold_0/checkpoint_epoch_2_20260909_203126.pth
2026-09-09 20:31:28 - diana.utils.checkpointing - INFO - New best model saved: results/search_v9_single_feature/cv_results/fold_0/best_model.pth (val_loss: 2.1245)
2026-09-09 20:31:29 - diana.utils.checkpointing - INFO - Checkpoint saved: results/search_v9_single_feature/cv_results/fold_0/checkpoint_epoch_3_20260909_203128.pth
2026-09-09 20:31:30 - diana.utils.checkpointing - INFO - New best model saved: results/search_v9_single_feature/cv_results/fold_0/best_model.pth (val_loss: 2.1034)
2026-09-09 20:31:31 - diana.utils.checkpointing - INFO - Checkpoint saved: results/search_v9_single_feature/cv_results/fold_0/checkpoint_epoch_4_20260909_203130.pth
2026-09-09 20:31:32 - diana.utils.checkpointing - INFO - New best model saved: results/search_v9_single_feature/cv_results/fold_0/best_model.pth (val_loss: 2.0759)
2026-09-09 20:31:33 - diana.utils.checkpointing - INFO - Checkpoint saved: results/search_v9_single_feature/cv_results/fold_0/checkpoint_epoch_5_20260909_203132.pth
2026-09-09 20:31:34 - diana.utils.checkpointing - INFO - New best model saved: results/search_v9_single_feature/cv_results/fold_0/best_model.pth (val_loss: 2.0423)
2026-09-09 20:31:36 - diana.utils.checkpointing - INFO - Checkpoint saved: results/search_v9_single_feature/cv_results/fold_0/checkpoint_epoch_6_20260909_203135.pth
2026-09-09 20:31:36 - diana.utils.checkpointing - INFO - New best model saved: results/search_v9_single_feature/cv_results/fold_0/best_model.pth (val_loss: 2.0005)
2026-09-09 20:31:38 - diana.utils.checkpointing - INFO - Checkpoint saved: results/search_v9_single_feature/cv_results/fold_0/checkpoint_epoch_7_20260909_203137.pth
2026-09-09 20:31:39 - diana.utils.checkpointing - INFO - New best model saved: results/search_v9_single_feature/cv_results/fold_0/best_model.pth (val_loss: 1.9534)
2026-09-09 20:31:40 - diana.utils.checkpointing - INFO - Checkpoint saved: results/search_v9_single_feature/cv_results/fold_0/checkpoint_epoch_8_20260909_203139.pth
2026-09-09 20:31:41 - diana.utils.checkpointing - INFO - New best model saved: results/search_v9_single_feature/cv_results/fold_0/best_model.pth (val_loss: 1.9019)
2026-09-09 20:31:43 - diana.utils.checkpointing - INFO - Checkpoint saved: results/search_v9_single_feature/cv_results/fold_0/checkpoint_epoch_9_20260909_203142.pth
2026-09-09 20:31:44 - diana.utils.checkpointing - INFO - New best model saved: results/search_v9_single_feature/cv_results/fold_0/best_model.pth (val_loss: 1.8537)
2026-09-09 20:31:45 - diana.utils.checkpointing - INFO - Checkpoint saved: results/search_v9_single_feature/cv_results/fold_0/checkpoint_epoch_10_20260909_203144.pth
2026-09-09 20:31:46 - diana.utils.checkpointing - INFO - New best model saved: results/search_v9_single_feature/cv_results/fold_0/best_model.pth (val_loss: 1.8028)
2026-09-09 20:31:47 - diana.utils.checkpointing - INFO - Checkpoint saved: results/search_v9_single_feature/cv_results/fold_0/checkpoint_epoch_11_20260909_203146.pth
2026-09-09 20:31:48 - diana.utils.checkpointing - INFO - New best model saved: results/search_v9_single_feature/cv_results/fold_0/best_model.pth (val_loss: 1.7541)
2026-09-09 20:31:50 - diana.utils.checkpointing - INFO - Checkpoint saved: results/search_v9_single_feature/cv_results/fold_0/checkpoint_epoch_12_20260909_203149.pth
2026-09-09 20:31:51 - diana.utils.checkpointing - INFO - New best model saved: results/search_v9_single_feature/cv_results/fold_0/best_model.pth (val_loss: 1.7112)
2026-09-09 20:31:52 - diana.utils.checkpointing - INFO - Checkpoint saved: results/search_v9_single_feature/cv_results/fold_0/checkpoint_epoch_13_20260909_203151.pth
2026-09-09 20:31:53 - diana.utils.checkpointing - INFO - New best model saved: results/search_v9_single_feature/cv_results/fold_0/best_model.pth (val_loss: 1.6653)
2026-09-09 20:31:55 - diana.utils.checkpointing - INFO - Checkpoint saved: results/search_v9_single_feature/cv_results/fold_0/checkpoint_epoch_14_20260909_203154.pth
2026-09-09 20:31:56 - diana.utils.checkpointing - INFO - New best model saved: results/search_v9_single_feature/cv_results/fold_0/best_model.pth (val_loss: 1.6229)
2026-09-09 20:31:57 - diana.utils.checkpointing - INFO - Checkpoint saved: results/search_v9_single_feature/cv_results/fold_0/checkpoint_epoch_15_20260909_203156.pth
2026-09-09 20:31:58 - diana.utils.checkpointing - INFO - New best model saved: results/search_v9_single_feature/cv_results/fold_0/best_model.pth (val_loss: 1.5827)
2026-09-09 20:31:59 - diana.utils.checkpointing - INFO - Checkpoint saved: results/search_v9_single_feature/cv_results/fold_0/checkpoint_epoch_16_20260909_203158.pth
2026-09-09 20:32:00 - diana.utils.checkpointing - INFO - New best model saved: results/search_v9_single_feature/cv_results/fold_0/best_model.pth (val_loss: 1.5458)
2026-09-09 20:32:02 - diana.utils.checkpointing - INFO - Checkpoint saved: results/search_v9_single_feature/cv_results/fold_0/checkpoint_epoch_17_20260909_203201.pth
2026-09-09 20:32:03 - diana.utils.checkpointing - INFO - New best model saved: results/search_v9_single_feature/cv_results/fold_0/best_model.pth (val_loss: 1.5088)
2026-09-09 20:32:04 - diana.utils.checkpointing - INFO - Checkpoint saved: results/search_v9_single_feature/cv_results/fold_0/checkpoint_epoch_18_20260909_203203.pth
2026-09-09 20:32:05 - diana.utils.checkpointing - INFO - New best model saved: results/search_v9_single_feature/cv_results/fold_0/best_model.pth (val_loss: 1.4734)
2026-09-09 20:32:06 - diana.utils.checkpointing - INFO - Checkpoint saved: results/search_v9_single_feature/cv_results/fold_0/checkpoint_epoch_19_20260909_203206.pth
2026-09-09 20:32:07 - diana.utils.checkpointing - INFO - New best model saved: results/search_v9_single_feature/cv_results/fold_0/best_model.pth (val_loss: 1.4421)
2026-09-09 20:32:09 - diana.utils.checkpointing - INFO - Checkpoint saved: results/search_v9_single_feature/cv_results/fold_0/checkpoint_epoch_20_20260909_203208.pth
2026-09-09 20:32:10 - diana.utils.checkpointing - INFO - New best model saved: results/search_v9_single_feature/cv_results/fold_0/best_model.pth (val_loss: 1.4149)
2026-09-09 20:32:10 - __main__ - INFO - Epoch 20/200, Train Loss: 1.4102, Val Loss: 1.4149
2026-09-09 20:32:11 - diana.utils.checkpointing - INFO - Checkpoint saved: results/search_v9_single_feature/cv_results/fold_0/checkpoint_epoch_21_20260909_203210.pth
2026-09-09 20:32:12 - diana.utils.checkpointing - INFO - New best model saved: results/search_v9_single_feature/cv_results/fold_0/best_model.pth (val_loss: 1.3921)
2026-09-09 20:32:13 - diana.utils.checkpointing - INFO - Checkpoint saved: results/search_v9_single_feature/cv_results/fold_0/checkpoint_epoch_22_20260909_203213.pth
2026-09-09 20:32:14 - diana.utils.checkpointing - INFO - New best model saved: results/search_v9_single_feature/cv_results/fold_0/best_model.pth (val_loss: 1.3717)
2026-09-09 20:32:16 - diana.utils.checkpointing - INFO - Checkpoint saved: results/search_v9_single_feature/cv_results/fold_0/checkpoint_epoch_23_20260909_203215.pth
2026-09-09 20:32:17 - diana.utils.checkpointing - INFO - New best model saved: results/search_v9_single_feature/cv_results/fold_0/best_model.pth (val_loss: 1.3492)
2026-09-09 20:32:18 - diana.utils.checkpointing - INFO - Checkpoint saved: results/search_v9_single_feature/cv_results/fold_0/checkpoint_epoch_24_20260909_203217.pth
2026-09-09 20:32:19 - diana.utils.checkpointing - INFO - New best model saved: results/search_v9_single_feature/cv_results/fold_0/best_model.pth (val_loss: 1.3305)
2026-09-09 20:32:20 - diana.utils.checkpointing - INFO - Checkpoint saved: results/search_v9_single_feature/cv_results/fold_0/checkpoint_epoch_25_20260909_203219.pth
2026-09-09 20:32:21 - diana.utils.checkpointing - INFO - New best model saved: results/search_v9_single_feature/cv_results/fold_0/best_model.pth (val_loss: 1.3151)
2026-09-09 20:32:23 - diana.utils.checkpointing - INFO - Checkpoint saved: results/search_v9_single_feature/cv_results/fold_0/checkpoint_epoch_26_20260909_203222.pth
2026-09-09 20:32:24 - diana.utils.checkpointing - INFO - New best model saved: results/search_v9_single_feature/cv_results/fold_0/best_model.pth (val_loss: 1.3005)
2026-09-09 20:32:25 - diana.utils.checkpointing - INFO - Checkpoint saved: results/search_v9_single_feature/cv_results/fold_0/checkpoint_epoch_27_20260909_203224.pth
2026-09-09 20:32:26 - diana.utils.checkpointing - INFO - New best model saved: results/search_v9_single_feature/cv_results/fold_0/best_model.pth (val_loss: 1.2885)
2026-09-09 20:32:27 - diana.utils.checkpointing - INFO - Checkpoint saved: results/search_v9_single_feature/cv_results/fold_0/checkpoint_epoch_28_20260909_203226.pth
2026-09-09 20:32:28 - diana.utils.checkpointing - INFO - New best model saved: results/search_v9_single_feature/cv_results/fold_0/best_model.pth (val_loss: 1.2763)
2026-09-09 20:32:30 - diana.utils.checkpointing - INFO - Checkpoint saved: results/search_v9_single_feature/cv_results/fold_0/checkpoint_epoch_29_20260909_203229.pth
2026-09-09 20:32:31 - diana.utils.checkpointing - INFO - New best model saved: results/search_v9_single_feature/cv_results/fold_0/best_model.pth (val_loss: 1.2643)
2026-09-09 20:32:32 - diana.utils.checkpointing - INFO - Checkpoint saved: results/search_v9_single_feature/cv_results/fold_0/checkpoint_epoch_30_20260909_203231.pth
2026-09-09 20:32:33 - diana.utils.checkpointing - INFO - New best model saved: results/search_v9_single_feature/cv_results/fold_0/best_model.pth (val_loss: 1.2528)
2026-09-09 20:32:34 - diana.utils.checkpointing - INFO - Checkpoint saved: results/search_v9_single_feature/cv_results/fold_0/checkpoint_epoch_31_20260909_203233.pth
2026-09-09 20:32:35 - diana.utils.checkpointing - INFO - New best model saved: results/search_v9_single_feature/cv_results/fold_0/best_model.pth (val_loss: 1.2402)
2026-09-09 20:32:36 - diana.utils.checkpointing - INFO - Checkpoint saved: results/search_v9_single_feature/cv_results/fold_0/checkpoint_epoch_32_20260909_203235.pth
2026-09-09 20:32:37 - diana.utils.checkpointing - INFO - New best model saved: results/search_v9_single_feature/cv_results/fold_0/best_model.pth (val_loss: 1.2334)
2026-09-09 20:32:39 - diana.utils.checkpointing - INFO - Checkpoint saved: results/search_v9_single_feature/cv_results/fold_0/checkpoint_epoch_33_20260909_203238.pth
2026-09-09 20:32:40 - diana.utils.checkpointing - INFO - New best model saved: results/search_v9_single_feature/cv_results/fold_0/best_model.pth (val_loss: 1.2240)
2026-09-09 20:32:41 - diana.utils.checkpointing - INFO - Checkpoint saved: results/search_v9_single_feature/cv_results/fold_0/checkpoint_epoch_34_20260909_203240.pth
2026-09-09 20:32:42 - diana.utils.checkpointing - INFO - New best model saved: results/search_v9_single_feature/cv_results/fold_0/best_model.pth (val_loss: 1.2095)
2026-09-09 20:32:43 - diana.utils.checkpointing - INFO - Checkpoint saved: results/search_v9_single_feature/cv_results/fold_0/checkpoint_epoch_35_20260909_203242.pth
2026-09-09 20:32:44 - diana.utils.checkpointing - INFO - New best model saved: results/search_v9_single_feature/cv_results/fold_0/best_model.pth (val_loss: 1.2023)
2026-09-09 20:32:46 - diana.utils.checkpointing - INFO - Checkpoint saved: results/search_v9_single_feature/cv_results/fold_0/checkpoint_epoch_36_20260909_203245.pth
2026-09-09 20:32:47 - diana.utils.checkpointing - INFO - New best model saved: results/search_v9_single_feature/cv_results/fold_0/best_model.pth (val_loss: 1.1934)
2026-09-09 20:32:48 - diana.utils.checkpointing - INFO - Checkpoint saved: results/search_v9_single_feature/cv_results/fold_0/checkpoint_epoch_37_20260909_203247.pth
2026-09-09 20:32:49 - diana.utils.checkpointing - INFO - New best model saved: results/search_v9_single_feature/cv_results/fold_0/best_model.pth (val_loss: 1.1845)
2026-09-09 20:32:50 - diana.utils.checkpointing - INFO - Checkpoint saved: results/search_v9_single_feature/cv_results/fold_0/checkpoint_epoch_38_20260909_203249.pth
2026-09-09 20:32:51 - diana.utils.checkpointing - INFO - New best model saved: results/search_v9_single_feature/cv_results/fold_0/best_model.pth (val_loss: 1.1752)
2026-09-09 20:32:52 - diana.utils.checkpointing - INFO - Checkpoint saved: results/search_v9_single_feature/cv_results/fold_0/checkpoint_epoch_39_20260909_203251.pth
2026-09-09 20:32:53 - diana.utils.checkpointing - INFO - New best model saved: results/search_v9_single_feature/cv_results/fold_0/best_model.pth (val_loss: 1.1657)
2026-09-09 20:32:55 - diana.utils.checkpointing - INFO - Checkpoint saved: results/search_v9_single_feature/cv_results/fold_0/checkpoint_epoch_40_20260909_203254.pth
2026-09-09 20:32:56 - diana.utils.checkpointing - INFO - New best model saved: results/search_v9_single_feature/cv_results/fold_0/best_model.pth (val_loss: 1.1589)
2026-09-09 20:32:56 - __main__ - INFO - Epoch 40/200, Train Loss: 0.9809, Val Loss: 1.1589
2026-09-09 20:32:57 - diana.utils.checkpointing - INFO - Checkpoint saved: results/search_v9_single_feature/cv_results/fold_0/checkpoint_epoch_41_20260909_203256.pth
2026-09-09 20:32:58 - diana.utils.checkpointing - INFO - New best model saved: results/search_v9_single_feature/cv_results/fold_0/best_model.pth (val_loss: 1.1571)
2026-09-09 20:33:00 - diana.utils.checkpointing - INFO - Checkpoint saved: results/search_v9_single_feature/cv_results/fold_0/checkpoint_epoch_42_20260909_203259.pth
2026-09-09 20:33:01 - diana.utils.checkpointing - INFO - New best model saved: results/search_v9_single_feature/cv_results/fold_0/best_model.pth (val_loss: 1.1473)
2026-09-09 20:33:02 - diana.utils.checkpointing - INFO - Checkpoint saved: results/search_v9_single_feature/cv_results/fold_0/checkpoint_epoch_43_20260909_203301.pth
2026-09-09 20:33:03 - diana.utils.checkpointing - INFO - New best model saved: results/search_v9_single_feature/cv_results/fold_0/best_model.pth (val_loss: 1.1324)
2026-09-09 20:33:05 - diana.utils.checkpointing - INFO - Checkpoint saved: results/search_v9_single_feature/cv_results/fold_0/checkpoint_epoch_44_20260909_203304.pth
2026-09-09 20:33:06 - diana.utils.checkpointing - INFO - New best model saved: results/search_v9_single_feature/cv_results/fold_0/best_model.pth (val_loss: 1.1216)
2026-09-09 20:33:07 - diana.utils.checkpointing - INFO - Checkpoint saved: results/search_v9_single_feature/cv_results/fold_0/checkpoint_epoch_45_20260909_203306.pth
2026-09-09 20:33:08 - diana.utils.checkpointing - INFO - Checkpoint saved: results/search_v9_single_feature/cv_results/fold_0/checkpoint_epoch_46_20260909_203307.pth
2026-09-09 20:33:09 - diana.utils.checkpointing - INFO - New best model saved: results/search_v9_single_feature/cv_results/fold_0/best_model.pth (val_loss: 1.1194)
2026-09-09 20:33:10 - diana.utils.checkpointing - INFO - Checkpoint saved: results/search_v9_single_feature/cv_results/fold_0/checkpoint_epoch_47_20260909_203309.pth
2026-09-09 20:33:11 - diana.utils.checkpointing - INFO - New best model saved: results/search_v9_single_feature/cv_results/fold_0/best_model.pth (val_loss: 1.1096)
2026-09-09 20:33:12 - diana.utils.checkpointing - INFO - Checkpoint saved: results/search_v9_single_feature/cv_results/fold_0/checkpoint_epoch_48_20260909_203312.pth
2026-09-09 20:33:13 - diana.utils.checkpointing - INFO - New best model saved: results/search_v9_single_feature/cv_results/fold_0/best_model.pth (val_loss: 1.1030)
2026-09-09 20:33:15 - diana.utils.checkpointing - INFO - Checkpoint saved: results/search_v9_single_feature/cv_results/fold_0/checkpoint_epoch_49_20260909_203314.pth
2026-09-09 20:33:16 - diana.utils.checkpointing - INFO - New best model saved: results/search_v9_single_feature/cv_results/fold_0/best_model.pth (val_loss: 1.0916)
2026-09-09 20:33:17 - diana.utils.checkpointing - INFO - Checkpoint saved: results/search_v9_single_feature/cv_results/fold_0/checkpoint_epoch_50_20260909_203316.pth
2026-09-09 20:33:18 - diana.utils.checkpointing - INFO - New best model saved: results/search_v9_single_feature/cv_results/fold_0/best_model.pth (val_loss: 1.0758)
2026-09-09 20:33:19 - diana.utils.checkpointing - INFO - Checkpoint saved: results/search_v9_single_feature/cv_results/fold_0/checkpoint_epoch_51_20260909_203318.pth
2026-09-09 20:33:20 - diana.utils.checkpointing - INFO - New best model saved: results/search_v9_single_feature/cv_results/fold_0/best_model.pth (val_loss: 1.0637)
2026-09-09 20:33:21 - diana.utils.checkpointing - INFO - Checkpoint saved: results/search_v9_single_feature/cv_results/fold_0/checkpoint_epoch_52_20260909_203320.pth
2026-09-09 20:33:22 - diana.utils.checkpointing - INFO - New best model saved: results/search_v9_single_feature/cv_results/fold_0/best_model.pth (val_loss: 1.0632)
2026-09-09 20:33:24 - diana.utils.checkpointing - INFO - Checkpoint saved: results/search_v9_single_feature/cv_results/fold_0/checkpoint_epoch_53_20260909_203323.pth
2026-09-09 20:33:25 - diana.utils.checkpointing - INFO - Checkpoint saved: results/search_v9_single_feature/cv_results/fold_0/checkpoint_epoch_54_20260909_203324.pth
2026-09-09 20:33:26 - diana.utils.checkpointing - INFO - New best model saved: results/search_v9_single_feature/cv_results/fold_0/best_model.pth (val_loss: 1.0573)
2026-09-09 20:33:28 - diana.utils.checkpointing - INFO - Checkpoint saved: results/search_v9_single_feature/cv_results/fold_0/checkpoint_epoch_55_20260909_203327.pth
2026-09-09 20:33:29 - diana.utils.checkpointing - INFO - New best model saved: results/search_v9_single_feature/cv_results/fold_0/best_model.pth (val_loss: 1.0410)
2026-09-09 20:33:30 - diana.utils.checkpointing - INFO - Checkpoint saved: results/search_v9_single_feature/cv_results/fold_0/checkpoint_epoch_56_20260909_203329.pth
2026-09-09 20:33:31 - diana.utils.checkpointing - INFO - New best model saved: results/search_v9_single_feature/cv_results/fold_0/best_model.pth (val_loss: 1.0334)
2026-09-09 20:33:32 - diana.utils.checkpointing - INFO - Checkpoint saved: results/search_v9_single_feature/cv_results/fold_0/checkpoint_epoch_57_20260909_203331.pth
2026-09-09 20:33:33 - diana.utils.checkpointing - INFO - New best model saved: results/search_v9_single_feature/cv_results/fold_0/best_model.pth (val_loss: 1.0290)
2026-09-09 20:33:34 - diana.utils.checkpointing - INFO - Checkpoint saved: results/search_v9_single_feature/cv_results/fold_0/checkpoint_epoch_58_20260909_203334.pth
2026-09-09 20:33:36 - diana.utils.checkpointing - INFO - Checkpoint saved: results/search_v9_single_feature/cv_results/fold_0/checkpoint_epoch_59_20260909_203335.pth
2026-09-09 20:33:37 - diana.utils.checkpointing - INFO - New best model saved: results/search_v9_single_feature/cv_results/fold_0/best_model.pth (val_loss: 1.0108)
2026-09-09 20:33:38 - diana.utils.checkpointing - INFO - Checkpoint saved: results/search_v9_single_feature/cv_results/fold_0/checkpoint_epoch_60_20260909_203337.pth
2026-09-09 20:33:39 - diana.utils.checkpointing - INFO - New best model saved: results/search_v9_single_feature/cv_results/fold_0/best_model.pth (val_loss: 0.9984)
2026-09-09 20:33:39 - __main__ - INFO - Epoch 60/200, Train Loss: 0.8181, Val Loss: 0.9984
2026-09-09 20:33:40 - diana.utils.checkpointing - INFO - Checkpoint saved: results/search_v9_single_feature/cv_results/fold_0/checkpoint_epoch_61_20260909_203339.pth
2026-09-09 20:33:41 - diana.utils.checkpointing - INFO - New best model saved: results/search_v9_single_feature/cv_results/fold_0/best_model.pth (val_loss: 0.9981)
2026-09-09 20:33:43 - diana.utils.checkpointing - INFO - Checkpoint saved: results/search_v9_single_feature/cv_results/fold_0/checkpoint_epoch_62_20260909_203342.pth
2026-09-09 20:33:44 - diana.utils.checkpointing - INFO - Checkpoint saved: results/search_v9_single_feature/cv_results/fold_0/checkpoint_epoch_63_20260909_203343.pth
2026-09-09 20:33:45 - diana.utils.checkpointing - INFO - Checkpoint saved: results/search_v9_single_feature/cv_results/fold_0/checkpoint_epoch_64_20260909_203344.pth
2026-09-09 20:33:46 - diana.utils.checkpointing - INFO - Checkpoint saved: results/search_v9_single_feature/cv_results/fold_0/checkpoint_epoch_65_20260909_203346.pth
2026-09-09 20:33:47 - diana.utils.checkpointing - INFO - New best model saved: results/search_v9_single_feature/cv_results/fold_0/best_model.pth (val_loss: 0.9915)
2026-09-09 20:33:49 - diana.utils.checkpointing - INFO - Checkpoint saved: results/search_v9_single_feature/cv_results/fold_0/checkpoint_epoch_66_20260909_203348.pth
2026-09-09 20:33:50 - diana.utils.checkpointing - INFO - New best model saved: results/search_v9_single_feature/cv_results/fold_0/best_model.pth (val_loss: 0.9684)
2026-09-09 20:33:51 - diana.utils.checkpointing - INFO - Checkpoint saved: results/search_v9_single_feature/cv_results/fold_0/checkpoint_epoch_67_20260909_203350.pth
2026-09-09 20:33:52 - diana.utils.checkpointing - INFO - New best model saved: results/search_v9_single_feature/cv_results/fold_0/best_model.pth (val_loss: 0.9513)
2026-09-09 20:33:53 - diana.utils.checkpointing - INFO - Checkpoint saved: results/search_v9_single_feature/cv_results/fold_0/checkpoint_epoch_68_20260909_203353.pth
2026-09-09 20:33:55 - diana.utils.checkpointing - INFO - Checkpoint saved: results/search_v9_single_feature/cv_results/fold_0/checkpoint_epoch_69_20260909_203354.pth
2026-09-09 20:33:56 - diana.utils.checkpointing - INFO - Checkpoint saved: results/search_v9_single_feature/cv_results/fold_0/checkpoint_epoch_70_20260909_203355.pth
2026-09-09 20:33:57 - diana.utils.checkpointing - INFO - Checkpoint saved: results/search_v9_single_feature/cv_results/fold_0/checkpoint_epoch_71_20260909_203356.pth
2026-09-09 20:33:58 - diana.utils.checkpointing - INFO - Checkpoint saved: results/search_v9_single_feature/cv_results/fold_0/checkpoint_epoch_72_20260909_203358.pth
2026-09-09 20:33:59 - diana.utils.checkpointing - INFO - New best model saved: results/search_v9_single_feature/cv_results/fold_0/best_model.pth (val_loss: 0.9415)
2026-09-09 20:34:01 - diana.utils.checkpointing - INFO - Checkpoint saved: results/search_v9_single_feature/cv_results/fold_0/checkpoint_epoch_73_20260909_203400.pth
2026-09-09 20:34:02 - diana.utils.checkpointing - INFO - New best model saved: results/search_v9_single_feature/cv_results/fold_0/best_model.pth (val_loss: 0.9389)
2026-09-09 20:34:03 - diana.utils.checkpointing - INFO - Checkpoint saved: results/search_v9_single_feature/cv_results/fold_0/checkpoint_epoch_74_20260909_203402.pth
2026-09-09 20:34:04 - diana.utils.checkpointing - INFO - New best model saved: results/search_v9_single_feature/cv_results/fold_0/best_model.pth (val_loss: 0.9276)
2026-09-09 20:34:06 - diana.utils.checkpointing - INFO - Checkpoint saved: results/search_v9_single_feature/cv_results/fold_0/checkpoint_epoch_75_20260909_203405.pth
2026-09-09 20:34:07 - diana.utils.checkpointing - INFO - New best model saved: results/search_v9_single_feature/cv_results/fold_0/best_model.pth (val_loss: 0.9155)
2026-09-09 20:34:08 - diana.utils.checkpointing - INFO - Checkpoint saved: results/search_v9_single_feature/cv_results/fold_0/checkpoint_epoch_76_20260909_203407.pth
2026-09-09 20:34:09 - diana.utils.checkpointing - INFO - New best model saved: results/search_v9_single_feature/cv_results/fold_0/best_model.pth (val_loss: 0.9027)
2026-09-09 20:34:10 - diana.utils.checkpointing - INFO - Checkpoint saved: results/search_v9_single_feature/cv_results/fold_0/checkpoint_epoch_77_20260909_203410.pth
2026-09-09 20:34:12 - diana.utils.checkpointing - INFO - Checkpoint saved: results/search_v9_single_feature/cv_results/fold_0/checkpoint_epoch_78_20260909_203411.pth
2026-09-09 20:34:13 - diana.utils.checkpointing - INFO - Checkpoint saved: results/search_v9_single_feature/cv_results/fold_0/checkpoint_epoch_79_20260909_203412.pth
2026-09-09 20:34:14 - diana.utils.checkpointing - INFO - New best model saved: results/search_v9_single_feature/cv_results/fold_0/best_model.pth (val_loss: 0.8929)
2026-09-09 20:34:15 - diana.utils.checkpointing - INFO - Checkpoint saved: results/search_v9_single_feature/cv_results/fold_0/checkpoint_epoch_80_20260909_203414.pth
2026-09-09 20:34:16 - diana.utils.checkpointing - INFO - New best model saved: results/search_v9_single_feature/cv_results/fold_0/best_model.pth (val_loss: 0.8918)
2026-09-09 20:34:16 - __main__ - INFO - Epoch 80/200, Train Loss: 0.7130, Val Loss: 0.8918
2026-09-09 20:34:18 - diana.utils.checkpointing - INFO - Checkpoint saved: results/search_v9_single_feature/cv_results/fold_0/checkpoint_epoch_81_20260909_203417.pth
2026-09-09 20:34:18 - diana.utils.checkpointing - INFO - New best model saved: results/search_v9_single_feature/cv_results/fold_0/best_model.pth (val_loss: 0.8873)
2026-09-09 20:34:20 - diana.utils.checkpointing - INFO - Checkpoint saved: results/search_v9_single_feature/cv_results/fold_0/checkpoint_epoch_82_20260909_203419.pth
2026-09-09 20:34:21 - diana.utils.checkpointing - INFO - New best model saved: results/search_v9_single_feature/cv_results/fold_0/best_model.pth (val_loss: 0.8774)
2026-09-09 20:34:22 - diana.utils.checkpointing - INFO - Checkpoint saved: results/search_v9_single_feature/cv_results/fold_0/checkpoint_epoch_83_20260909_203421.pth
2026-09-09 20:34:23 - diana.utils.checkpointing - INFO - Checkpoint saved: results/search_v9_single_feature/cv_results/fold_0/checkpoint_epoch_84_20260909_203422.pth
2026-09-09 20:34:25 - diana.utils.checkpointing - INFO - Checkpoint saved: results/search_v9_single_feature/cv_results/fold_0/checkpoint_epoch_85_20260909_203424.pth
2026-09-09 20:34:26 - diana.utils.checkpointing - INFO - New best model saved: results/search_v9_single_feature/cv_results/fold_0/best_model.pth (val_loss: 0.8719)
2026-09-09 20:34:27 - diana.utils.checkpointing - INFO - Checkpoint saved: results/search_v9_single_feature/cv_results/fold_0/checkpoint_epoch_86_20260909_203426.pth
2026-09-09 20:34:28 - diana.utils.checkpointing - INFO - Checkpoint saved: results/search_v9_single_feature/cv_results/fold_0/checkpoint_epoch_87_20260909_203427.pth
2026-09-09 20:34:30 - diana.utils.checkpointing - INFO - Checkpoint saved: results/search_v9_single_feature/cv_results/fold_0/checkpoint_epoch_88_20260909_203429.pth
2026-09-09 20:34:31 - diana.utils.checkpointing - INFO - New best model saved: results/search_v9_single_feature/cv_results/fold_0/best_model.pth (val_loss: 0.8602)
2026-09-09 20:34:32 - diana.utils.checkpointing - INFO - Checkpoint saved: results/search_v9_single_feature/cv_results/fold_0/checkpoint_epoch_89_20260909_203431.pth
2026-09-09 20:34:33 - diana.utils.checkpointing - INFO - New best model saved: results/search_v9_single_feature/cv_results/fold_0/best_model.pth (val_loss: 0.8554)
2026-09-09 20:34:34 - diana.utils.checkpointing - INFO - Checkpoint saved: results/search_v9_single_feature/cv_results/fold_0/checkpoint_epoch_90_20260909_203433.pth
2026-09-09 20:34:36 - diana.utils.checkpointing - INFO - Checkpoint saved: results/search_v9_single_feature/cv_results/fold_0/checkpoint_epoch_91_20260909_203435.pth
2026-09-09 20:34:37 - diana.utils.checkpointing - INFO - Checkpoint saved: results/search_v9_single_feature/cv_results/fold_0/checkpoint_epoch_92_20260909_203436.pth
2026-09-09 20:34:38 - diana.utils.checkpointing - INFO - New best model saved: results/search_v9_single_feature/cv_results/fold_0/best_model.pth (val_loss: 0.8521)
2026-09-09 20:34:39 - diana.utils.checkpointing - INFO - Checkpoint saved: results/search_v9_single_feature/cv_results/fold_0/checkpoint_epoch_93_20260909_203438.pth
2026-09-09 20:34:40 - diana.utils.checkpointing - INFO - New best model saved: results/search_v9_single_feature/cv_results/fold_0/best_model.pth (val_loss: 0.8402)
2026-09-09 20:34:41 - diana.utils.checkpointing - INFO - Checkpoint saved: results/search_v9_single_feature/cv_results/fold_0/checkpoint_epoch_94_20260909_203440.pth
2026-09-09 20:34:42 - diana.utils.checkpointing - INFO - New best model saved: results/search_v9_single_feature/cv_results/fold_0/best_model.pth (val_loss: 0.8289)
2026-09-09 20:34:43 - diana.utils.checkpointing - INFO - Checkpoint saved: results/search_v9_single_feature/cv_results/fold_0/checkpoint_epoch_95_20260909_203443.pth
2026-09-09 20:34:45 - diana.utils.checkpointing - INFO - Checkpoint saved: results/search_v9_single_feature/cv_results/fold_0/checkpoint_epoch_96_20260909_203444.pth
2026-09-09 20:34:46 - diana.utils.checkpointing - INFO - Checkpoint saved: results/search_v9_single_feature/cv_results/fold_0/checkpoint_epoch_97_20260909_203445.pth
2026-09-09 20:34:47 - diana.utils.checkpointing - INFO - New best model saved: results/search_v9_single_feature/cv_results/fold_0/best_model.pth (val_loss: 0.8120)
2026-09-09 20:34:49 - diana.utils.checkpointing - INFO - Checkpoint saved: results/search_v9_single_feature/cv_results/fold_0/checkpoint_epoch_98_20260909_203448.pth
2026-09-09 20:34:50 - diana.utils.checkpointing - INFO - Checkpoint saved: results/search_v9_single_feature/cv_results/fold_0/checkpoint_epoch_99_20260909_203449.pth
2026-09-09 20:34:51 - diana.utils.checkpointing - INFO - Checkpoint saved: results/search_v9_single_feature/cv_results/fold_0/checkpoint_epoch_100_20260909_203450.pth
2026-09-09 20:34:52 - diana.utils.checkpointing - INFO - New best model saved: results/search_v9_single_feature/cv_results/fold_0/best_model.pth (val_loss: 0.8006)
2026-09-09 20:34:52 - __main__ - INFO - Epoch 100/200, Train Loss: 0.6314, Val Loss: 0.8006
2026-09-09 20:34:53 - diana.utils.checkpointing - INFO - Checkpoint saved: results/search_v9_single_feature/cv_results/fold_0/checkpoint_epoch_101_20260909_203453.pth
2026-09-09 20:34:54 - diana.utils.checkpointing - INFO - New best model saved: results/search_v9_single_feature/cv_results/fold_0/best_model.pth (val_loss: 0.7963)
2026-09-09 20:34:56 - diana.utils.checkpointing - INFO - Checkpoint saved: results/search_v9_single_feature/cv_results/fold_0/checkpoint_epoch_102_20260909_203455.pth
2026-09-09 20:34:57 - diana.utils.checkpointing - INFO - Checkpoint saved: results/search_v9_single_feature/cv_results/fold_0/checkpoint_epoch_103_20260909_203456.pth
2026-09-09 20:34:58 - diana.utils.checkpointing - INFO - New best model saved: results/search_v9_single_feature/cv_results/fold_0/best_model.pth (val_loss: 0.7955)
2026-09-09 20:35:00 - diana.utils.checkpointing - INFO - Checkpoint saved: results/search_v9_single_feature/cv_results/fold_0/checkpoint_epoch_104_20260909_203458.pth
2026-09-09 20:35:01 - diana.utils.checkpointing - INFO - Checkpoint saved: results/search_v9_single_feature/cv_results/fold_0/checkpoint_epoch_105_20260909_203500.pth
2026-09-09 20:35:02 - diana.utils.checkpointing - INFO - Checkpoint saved: results/search_v9_single_feature/cv_results/fold_0/checkpoint_epoch_106_20260909_203501.pth
2026-09-09 20:35:03 - diana.utils.checkpointing - INFO - New best model saved: results/search_v9_single_feature/cv_results/fold_0/best_model.pth (val_loss: 0.7830)
2026-09-09 20:35:04 - diana.utils.checkpointing - INFO - Checkpoint saved: results/search_v9_single_feature/cv_results/fold_0/checkpoint_epoch_107_20260909_203503.pth
2026-09-09 20:35:06 - diana.utils.checkpointing - INFO - Checkpoint saved: results/search_v9_single_feature/cv_results/fold_0/checkpoint_epoch_108_20260909_203505.pth
2026-09-09 20:35:07 - diana.utils.checkpointing - INFO - Checkpoint saved: results/search_v9_single_feature/cv_results/fold_0/checkpoint_epoch_109_20260909_203506.pth
2026-09-09 20:35:08 - diana.utils.checkpointing - INFO - New best model saved: results/search_v9_single_feature/cv_results/fold_0/best_model.pth (val_loss: 0.7763)
2026-09-09 20:35:09 - diana.utils.checkpointing - INFO - Checkpoint saved: results/search_v9_single_feature/cv_results/fold_0/checkpoint_epoch_110_20260909_203509.pth
2026-09-09 20:35:11 - diana.utils.checkpointing - INFO - Checkpoint saved: results/search_v9_single_feature/cv_results/fold_0/checkpoint_epoch_111_20260909_203510.pth
2026-09-09 20:35:12 - diana.utils.checkpointing - INFO - New best model saved: results/search_v9_single_feature/cv_results/fold_0/best_model.pth (val_loss: 0.7728)
2026-09-09 20:35:13 - diana.utils.checkpointing - INFO - Checkpoint saved: results/search_v9_single_feature/cv_results/fold_0/checkpoint_epoch_112_20260909_203512.pth
2026-09-09 20:35:14 - diana.utils.checkpointing - INFO - Checkpoint saved: results/search_v9_single_feature/cv_results/fold_0/checkpoint_epoch_113_20260909_203513.pth
2026-09-09 20:35:15 - diana.utils.checkpointing - INFO - New best model saved: results/search_v9_single_feature/cv_results/fold_0/best_model.pth (val_loss: 0.7711)
2026-09-09 20:35:16 - diana.utils.checkpointing - INFO - Checkpoint saved: results/search_v9_single_feature/cv_results/fold_0/checkpoint_epoch_114_20260909_203516.pth
2026-09-09 20:35:17 - diana.utils.checkpointing - INFO - New best model saved: results/search_v9_single_feature/cv_results/fold_0/best_model.pth (val_loss: 0.7637)
2026-09-09 20:35:19 - diana.utils.checkpointing - INFO - Checkpoint saved: results/search_v9_single_feature/cv_results/fold_0/checkpoint_epoch_115_20260909_203518.pth
2026-09-09 20:35:20 - diana.utils.checkpointing - INFO - Checkpoint saved: results/search_v9_single_feature/cv_results/fold_0/checkpoint_epoch_116_20260909_203519.pth
2026-09-09 20:35:21 - diana.utils.checkpointing - INFO - New best model saved: results/search_v9_single_feature/cv_results/fold_0/best_model.pth (val_loss: 0.7498)
2026-09-09 20:35:22 - diana.utils.checkpointing - INFO - Checkpoint saved: results/search_v9_single_feature/cv_results/fold_0/checkpoint_epoch_117_20260909_203521.pth
2026-09-09 20:35:23 - diana.utils.checkpointing - INFO - New best model saved: results/search_v9_single_feature/cv_results/fold_0/best_model.pth (val_loss: 0.7470)
2026-09-09 20:35:25 - diana.utils.checkpointing - INFO - Checkpoint saved: results/search_v9_single_feature/cv_results/fold_0/checkpoint_epoch_118_20260909_203524.pth
2026-09-09 20:35:26 - diana.utils.checkpointing - INFO - Checkpoint saved: results/search_v9_single_feature/cv_results/fold_0/checkpoint_epoch_119_20260909_203525.pth
2026-09-09 20:35:27 - diana.utils.checkpointing - INFO - Checkpoint saved: results/search_v9_single_feature/cv_results/fold_0/checkpoint_epoch_120_20260909_203526.pth
2026-09-09 20:35:28 - diana.utils.checkpointing - INFO - New best model saved: results/search_v9_single_feature/cv_results/fold_0/best_model.pth (val_loss: 0.7361)
2026-09-09 20:35:28 - __main__ - INFO - Epoch 120/200, Train Loss: 0.5857, Val Loss: 0.7361
2026-09-09 20:35:29 - diana.utils.checkpointing - INFO - Checkpoint saved: results/search_v9_single_feature/cv_results/fold_0/checkpoint_epoch_121_20260909_203529.pth
2026-09-09 20:35:31 - diana.utils.checkpointing - INFO - Checkpoint saved: results/search_v9_single_feature/cv_results/fold_0/checkpoint_epoch_122_20260909_203530.pth
2026-09-09 20:35:32 - diana.utils.checkpointing - INFO - Checkpoint saved: results/search_v9_single_feature/cv_results/fold_0/checkpoint_epoch_123_20260909_203531.pth
2026-09-09 20:35:34 - diana.utils.checkpointing - INFO - Checkpoint saved: results/search_v9_single_feature/cv_results/fold_0/checkpoint_epoch_124_20260909_203533.pth
2026-09-09 20:35:35 - diana.utils.checkpointing - INFO - New best model saved: results/search_v9_single_feature/cv_results/fold_0/best_model.pth (val_loss: 0.7344)
2026-09-09 20:35:36 - diana.utils.checkpointing - INFO - Checkpoint saved: results/search_v9_single_feature/cv_results/fold_0/checkpoint_epoch_125_20260909_203535.pth
2026-09-09 20:35:37 - diana.utils.checkpointing - INFO - Checkpoint saved: results/search_v9_single_feature/cv_results/fold_0/checkpoint_epoch_126_20260909_203536.pth
2026-09-09 20:35:38 - diana.utils.checkpointing - INFO - New best model saved: results/search_v9_single_feature/cv_results/fold_0/best_model.pth (val_loss: 0.7295)
2026-09-09 20:35:40 - diana.utils.checkpointing - INFO - Checkpoint saved: results/search_v9_single_feature/cv_results/fold_0/checkpoint_epoch_127_20260909_203539.pth
2026-09-09 20:35:41 - diana.utils.checkpointing - INFO - Checkpoint saved: results/search_v9_single_feature/cv_results/fold_0/checkpoint_epoch_128_20260909_203540.pth
2026-09-09 20:35:42 - diana.utils.checkpointing - INFO - Checkpoint saved: results/search_v9_single_feature/cv_results/fold_0/checkpoint_epoch_129_20260909_203541.pth
2026-09-09 20:35:44 - diana.utils.checkpointing - INFO - Checkpoint saved: results/search_v9_single_feature/cv_results/fold_0/checkpoint_epoch_130_20260909_203543.pth
2026-09-09 20:35:45 - diana.utils.checkpointing - INFO - New best model saved: results/search_v9_single_feature/cv_results/fold_0/best_model.pth (val_loss: 0.7208)
2026-09-09 20:35:46 - diana.utils.checkpointing - INFO - Checkpoint saved: results/search_v9_single_feature/cv_results/fold_0/checkpoint_epoch_131_20260909_203545.pth
2026-09-09 20:35:47 - diana.utils.checkpointing - INFO - Checkpoint saved: results/search_v9_single_feature/cv_results/fold_0/checkpoint_epoch_132_20260909_203546.pth
2026-09-09 20:35:49 - diana.utils.checkpointing - INFO - Checkpoint saved: results/search_v9_single_feature/cv_results/fold_0/checkpoint_epoch_133_20260909_203548.pth
2026-09-09 20:35:50 - diana.utils.checkpointing - INFO - Checkpoint saved: results/search_v9_single_feature/cv_results/fold_0/checkpoint_epoch_134_20260909_203549.pth
2026-09-09 20:35:51 - diana.utils.checkpointing - INFO - New best model saved: results/search_v9_single_feature/cv_results/fold_0/best_model.pth (val_loss: 0.7189)
2026-09-09 20:35:52 - diana.utils.checkpointing - INFO - Checkpoint saved: results/search_v9_single_feature/cv_results/fold_0/checkpoint_epoch_135_20260909_203551.pth
2026-09-09 20:35:53 - diana.utils.checkpointing - INFO - Checkpoint saved: results/search_v9_single_feature/cv_results/fold_0/checkpoint_epoch_136_20260909_203552.pth
2026-09-09 20:35:54 - diana.utils.checkpointing - INFO - New best model saved: results/search_v9_single_feature/cv_results/fold_0/best_model.pth (val_loss: 0.7172)
2026-09-09 20:35:55 - diana.utils.checkpointing - INFO - Checkpoint saved: results/search_v9_single_feature/cv_results/fold_0/checkpoint_epoch_137_20260909_203555.pth
2026-09-09 20:35:57 - diana.utils.checkpointing - INFO - Checkpoint saved: results/search_v9_single_feature/cv_results/fold_0/checkpoint_epoch_138_20260909_203556.pth
2026-09-09 20:35:58 - diana.utils.checkpointing - INFO - Checkpoint saved: results/search_v9_single_feature/cv_results/fold_0/checkpoint_epoch_139_20260909_203557.pth
2026-09-09 20:35:59 - diana.utils.checkpointing - INFO - Checkpoint saved: results/search_v9_single_feature/cv_results/fold_0/checkpoint_epoch_140_20260909_203558.pth
2026-09-09 20:36:00 - diana.utils.checkpointing - INFO - New best model saved: results/search_v9_single_feature/cv_results/fold_0/best_model.pth (val_loss: 0.7069)
2026-09-09 20:36:00 - __main__ - INFO - Epoch 140/200, Train Loss: 0.5499, Val Loss: 0.7069
2026-09-09 20:36:01 - diana.utils.checkpointing - INFO - Checkpoint saved: results/search_v9_single_feature/cv_results/fold_0/checkpoint_epoch_141_20260909_203600.pth
2026-09-09 20:36:03 - diana.utils.checkpointing - INFO - Checkpoint saved: results/search_v9_single_feature/cv_results/fold_0/checkpoint_epoch_142_20260909_203602.pth
2026-09-09 20:36:04 - diana.utils.checkpointing - INFO - Checkpoint saved: results/search_v9_single_feature/cv_results/fold_0/checkpoint_epoch_143_20260909_203603.pth
2026-09-09 20:36:05 - diana.utils.checkpointing - INFO - Checkpoint saved: results/search_v9_single_feature/cv_results/fold_0/checkpoint_epoch_144_20260909_203604.pth
2026-09-09 20:36:06 - diana.utils.checkpointing - INFO - New best model saved: results/search_v9_single_feature/cv_results/fold_0/best_model.pth (val_loss: 0.7021)
2026-09-09 20:36:07 - diana.utils.checkpointing - INFO - Checkpoint saved: results/search_v9_single_feature/cv_results/fold_0/checkpoint_epoch_145_20260909_203606.pth
2026-09-09 20:36:08 - diana.utils.checkpointing - INFO - New best model saved: results/search_v9_single_feature/cv_results/fold_0/best_model.pth (val_loss: 0.7020)
2026-09-09 20:36:09 - diana.utils.checkpointing - INFO - Checkpoint saved: results/search_v9_single_feature/cv_results/fold_0/checkpoint_epoch_146_20260909_203608.pth
2026-09-09 20:36:11 - diana.utils.checkpointing - INFO - Checkpoint saved: results/search_v9_single_feature/cv_results/fold_0/checkpoint_epoch_147_20260909_203610.pth
2026-09-09 20:36:12 - diana.utils.checkpointing - INFO - Checkpoint saved: results/search_v9_single_feature/cv_results/fold_0/checkpoint_epoch_148_20260909_203611.pth
2026-09-09 20:36:13 - diana.utils.checkpointing - INFO - New best model saved: results/search_v9_single_feature/cv_results/fold_0/best_model.pth (val_loss: 0.7000)
2026-09-09 20:36:14 - diana.utils.checkpointing - INFO - Checkpoint saved: results/search_v9_single_feature/cv_results/fold_0/checkpoint_epoch_149_20260909_203613.pth
2026-09-09 20:36:15 - diana.utils.checkpointing - INFO - New best model saved: results/search_v9_single_feature/cv_results/fold_0/best_model.pth (val_loss: 0.6999)
2026-09-09 20:36:17 - diana.utils.checkpointing - INFO - Checkpoint saved: results/search_v9_single_feature/cv_results/fold_0/checkpoint_epoch_150_20260909_203616.pth
2026-09-09 20:36:18 - diana.utils.checkpointing - INFO - New best model saved: results/search_v9_single_feature/cv_results/fold_0/best_model.pth (val_loss: 0.6959)
2026-09-09 20:36:19 - diana.utils.checkpointing - INFO - Checkpoint saved: results/search_v9_single_feature/cv_results/fold_0/checkpoint_epoch_151_20260909_203618.pth
2026-09-09 20:36:20 - diana.utils.checkpointing - INFO - Checkpoint saved: results/search_v9_single_feature/cv_results/fold_0/checkpoint_epoch_152_20260909_203619.pth
2026-09-09 20:36:21 - diana.utils.checkpointing - INFO - New best model saved: results/search_v9_single_feature/cv_results/fold_0/best_model.pth (val_loss: 0.6957)
2026-09-09 20:36:22 - diana.utils.checkpointing - INFO - Checkpoint saved: results/search_v9_single_feature/cv_results/fold_0/checkpoint_epoch_153_20260909_203621.pth
2026-09-09 20:36:23 - diana.utils.checkpointing - INFO - New best model saved: results/search_v9_single_feature/cv_results/fold_0/best_model.pth (val_loss: 0.6860)
2026-09-09 20:36:25 - diana.utils.checkpointing - INFO - Checkpoint saved: results/search_v9_single_feature/cv_results/fold_0/checkpoint_epoch_154_20260909_203624.pth
2026-09-09 20:36:26 - diana.utils.checkpointing - INFO - Checkpoint saved: results/search_v9_single_feature/cv_results/fold_0/checkpoint_epoch_155_20260909_203625.pth
2026-09-09 20:36:27 - diana.utils.checkpointing - INFO - Checkpoint saved: results/search_v9_single_feature/cv_results/fold_0/checkpoint_epoch_156_20260909_203626.pth
2026-09-09 20:36:28 - diana.utils.checkpointing - INFO - New best model saved: results/search_v9_single_feature/cv_results/fold_0/best_model.pth (val_loss: 0.6766)
2026-09-09 20:36:29 - diana.utils.checkpointing - INFO - Checkpoint saved: results/search_v9_single_feature/cv_results/fold_0/checkpoint_epoch_157_20260909_203628.pth
2026-09-09 20:36:30 - diana.utils.checkpointing - INFO - Checkpoint saved: results/search_v9_single_feature/cv_results/fold_0/checkpoint_epoch_158_20260909_203630.pth
2026-09-09 20:36:32 - diana.utils.checkpointing - INFO - Checkpoint saved: results/search_v9_single_feature/cv_results/fold_0/checkpoint_epoch_159_20260909_203631.pth
2026-09-09 20:36:33 - diana.utils.checkpointing - INFO - Checkpoint saved: results/search_v9_single_feature/cv_results/fold_0/checkpoint_epoch_160_20260909_203632.pth
2026-09-09 20:36:33 - __main__ - INFO - Epoch 160/200, Train Loss: 0.5268, Val Loss: 0.6821
2026-09-09 20:36:34 - diana.utils.checkpointing - INFO - Checkpoint saved: results/search_v9_single_feature/cv_results/fold_0/checkpoint_epoch_161_20260909_203633.pth
2026-09-09 20:36:35 - diana.utils.checkpointing - INFO - Checkpoint saved: results/search_v9_single_feature/cv_results/fold_0/checkpoint_epoch_162_20260909_203635.pth
2026-09-09 20:36:37 - diana.utils.checkpointing - INFO - Checkpoint saved: results/search_v9_single_feature/cv_results/fold_0/checkpoint_epoch_163_20260909_203636.pth
2026-09-09 20:36:38 - diana.utils.checkpointing - INFO - New best model saved: results/search_v9_single_feature/cv_results/fold_0/best_model.pth (val_loss: 0.6755)
2026-09-09 20:36:39 - diana.utils.checkpointing - INFO - Checkpoint saved: results/search_v9_single_feature/cv_results/fold_0/checkpoint_epoch_164_20260909_203638.pth
2026-09-09 20:36:40 - diana.utils.checkpointing - INFO - Checkpoint saved: results/search_v9_single_feature/cv_results/fold_0/checkpoint_epoch_165_20260909_203639.pth
2026-09-09 20:36:41 - diana.utils.checkpointing - INFO - Checkpoint saved: results/search_v9_single_feature/cv_results/fold_0/checkpoint_epoch_166_20260909_203641.pth
2026-09-09 20:36:43 - diana.utils.checkpointing - INFO - Checkpoint saved: results/search_v9_single_feature/cv_results/fold_0/checkpoint_epoch_167_20260909_203642.pth
2026-09-09 20:36:44 - diana.utils.checkpointing - INFO - New best model saved: results/search_v9_single_feature/cv_results/fold_0/best_model.pth (val_loss: 0.6739)
2026-09-09 20:36:45 - diana.utils.checkpointing - INFO - Checkpoint saved: results/search_v9_single_feature/cv_results/fold_0/checkpoint_epoch_168_20260909_203644.pth
2026-09-09 20:36:46 - diana.utils.checkpointing - INFO - Checkpoint saved: results/search_v9_single_feature/cv_results/fold_0/checkpoint_epoch_169_20260909_203645.pth
2026-09-09 20:36:47 - diana.utils.checkpointing - INFO - New best model saved: results/search_v9_single_feature/cv_results/fold_0/best_model.pth (val_loss: 0.6731)
2026-09-09 20:36:48 - diana.utils.checkpointing - INFO - Checkpoint saved: results/search_v9_single_feature/cv_results/fold_0/checkpoint_epoch_170_20260909_203647.pth
2026-09-09 20:36:50 - diana.utils.checkpointing - INFO - Checkpoint saved: results/search_v9_single_feature/cv_results/fold_0/checkpoint_epoch_171_20260909_203649.pth
2026-09-09 20:36:51 - diana.utils.checkpointing - INFO - Checkpoint saved: results/search_v9_single_feature/cv_results/fold_0/checkpoint_epoch_172_20260909_203650.pth
2026-09-09 20:36:52 - diana.utils.checkpointing - INFO - Checkpoint saved: results/search_v9_single_feature/cv_results/fold_0/checkpoint_epoch_173_20260909_203651.pth
2026-09-09 20:36:54 - diana.utils.checkpointing - INFO - Checkpoint saved: results/search_v9_single_feature/cv_results/fold_0/checkpoint_epoch_174_20260909_203653.pth
2026-09-09 20:36:55 - diana.utils.checkpointing - INFO - Checkpoint saved: results/search_v9_single_feature/cv_results/fold_0/checkpoint_epoch_175_20260909_203654.pth
2026-09-09 20:36:56 - diana.utils.checkpointing - INFO - New best model saved: results/search_v9_single_feature/cv_results/fold_0/best_model.pth (val_loss: 0.6709)
2026-09-09 20:36:57 - diana.utils.checkpointing - INFO - Checkpoint saved: results/search_v9_single_feature/cv_results/fold_0/checkpoint_epoch_176_20260909_203656.pth
2026-09-09 20:36:58 - diana.utils.checkpointing - INFO - Checkpoint saved: results/search_v9_single_feature/cv_results/fold_0/checkpoint_epoch_177_20260909_203657.pth
2026-09-09 20:36:59 - diana.utils.checkpointing - INFO - Checkpoint saved: results/search_v9_single_feature/cv_results/fold_0/checkpoint_epoch_178_20260909_203659.pth
2026-09-09 20:37:01 - diana.utils.checkpointing - INFO - Checkpoint saved: results/search_v9_single_feature/cv_results/fold_0/checkpoint_epoch_179_20260909_203700.pth
2026-09-09 20:37:02 - diana.utils.checkpointing - INFO - Checkpoint saved: results/search_v9_single_feature/cv_results/fold_0/checkpoint_epoch_180_20260909_203701.pth
2026-09-09 20:37:03 - diana.utils.checkpointing - INFO - New best model saved: results/search_v9_single_feature/cv_results/fold_0/best_model.pth (val_loss: 0.6635)
2026-09-09 20:37:03 - __main__ - INFO - Epoch 180/200, Train Loss: 0.5104, Val Loss: 0.6635
2026-09-09 20:37:04 - diana.utils.checkpointing - INFO - Checkpoint saved: results/search_v9_single_feature/cv_results/fold_0/checkpoint_epoch_181_20260909_203703.pth
2026-09-09 20:37:05 - diana.utils.checkpointing - INFO - Checkpoint saved: results/search_v9_single_feature/cv_results/fold_0/checkpoint_epoch_182_20260909_203704.pth
2026-09-09 20:37:07 - diana.utils.checkpointing - INFO - Checkpoint saved: results/search_v9_single_feature/cv_results/fold_0/checkpoint_epoch_183_20260909_203706.pth
2026-09-09 20:37:08 - diana.utils.checkpointing - INFO - Checkpoint saved: results/search_v9_single_feature/cv_results/fold_0/checkpoint_epoch_184_20260909_203707.pth
2026-09-09 20:37:09 - diana.utils.checkpointing - INFO - Checkpoint saved: results/search_v9_single_feature/cv_results/fold_0/checkpoint_epoch_185_20260909_203708.pth
2026-09-09 20:37:10 - diana.utils.checkpointing - INFO - Checkpoint saved: results/search_v9_single_feature/cv_results/fold_0/checkpoint_epoch_186_20260909_203709.pth
2026-09-09 20:37:12 - diana.utils.checkpointing - INFO - Checkpoint saved: results/search_v9_single_feature/cv_results/fold_0/checkpoint_epoch_187_20260909_203711.pth
2026-09-09 20:37:13 - diana.utils.checkpointing - INFO - Checkpoint saved: results/search_v9_single_feature/cv_results/fold_0/checkpoint_epoch_188_20260909_203712.pth
2026-09-09 20:37:14 - diana.utils.checkpointing - INFO - Checkpoint saved: results/search_v9_single_feature/cv_results/fold_0/checkpoint_epoch_189_20260909_203713.pth
2026-09-09 20:37:15 - diana.utils.checkpointing - INFO - Checkpoint saved: results/search_v9_single_feature/cv_results/fold_0/checkpoint_epoch_190_20260909_203715.pth
2026-09-09 20:37:17 - diana.utils.checkpointing - INFO - Checkpoint saved: results/search_v9_single_feature/cv_results/fold_0/checkpoint_epoch_191_20260909_203716.pth
2026-09-09 20:37:18 - diana.utils.checkpointing - INFO - Checkpoint saved: results/search_v9_single_feature/cv_results/fold_0/checkpoint_epoch_192_20260909_203717.pth
2026-09-09 20:37:19 - diana.utils.checkpointing - INFO - New best model saved: results/search_v9_single_feature/cv_results/fold_0/best_model.pth (val_loss: 0.6610)
2026-09-09 20:37:20 - diana.utils.checkpointing - INFO - Checkpoint saved: results/search_v9_single_feature/cv_results/fold_0/checkpoint_epoch_193_20260909_203719.pth
2026-09-09 20:37:22 - diana.utils.checkpointing - INFO - Checkpoint saved: results/search_v9_single_feature/cv_results/fold_0/checkpoint_epoch_194_20260909_203721.pth
2026-09-09 20:37:23 - diana.utils.checkpointing - INFO - Checkpoint saved: results/search_v9_single_feature/cv_results/fold_0/checkpoint_epoch_195_20260909_203722.pth
2026-09-09 20:37:25 - diana.utils.checkpointing - INFO - Checkpoint saved: results/search_v9_single_feature/cv_results/fold_0/checkpoint_epoch_196_20260909_203724.pth
2026-09-09 20:37:26 - diana.utils.checkpointing - INFO - Checkpoint saved: results/search_v9_single_feature/cv_results/fold_0/checkpoint_epoch_197_20260909_203725.pth
2026-09-09 20:37:27 - diana.utils.checkpointing - INFO - Checkpoint saved: results/search_v9_single_feature/cv_results/fold_0/checkpoint_epoch_198_20260909_203726.pth
2026-09-09 20:37:28 - diana.utils.checkpointing - INFO - Checkpoint saved: results/search_v9_single_feature/cv_results/fold_0/checkpoint_epoch_199_20260909_203727.pth
2026-09-09 20:37:29 - diana.utils.checkpointing - INFO - New best model saved: results/search_v9_single_feature/cv_results/fold_0/best_model.pth (val_loss: 0.6572)
2026-09-09 20:37:31 - diana.utils.checkpointing - INFO - Checkpoint saved: results/search_v9_single_feature/cv_results/fold_0/checkpoint_epoch_200_20260909_203730.pth
2026-09-09 20:37:31 - __main__ - INFO - Epoch 200/200, Train Loss: 0.5009, Val Loss: 0.6583
2026-09-09 20:37:31 - diana.utils.checkpointing - INFO - Loading checkpoint: results/search_v9_single_feature/cv_results/fold_0/best_model.pth
2026-09-09 20:37:31 - __main__ - INFO - Loaded best model from epoch 199 (val_loss: 0.6572)
2026-09-09 20:37:31 - __main__ - INFO - Evaluating on held-out test set...
2026-09-09 20:37:31 - __main__ - INFO - feature test metrics: {'n_scored': 94, 'accuracy': 0.32978723404255317, 'f1_weighted': 0.4122340425531915, 'f1_macro': 0.07175925925925926, 'balanced_accuracy': 0.25833333333333336}
2026-09-09 20:37:31 - diana.utils.checkpointing - INFO - Final model saved: results/search_v9_single_feature/cv_results/fold_0/final_model_20260909_203731.pth
2026-09-09 20:37:31 - __main__ - INFO - Final model saved to results/search_v9_single_feature/cv_results/fold_0/final_model_20260909_203731.pth
2026-09-09 20:37:31 - __main__ - INFO - Results saved to results/search_v9_single_feature/cv_results/fold_0/multitask_fold_0_results_20260909_172416.json
2026-09-09 20:37:31 - __main__ - INFO - ================================================================================
2026-09-09 20:37:31 - __main__ - INFO - ================================================================================
2026-09-09 20:37:31 - __main__ - INFO - === FOLD COMPLETE ===
2026-09-09 20:37:31 - __main__ - INFO - ================================================================================
2026-09-09 20:37:31 - __main__ - INFO - Results: {'feature': {'n_scored': 94, 'accuracy': 0.32978723404255317, 'f1_weighted': 0.4122340425531915, 'f1_macro': 0.07175925925925926, 'balanced_accuracy': 0.25833333333333336}}
