2026-09-09 17:29:45 - root - INFO - Logging to file: results/search_v9_single_feature/cv_results/fold_4/fold_4_training.log
2026-09-09 17:29:45 - __main__ - INFO - ================================================================================
2026-09-09 17:29:45 - __main__ - INFO - DIANA Multi-Task Hyperparameter Optimization
2026-09-09 17:29:45 - __main__ - INFO - ================================================================================
2026-09-09 17:29:45 - __main__ - INFO - Run config:   configs/train_config_v9_search_single_feature.json
2026-09-09 17:29:45 - __main__ - INFO - Features:     data/matrices/matrix_v9_train/unitigs.frac.mat
2026-09-09 17:29:45 - __main__ - INFO - Metadata:     data/splits_v9/train_metadata.tsv
2026-09-09 17:29:45 - __main__ - INFO - Output dir:   results/search_v9_single_feature
2026-09-09 17:29:45 - __main__ - INFO - Tasks:        ['feature']
2026-09-09 17:29:45 - __main__ - INFO - Task types:   {'feature': 'classification'}
2026-09-09 17:29:45 - __main__ - INFO - Fold:         4 / 5
2026-09-09 17:29:45 - __main__ - INFO - Trials:       100  Max epochs: 200  Patience: 20
2026-09-09 17:29:45 - __main__ - INFO - GPU:          True  Seed: 42
2026-09-09 17:29:45 - __main__ - INFO - Loading data from data/matrices/matrix_v9_train/unitigs.frac.mat
2026-09-09 17:29:45 - diana.data.loader - INFO - Loading matrix from data/matrices/matrix_v9_train/unitigs.frac.mat
2026-09-09 17:30:44 - diana.data.loader - INFO - Loaded 110202 features × 2716 samples (before transpose)
2026-09-09 17:30:44 - diana.data.loader - INFO - Transposed to 2716 samples × 110202 features
2026-09-09 17:30:44 - diana.data.loader - INFO - Reading sample IDs from data/matrices/matrix_v9_train/kmer_matrix/kmtricks.fof
2026-09-09 17:30:44 - diana.data.loader - INFO - Sample IDs: ['ERR10114844', 'ERR10114845', 'ERR10114846']...
2026-09-09 17:30:44 - diana.data.loader - INFO - Loading metadata from data/splits_v9/train_metadata.tsv
2026-09-09 17:30:44 - diana.data.loader - INFO - Metadata: 2716 rows × 15 columns
2026-09-09 17:30:44 - diana.data.loader - INFO - Metadata aligned to matrix sample order
2026-09-09 17:30:44 - __main__ - INFO - Loaded 2716 samples with 110202 features
2026-09-09 17:30:44 - __main__ - INFO - Loaded 2716 samples × 110202 features
2026-09-09 17:30:44 - __main__ - INFO - === FOLD 4/4 ===
2026-09-09 17:30:44 - __main__ - INFO - Output directory: results/search_v9_single_feature/cv_results/fold_4
2026-09-09 17:30:44 - __main__ - INFO - Using device: cuda
2026-09-09 17:30:44 - __main__ - INFO - Class imbalance: logit adjustment, tau SEARCHED in [0.05, 0.8]
2026-09-09 17:30:44 - __main__ - INFO - feature: 10 classes, 608 labelled, 2108 masked - ['archeological site', 'cave', 'lake', 'midden', 'ocean']...
2026-09-09 17:30:44 - __main__ - INFO - Grouping CV folds on 'archive_project': 68 groups over 2716 runs
2026-09-09 17:30:44 - __main__ - INFO - Outer fold 4 taken from data/splits_v9/dev_folds.tsv (5 dev folds)
2026-09-09 17:30:44 - __main__ - INFO - Train: 2227, Test: 489 (outer fold verified archive_project-disjoint)
2026-09-09 17:30:44 - __main__ - INFO - 3 inner folds verified archive_project-disjoint
2026-09-09 17:30:44 - __main__ - INFO - Starting Optuna optimization with 100 trials...
2026-09-09 17:30:44 - __main__ - INFO - Each trial will be evaluated on 3 inner CV folds
2026-09-09 17:30:45 - __main__ - INFO - feature priors: [9, 0, 83, 17, 109, 2, 0, 0, 29, 10]
2026-09-09 17:32:12 - __main__ - INFO - feature priors: [14, 34, 115, 29, 124, 2, 52, 24, 0, 10]
2026-09-09 17:33:15 - __main__ - INFO - feature priors: [11, 34, 152, 46, 115, 0, 52, 24, 29, 0]
2026-09-09 17:34:15 - __main__ - INFO - feature priors: [9, 0, 83, 17, 109, 2, 0, 0, 29, 10]
2026-09-09 17:34:56 - __main__ - INFO - feature priors: [14, 34, 115, 29, 124, 2, 52, 24, 0, 10]
2026-09-09 17:35:38 - __main__ - INFO - feature priors: [11, 34, 152, 46, 115, 0, 52, 24, 29, 0]
2026-09-09 17:36:13 - __main__ - INFO - feature priors: [9, 0, 83, 17, 109, 2, 0, 0, 29, 10]
2026-09-09 17:36:49 - __main__ - INFO - feature priors: [14, 34, 115, 29, 124, 2, 52, 24, 0, 10]
2026-09-09 17:37:22 - __main__ - INFO - feature priors: [11, 34, 152, 46, 115, 0, 52, 24, 29, 0]
2026-09-09 17:37:51 - __main__ - INFO - feature priors: [9, 0, 83, 17, 109, 2, 0, 0, 29, 10]
2026-09-09 17:38:30 - __main__ - INFO - feature priors: [14, 34, 115, 29, 124, 2, 52, 24, 0, 10]
2026-09-09 17:39:09 - __main__ - INFO - feature priors: [11, 34, 152, 46, 115, 0, 52, 24, 29, 0]
2026-09-09 17:39:45 - __main__ - INFO - feature priors: [9, 0, 83, 17, 109, 2, 0, 0, 29, 10]
2026-09-09 17:40:19 - __main__ - INFO - feature priors: [14, 34, 115, 29, 124, 2, 52, 24, 0, 10]
2026-09-09 17:41:10 - __main__ - INFO - feature priors: [11, 34, 152, 46, 115, 0, 52, 24, 29, 0]
2026-09-09 17:41:36 - __main__ - INFO - feature priors: [9, 0, 83, 17, 109, 2, 0, 0, 29, 10]
2026-09-09 17:42:14 - __main__ - INFO - feature priors: [14, 34, 115, 29, 124, 2, 52, 24, 0, 10]
2026-09-09 17:43:27 - __main__ - INFO - feature priors: [11, 34, 152, 46, 115, 0, 52, 24, 29, 0]
2026-09-09 17:44:18 - __main__ - INFO - feature priors: [9, 0, 83, 17, 109, 2, 0, 0, 29, 10]
2026-09-09 17:44:42 - __main__ - INFO - feature priors: [14, 34, 115, 29, 124, 2, 52, 24, 0, 10]
2026-09-09 17:45:23 - __main__ - INFO - feature priors: [11, 34, 152, 46, 115, 0, 52, 24, 29, 0]
2026-09-09 17:45:49 - __main__ - INFO - feature priors: [9, 0, 83, 17, 109, 2, 0, 0, 29, 10]
2026-09-09 17:47:54 - __main__ - INFO - feature priors: [14, 34, 115, 29, 124, 2, 52, 24, 0, 10]
2026-09-09 17:49:19 - __main__ - INFO - feature priors: [11, 34, 152, 46, 115, 0, 52, 24, 29, 0]
2026-09-09 17:50:28 - __main__ - INFO - feature priors: [9, 0, 83, 17, 109, 2, 0, 0, 29, 10]
2026-09-09 17:51:07 - __main__ - INFO - feature priors: [14, 34, 115, 29, 124, 2, 52, 24, 0, 10]
2026-09-09 17:51:34 - __main__ - INFO - feature priors: [11, 34, 152, 46, 115, 0, 52, 24, 29, 0]
2026-09-09 17:52:05 - __main__ - INFO - feature priors: [9, 0, 83, 17, 109, 2, 0, 0, 29, 10]
2026-09-09 17:52:48 - __main__ - INFO - feature priors: [14, 34, 115, 29, 124, 2, 52, 24, 0, 10]
2026-09-09 17:53:27 - __main__ - INFO - feature priors: [11, 34, 152, 46, 115, 0, 52, 24, 29, 0]
2026-09-09 17:53:59 - __main__ - INFO - feature priors: [9, 0, 83, 17, 109, 2, 0, 0, 29, 10]
2026-09-09 17:55:08 - __main__ - INFO - feature priors: [14, 34, 115, 29, 124, 2, 52, 24, 0, 10]
2026-09-09 17:55:50 - __main__ - INFO - feature priors: [11, 34, 152, 46, 115, 0, 52, 24, 29, 0]
2026-09-09 17:56:28 - __main__ - INFO - feature priors: [9, 0, 83, 17, 109, 2, 0, 0, 29, 10]
2026-09-09 17:57:44 - __main__ - INFO - feature priors: [14, 34, 115, 29, 124, 2, 52, 24, 0, 10]
2026-09-09 17:58:37 - __main__ - INFO - feature priors: [11, 34, 152, 46, 115, 0, 52, 24, 29, 0]
2026-09-09 17:59:17 - __main__ - INFO - feature priors: [9, 0, 83, 17, 109, 2, 0, 0, 29, 10]
2026-09-09 17:59:56 - __main__ - INFO - feature priors: [14, 34, 115, 29, 124, 2, 52, 24, 0, 10]
2026-09-09 18:00:32 - __main__ - INFO - feature priors: [11, 34, 152, 46, 115, 0, 52, 24, 29, 0]
2026-09-09 18:01:03 - __main__ - INFO - feature priors: [9, 0, 83, 17, 109, 2, 0, 0, 29, 10]
2026-09-09 18:02:10 - __main__ - INFO - feature priors: [14, 34, 115, 29, 124, 2, 52, 24, 0, 10]
2026-09-09 18:03:06 - __main__ - INFO - feature priors: [11, 34, 152, 46, 115, 0, 52, 24, 29, 0]
2026-09-09 18:03:46 - __main__ - INFO - feature priors: [9, 0, 83, 17, 109, 2, 0, 0, 29, 10]
2026-09-09 18:05:33 - __main__ - INFO - feature priors: [14, 34, 115, 29, 124, 2, 52, 24, 0, 10]
2026-09-09 18:07:18 - __main__ - INFO - feature priors: [11, 34, 152, 46, 115, 0, 52, 24, 29, 0]
2026-09-09 18:08:54 - __main__ - INFO - feature priors: [9, 0, 83, 17, 109, 2, 0, 0, 29, 10]
2026-09-09 18:09:51 - __main__ - INFO - feature priors: [14, 34, 115, 29, 124, 2, 52, 24, 0, 10]
2026-09-09 18:10:40 - __main__ - INFO - feature priors: [11, 34, 152, 46, 115, 0, 52, 24, 29, 0]
2026-09-09 18:11:11 - __main__ - INFO - feature priors: [9, 0, 83, 17, 109, 2, 0, 0, 29, 10]
2026-09-09 18:12:11 - __main__ - INFO - feature priors: [14, 34, 115, 29, 124, 2, 52, 24, 0, 10]
2026-09-09 18:12:52 - __main__ - INFO - feature priors: [11, 34, 152, 46, 115, 0, 52, 24, 29, 0]
2026-09-09 18:13:31 - __main__ - INFO - feature priors: [9, 0, 83, 17, 109, 2, 0, 0, 29, 10]
2026-09-09 18:14:23 - __main__ - INFO - feature priors: [14, 34, 115, 29, 124, 2, 52, 24, 0, 10]
2026-09-09 18:15:00 - __main__ - INFO - feature priors: [11, 34, 152, 46, 115, 0, 52, 24, 29, 0]
2026-09-09 18:15:29 - __main__ - INFO - feature priors: [9, 0, 83, 17, 109, 2, 0, 0, 29, 10]
2026-09-09 18:16:17 - __main__ - INFO - feature priors: [14, 34, 115, 29, 124, 2, 52, 24, 0, 10]
2026-09-09 18:17:03 - __main__ - INFO - feature priors: [11, 34, 152, 46, 115, 0, 52, 24, 29, 0]
2026-09-09 18:17:30 - __main__ - INFO - feature priors: [9, 0, 83, 17, 109, 2, 0, 0, 29, 10]
2026-09-09 18:17:58 - __main__ - INFO - feature priors: [14, 34, 115, 29, 124, 2, 52, 24, 0, 10]
2026-09-09 18:18:21 - __main__ - INFO - feature priors: [11, 34, 152, 46, 115, 0, 52, 24, 29, 0]
2026-09-09 18:18:45 - __main__ - INFO - feature priors: [9, 0, 83, 17, 109, 2, 0, 0, 29, 10]
2026-09-09 18:19:15 - __main__ - INFO - feature priors: [14, 34, 115, 29, 124, 2, 52, 24, 0, 10]
2026-09-09 18:19:59 - __main__ - INFO - feature priors: [11, 34, 152, 46, 115, 0, 52, 24, 29, 0]
2026-09-09 18:20:29 - __main__ - INFO - feature priors: [9, 0, 83, 17, 109, 2, 0, 0, 29, 10]
2026-09-09 18:21:03 - __main__ - INFO - feature priors: [14, 34, 115, 29, 124, 2, 52, 24, 0, 10]
2026-09-09 18:21:30 - __main__ - INFO - feature priors: [11, 34, 152, 46, 115, 0, 52, 24, 29, 0]
2026-09-09 18:22:18 - __main__ - INFO - feature priors: [9, 0, 83, 17, 109, 2, 0, 0, 29, 10]
2026-09-09 18:23:04 - __main__ - INFO - feature priors: [14, 34, 115, 29, 124, 2, 52, 24, 0, 10]
2026-09-09 18:23:54 - __main__ - INFO - feature priors: [11, 34, 152, 46, 115, 0, 52, 24, 29, 0]
2026-09-09 18:24:36 - __main__ - INFO - feature priors: [9, 0, 83, 17, 109, 2, 0, 0, 29, 10]
2026-09-09 18:25:17 - __main__ - INFO - feature priors: [14, 34, 115, 29, 124, 2, 52, 24, 0, 10]
2026-09-09 18:26:06 - __main__ - INFO - feature priors: [11, 34, 152, 46, 115, 0, 52, 24, 29, 0]
2026-09-09 18:26:45 - __main__ - INFO - feature priors: [9, 0, 83, 17, 109, 2, 0, 0, 29, 10]
2026-09-09 18:27:37 - __main__ - INFO - feature priors: [14, 34, 115, 29, 124, 2, 52, 24, 0, 10]
2026-09-09 18:28:13 - __main__ - INFO - feature priors: [11, 34, 152, 46, 115, 0, 52, 24, 29, 0]
2026-09-09 18:28:41 - __main__ - INFO - feature priors: [9, 0, 83, 17, 109, 2, 0, 0, 29, 10]
2026-09-09 18:29:32 - __main__ - INFO - feature priors: [14, 34, 115, 29, 124, 2, 52, 24, 0, 10]
2026-09-09 18:30:29 - __main__ - INFO - feature priors: [11, 34, 152, 46, 115, 0, 52, 24, 29, 0]
2026-09-09 18:31:15 - __main__ - INFO - feature priors: [9, 0, 83, 17, 109, 2, 0, 0, 29, 10]
2026-09-09 18:31:54 - __main__ - INFO - feature priors: [14, 34, 115, 29, 124, 2, 52, 24, 0, 10]
2026-09-09 18:32:26 - __main__ - INFO - feature priors: [11, 34, 152, 46, 115, 0, 52, 24, 29, 0]
2026-09-09 18:33:25 - __main__ - INFO - feature priors: [9, 0, 83, 17, 109, 2, 0, 0, 29, 10]
2026-09-09 18:34:13 - __main__ - INFO - feature priors: [14, 34, 115, 29, 124, 2, 52, 24, 0, 10]
2026-09-09 18:34:45 - __main__ - INFO - feature priors: [11, 34, 152, 46, 115, 0, 52, 24, 29, 0]
2026-09-09 18:35:17 - __main__ - INFO - feature priors: [9, 0, 83, 17, 109, 2, 0, 0, 29, 10]
2026-09-09 18:35:52 - __main__ - INFO - feature priors: [14, 34, 115, 29, 124, 2, 52, 24, 0, 10]
2026-09-09 18:36:40 - __main__ - INFO - feature priors: [11, 34, 152, 46, 115, 0, 52, 24, 29, 0]
2026-09-09 18:37:10 - __main__ - INFO - feature priors: [9, 0, 83, 17, 109, 2, 0, 0, 29, 10]
2026-09-09 18:37:45 - __main__ - INFO - feature priors: [14, 34, 115, 29, 124, 2, 52, 24, 0, 10]
2026-09-09 18:38:28 - __main__ - INFO - feature priors: [11, 34, 152, 46, 115, 0, 52, 24, 29, 0]
2026-09-09 18:38:56 - __main__ - INFO - feature priors: [9, 0, 83, 17, 109, 2, 0, 0, 29, 10]
2026-09-09 18:39:31 - __main__ - INFO - feature priors: [14, 34, 115, 29, 124, 2, 52, 24, 0, 10]
2026-09-09 18:40:25 - __main__ - INFO - feature priors: [11, 34, 152, 46, 115, 0, 52, 24, 29, 0]
2026-09-09 18:40:53 - __main__ - INFO - feature priors: [9, 0, 83, 17, 109, 2, 0, 0, 29, 10]
2026-09-09 18:41:33 - __main__ - INFO - feature priors: [14, 34, 115, 29, 124, 2, 52, 24, 0, 10]
2026-09-09 18:42:30 - __main__ - INFO - feature priors: [11, 34, 152, 46, 115, 0, 52, 24, 29, 0]
2026-09-09 18:43:04 - __main__ - INFO - feature priors: [9, 0, 83, 17, 109, 2, 0, 0, 29, 10]
2026-09-09 18:43:47 - __main__ - INFO - feature priors: [14, 34, 115, 29, 124, 2, 52, 24, 0, 10]
2026-09-09 18:44:49 - __main__ - INFO - feature priors: [11, 34, 152, 46, 115, 0, 52, 24, 29, 0]
2026-09-09 18:45:31 - __main__ - INFO - feature priors: [9, 0, 83, 17, 109, 2, 0, 0, 29, 10]
2026-09-09 18:46:14 - __main__ - INFO - feature priors: [14, 34, 115, 29, 124, 2, 52, 24, 0, 10]
2026-09-09 18:46:55 - __main__ - INFO - feature priors: [11, 34, 152, 46, 115, 0, 52, 24, 29, 0]
2026-09-09 18:47:27 - __main__ - INFO - feature priors: [9, 0, 83, 17, 109, 2, 0, 0, 29, 10]
2026-09-09 18:48:07 - __main__ - INFO - feature priors: [14, 34, 115, 29, 124, 2, 52, 24, 0, 10]
2026-09-09 18:48:48 - __main__ - INFO - feature priors: [11, 34, 152, 46, 115, 0, 52, 24, 29, 0]
2026-09-09 18:49:19 - __main__ - INFO - feature priors: [9, 0, 83, 17, 109, 2, 0, 0, 29, 10]
2026-09-09 18:49:56 - __main__ - INFO - feature priors: [14, 34, 115, 29, 124, 2, 52, 24, 0, 10]
2026-09-09 18:50:54 - __main__ - INFO - feature priors: [11, 34, 152, 46, 115, 0, 52, 24, 29, 0]
2026-09-09 18:51:26 - __main__ - INFO - feature priors: [9, 0, 83, 17, 109, 2, 0, 0, 29, 10]
2026-09-09 18:52:19 - __main__ - INFO - feature priors: [14, 34, 115, 29, 124, 2, 52, 24, 0, 10]
2026-09-09 18:53:17 - __main__ - INFO - feature priors: [11, 34, 152, 46, 115, 0, 52, 24, 29, 0]
2026-09-09 18:54:18 - __main__ - INFO - feature priors: [9, 0, 83, 17, 109, 2, 0, 0, 29, 10]
2026-09-09 18:55:04 - __main__ - INFO - feature priors: [14, 34, 115, 29, 124, 2, 52, 24, 0, 10]
2026-09-09 18:56:14 - __main__ - INFO - feature priors: [11, 34, 152, 46, 115, 0, 52, 24, 29, 0]
2026-09-09 18:57:16 - __main__ - INFO - feature priors: [9, 0, 83, 17, 109, 2, 0, 0, 29, 10]
2026-09-09 18:58:01 - __main__ - INFO - feature priors: [14, 34, 115, 29, 124, 2, 52, 24, 0, 10]
2026-09-09 18:58:37 - __main__ - INFO - feature priors: [11, 34, 152, 46, 115, 0, 52, 24, 29, 0]
2026-09-09 18:59:42 - __main__ - INFO - feature priors: [9, 0, 83, 17, 109, 2, 0, 0, 29, 10]
2026-09-09 19:00:43 - __main__ - INFO - feature priors: [14, 34, 115, 29, 124, 2, 52, 24, 0, 10]
2026-09-09 19:01:48 - __main__ - INFO - feature priors: [11, 34, 152, 46, 115, 0, 52, 24, 29, 0]
2026-09-09 19:02:30 - __main__ - INFO - feature priors: [9, 0, 83, 17, 109, 2, 0, 0, 29, 10]
2026-09-09 19:03:16 - __main__ - INFO - feature priors: [14, 34, 115, 29, 124, 2, 52, 24, 0, 10]
2026-09-09 19:04:09 - __main__ - INFO - feature priors: [11, 34, 152, 46, 115, 0, 52, 24, 29, 0]
2026-09-09 19:05:13 - __main__ - INFO - feature priors: [9, 0, 83, 17, 109, 2, 0, 0, 29, 10]
2026-09-09 19:05:57 - __main__ - INFO - feature priors: [14, 34, 115, 29, 124, 2, 52, 24, 0, 10]
2026-09-09 19:07:19 - __main__ - INFO - feature priors: [11, 34, 152, 46, 115, 0, 52, 24, 29, 0]
2026-09-09 19:08:12 - __main__ - INFO - feature priors: [9, 0, 83, 17, 109, 2, 0, 0, 29, 10]
2026-09-09 19:08:48 - __main__ - INFO - feature priors: [14, 34, 115, 29, 124, 2, 52, 24, 0, 10]
2026-09-09 19:09:49 - __main__ - INFO - feature priors: [11, 34, 152, 46, 115, 0, 52, 24, 29, 0]
2026-09-09 19:10:21 - __main__ - INFO - feature priors: [9, 0, 83, 17, 109, 2, 0, 0, 29, 10]
2026-09-09 19:10:49 - __main__ - INFO - feature priors: [14, 34, 115, 29, 124, 2, 52, 24, 0, 10]
2026-09-09 19:11:13 - __main__ - INFO - feature priors: [11, 34, 152, 46, 115, 0, 52, 24, 29, 0]
2026-09-09 19:11:37 - __main__ - INFO - feature priors: [9, 0, 83, 17, 109, 2, 0, 0, 29, 10]
2026-09-09 19:12:08 - __main__ - INFO - feature priors: [14, 34, 115, 29, 124, 2, 52, 24, 0, 10]
2026-09-09 19:12:53 - __main__ - INFO - feature priors: [11, 34, 152, 46, 115, 0, 52, 24, 29, 0]
2026-09-09 19:13:33 - __main__ - INFO - feature priors: [9, 0, 83, 17, 109, 2, 0, 0, 29, 10]
2026-09-09 19:14:12 - __main__ - INFO - feature priors: [14, 34, 115, 29, 124, 2, 52, 24, 0, 10]
2026-09-09 19:14:49 - __main__ - INFO - feature priors: [11, 34, 152, 46, 115, 0, 52, 24, 29, 0]
2026-09-09 19:15:51 - __main__ - INFO - feature priors: [9, 0, 83, 17, 109, 2, 0, 0, 29, 10]
2026-09-09 19:16:44 - __main__ - INFO - feature priors: [14, 34, 115, 29, 124, 2, 52, 24, 0, 10]
2026-09-09 19:17:35 - __main__ - INFO - feature priors: [11, 34, 152, 46, 115, 0, 52, 24, 29, 0]
2026-09-09 19:18:26 - __main__ - INFO - feature priors: [9, 0, 83, 17, 109, 2, 0, 0, 29, 10]
2026-09-09 19:19:02 - __main__ - INFO - feature priors: [14, 34, 115, 29, 124, 2, 52, 24, 0, 10]
2026-09-09 19:19:32 - __main__ - INFO - feature priors: [11, 34, 152, 46, 115, 0, 52, 24, 29, 0]
2026-09-09 19:20:06 - __main__ - INFO - feature priors: [9, 0, 83, 17, 109, 2, 0, 0, 29, 10]
2026-09-09 19:21:19 - __main__ - INFO - feature priors: [14, 34, 115, 29, 124, 2, 52, 24, 0, 10]
2026-09-09 19:22:06 - __main__ - INFO - feature priors: [11, 34, 152, 46, 115, 0, 52, 24, 29, 0]
2026-09-09 19:22:39 - __main__ - INFO - feature priors: [9, 0, 83, 17, 109, 2, 0, 0, 29, 10]
2026-09-09 19:23:27 - __main__ - INFO - feature priors: [14, 34, 115, 29, 124, 2, 52, 24, 0, 10]
2026-09-09 19:24:51 - __main__ - INFO - feature priors: [11, 34, 152, 46, 115, 0, 52, 24, 29, 0]
2026-09-09 19:25:57 - __main__ - INFO - feature priors: [9, 0, 83, 17, 109, 2, 0, 0, 29, 10]
2026-09-09 19:26:44 - __main__ - INFO - feature priors: [14, 34, 115, 29, 124, 2, 52, 24, 0, 10]
2026-09-09 19:27:20 - __main__ - INFO - feature priors: [11, 34, 152, 46, 115, 0, 52, 24, 29, 0]
2026-09-09 19:27:57 - __main__ - INFO - feature priors: [9, 0, 83, 17, 109, 2, 0, 0, 29, 10]
2026-09-09 19:29:08 - __main__ - INFO - feature priors: [14, 34, 115, 29, 124, 2, 52, 24, 0, 10]
2026-09-09 19:29:53 - __main__ - INFO - feature priors: [11, 34, 152, 46, 115, 0, 52, 24, 29, 0]
2026-09-09 19:31:05 - __main__ - INFO - feature priors: [9, 0, 83, 17, 109, 2, 0, 0, 29, 10]
2026-09-09 19:31:50 - __main__ - INFO - feature priors: [14, 34, 115, 29, 124, 2, 52, 24, 0, 10]
2026-09-09 19:33:06 - __main__ - INFO - feature priors: [11, 34, 152, 46, 115, 0, 52, 24, 29, 0]
2026-09-09 19:34:27 - __main__ - INFO - feature priors: [9, 0, 83, 17, 109, 2, 0, 0, 29, 10]
2026-09-09 19:35:10 - __main__ - INFO - feature priors: [14, 34, 115, 29, 124, 2, 52, 24, 0, 10]
2026-09-09 19:36:06 - __main__ - INFO - feature priors: [11, 34, 152, 46, 115, 0, 52, 24, 29, 0]
2026-09-09 19:36:45 - __main__ - INFO - feature priors: [9, 0, 83, 17, 109, 2, 0, 0, 29, 10]
2026-09-09 19:37:32 - __main__ - INFO - feature priors: [14, 34, 115, 29, 124, 2, 52, 24, 0, 10]
2026-09-09 19:38:15 - __main__ - INFO - feature priors: [11, 34, 152, 46, 115, 0, 52, 24, 29, 0]
2026-09-09 19:39:33 - __main__ - INFO - feature priors: [9, 0, 83, 17, 109, 2, 0, 0, 29, 10]
2026-09-09 19:40:38 - __main__ - INFO - feature priors: [14, 34, 115, 29, 124, 2, 52, 24, 0, 10]
2026-09-09 19:41:08 - __main__ - INFO - feature priors: [11, 34, 152, 46, 115, 0, 52, 24, 29, 0]
2026-09-09 19:42:05 - __main__ - INFO - feature priors: [9, 0, 83, 17, 109, 2, 0, 0, 29, 10]
2026-09-09 19:43:02 - __main__ - INFO - feature priors: [14, 34, 115, 29, 124, 2, 52, 24, 0, 10]
2026-09-09 19:44:04 - __main__ - INFO - feature priors: [11, 34, 152, 46, 115, 0, 52, 24, 29, 0]
2026-09-09 19:44:47 - __main__ - INFO - feature priors: [9, 0, 83, 17, 109, 2, 0, 0, 29, 10]
2026-09-09 19:46:03 - __main__ - INFO - feature priors: [14, 34, 115, 29, 124, 2, 52, 24, 0, 10]
2026-09-09 19:46:39 - __main__ - INFO - feature priors: [11, 34, 152, 46, 115, 0, 52, 24, 29, 0]
2026-09-09 19:47:11 - __main__ - INFO - feature priors: [9, 0, 83, 17, 109, 2, 0, 0, 29, 10]
2026-09-09 19:47:59 - __main__ - INFO - feature priors: [14, 34, 115, 29, 124, 2, 52, 24, 0, 10]
2026-09-09 19:48:50 - __main__ - INFO - feature priors: [11, 34, 152, 46, 115, 0, 52, 24, 29, 0]
2026-09-09 19:49:34 - __main__ - INFO - feature priors: [9, 0, 83, 17, 109, 2, 0, 0, 29, 10]
2026-09-09 19:50:13 - __main__ - INFO - feature priors: [14, 34, 115, 29, 124, 2, 52, 24, 0, 10]
2026-09-09 19:50:46 - __main__ - INFO - feature priors: [11, 34, 152, 46, 115, 0, 52, 24, 29, 0]
2026-09-09 19:51:20 - __main__ - INFO - feature priors: [9, 0, 83, 17, 109, 2, 0, 0, 29, 10]
2026-09-09 19:52:00 - __main__ - INFO - feature priors: [14, 34, 115, 29, 124, 2, 52, 24, 0, 10]
2026-09-09 19:52:37 - __main__ - INFO - feature priors: [11, 34, 152, 46, 115, 0, 52, 24, 29, 0]
2026-09-09 19:53:10 - __main__ - INFO - feature priors: [9, 0, 83, 17, 109, 2, 0, 0, 29, 10]
2026-09-09 19:53:53 - __main__ - INFO - feature priors: [14, 34, 115, 29, 124, 2, 52, 24, 0, 10]
2026-09-09 19:54:49 - __main__ - INFO - feature priors: [11, 34, 152, 46, 115, 0, 52, 24, 29, 0]
2026-09-09 19:55:23 - __main__ - INFO - feature priors: [9, 0, 83, 17, 109, 2, 0, 0, 29, 10]
2026-09-09 19:56:03 - __main__ - INFO - feature priors: [14, 34, 115, 29, 124, 2, 52, 24, 0, 10]
2026-09-09 19:56:39 - __main__ - INFO - feature priors: [11, 34, 152, 46, 115, 0, 52, 24, 29, 0]
2026-09-09 19:57:11 - __main__ - INFO - feature priors: [9, 0, 83, 17, 109, 2, 0, 0, 29, 10]
2026-09-09 19:57:52 - __main__ - INFO - feature priors: [14, 34, 115, 29, 124, 2, 52, 24, 0, 10]
2026-09-09 19:58:47 - __main__ - INFO - feature priors: [11, 34, 152, 46, 115, 0, 52, 24, 29, 0]
2026-09-09 19:59:23 - __main__ - INFO - feature priors: [9, 0, 83, 17, 109, 2, 0, 0, 29, 10]
2026-09-09 20:00:02 - __main__ - INFO - feature priors: [14, 34, 115, 29, 124, 2, 52, 24, 0, 10]
2026-09-09 20:01:13 - __main__ - INFO - feature priors: [11, 34, 152, 46, 115, 0, 52, 24, 29, 0]
2026-09-09 20:01:49 - __main__ - INFO - feature priors: [9, 0, 83, 17, 109, 2, 0, 0, 29, 10]
2026-09-09 20:02:32 - __main__ - INFO - feature priors: [14, 34, 115, 29, 124, 2, 52, 24, 0, 10]
2026-09-09 20:03:10 - __main__ - INFO - feature priors: [11, 34, 152, 46, 115, 0, 52, 24, 29, 0]
2026-09-09 20:03:50 - __main__ - INFO - feature priors: [9, 0, 83, 17, 109, 2, 0, 0, 29, 10]
2026-09-09 20:04:38 - __main__ - INFO - feature priors: [14, 34, 115, 29, 124, 2, 52, 24, 0, 10]
2026-09-09 20:05:16 - __main__ - INFO - feature priors: [11, 34, 152, 46, 115, 0, 52, 24, 29, 0]
2026-09-09 20:05:52 - __main__ - INFO - feature priors: [9, 0, 83, 17, 109, 2, 0, 0, 29, 10]
2026-09-09 20:06:45 - __main__ - INFO - feature priors: [14, 34, 115, 29, 124, 2, 52, 24, 0, 10]
2026-09-09 20:07:51 - __main__ - INFO - feature priors: [11, 34, 152, 46, 115, 0, 52, 24, 29, 0]
2026-09-09 20:08:31 - __main__ - INFO - feature priors: [9, 0, 83, 17, 109, 2, 0, 0, 29, 10]
2026-09-09 20:09:39 - __main__ - INFO - feature priors: [14, 34, 115, 29, 124, 2, 52, 24, 0, 10]
2026-09-09 20:10:39 - __main__ - INFO - feature priors: [11, 34, 152, 46, 115, 0, 52, 24, 29, 0]
2026-09-09 20:11:13 - __main__ - INFO - feature priors: [9, 0, 83, 17, 109, 2, 0, 0, 29, 10]
2026-09-09 20:11:56 - __main__ - INFO - feature priors: [14, 34, 115, 29, 124, 2, 52, 24, 0, 10]
2026-09-09 20:12:54 - __main__ - INFO - feature priors: [11, 34, 152, 46, 115, 0, 52, 24, 29, 0]
2026-09-09 20:13:27 - __main__ - INFO - feature priors: [9, 0, 83, 17, 109, 2, 0, 0, 29, 10]
2026-09-09 20:14:06 - __main__ - INFO - feature priors: [14, 34, 115, 29, 124, 2, 52, 24, 0, 10]
2026-09-09 20:14:59 - __main__ - INFO - feature priors: [11, 34, 152, 46, 115, 0, 52, 24, 29, 0]
2026-09-09 20:15:29 - __main__ - INFO - feature priors: [9, 0, 83, 17, 109, 2, 0, 0, 29, 10]
2026-09-09 20:16:09 - __main__ - INFO - feature priors: [14, 34, 115, 29, 124, 2, 52, 24, 0, 10]
2026-09-09 20:16:46 - __main__ - INFO - feature priors: [11, 34, 152, 46, 115, 0, 52, 24, 29, 0]
2026-09-09 20:17:15 - __main__ - INFO - feature priors: [9, 0, 83, 17, 109, 2, 0, 0, 29, 10]
2026-09-09 20:18:23 - __main__ - INFO - feature priors: [14, 34, 115, 29, 124, 2, 52, 24, 0, 10]
2026-09-09 20:19:00 - __main__ - INFO - feature priors: [11, 34, 152, 46, 115, 0, 52, 24, 29, 0]
2026-09-09 20:19:36 - __main__ - INFO - feature priors: [9, 0, 83, 17, 109, 2, 0, 0, 29, 10]
2026-09-09 20:20:06 - __main__ - INFO - feature priors: [14, 34, 115, 29, 124, 2, 52, 24, 0, 10]
2026-09-09 20:20:46 - __main__ - INFO - feature priors: [11, 34, 152, 46, 115, 0, 52, 24, 29, 0]
2026-09-09 20:21:20 - __main__ - INFO - feature priors: [9, 0, 83, 17, 109, 2, 0, 0, 29, 10]
2026-09-09 20:21:54 - __main__ - INFO - feature priors: [14, 34, 115, 29, 124, 2, 52, 24, 0, 10]
2026-09-09 20:22:36 - __main__ - INFO - feature priors: [11, 34, 152, 46, 115, 0, 52, 24, 29, 0]
2026-09-09 20:23:05 - __main__ - INFO - feature priors: [9, 0, 83, 17, 109, 2, 0, 0, 29, 10]
2026-09-09 20:23:52 - __main__ - INFO - feature priors: [14, 34, 115, 29, 124, 2, 52, 24, 0, 10]
2026-09-09 20:24:48 - __main__ - INFO - feature priors: [11, 34, 152, 46, 115, 0, 52, 24, 29, 0]
2026-09-09 20:25:33 - __main__ - INFO - feature priors: [9, 0, 83, 17, 109, 2, 0, 0, 29, 10]
2026-09-09 20:26:09 - __main__ - INFO - feature priors: [14, 34, 115, 29, 124, 2, 52, 24, 0, 10]
2026-09-09 20:26:57 - __main__ - INFO - feature priors: [11, 34, 152, 46, 115, 0, 52, 24, 29, 0]
2026-09-09 20:27:26 - __main__ - INFO - feature priors: [9, 0, 83, 17, 109, 2, 0, 0, 29, 10]
2026-09-09 20:28:27 - __main__ - INFO - feature priors: [14, 34, 115, 29, 124, 2, 52, 24, 0, 10]
2026-09-09 20:29:16 - __main__ - INFO - feature priors: [11, 34, 152, 46, 115, 0, 52, 24, 29, 0]
2026-09-09 20:29:50 - __main__ - INFO - feature priors: [9, 0, 83, 17, 109, 2, 0, 0, 29, 10]
2026-09-09 20:30:23 - __main__ - INFO - feature priors: [14, 34, 115, 29, 124, 2, 52, 24, 0, 10]
2026-09-09 20:31:17 - __main__ - INFO - feature priors: [11, 34, 152, 46, 115, 0, 52, 24, 29, 0]
2026-09-09 20:31:47 - __main__ - INFO - feature priors: [9, 0, 83, 17, 109, 2, 0, 0, 29, 10]
2026-09-09 20:32:31 - __main__ - INFO - feature priors: [14, 34, 115, 29, 124, 2, 52, 24, 0, 10]
2026-09-09 20:33:34 - __main__ - INFO - feature priors: [11, 34, 152, 46, 115, 0, 52, 24, 29, 0]
2026-09-09 20:34:04 - __main__ - INFO - feature priors: [9, 0, 83, 17, 109, 2, 0, 0, 29, 10]
2026-09-09 20:34:35 - __main__ - INFO - feature priors: [14, 34, 115, 29, 124, 2, 52, 24, 0, 10]
2026-09-09 20:35:06 - __main__ - INFO - feature priors: [11, 34, 152, 46, 115, 0, 52, 24, 29, 0]
2026-09-09 20:35:58 - __main__ - INFO - feature priors: [9, 0, 83, 17, 109, 2, 0, 0, 29, 10]
2026-09-09 20:36:32 - __main__ - INFO - feature priors: [14, 34, 115, 29, 124, 2, 52, 24, 0, 10]
2026-09-09 20:37:21 - __main__ - INFO - feature priors: [11, 34, 152, 46, 115, 0, 52, 24, 29, 0]
2026-09-09 20:37:47 - __main__ - INFO - feature priors: [9, 0, 83, 17, 109, 2, 0, 0, 29, 10]
2026-09-09 20:38:39 - __main__ - INFO - feature priors: [14, 34, 115, 29, 124, 2, 52, 24, 0, 10]
2026-09-09 20:39:28 - __main__ - INFO - feature priors: [11, 34, 152, 46, 115, 0, 52, 24, 29, 0]
2026-09-09 20:40:02 - __main__ - INFO - feature priors: [9, 0, 83, 17, 109, 2, 0, 0, 29, 10]
2026-09-09 20:40:50 - __main__ - INFO - feature priors: [14, 34, 115, 29, 124, 2, 52, 24, 0, 10]
2026-09-09 20:41:26 - __main__ - INFO - feature priors: [11, 34, 152, 46, 115, 0, 52, 24, 29, 0]
2026-09-09 20:42:02 - __main__ - INFO - feature priors: [9, 0, 83, 17, 109, 2, 0, 0, 29, 10]
2026-09-09 20:42:46 - __main__ - INFO - feature priors: [14, 34, 115, 29, 124, 2, 52, 24, 0, 10]
2026-09-09 20:43:43 - __main__ - INFO - feature priors: [11, 34, 152, 46, 115, 0, 52, 24, 29, 0]
2026-09-09 20:44:24 - __main__ - INFO - feature priors: [9, 0, 83, 17, 109, 2, 0, 0, 29, 10]
2026-09-09 20:45:29 - __main__ - INFO - feature priors: [14, 34, 115, 29, 124, 2, 52, 24, 0, 10]
2026-09-09 20:46:10 - __main__ - INFO - feature priors: [11, 34, 152, 46, 115, 0, 52, 24, 29, 0]
2026-09-09 20:46:59 - __main__ - INFO - feature priors: [9, 0, 83, 17, 109, 2, 0, 0, 29, 10]
2026-09-09 20:47:43 - __main__ - INFO - feature priors: [14, 34, 115, 29, 124, 2, 52, 24, 0, 10]
2026-09-09 20:48:36 - __main__ - INFO - feature priors: [11, 34, 152, 46, 115, 0, 52, 24, 29, 0]
2026-09-09 20:49:07 - __main__ - INFO - feature priors: [9, 0, 83, 17, 109, 2, 0, 0, 29, 10]
2026-09-09 20:49:43 - __main__ - INFO - feature priors: [14, 34, 115, 29, 124, 2, 52, 24, 0, 10]
2026-09-09 20:50:15 - __main__ - INFO - feature priors: [11, 34, 152, 46, 115, 0, 52, 24, 29, 0]
2026-09-09 20:50:43 - __main__ - INFO - feature priors: [9, 0, 83, 17, 109, 2, 0, 0, 29, 10]
2026-09-09 20:51:12 - __main__ - INFO - feature priors: [14, 34, 115, 29, 124, 2, 52, 24, 0, 10]
2026-09-09 20:52:01 - __main__ - INFO - feature priors: [11, 34, 152, 46, 115, 0, 52, 24, 29, 0]
2026-09-09 20:52:25 - __main__ - INFO - feature priors: [9, 0, 83, 17, 109, 2, 0, 0, 29, 10]
2026-09-09 20:52:53 - __main__ - INFO - feature priors: [14, 34, 115, 29, 124, 2, 52, 24, 0, 10]
2026-09-09 20:53:17 - __main__ - INFO - feature priors: [11, 34, 152, 46, 115, 0, 52, 24, 29, 0]
2026-09-09 20:53:43 - __main__ - INFO - feature priors: [9, 0, 83, 17, 109, 2, 0, 0, 29, 10]
2026-09-09 20:54:33 - __main__ - INFO - feature priors: [14, 34, 115, 29, 124, 2, 52, 24, 0, 10]
2026-09-09 20:55:24 - __main__ - INFO - feature priors: [11, 34, 152, 46, 115, 0, 52, 24, 29, 0]
2026-09-09 20:56:06 - __main__ - INFO - feature priors: [9, 0, 83, 17, 109, 2, 0, 0, 29, 10]
2026-09-09 20:56:44 - __main__ - INFO - feature priors: [14, 34, 115, 29, 124, 2, 52, 24, 0, 10]
2026-09-09 20:57:31 - __main__ - INFO - feature priors: [11, 34, 152, 46, 115, 0, 52, 24, 29, 0]
2026-09-09 20:58:03 - __main__ - INFO - feature priors: [9, 0, 83, 17, 109, 2, 0, 0, 29, 10]
2026-09-09 20:58:38 - __main__ - INFO - feature priors: [14, 34, 115, 29, 124, 2, 52, 24, 0, 10]
2026-09-09 20:59:17 - __main__ - INFO - feature priors: [11, 34, 152, 46, 115, 0, 52, 24, 29, 0]
2026-09-09 21:00:03 - __main__ - INFO - feature priors: [9, 0, 83, 17, 109, 2, 0, 0, 29, 10]
2026-09-09 21:00:42 - __main__ - INFO - feature priors: [14, 34, 115, 29, 124, 2, 52, 24, 0, 10]
2026-09-09 21:01:25 - __main__ - INFO - feature priors: [11, 34, 152, 46, 115, 0, 52, 24, 29, 0]
2026-09-09 21:02:01 - __main__ - INFO - feature priors: [9, 0, 83, 17, 109, 2, 0, 0, 29, 10]
2026-09-09 21:02:44 - __main__ - INFO - feature priors: [14, 34, 115, 29, 124, 2, 52, 24, 0, 10]
2026-09-09 21:03:36 - __main__ - INFO - feature priors: [11, 34, 152, 46, 115, 0, 52, 24, 29, 0]
2026-09-09 21:04:07 - __main__ - INFO - feature priors: [9, 0, 83, 17, 109, 2, 0, 0, 29, 10]
2026-09-09 21:04:44 - __main__ - INFO - feature priors: [14, 34, 115, 29, 124, 2, 52, 24, 0, 10]
2026-09-09 21:05:25 - __main__ - INFO - feature priors: [11, 34, 152, 46, 115, 0, 52, 24, 29, 0]
2026-09-09 21:05:59 - __main__ - INFO - feature priors: [9, 0, 83, 17, 109, 2, 0, 0, 29, 10]
2026-09-09 21:06:56 - __main__ - INFO - feature priors: [14, 34, 115, 29, 124, 2, 52, 24, 0, 10]
2026-09-09 21:07:27 - __main__ - INFO - feature priors: [11, 34, 152, 46, 115, 0, 52, 24, 29, 0]
2026-09-09 21:07:59 - __main__ - INFO - feature priors: [9, 0, 83, 17, 109, 2, 0, 0, 29, 10]
2026-09-09 21:08:38 - __main__ - INFO - feature priors: [14, 34, 115, 29, 124, 2, 52, 24, 0, 10]
2026-09-09 21:09:18 - __main__ - INFO - feature priors: [11, 34, 152, 46, 115, 0, 52, 24, 29, 0]
2026-09-09 21:09:50 - __main__ - INFO - feature priors: [9, 0, 83, 17, 109, 2, 0, 0, 29, 10]
2026-09-09 21:10:21 - __main__ - INFO - feature priors: [14, 34, 115, 29, 124, 2, 52, 24, 0, 10]
2026-09-09 21:10:46 - __main__ - INFO - feature priors: [11, 34, 152, 46, 115, 0, 52, 24, 29, 0]
2026-09-09 21:11:13 - __main__ - INFO - feature priors: [9, 0, 83, 17, 109, 2, 0, 0, 29, 10]
2026-09-09 21:11:56 - __main__ - INFO - feature priors: [14, 34, 115, 29, 124, 2, 52, 24, 0, 10]
2026-09-09 21:12:36 - __main__ - INFO - feature priors: [11, 34, 152, 46, 115, 0, 52, 24, 29, 0]
2026-09-09 21:13:00 - __main__ - INFO - Best hyperparameters (averaged over 3 folds): {'n_layers': 2, 'hidden_dim_0': 128, 'hidden_dim_1': 128, 'dropout': 0.43061468583123985, 'learning_rate': 0.0047210983196504025, 'weight_decay': 1.818768147968877e-05, 'batch_size': 256, 'use_batch_norm': True, 'activation': 'relu', 'logit_adjust_tau': 0.1528894621162013, 'ls_feature': 0.09806734792073726, 'task_weight_feature': 1.0}
2026-09-09 21:13:00 - __main__ - INFO - Best CV score: 0.2765
2026-09-09 21:13:00 - __main__ - INFO - Training final model with proper train/val split...
2026-09-09 21:13:00 - __main__ - INFO - Final training split: 2004 train, 223 validation, 489 test
2026-09-09 21:13:01 - __main__ - INFO - feature priors: [17, 34, 175, 46, 174, 2, 52, 24, 29, 10]
2026-09-09 21:13:01 - diana.utils.checkpointing - INFO - CheckpointManager initialized: results/search_v9_single_feature/cv_results/fold_4
2026-09-09 21:13:01 - diana.utils.checkpointing - INFO - Checkpoint saved: results/search_v9_single_feature/cv_results/fold_4/checkpoint_epoch_1_20260909_211301.pth
2026-09-09 21:13:02 - diana.utils.checkpointing - INFO - New best model saved: results/search_v9_single_feature/cv_results/fold_4/best_model.pth (val_loss: 1.9227)
2026-09-09 21:13:02 - diana.utils.checkpointing - INFO - Checkpoint saved: results/search_v9_single_feature/cv_results/fold_4/checkpoint_epoch_2_20260909_211302.pth
2026-09-09 21:13:03 - diana.utils.checkpointing - INFO - New best model saved: results/search_v9_single_feature/cv_results/fold_4/best_model.pth (val_loss: 1.8696)
2026-09-09 21:13:03 - diana.utils.checkpointing - INFO - Checkpoint saved: results/search_v9_single_feature/cv_results/fold_4/checkpoint_epoch_3_20260909_211303.pth
2026-09-09 21:13:04 - diana.utils.checkpointing - INFO - New best model saved: results/search_v9_single_feature/cv_results/fold_4/best_model.pth (val_loss: 1.8411)
2026-09-09 21:13:04 - diana.utils.checkpointing - INFO - Checkpoint saved: results/search_v9_single_feature/cv_results/fold_4/checkpoint_epoch_4_20260909_211304.pth
2026-09-09 21:13:05 - diana.utils.checkpointing - INFO - New best model saved: results/search_v9_single_feature/cv_results/fold_4/best_model.pth (val_loss: 1.8344)
2026-09-09 21:13:05 - diana.utils.checkpointing - INFO - Checkpoint saved: results/search_v9_single_feature/cv_results/fold_4/checkpoint_epoch_5_20260909_211305.pth
2026-09-09 21:13:06 - diana.utils.checkpointing - INFO - Checkpoint saved: results/search_v9_single_feature/cv_results/fold_4/checkpoint_epoch_6_20260909_211305.pth
2026-09-09 21:13:06 - diana.utils.checkpointing - INFO - New best model saved: results/search_v9_single_feature/cv_results/fold_4/best_model.pth (val_loss: 1.8302)
2026-09-09 21:13:07 - diana.utils.checkpointing - INFO - Checkpoint saved: results/search_v9_single_feature/cv_results/fold_4/checkpoint_epoch_7_20260909_211306.pth
2026-09-09 21:13:07 - diana.utils.checkpointing - INFO - New best model saved: results/search_v9_single_feature/cv_results/fold_4/best_model.pth (val_loss: 1.8200)
2026-09-09 21:13:08 - diana.utils.checkpointing - INFO - Checkpoint saved: results/search_v9_single_feature/cv_results/fold_4/checkpoint_epoch_8_20260909_211307.pth
2026-09-09 21:13:09 - diana.utils.checkpointing - INFO - Checkpoint saved: results/search_v9_single_feature/cv_results/fold_4/checkpoint_epoch_9_20260909_211308.pth
2026-09-09 21:13:09 - diana.utils.checkpointing - INFO - Checkpoint saved: results/search_v9_single_feature/cv_results/fold_4/checkpoint_epoch_10_20260909_211309.pth
2026-09-09 21:13:10 - diana.utils.checkpointing - INFO - New best model saved: results/search_v9_single_feature/cv_results/fold_4/best_model.pth (val_loss: 1.8155)
2026-09-09 21:13:10 - diana.utils.checkpointing - INFO - Checkpoint saved: results/search_v9_single_feature/cv_results/fold_4/checkpoint_epoch_11_20260909_211310.pth
2026-09-09 21:13:11 - diana.utils.checkpointing - INFO - Checkpoint saved: results/search_v9_single_feature/cv_results/fold_4/checkpoint_epoch_12_20260909_211311.pth
2026-09-09 21:13:12 - diana.utils.checkpointing - INFO - Checkpoint saved: results/search_v9_single_feature/cv_results/fold_4/checkpoint_epoch_13_20260909_211311.pth
2026-09-09 21:13:12 - diana.utils.checkpointing - INFO - Checkpoint saved: results/search_v9_single_feature/cv_results/fold_4/checkpoint_epoch_14_20260909_211312.pth
2026-09-09 21:13:13 - diana.utils.checkpointing - INFO - Checkpoint saved: results/search_v9_single_feature/cv_results/fold_4/checkpoint_epoch_15_20260909_211313.pth
2026-09-09 21:13:13 - diana.utils.checkpointing - INFO - New best model saved: results/search_v9_single_feature/cv_results/fold_4/best_model.pth (val_loss: 1.8031)
2026-09-09 21:13:14 - diana.utils.checkpointing - INFO - Checkpoint saved: results/search_v9_single_feature/cv_results/fold_4/checkpoint_epoch_16_20260909_211314.pth
2026-09-09 21:13:14 - diana.utils.checkpointing - INFO - Checkpoint saved: results/search_v9_single_feature/cv_results/fold_4/checkpoint_epoch_17_20260909_211314.pth
2026-09-09 21:13:15 - diana.utils.checkpointing - INFO - Checkpoint saved: results/search_v9_single_feature/cv_results/fold_4/checkpoint_epoch_18_20260909_211315.pth
2026-09-09 21:13:16 - diana.utils.checkpointing - INFO - Checkpoint saved: results/search_v9_single_feature/cv_results/fold_4/checkpoint_epoch_19_20260909_211316.pth
2026-09-09 21:13:16 - diana.utils.checkpointing - INFO - New best model saved: results/search_v9_single_feature/cv_results/fold_4/best_model.pth (val_loss: 1.8021)
2026-09-09 21:13:17 - diana.utils.checkpointing - INFO - Checkpoint saved: results/search_v9_single_feature/cv_results/fold_4/checkpoint_epoch_20_20260909_211317.pth
2026-09-09 21:13:17 - __main__ - INFO - Epoch 20/200, Train Loss: 1.9267, Val Loss: 1.8119
2026-09-09 21:13:18 - diana.utils.checkpointing - INFO - Checkpoint saved: results/search_v9_single_feature/cv_results/fold_4/checkpoint_epoch_21_20260909_211317.pth
2026-09-09 21:13:18 - diana.utils.checkpointing - INFO - Checkpoint saved: results/search_v9_single_feature/cv_results/fold_4/checkpoint_epoch_22_20260909_211318.pth
2026-09-09 21:13:19 - diana.utils.checkpointing - INFO - New best model saved: results/search_v9_single_feature/cv_results/fold_4/best_model.pth (val_loss: 1.7994)
2026-09-09 21:13:20 - diana.utils.checkpointing - INFO - Checkpoint saved: results/search_v9_single_feature/cv_results/fold_4/checkpoint_epoch_23_20260909_211319.pth
2026-09-09 21:13:20 - diana.utils.checkpointing - INFO - New best model saved: results/search_v9_single_feature/cv_results/fold_4/best_model.pth (val_loss: 1.7906)
2026-09-09 21:13:21 - diana.utils.checkpointing - INFO - Checkpoint saved: results/search_v9_single_feature/cv_results/fold_4/checkpoint_epoch_24_20260909_211320.pth
2026-09-09 21:13:21 - diana.utils.checkpointing - INFO - New best model saved: results/search_v9_single_feature/cv_results/fold_4/best_model.pth (val_loss: 1.7658)
2026-09-09 21:13:21 - diana.utils.checkpointing - INFO - Checkpoint saved: results/search_v9_single_feature/cv_results/fold_4/checkpoint_epoch_25_20260909_211321.pth
2026-09-09 21:13:22 - diana.utils.checkpointing - INFO - New best model saved: results/search_v9_single_feature/cv_results/fold_4/best_model.pth (val_loss: 1.7343)
2026-09-09 21:13:23 - diana.utils.checkpointing - INFO - Checkpoint saved: results/search_v9_single_feature/cv_results/fold_4/checkpoint_epoch_26_20260909_211322.pth
2026-09-09 21:13:23 - diana.utils.checkpointing - INFO - New best model saved: results/search_v9_single_feature/cv_results/fold_4/best_model.pth (val_loss: 1.7011)
2026-09-09 21:13:24 - diana.utils.checkpointing - INFO - Checkpoint saved: results/search_v9_single_feature/cv_results/fold_4/checkpoint_epoch_27_20260909_211323.pth
2026-09-09 21:13:24 - diana.utils.checkpointing - INFO - Checkpoint saved: results/search_v9_single_feature/cv_results/fold_4/checkpoint_epoch_28_20260909_211324.pth
2026-09-09 21:13:25 - diana.utils.checkpointing - INFO - Checkpoint saved: results/search_v9_single_feature/cv_results/fold_4/checkpoint_epoch_29_20260909_211324.pth
2026-09-09 21:13:26 - diana.utils.checkpointing - INFO - Checkpoint saved: results/search_v9_single_feature/cv_results/fold_4/checkpoint_epoch_30_20260909_211325.pth
2026-09-09 21:13:26 - diana.utils.checkpointing - INFO - Checkpoint saved: results/search_v9_single_feature/cv_results/fold_4/checkpoint_epoch_31_20260909_211326.pth
2026-09-09 21:13:27 - diana.utils.checkpointing - INFO - Checkpoint saved: results/search_v9_single_feature/cv_results/fold_4/checkpoint_epoch_32_20260909_211327.pth
2026-09-09 21:13:28 - diana.utils.checkpointing - INFO - Checkpoint saved: results/search_v9_single_feature/cv_results/fold_4/checkpoint_epoch_33_20260909_211327.pth
2026-09-09 21:13:28 - diana.utils.checkpointing - INFO - Checkpoint saved: results/search_v9_single_feature/cv_results/fold_4/checkpoint_epoch_34_20260909_211328.pth
2026-09-09 21:13:29 - diana.utils.checkpointing - INFO - Checkpoint saved: results/search_v9_single_feature/cv_results/fold_4/checkpoint_epoch_35_20260909_211329.pth
2026-09-09 21:13:29 - diana.utils.checkpointing - INFO - Checkpoint saved: results/search_v9_single_feature/cv_results/fold_4/checkpoint_epoch_36_20260909_211329.pth
2026-09-09 21:13:30 - diana.utils.checkpointing - INFO - Checkpoint saved: results/search_v9_single_feature/cv_results/fold_4/checkpoint_epoch_37_20260909_211330.pth
2026-09-09 21:13:31 - diana.utils.checkpointing - INFO - New best model saved: results/search_v9_single_feature/cv_results/fold_4/best_model.pth (val_loss: 1.6730)
2026-09-09 21:13:32 - diana.utils.checkpointing - INFO - Checkpoint saved: results/search_v9_single_feature/cv_results/fold_4/checkpoint_epoch_38_20260909_211331.pth
2026-09-09 21:13:32 - diana.utils.checkpointing - INFO - Checkpoint saved: results/search_v9_single_feature/cv_results/fold_4/checkpoint_epoch_39_20260909_211332.pth
2026-09-09 21:13:33 - diana.utils.checkpointing - INFO - Checkpoint saved: results/search_v9_single_feature/cv_results/fold_4/checkpoint_epoch_40_20260909_211332.pth
2026-09-09 21:13:33 - diana.utils.checkpointing - INFO - New best model saved: results/search_v9_single_feature/cv_results/fold_4/best_model.pth (val_loss: 1.6475)
2026-09-09 21:13:33 - __main__ - INFO - Epoch 40/200, Train Loss: 1.7825, Val Loss: 1.6475
2026-09-09 21:13:34 - diana.utils.checkpointing - INFO - Checkpoint saved: results/search_v9_single_feature/cv_results/fold_4/checkpoint_epoch_41_20260909_211333.pth
2026-09-09 21:13:34 - diana.utils.checkpointing - INFO - New best model saved: results/search_v9_single_feature/cv_results/fold_4/best_model.pth (val_loss: 1.6119)
2026-09-09 21:13:35 - diana.utils.checkpointing - INFO - Checkpoint saved: results/search_v9_single_feature/cv_results/fold_4/checkpoint_epoch_42_20260909_211334.pth
2026-09-09 21:13:35 - diana.utils.checkpointing - INFO - Checkpoint saved: results/search_v9_single_feature/cv_results/fold_4/checkpoint_epoch_43_20260909_211335.pth
2026-09-09 21:13:36 - diana.utils.checkpointing - INFO - Checkpoint saved: results/search_v9_single_feature/cv_results/fold_4/checkpoint_epoch_44_20260909_211335.pth
2026-09-09 21:13:36 - diana.utils.checkpointing - INFO - New best model saved: results/search_v9_single_feature/cv_results/fold_4/best_model.pth (val_loss: 1.6114)
2026-09-09 21:13:37 - diana.utils.checkpointing - INFO - Checkpoint saved: results/search_v9_single_feature/cv_results/fold_4/checkpoint_epoch_45_20260909_211336.pth
2026-09-09 21:13:37 - diana.utils.checkpointing - INFO - New best model saved: results/search_v9_single_feature/cv_results/fold_4/best_model.pth (val_loss: 1.5953)
2026-09-09 21:13:38 - diana.utils.checkpointing - INFO - Checkpoint saved: results/search_v9_single_feature/cv_results/fold_4/checkpoint_epoch_46_20260909_211337.pth
2026-09-09 21:13:38 - diana.utils.checkpointing - INFO - Checkpoint saved: results/search_v9_single_feature/cv_results/fold_4/checkpoint_epoch_47_20260909_211338.pth
2026-09-09 21:13:39 - diana.utils.checkpointing - INFO - Checkpoint saved: results/search_v9_single_feature/cv_results/fold_4/checkpoint_epoch_48_20260909_211339.pth
2026-09-09 21:13:39 - diana.utils.checkpointing - INFO - New best model saved: results/search_v9_single_feature/cv_results/fold_4/best_model.pth (val_loss: 1.5917)
2026-09-09 21:13:40 - diana.utils.checkpointing - INFO - Checkpoint saved: results/search_v9_single_feature/cv_results/fold_4/checkpoint_epoch_49_20260909_211340.pth
2026-09-09 21:13:41 - diana.utils.checkpointing - INFO - Checkpoint saved: results/search_v9_single_feature/cv_results/fold_4/checkpoint_epoch_50_20260909_211340.pth
2026-09-09 21:13:42 - diana.utils.checkpointing - INFO - Checkpoint saved: results/search_v9_single_feature/cv_results/fold_4/checkpoint_epoch_51_20260909_211341.pth
2026-09-09 21:13:42 - diana.utils.checkpointing - INFO - Checkpoint saved: results/search_v9_single_feature/cv_results/fold_4/checkpoint_epoch_52_20260909_211342.pth
2026-09-09 21:13:43 - diana.utils.checkpointing - INFO - Checkpoint saved: results/search_v9_single_feature/cv_results/fold_4/checkpoint_epoch_53_20260909_211342.pth
2026-09-09 21:13:44 - diana.utils.checkpointing - INFO - Checkpoint saved: results/search_v9_single_feature/cv_results/fold_4/checkpoint_epoch_54_20260909_211343.pth
2026-09-09 21:13:44 - diana.utils.checkpointing - INFO - Checkpoint saved: results/search_v9_single_feature/cv_results/fold_4/checkpoint_epoch_55_20260909_211344.pth
2026-09-09 21:13:45 - diana.utils.checkpointing - INFO - Checkpoint saved: results/search_v9_single_feature/cv_results/fold_4/checkpoint_epoch_56_20260909_211344.pth
2026-09-09 21:13:46 - diana.utils.checkpointing - INFO - Checkpoint saved: results/search_v9_single_feature/cv_results/fold_4/checkpoint_epoch_57_20260909_211345.pth
2026-09-09 21:13:46 - diana.utils.checkpointing - INFO - Checkpoint saved: results/search_v9_single_feature/cv_results/fold_4/checkpoint_epoch_58_20260909_211346.pth
2026-09-09 21:13:47 - diana.utils.checkpointing - INFO - Checkpoint saved: results/search_v9_single_feature/cv_results/fold_4/checkpoint_epoch_59_20260909_211346.pth
2026-09-09 21:13:47 - diana.utils.checkpointing - INFO - Checkpoint saved: results/search_v9_single_feature/cv_results/fold_4/checkpoint_epoch_60_20260909_211347.pth
2026-09-09 21:13:47 - __main__ - INFO - Epoch 60/200, Train Loss: 1.6561, Val Loss: 1.6183
2026-09-09 21:13:48 - diana.utils.checkpointing - INFO - Checkpoint saved: results/search_v9_single_feature/cv_results/fold_4/checkpoint_epoch_61_20260909_211348.pth
2026-09-09 21:13:49 - diana.utils.checkpointing - INFO - Checkpoint saved: results/search_v9_single_feature/cv_results/fold_4/checkpoint_epoch_62_20260909_211348.pth
2026-09-09 21:13:49 - diana.utils.checkpointing - INFO - Checkpoint saved: results/search_v9_single_feature/cv_results/fold_4/checkpoint_epoch_63_20260909_211349.pth
2026-09-09 21:13:50 - diana.utils.checkpointing - INFO - Checkpoint saved: results/search_v9_single_feature/cv_results/fold_4/checkpoint_epoch_64_20260909_211350.pth
2026-09-09 21:13:50 - diana.utils.checkpointing - INFO - New best model saved: results/search_v9_single_feature/cv_results/fold_4/best_model.pth (val_loss: 1.5869)
2026-09-09 21:13:51 - diana.utils.checkpointing - INFO - Checkpoint saved: results/search_v9_single_feature/cv_results/fold_4/checkpoint_epoch_65_20260909_211351.pth
2026-09-09 21:13:51 - diana.utils.checkpointing - INFO - New best model saved: results/search_v9_single_feature/cv_results/fold_4/best_model.pth (val_loss: 1.5729)
2026-09-09 21:13:52 - diana.utils.checkpointing - INFO - Checkpoint saved: results/search_v9_single_feature/cv_results/fold_4/checkpoint_epoch_66_20260909_211352.pth
2026-09-09 21:13:53 - diana.utils.checkpointing - INFO - New best model saved: results/search_v9_single_feature/cv_results/fold_4/best_model.pth (val_loss: 1.5692)
2026-09-09 21:13:53 - diana.utils.checkpointing - INFO - Checkpoint saved: results/search_v9_single_feature/cv_results/fold_4/checkpoint_epoch_67_20260909_211353.pth
2026-09-09 21:13:54 - diana.utils.checkpointing - INFO - Checkpoint saved: results/search_v9_single_feature/cv_results/fold_4/checkpoint_epoch_68_20260909_211354.pth
2026-09-09 21:13:55 - diana.utils.checkpointing - INFO - Checkpoint saved: results/search_v9_single_feature/cv_results/fold_4/checkpoint_epoch_69_20260909_211354.pth
2026-09-09 21:13:55 - diana.utils.checkpointing - INFO - Checkpoint saved: results/search_v9_single_feature/cv_results/fold_4/checkpoint_epoch_70_20260909_211355.pth
2026-09-09 21:13:56 - diana.utils.checkpointing - INFO - Checkpoint saved: results/search_v9_single_feature/cv_results/fold_4/checkpoint_epoch_71_20260909_211356.pth
2026-09-09 21:13:57 - diana.utils.checkpointing - INFO - Checkpoint saved: results/search_v9_single_feature/cv_results/fold_4/checkpoint_epoch_72_20260909_211356.pth
2026-09-09 21:13:57 - diana.utils.checkpointing - INFO - Checkpoint saved: results/search_v9_single_feature/cv_results/fold_4/checkpoint_epoch_73_20260909_211357.pth
2026-09-09 21:13:58 - diana.utils.checkpointing - INFO - Checkpoint saved: results/search_v9_single_feature/cv_results/fold_4/checkpoint_epoch_74_20260909_211358.pth
2026-09-09 21:13:59 - diana.utils.checkpointing - INFO - Checkpoint saved: results/search_v9_single_feature/cv_results/fold_4/checkpoint_epoch_75_20260909_211359.pth
2026-09-09 21:14:00 - diana.utils.checkpointing - INFO - Checkpoint saved: results/search_v9_single_feature/cv_results/fold_4/checkpoint_epoch_76_20260909_211359.pth
2026-09-09 21:14:01 - diana.utils.checkpointing - INFO - Checkpoint saved: results/search_v9_single_feature/cv_results/fold_4/checkpoint_epoch_77_20260909_211400.pth
2026-09-09 21:14:01 - diana.utils.checkpointing - INFO - New best model saved: results/search_v9_single_feature/cv_results/fold_4/best_model.pth (val_loss: 1.5651)
2026-09-09 21:14:02 - diana.utils.checkpointing - INFO - Checkpoint saved: results/search_v9_single_feature/cv_results/fold_4/checkpoint_epoch_78_20260909_211401.pth
2026-09-09 21:14:02 - diana.utils.checkpointing - INFO - New best model saved: results/search_v9_single_feature/cv_results/fold_4/best_model.pth (val_loss: 1.5534)
2026-09-09 21:14:03 - diana.utils.checkpointing - INFO - Checkpoint saved: results/search_v9_single_feature/cv_results/fold_4/checkpoint_epoch_79_20260909_211402.pth
2026-09-09 21:14:03 - diana.utils.checkpointing - INFO - Checkpoint saved: results/search_v9_single_feature/cv_results/fold_4/checkpoint_epoch_80_20260909_211403.pth
2026-09-09 21:14:03 - __main__ - INFO - Epoch 80/200, Train Loss: 1.6216, Val Loss: 1.5678
2026-09-09 21:14:04 - diana.utils.checkpointing - INFO - Checkpoint saved: results/search_v9_single_feature/cv_results/fold_4/checkpoint_epoch_81_20260909_211403.pth
2026-09-09 21:14:04 - diana.utils.checkpointing - INFO - New best model saved: results/search_v9_single_feature/cv_results/fold_4/best_model.pth (val_loss: 1.5496)
2026-09-09 21:14:05 - diana.utils.checkpointing - INFO - Checkpoint saved: results/search_v9_single_feature/cv_results/fold_4/checkpoint_epoch_82_20260909_211405.pth
2026-09-09 21:14:05 - diana.utils.checkpointing - INFO - New best model saved: results/search_v9_single_feature/cv_results/fold_4/best_model.pth (val_loss: 1.5373)
2026-09-09 21:14:06 - diana.utils.checkpointing - INFO - Checkpoint saved: results/search_v9_single_feature/cv_results/fold_4/checkpoint_epoch_83_20260909_211406.pth
2026-09-09 21:14:07 - diana.utils.checkpointing - INFO - Checkpoint saved: results/search_v9_single_feature/cv_results/fold_4/checkpoint_epoch_84_20260909_211406.pth
2026-09-09 21:14:08 - diana.utils.checkpointing - INFO - Checkpoint saved: results/search_v9_single_feature/cv_results/fold_4/checkpoint_epoch_85_20260909_211407.pth
2026-09-09 21:14:08 - diana.utils.checkpointing - INFO - Checkpoint saved: results/search_v9_single_feature/cv_results/fold_4/checkpoint_epoch_86_20260909_211408.pth
2026-09-09 21:14:09 - diana.utils.checkpointing - INFO - New best model saved: results/search_v9_single_feature/cv_results/fold_4/best_model.pth (val_loss: 1.5189)
2026-09-09 21:14:09 - diana.utils.checkpointing - INFO - Checkpoint saved: results/search_v9_single_feature/cv_results/fold_4/checkpoint_epoch_87_20260909_211409.pth
2026-09-09 21:14:09 - diana.utils.checkpointing - INFO - New best model saved: results/search_v9_single_feature/cv_results/fold_4/best_model.pth (val_loss: 1.5176)
2026-09-09 21:14:10 - diana.utils.checkpointing - INFO - Checkpoint saved: results/search_v9_single_feature/cv_results/fold_4/checkpoint_epoch_88_20260909_211410.pth
2026-09-09 21:14:11 - diana.utils.checkpointing - INFO - Checkpoint saved: results/search_v9_single_feature/cv_results/fold_4/checkpoint_epoch_89_20260909_211411.pth
2026-09-09 21:14:12 - diana.utils.checkpointing - INFO - New best model saved: results/search_v9_single_feature/cv_results/fold_4/best_model.pth (val_loss: 1.5051)
2026-09-09 21:14:12 - diana.utils.checkpointing - INFO - Checkpoint saved: results/search_v9_single_feature/cv_results/fold_4/checkpoint_epoch_90_20260909_211412.pth
2026-09-09 21:14:13 - diana.utils.checkpointing - INFO - Checkpoint saved: results/search_v9_single_feature/cv_results/fold_4/checkpoint_epoch_91_20260909_211412.pth
2026-09-09 21:14:13 - diana.utils.checkpointing - INFO - Checkpoint saved: results/search_v9_single_feature/cv_results/fold_4/checkpoint_epoch_92_20260909_211413.pth
2026-09-09 21:14:14 - diana.utils.checkpointing - INFO - New best model saved: results/search_v9_single_feature/cv_results/fold_4/best_model.pth (val_loss: 1.4946)
2026-09-09 21:14:14 - diana.utils.checkpointing - INFO - Checkpoint saved: results/search_v9_single_feature/cv_results/fold_4/checkpoint_epoch_93_20260909_211414.pth
2026-09-09 21:14:15 - diana.utils.checkpointing - INFO - Checkpoint saved: results/search_v9_single_feature/cv_results/fold_4/checkpoint_epoch_94_20260909_211415.pth
2026-09-09 21:14:16 - diana.utils.checkpointing - INFO - Checkpoint saved: results/search_v9_single_feature/cv_results/fold_4/checkpoint_epoch_95_20260909_211415.pth
2026-09-09 21:14:16 - diana.utils.checkpointing - INFO - Checkpoint saved: results/search_v9_single_feature/cv_results/fold_4/checkpoint_epoch_96_20260909_211416.pth
2026-09-09 21:14:17 - diana.utils.checkpointing - INFO - Checkpoint saved: results/search_v9_single_feature/cv_results/fold_4/checkpoint_epoch_97_20260909_211416.pth
2026-09-09 21:14:17 - diana.utils.checkpointing - INFO - New best model saved: results/search_v9_single_feature/cv_results/fold_4/best_model.pth (val_loss: 1.4830)
2026-09-09 21:14:18 - diana.utils.checkpointing - INFO - Checkpoint saved: results/search_v9_single_feature/cv_results/fold_4/checkpoint_epoch_98_20260909_211417.pth
2026-09-09 21:14:18 - diana.utils.checkpointing - INFO - Checkpoint saved: results/search_v9_single_feature/cv_results/fold_4/checkpoint_epoch_99_20260909_211418.pth
2026-09-09 21:14:19 - diana.utils.checkpointing - INFO - Checkpoint saved: results/search_v9_single_feature/cv_results/fold_4/checkpoint_epoch_100_20260909_211419.pth
2026-09-09 21:14:19 - __main__ - INFO - Epoch 100/200, Train Loss: 1.5869, Val Loss: 1.5048
2026-09-09 21:14:20 - diana.utils.checkpointing - INFO - Checkpoint saved: results/search_v9_single_feature/cv_results/fold_4/checkpoint_epoch_101_20260909_211420.pth
2026-09-09 21:14:21 - diana.utils.checkpointing - INFO - Checkpoint saved: results/search_v9_single_feature/cv_results/fold_4/checkpoint_epoch_102_20260909_211420.pth
2026-09-09 21:14:22 - diana.utils.checkpointing - INFO - Checkpoint saved: results/search_v9_single_feature/cv_results/fold_4/checkpoint_epoch_103_20260909_211421.pth
2026-09-09 21:14:22 - diana.utils.checkpointing - INFO - Checkpoint saved: results/search_v9_single_feature/cv_results/fold_4/checkpoint_epoch_104_20260909_211422.pth
2026-09-09 21:14:23 - diana.utils.checkpointing - INFO - Checkpoint saved: results/search_v9_single_feature/cv_results/fold_4/checkpoint_epoch_105_20260909_211423.pth
2026-09-09 21:14:24 - diana.utils.checkpointing - INFO - Checkpoint saved: results/search_v9_single_feature/cv_results/fold_4/checkpoint_epoch_106_20260909_211424.pth
2026-09-09 21:14:25 - diana.utils.checkpointing - INFO - Checkpoint saved: results/search_v9_single_feature/cv_results/fold_4/checkpoint_epoch_107_20260909_211424.pth
2026-09-09 21:14:25 - diana.utils.checkpointing - INFO - Checkpoint saved: results/search_v9_single_feature/cv_results/fold_4/checkpoint_epoch_108_20260909_211425.pth
2026-09-09 21:14:26 - diana.utils.checkpointing - INFO - Checkpoint saved: results/search_v9_single_feature/cv_results/fold_4/checkpoint_epoch_109_20260909_211426.pth
2026-09-09 21:14:27 - diana.utils.checkpointing - INFO - Checkpoint saved: results/search_v9_single_feature/cv_results/fold_4/checkpoint_epoch_110_20260909_211426.pth
2026-09-09 21:14:28 - diana.utils.checkpointing - INFO - Checkpoint saved: results/search_v9_single_feature/cv_results/fold_4/checkpoint_epoch_111_20260909_211427.pth
2026-09-09 21:14:28 - diana.utils.checkpointing - INFO - New best model saved: results/search_v9_single_feature/cv_results/fold_4/best_model.pth (val_loss: 1.4567)
2026-09-09 21:14:29 - diana.utils.checkpointing - INFO - Checkpoint saved: results/search_v9_single_feature/cv_results/fold_4/checkpoint_epoch_112_20260909_211428.pth
2026-09-09 21:14:29 - diana.utils.checkpointing - INFO - New best model saved: results/search_v9_single_feature/cv_results/fold_4/best_model.pth (val_loss: 1.4426)
2026-09-09 21:14:30 - diana.utils.checkpointing - INFO - Checkpoint saved: results/search_v9_single_feature/cv_results/fold_4/checkpoint_epoch_113_20260909_211430.pth
2026-09-09 21:14:31 - diana.utils.checkpointing - INFO - New best model saved: results/search_v9_single_feature/cv_results/fold_4/best_model.pth (val_loss: 1.4131)
2026-09-09 21:14:32 - diana.utils.checkpointing - INFO - Checkpoint saved: results/search_v9_single_feature/cv_results/fold_4/checkpoint_epoch_114_20260909_211431.pth
2026-09-09 21:14:32 - diana.utils.checkpointing - INFO - New best model saved: results/search_v9_single_feature/cv_results/fold_4/best_model.pth (val_loss: 1.4107)
2026-09-09 21:14:33 - diana.utils.checkpointing - INFO - Checkpoint saved: results/search_v9_single_feature/cv_results/fold_4/checkpoint_epoch_115_20260909_211432.pth
2026-09-09 21:14:34 - diana.utils.checkpointing - INFO - Checkpoint saved: results/search_v9_single_feature/cv_results/fold_4/checkpoint_epoch_116_20260909_211433.pth
2026-09-09 21:14:34 - diana.utils.checkpointing - INFO - New best model saved: results/search_v9_single_feature/cv_results/fold_4/best_model.pth (val_loss: 1.3782)
2026-09-09 21:14:35 - diana.utils.checkpointing - INFO - Checkpoint saved: results/search_v9_single_feature/cv_results/fold_4/checkpoint_epoch_117_20260909_211435.pth
2026-09-09 21:14:36 - diana.utils.checkpointing - INFO - Checkpoint saved: results/search_v9_single_feature/cv_results/fold_4/checkpoint_epoch_118_20260909_211436.pth
2026-09-09 21:14:37 - diana.utils.checkpointing - INFO - Checkpoint saved: results/search_v9_single_feature/cv_results/fold_4/checkpoint_epoch_119_20260909_211437.pth
2026-09-09 21:14:38 - diana.utils.checkpointing - INFO - Checkpoint saved: results/search_v9_single_feature/cv_results/fold_4/checkpoint_epoch_120_20260909_211437.pth
2026-09-09 21:14:38 - __main__ - INFO - Epoch 120/200, Train Loss: 1.5019, Val Loss: 1.4336
2026-09-09 21:14:39 - diana.utils.checkpointing - INFO - Checkpoint saved: results/search_v9_single_feature/cv_results/fold_4/checkpoint_epoch_121_20260909_211438.pth
2026-09-09 21:14:39 - diana.utils.checkpointing - INFO - Checkpoint saved: results/search_v9_single_feature/cv_results/fold_4/checkpoint_epoch_122_20260909_211439.pth
2026-09-09 21:14:40 - diana.utils.checkpointing - INFO - Checkpoint saved: results/search_v9_single_feature/cv_results/fold_4/checkpoint_epoch_123_20260909_211440.pth
2026-09-09 21:14:40 - diana.utils.checkpointing - INFO - New best model saved: results/search_v9_single_feature/cv_results/fold_4/best_model.pth (val_loss: 1.3719)
2026-09-09 21:14:41 - diana.utils.checkpointing - INFO - Checkpoint saved: results/search_v9_single_feature/cv_results/fold_4/checkpoint_epoch_124_20260909_211441.pth
2026-09-09 21:14:42 - diana.utils.checkpointing - INFO - Checkpoint saved: results/search_v9_single_feature/cv_results/fold_4/checkpoint_epoch_125_20260909_211442.pth
2026-09-09 21:14:43 - diana.utils.checkpointing - INFO - Checkpoint saved: results/search_v9_single_feature/cv_results/fold_4/checkpoint_epoch_126_20260909_211443.pth
2026-09-09 21:14:44 - diana.utils.checkpointing - INFO - Checkpoint saved: results/search_v9_single_feature/cv_results/fold_4/checkpoint_epoch_127_20260909_211443.pth
2026-09-09 21:14:44 - diana.utils.checkpointing - INFO - New best model saved: results/search_v9_single_feature/cv_results/fold_4/best_model.pth (val_loss: 1.3503)
2026-09-09 21:14:45 - diana.utils.checkpointing - INFO - Checkpoint saved: results/search_v9_single_feature/cv_results/fold_4/checkpoint_epoch_128_20260909_211444.pth
2026-09-09 21:14:46 - diana.utils.checkpointing - INFO - Checkpoint saved: results/search_v9_single_feature/cv_results/fold_4/checkpoint_epoch_129_20260909_211445.pth
2026-09-09 21:14:47 - diana.utils.checkpointing - INFO - Checkpoint saved: results/search_v9_single_feature/cv_results/fold_4/checkpoint_epoch_130_20260909_211446.pth
2026-09-09 21:14:47 - diana.utils.checkpointing - INFO - Checkpoint saved: results/search_v9_single_feature/cv_results/fold_4/checkpoint_epoch_131_20260909_211447.pth
2026-09-09 21:14:48 - diana.utils.checkpointing - INFO - Checkpoint saved: results/search_v9_single_feature/cv_results/fold_4/checkpoint_epoch_132_20260909_211448.pth
2026-09-09 21:14:49 - diana.utils.checkpointing - INFO - Checkpoint saved: results/search_v9_single_feature/cv_results/fold_4/checkpoint_epoch_133_20260909_211449.pth
2026-09-09 21:14:50 - diana.utils.checkpointing - INFO - Checkpoint saved: results/search_v9_single_feature/cv_results/fold_4/checkpoint_epoch_134_20260909_211449.pth
2026-09-09 21:14:51 - diana.utils.checkpointing - INFO - Checkpoint saved: results/search_v9_single_feature/cv_results/fold_4/checkpoint_epoch_135_20260909_211450.pth
2026-09-09 21:14:52 - diana.utils.checkpointing - INFO - Checkpoint saved: results/search_v9_single_feature/cv_results/fold_4/checkpoint_epoch_136_20260909_211451.pth
2026-09-09 21:14:52 - diana.utils.checkpointing - INFO - Checkpoint saved: results/search_v9_single_feature/cv_results/fold_4/checkpoint_epoch_137_20260909_211452.pth
2026-09-09 21:14:53 - diana.utils.checkpointing - INFO - Checkpoint saved: results/search_v9_single_feature/cv_results/fold_4/checkpoint_epoch_138_20260909_211453.pth
2026-09-09 21:14:54 - diana.utils.checkpointing - INFO - Checkpoint saved: results/search_v9_single_feature/cv_results/fold_4/checkpoint_epoch_139_20260909_211454.pth
2026-09-09 21:14:55 - diana.utils.checkpointing - INFO - Checkpoint saved: results/search_v9_single_feature/cv_results/fold_4/checkpoint_epoch_140_20260909_211454.pth
2026-09-09 21:14:55 - __main__ - INFO - Epoch 140/200, Train Loss: 1.4915, Val Loss: 1.5107
2026-09-09 21:14:55 - diana.utils.checkpointing - INFO - Checkpoint saved: results/search_v9_single_feature/cv_results/fold_4/checkpoint_epoch_141_20260909_211455.pth
2026-09-09 21:14:56 - diana.utils.checkpointing - INFO - Checkpoint saved: results/search_v9_single_feature/cv_results/fold_4/checkpoint_epoch_142_20260909_211456.pth
2026-09-09 21:14:57 - diana.utils.checkpointing - INFO - Checkpoint saved: results/search_v9_single_feature/cv_results/fold_4/checkpoint_epoch_143_20260909_211457.pth
2026-09-09 21:14:58 - diana.utils.checkpointing - INFO - Checkpoint saved: results/search_v9_single_feature/cv_results/fold_4/checkpoint_epoch_144_20260909_211457.pth
2026-09-09 21:14:59 - diana.utils.checkpointing - INFO - Checkpoint saved: results/search_v9_single_feature/cv_results/fold_4/checkpoint_epoch_145_20260909_211458.pth
2026-09-09 21:14:59 - diana.utils.checkpointing - INFO - Checkpoint saved: results/search_v9_single_feature/cv_results/fold_4/checkpoint_epoch_146_20260909_211459.pth
2026-09-09 21:15:00 - diana.utils.checkpointing - INFO - Checkpoint saved: results/search_v9_single_feature/cv_results/fold_4/checkpoint_epoch_147_20260909_211500.pth
2026-09-09 21:15:00 - __main__ - INFO - Early stopping triggered after 147 epochs (patience=20)
2026-09-09 21:15:00 - diana.utils.checkpointing - INFO - Loading checkpoint: results/search_v9_single_feature/cv_results/fold_4/best_model.pth
2026-09-09 21:15:00 - __main__ - INFO - Loaded best model from epoch 127 (val_loss: 1.3503)
2026-09-09 21:15:00 - __main__ - INFO - Evaluating on held-out test set...
2026-09-09 21:15:01 - __main__ - INFO - feature test metrics: {'n_scored': 45, 'accuracy': 0.2, 'f1_weighted': 0.2499020759890325, 'f1_macro': 0.1410105757931845, 'balanced_accuracy': 0.375}
2026-09-09 21:15:01 - diana.utils.checkpointing - INFO - Final model saved: results/search_v9_single_feature/cv_results/fold_4/final_model_20260909_211501.pth
2026-09-09 21:15:01 - __main__ - INFO - Final model saved to results/search_v9_single_feature/cv_results/fold_4/final_model_20260909_211501.pth
2026-09-09 21:15:01 - __main__ - INFO - Results saved to results/search_v9_single_feature/cv_results/fold_4/multitask_fold_4_results_20260909_173044.json
2026-09-09 21:15:01 - __main__ - INFO - ================================================================================
2026-09-09 21:15:01 - __main__ - INFO - ================================================================================
2026-09-09 21:15:01 - __main__ - INFO - === FOLD COMPLETE ===
2026-09-09 21:15:01 - __main__ - INFO - ================================================================================
2026-09-09 21:15:01 - __main__ - INFO - Results: {'feature': {'n_scored': 45, 'accuracy': 0.2, 'f1_weighted': 0.2499020759890325, 'f1_macro': 0.1410105757931845, 'balanced_accuracy': 0.375}}
